{"scale": 1.0, "step": 1, "training_loss": 11.475433349609375, "projection_gradient_norm": 0.002184826647862792, "pixels_with_at_least_two_neighbours": 4, "entropy_mean": 0.999957651995788, "weight_deviation_mean": 0.0014281313633546233, "weight_deviation_max": 0.0032939612865448, "score_spread_mean": 0.041153162717819214, "score_spread_max": 0.048064686357975006, "central_saturation_fraction": 0.0, "neighbour_saturation_fraction": 0.0, "mean_tanh_derivative": 0.965006411075592}
{"scale": 1.0, "step": 2, "training_loss": 11.878894805908203, "projection_gradient_norm": 0.002036522841081023, "pixels_with_at_least_two_neighbours": 4, "entropy_mean": 0.9999570935514956, "weight_deviation_mean": 0.0014375806786119938, "weight_deviation_max": 0.003317028284072876, "score_spread_mean": 0.04148618131875992, "score_spread_max": 0.04837505519390106, "central_saturation_fraction": 0.0, "neighbour_saturation_fraction": 0.0, "mean_tanh_derivative": 0.9647768139839172}
{"epoch": 1, "learning_rate": 0.001, "total_loss": 11.544106483459473, "reconstruction_loss": 10.942531108856201, "kl_loss": 0.6015754342079163, "samples_seen": 8, "epoch_seconds": 0.010607339907437563, "samples_per_second": 754.1947434333305}
{"epoch": 1, "learning_rate": 0.001, "total_loss": 11.025966835021972, "reconstruction_loss": 10.828365516662597, "kl_loss": 0.19760120511054993, "samples_seen": 10, "epoch_seconds": 0.00929265096783638, "samples_per_second": 1076.1191865068308}
{"epoch": 1, "learning_rate": 0.001, "total_loss": 11.34116792678833, "reconstruction_loss": 10.90546464920044, "kl_loss": 0.435703381896019, "samples_seen": 8, "epoch_seconds": 0.005007218103855848, "samples_per_second": 1597.6935364248536}
{"epoch": 1, "learning_rate": 0.001, "total_loss": 11.083986282348633, "reconstruction_loss": 10.877989768981934, "kl_loss": 0.2059963196516037, "samples_seen": 8, "epoch_seconds": 0.0042363787069916725, "samples_per_second": 1888.4052992705513}
{"resumed_from": "/tmp/tmp0j83fm_a/checkpoints/checkpoint_latest.pt", "completed_epochs": 1, "next_epoch": 2}
{"epoch": 2, "learning_rate": 0.00075, "total_loss": 10.995465755462646, "reconstruction_loss": 10.82277250289917, "kl_loss": 0.17269345372915268, "samples_seen": 8, "epoch_seconds": 0.004070979077368975, "samples_per_second": 1965.1292349972737}
{"saved_resume_checkpoint": "/tmp/tmp0j83fm_a/checkpoints/checkpoint_latest.pt", "completed_epochs": 2}
{"epoch": 3, "learning_rate": 0.0002500000000000001, "total_loss": 11.244705200195312, "reconstruction_loss": 10.983675003051758, "kl_loss": 0.26102999597787857, "samples_seen": 8, "epoch_seconds": 0.003809272311627865, "samples_per_second": 2100.138647368389}
{"epoch": 1, "learning_rate": 0.001, "total_loss": 11.206148147583008, "reconstruction_loss": 10.898056983947754, "kl_loss": 0.30809132754802704, "samples_seen": 8, "epoch_seconds": 0.009492731653153896, "samples_per_second": 842.7500420642411}
{"epoch": 1, "learning_rate": 0.001, "total_loss": 852236.2821402705, "reconstruction_loss": 852226.8770219701, "kl_loss": 9.410638703233893, "samples_seen": 2071, "epoch_seconds": 398.6084774490446, "samples_per_second": 5.1955743973476896}
{"epoch": 2, "learning_rate": 0.0009045084971874737, "total_loss": 690401.1070436987, "reconstruction_loss": 690380.0264666828, "kl_loss": 21.0765365101415, "samples_seen": 2071, "epoch_seconds": 398.53581373766065, "samples_per_second": 5.196521689173089}
{"epoch": 3, "learning_rate": 0.0006545084971874737, "total_loss": 653457.4183969097, "reconstruction_loss": 653428.853573153, "kl_loss": 28.564068844443874, "samples_seen": 2071, "epoch_seconds": 398.447892495431, "samples_per_second": 5.197668350131249}
{"epoch": 4, "learning_rate": 0.00034549150281252633, "total_loss": 640420.6001629648, "reconstruction_loss": 640387.1664051183, "kl_loss": 33.43426966978006, "samples_seen": 2071, "epoch_seconds": 398.4009470581077, "samples_per_second": 5.198280815577328}
{"epoch": 5, "learning_rate": 9.549150281252633e-05, "total_loss": 635262.0758087881, "reconstruction_loss": 635227.580214872, "kl_loss": 34.492011992612476, "samples_seen": 2071, "epoch_seconds": 398.24525545490906, "samples_per_second": 5.2003130524036765}
{
  "input": "/datasets/zsuliman/msi_data/gbm_massnet/GBM108_positive.h5",
  "purpose": "training stability check, not final scientific comparison",
  "variant": "attention",
  "initial_vae_sha256": "692de4925fe95a65ae94c9f95b35e8e57c9a229f42d3c44c8d11a59545b261ee",
  "controls": {
    "seed": 1,
    "epochs": 5,
    "batch_size": 128,
    "hidden_dim": 512,
    "latent_dim": 5,
    "attention_dim": 8,
    "attention_input_scale": "sqrt_bins",
    "spatial_lambda": 0.0,
    "poisson_augmentation": false,
    "full_dataset": true
  },
  "samples_per_epoch": 2071,
  "dataset_size": 2071,
  "training_seconds": 1992.238386195153,
  "peak_gpu_memory_allocated_bytes": 3431257088,
  "first_total_loss": 852236.2821402705,
  "final_total_loss": 635262.0758087881,
  "total_loss_change_percent": -25.459395578252366,
  "history": [
    {
      "epoch": 1,
      "learning_rate": 0.001,
      "total_loss": 852236.2821402705,
      "reconstruction_loss": 852226.8770219701,
      "kl_loss": 9.410638703233893,
      "samples_seen": 2071,
      "epoch_seconds": 398.6084774490446,
      "samples_per_second": 5.1955743973476896
    },
    {
      "epoch": 2,
      "learning_rate": 0.0009045084971874737,
      "total_loss": 690401.1070436987,
      "reconstruction_loss": 690380.0264666828,
      "kl_loss": 21.0765365101415,
      "samples_seen": 2071,
      "epoch_seconds": 398.53581373766065,
      "samples_per_second": 5.196521689173089
    },
    {
      "epoch": 3,
      "learning_rate": 0.0006545084971874737,
      "total_loss": 653457.4183969097,
      "reconstruction_loss": 653428.853573153,
      "kl_loss": 28.564068844443874,
      "samples_seen": 2071,
      "epoch_seconds": 398.447892495431,
      "samples_per_second": 5.197668350131249
    },
    {
      "epoch": 4,
      "learning_rate": 0.00034549150281252633,
      "total_loss": 640420.6001629648,
      "reconstruction_loss": 640387.1664051183,
      "kl_loss": 33.43426966978006,
      "samples_seen": 2071,
      "epoch_seconds": 398.4009470581077,
      "samples_per_second": 5.198280815577328
    },
    {
      "epoch": 5,
      "learning_rate": 9.549150281252633e-05,
      "total_loss": 635262.0758087881,
      "reconstruction_loss": 635227.580214872,
      "kl_loss": 34.492011992612476,
      "samples_seen": 2071,
      "epoch_seconds": 398.24525545490906,
      "samples_per_second": 5.2003130524036765
    }
  ],
  "checkpoint": "/datasets/zsuliman/msi_checkpoints/spatial_msipl/validation/attention_sqrt/job_54164/checkpoint.pt",
  "attention_diagnostics": {
    "indices": [
      91,
      317,
      560,
      600,
      633,
      876,
      888,
      971,
      1272,
      1273,
      1314,
      1388,
      1392,
      1817,
      1824,
      1850
    ],
    "before_training": {
      "pixels_with_at_least_two_neighbours": 16,
      "entropy_mean": 0.9999998888816362,
      "weight_deviation_mean": 6.326974835246801e-05,
      "weight_deviation_max": 0.00035525858402252197,
      "score_spread_mean": 0.0018271282315254211,
      "score_spread_max": 0.004928739741444588,
      "central_saturation_fraction": 0.0,
      "neighbour_saturation_fraction": 0.0,
      "mean_tanh_derivative": 0.9977821111679077
    },
    "after_training": {
      "pixels_with_at_least_two_neighbours": 16,
      "entropy_mean": 0.9558355357504285,
      "weight_deviation_mean": 0.03536764159798622,
      "weight_deviation_max": 0.22665372490882874,
      "score_spread_mean": 1.2537251710891724,
      "score_spread_max": 3.044261932373047,
      "central_saturation_fraction": 0.1171875,
      "neighbour_saturation_fraction": 0.1533203125,
      "mean_tanh_derivative": 0.5109689831733704
    }
  },
  "status": "complete"
}
