=== CAC VISUALISATION ===
Date: Mon Aug 10 01:44:09 PM UTC 2026
Username: zsuliman
Job ID: 42042
Job Name: cac-visualise
Node: mscluster65
Working Directory: /home-mscluster/zsuliman/msi
=========================

--- Python ---
Python: /home-mscluster/zsuliman/.conda/envs/msi_env/bin/python
Python 3.10.20

--- Running CAC Visualisation ---
=== CAC VISUALISATION ===
Dataset: 40TopL
Output directory: results/visualisations/cac/40TopL

Loading MSI file: /datasets/zsuliman/msi_data/cac/40TopL.imzML
Mask file: /datasets/zsuliman/msi_data/cac/masks/40TopL_mask.npy
Mask shape: (71, 66)
Mask classes: [0. 1. 2.]

=== DATA INFORMATION ===
Number of pixels: 4686
Spectrum shape: (4686, 1481)
Number of m/z values: 1481
m/z range: 198.0327 - 1060.6725
Coordinates x: 1 - 66
Coordinates y: 1 - 71

=== SPATIAL INFORMATION ===
Image dimensions: 66 x 71
Pixels in mask: 4686
Spectra available: 4686

=== REPRESENTATIVE m/z VALUES ===
Index 0: m/z = 198.032669
Index 296: m/z = 369.708038
Index 592: m/z = 540.042664
Index 888: m/z = 710.212341
Index 1184: m/z = 880.527832
Index 1480: m/z = 1060.672485

=== VISUALISATION COMPLETE ===
Results saved to: results/visualisations/cac/40TopL

=== Visualisation Complete ===
