=== CAC VISUALISATION ===
Date: Mon Aug 10 01:53:16 PM UTC 2026
Username: zsuliman
Job ID: 42045
Node: mscluster65
Working Directory: /home-mscluster/zsuliman/msi
=========================

--- Python ---
/home-mscluster/zsuliman/.conda/envs/msi_env/bin/python
Python 3.10.20

--- Running CAC Visualisation ---
=== CAC VISUALISATION ===
Dataset directory: /datasets/zsuliman/msi_data/cac
Output directory: results/visualisations/cac
Datasets: ['160TopL', '200TopL', '240TopL', '280TopL', '360TopL', '400TopL', '40TopL', '520TopL']

============================================================
VISUALISING 160TopL
============================================================
Mask file: /datasets/zsuliman/msi_data/cac/masks/160TopL_mask.npy
Mask shape: (69, 69)
Mask classes: [0. 1. 2.]
Loading MSI file: /datasets/zsuliman/msi_data/cac/160TopL.imzML

=== DATA INFORMATION ===
Number of pixels: 4761
Spectrum shape: (4761, 1481)
Number of m/z values: 1481
m/z range: 198.0330 - 1060.6776
Coordinates x: 1 - 69
Coordinates y: 1 - 69

Saving segmentation mask...
Calculating base peak intensity...
Calculating total ion current...
Creating representative ion images...

=== VISUALISATION COMPLETE ===
Results saved to: results/visualisations/cac/160TopL

============================================================
VISUALISING 200TopL
============================================================
Mask file: /datasets/zsuliman/msi_data/cac/masks/200TopL_mask.npy
Mask shape: (59, 67)
Mask classes: [0. 1. 2.]
Loading MSI file: /datasets/zsuliman/msi_data/cac/200TopL.imzML

=== DATA INFORMATION ===
Number of pixels: 3953
Spectrum shape: (3953, 1481)
Number of m/z values: 1481
m/z range: 198.0337 - 1060.6786
Coordinates x: 1 - 67
Coordinates y: 1 - 59

Saving segmentation mask...
Calculating base peak intensity...
Calculating total ion current...
Creating representative ion images...

=== VISUALISATION COMPLETE ===
Results saved to: results/visualisations/cac/200TopL

============================================================
VISUALISING 240TopL
============================================================
Mask file: /datasets/zsuliman/msi_data/cac/masks/240TopL_mask.npy
Mask shape: (67, 70)
Mask classes: [0. 1. 2.]
Loading MSI file: /datasets/zsuliman/msi_data/cac/240TopL.imzML

=== DATA INFORMATION ===
Number of pixels: 4690
Spectrum shape: (4690, 1481)
Number of m/z values: 1481
m/z range: 198.0336 - 1060.6810
Coordinates x: 1 - 70
Coordinates y: 1 - 67

Saving segmentation mask...
Calculating base peak intensity...
Calculating total ion current...
Creating representative ion images...

=== VISUALISATION COMPLETE ===
Results saved to: results/visualisations/cac/240TopL

============================================================
VISUALISING 280TopL
============================================================
Mask file: /datasets/zsuliman/msi_data/cac/masks/280TopL_mask.npy
Mask shape: (69, 67)
Mask classes: [0. 1. 2.]
Loading MSI file: /datasets/zsuliman/msi_data/cac/280TopL.imzML

=== DATA INFORMATION ===
Number of pixels: 4160
Spectrum shape: (4160, 1481)
Number of m/z values: 1481
m/z range: 198.0333 - 1060.6794
Coordinates x: 1 - 65
Coordinates y: 1 - 64

WARNING:
Mask dimensions do not exactly match the MSI coordinate dimensions.

Saving segmentation mask...
Calculating base peak intensity...
Calculating total ion current...
Creating representative ion images...

=== VISUALISATION COMPLETE ===
Results saved to: results/visualisations/cac/280TopL

============================================================
VISUALISING 360TopL
============================================================
Mask file: /datasets/zsuliman/msi_data/cac/masks/360TopL_mask.npy
Mask shape: (64, 71)
Mask classes: [0. 1. 2.]
Loading MSI file: /datasets/zsuliman/msi_data/cac/360TopL.imzML

=== DATA INFORMATION ===
Number of pixels: 4544
Spectrum shape: (4544, 1481)
Number of m/z values: 1481
m/z range: 198.0337 - 1060.6813
Coordinates x: 1 - 71
Coordinates y: 1 - 64

Saving segmentation mask...
Calculating base peak intensity...
Calculating total ion current...
Creating representative ion images...

=== VISUALISATION COMPLETE ===
Results saved to: results/visualisations/cac/360TopL

============================================================
VISUALISING 400TopL
============================================================
Mask file: /datasets/zsuliman/msi_data/cac/masks/400TopL_mask.npy
Mask shape: (62, 76)
Mask classes: [0. 1. 2.]
Loading MSI file: /datasets/zsuliman/msi_data/cac/400TopL.imzML

=== DATA INFORMATION ===
Number of pixels: 4712
Spectrum shape: (4712, 1481)
Number of m/z values: 1481
m/z range: 198.0352 - 1060.6843
Coordinates x: 1 - 76
Coordinates y: 1 - 62

Saving segmentation mask...
Calculating base peak intensity...
Calculating total ion current...
Creating representative ion images...

=== VISUALISATION COMPLETE ===
Results saved to: results/visualisations/cac/400TopL

============================================================
VISUALISING 40TopL
============================================================
Mask file: /datasets/zsuliman/msi_data/cac/masks/40TopL_mask.npy
Mask shape: (71, 66)
Mask classes: [0. 1. 2.]
Loading MSI file: /datasets/zsuliman/msi_data/cac/40TopL.imzML

=== DATA INFORMATION ===
Number of pixels: 4686
Spectrum shape: (4686, 1481)
Number of m/z values: 1481
m/z range: 198.0327 - 1060.6725
Coordinates x: 1 - 66
Coordinates y: 1 - 71

Saving segmentation mask...
Calculating base peak intensity...
Calculating total ion current...
Creating representative ion images...

=== VISUALISATION COMPLETE ===
Results saved to: results/visualisations/cac/40TopL

============================================================
VISUALISING 520TopL
============================================================
Mask file: /datasets/zsuliman/msi_data/cac/masks/520TopL_mask.npy
Mask shape: (47, 69)
Mask classes: [0. 1. 2.]
Loading MSI file: /datasets/zsuliman/msi_data/cac/520TopL.imzML

=== DATA INFORMATION ===
Number of pixels: 3243
Spectrum shape: (3243, 1481)
Number of m/z values: 1481
m/z range: 198.0330 - 1060.6744
Coordinates x: 1 - 69
Coordinates y: 1 - 47

Saving segmentation mask...
Calculating base peak intensity...
Calculating total ion current...
Creating representative ion images...

=== VISUALISATION COMPLETE ===
Results saved to: results/visualisations/cac/520TopL

=== ALL CAC VISUALISATIONS COMPLETE ===

=== Visualisation Complete ===
