=== CAC VISUALISATION ===
Date: Mon Aug 10 03:31:06 PM UTC 2026
Username: zsuliman
Job ID: 42101
Node: mscluster48
Working Directory: /home-mscluster/zsuliman/msi
=========================

--- Python ---
/home-mscluster/zsuliman/.conda/envs/msi_env/bin/python
Python 3.10.20

--- Running CAC Visualisation ---
=== CAC DATASET VISUALISATION ===
Data directory: /datasets/zsuliman/msi_data/cac
Output directory: results/visualisations/cac
Found 8 CAC sections:
  - 160TopL
  - 200TopL
  - 240TopL
  - 280TopL
  - 360TopL
  - 400TopL
  - 40TopL
  - 520TopL

=== 160TopL ===
Loading MSI data...
Pixels: 4761
Spectra shape: (4761, 1481)
m/z range: 198.0330 - 1060.6776
Mask classes: [0. 1. 2.]

=== 200TopL ===
Loading MSI data...
Pixels: 3953
Spectra shape: (3953, 1481)
m/z range: 198.0337 - 1060.6786
Mask classes: [0. 1. 2.]

=== 240TopL ===
Loading MSI data...
Pixels: 4690
Spectra shape: (4690, 1481)
m/z range: 198.0336 - 1060.6810
Mask classes: [0. 1. 2.]

=== 280TopL ===
Loading MSI data...

=== Visualisation Complete ===
