=== CAC VISUALISATION ===
Date: Mon Aug 10 03:46:06 PM UTC 2026
Username: zsuliman
Job ID: 42104
Node: mscluster48
Working Directory: /home-mscluster/zsuliman/msi
=========================

--- Python ---
/home-mscluster/zsuliman/.conda/envs/msi_env/bin/python
Python 3.10.20

--- Running CAC Visualisation ---
=== CAC DATASET VISUALISATION ===
Data directory: /datasets/zsuliman/msi_data/cac
Output directory: results/visualisations/cac
Found 8 CAC sections:
  - 160TopL
  - 200TopL
  - 240TopL
  - 280TopL
  - 360TopL
  - 400TopL
  - 40TopL
  - 520TopL

=== 160TopL ===
Loading MSI data...
MSI spectra: 4761
Mask pixels: 4761
MSI coverage: 100.00%
Spectrum shape: (4761, 1481)
m/z range: 198.0330 - 1060.6776
Mask classes: [0. 1. 2.]
Mask classes at MSI locations: [0. 1. 2.]

=== 200TopL ===
Loading MSI data...
MSI spectra: 3953
Mask pixels: 3953
MSI coverage: 100.00%
Spectrum shape: (3953, 1481)
m/z range: 198.0337 - 1060.6786
Mask classes: [0. 1. 2.]
Mask classes at MSI locations: [0. 1. 2.]

=== 240TopL ===
Loading MSI data...
MSI spectra: 4690
Mask pixels: 4690
MSI coverage: 100.00%
Spectrum shape: (4690, 1481)
m/z range: 198.0336 - 1060.6810
Mask classes: [0. 1. 2.]
Mask classes at MSI locations: [0. 1. 2.]

=== 280TopL ===
Loading MSI data...
MSI spectra: 4160
Mask pixels: 4623
MSI coverage: 89.98%
Spectrum shape: (4160, 1481)
m/z range: 198.0333 - 1060.6794
Mask classes: [0. 1. 2.]
Mask classes at MSI locations: [0. 1. 2.]

=== 360TopL ===
Loading MSI data...
MSI spectra: 4544
Mask pixels: 4544
MSI coverage: 100.00%
Spectrum shape: (4544, 1481)
m/z range: 198.0337 - 1060.6813
Mask classes: [0. 1. 2.]
Mask classes at MSI locations: [0. 1. 2.]

=== 400TopL ===
Loading MSI data...
MSI spectra: 4712
Mask pixels: 4712
MSI coverage: 100.00%
Spectrum shape: (4712, 1481)
m/z range: 198.0352 - 1060.6843
Mask classes: [0. 1. 2.]
Mask classes at MSI locations: [0. 1. 2.]

=== 40TopL ===
Loading MSI data...
MSI spectra: 4686
Mask pixels: 4686
MSI coverage: 100.00%
Spectrum shape: (4686, 1481)
m/z range: 198.0327 - 1060.6725
Mask classes: [0. 1. 2.]
Mask classes at MSI locations: [0. 1. 2.]

=== 520TopL ===
Loading MSI data...
MSI spectra: 3243
Mask pixels: 3243
MSI coverage: 100.00%
Spectrum shape: (3243, 1481)
m/z range: 198.0330 - 1060.6744
Mask classes: [0. 1. 2.]
Mask classes at MSI locations: [0. 1. 2.]

=== Creating dataset-wide overviews ===

=== VISUALISATION COMPLETE ===
Results saved to: results/visualisations/cac

=== Visualisation Complete ===
