=== CAC MASK INSPECTION ===
Date: Mon Aug 10 11:37:14 AM UTC 2026
Username: zsuliman
Job ID: 41940
Job Name: cac-masks
Node: mscluster63
Working Directory: /home-mscluster/zsuliman/msi
============================

--- Python ---
Python: /home-mscluster/zsuliman/.conda/envs/msi_env/bin/python
Python 3.10.20

--- Inspecting CAC Masks ---
=== CAC MASK INSPECTION ===
Mask directory: /datasets/zsuliman/msi_data/cac/masks

--- 160TopL_mask.npy ---
Shape: (69, 69)
Dtype: float64
Unique values: [0. 1. 2.]
Number of unique values: 3

--- 200TopL_mask.npy ---
Shape: (59, 67)
Dtype: float64
Unique values: [0. 1. 2.]
Number of unique values: 3

--- 240TopL_mask.npy ---
Shape: (67, 70)
Dtype: float64
Unique values: [0. 1. 2.]
Number of unique values: 3

--- 280TopL_mask.npy ---
Shape: (69, 67)
Dtype: float64
Unique values: [0. 1. 2.]
Number of unique values: 3

--- 360TopL_mask.npy ---
Shape: (64, 71)
Dtype: float64
Unique values: [0. 1. 2.]
Number of unique values: 3

--- 400TopL_mask.npy ---
Shape: (62, 76)
Dtype: float64
Unique values: [0. 1. 2.]
Number of unique values: 3

--- 40TopL_mask.npy ---
Shape: (71, 66)
Dtype: float64
Unique values: [0. 1. 2.]
Number of unique values: 3

--- 520TopL_mask.npy ---
Shape: (47, 69)
Dtype: float64
Unique values: [0. 1. 2.]
Number of unique values: 3


=== Inspection Complete ===
