=== CAC MASK INSPECTION ===
Date: Mon Aug 10 11:52:16 AM UTC 2026
Username: zsuliman
Job ID: 41955
Job Name: cac-masks
Node: mscluster46
Working Directory: /home-mscluster/zsuliman/msi
============================

--- Python ---
Python: /home-mscluster/zsuliman/.conda/envs/msi_env/bin/python
Python 3.10.20

--- Inspecting CAC Masks ---
=== CAC MASK INSPECTION ===
Mask directory: /datasets/zsuliman/msi_data/cac/masks

--- 160TopL_mask.npy ---
Shape: (69, 69)
Dtype: float64
Total pixels: 4761

Class distribution:
  Class 0.0: 2325 pixels (48.83%)
  Class 1.0: 1292 pixels (27.14%)
  Class 2.0: 1144 pixels (24.03%)

--- 200TopL_mask.npy ---
Shape: (59, 67)
Dtype: float64
Total pixels: 3953

Class distribution:
  Class 0.0: 1419 pixels (35.90%)
  Class 1.0: 1459 pixels (36.91%)
  Class 2.0: 1075 pixels (27.19%)

--- 240TopL_mask.npy ---
Shape: (67, 70)
Dtype: float64
Total pixels: 4690

Class distribution:
  Class 0.0: 1858 pixels (39.62%)
  Class 1.0: 1753 pixels (37.38%)
  Class 2.0: 1079 pixels (23.01%)

--- 280TopL_mask.npy ---
Shape: (69, 67)
Dtype: float64
Total pixels: 4623

Class distribution:
  Class 0.0: 2078 pixels (44.95%)
  Class 1.0: 1361 pixels (29.44%)
  Class 2.0: 1184 pixels (25.61%)

--- 360TopL_mask.npy ---
Shape: (64, 71)
Dtype: float64
Total pixels: 4544

Class distribution:
  Class 0.0: 2061 pixels (45.36%)
  Class 1.0: 1513 pixels (33.30%)
  Class 2.0: 970 pixels (21.35%)

--- 400TopL_mask.npy ---
Shape: (62, 76)
Dtype: float64
Total pixels: 4712

Class distribution:
  Class 0.0: 2227 pixels (47.26%)
  Class 1.0: 1470 pixels (31.20%)
  Class 2.0: 1015 pixels (21.54%)

--- 40TopL_mask.npy ---
Shape: (71, 66)
Dtype: float64
Total pixels: 4686

Class distribution:
  Class 0.0: 2295 pixels (48.98%)
  Class 1.0: 1395 pixels (29.77%)
  Class 2.0: 996 pixels (21.25%)

--- 520TopL_mask.npy ---
Shape: (47, 69)
Dtype: float64
Total pixels: 3243

Class distribution:
  Class 0.0: 1691 pixels (52.14%)
  Class 1.0: 1007 pixels (31.05%)
  Class 2.0: 545 pixels (16.81%)


=== Inspection Complete ===
