==========================================
       OFFICIAL GBM IMZML EXTRACTION
==========================================
Date: Sat Sep 12 08:57:52 AM UTC 2026
Job ID: 53237
Node: mscluster46.ms.wits.ac.za
Archive: /datasets/zsuliman/msi_data/zips/gbm_data.zip
Verified SHA-256: a69a42464932c5c2af95b7fb2259cf7fd9590ff86ff0e5f170398e9519aa097f
Destination: /datasets/zsuliman/msi_data/gbm_imzml

Extraction started: Sat Sep 12 08:57:52 AM UTC 2026
Extraction finished: Sat Sep 12 08:59:27 AM UTC 2026

Validated all eight imzML/ibd pairs and masks.
8.5G	/datasets/zsuliman/msi_data/gbm_imzml
GBM108_negative.ibd 855383488 bytes
GBM108_negative.imzML 5806174 bytes
GBM108_positive.ibd 705334120 bytes
GBM108_positive.imzML 4786783 bytes
GBM12_1.ibd 1245307696 bytes
GBM12_1.imzML 8452823 bytes
GBM12_2.ibd 1125540400 bytes
GBM12_2.imzML 7638663 bytes
GBM22_1.ibd 1305531592 bytes
GBM22_1.imzML 8863167 bytes
GBM22_2.ibd 1539962464 bytes
GBM22_2.imzML 10454816 bytes
GBM39_1.ibd 1366776232 bytes
GBM39_1.imzML 9278466 bytes
GBM39_2.ibd 819317200 bytes
GBM39_2.imzML 5560771 bytes
masks/GBM108_negative_mask.npy 36920 bytes
masks/GBM108_positive_mask.npy 20288 bytes
masks/GBM12_1_mask.npy 35408 bytes
masks/GBM12_2_mask.npy 33176 bytes
masks/GBM22_1_mask.npy 39296 bytes
masks/GBM22_2_mask.npy 49280 bytes
masks/GBM39_1_all_mz_mask.npy 340376 bytes
masks/GBM39_1_mask.npy 42096 bytes
masks/GBM39_2_mask.npy 25504 bytes
