==========================================
       GBM REPRESENTATION VISUALS
==========================================
Date: Sat Sep 12 11:19:52 AM UTC 2026
Job ID: 53294
Node: mscluster79.ms.wits.ac.za
Official input: /datasets/zsuliman/msi_data/gbm_imzml
HDF5 input: /datasets/zsuliman/msi_data/gbm_massnet
Output: /home-mscluster/zsuliman/msi/results/visualisations/gbm_imzml_comparison

  spectral bins 0-2,047 / 85,062
  spectral bins 2,048-4,095 / 85,062
  spectral bins 4,096-6,143 / 85,062
  spectral bins 6,144-8,191 / 85,062
  spectral bins 8,192-10,239 / 85,062
  spectral bins 10,240-12,287 / 85,062
  spectral bins 12,288-14,335 / 85,062
  spectral bins 14,336-16,383 / 85,062
  spectral bins 16,384-18,431 / 85,062
  spectral bins 18,432-20,479 / 85,062
  spectral bins 20,480-22,527 / 85,062
  spectral bins 22,528-24,575 / 85,062
  spectral bins 24,576-26,623 / 85,062
  spectral bins 26,624-28,671 / 85,062
  spectral bins 28,672-30,719 / 85,062
  spectral bins 30,720-32,767 / 85,062
  spectral bins 32,768-34,815 / 85,062
  spectral bins 34,816-36,863 / 85,062
  spectral bins 36,864-38,911 / 85,062
  spectral bins 38,912-40,959 / 85,062
  spectral bins 40,960-43,007 / 85,062
  spectral bins 43,008-45,055 / 85,062
  spectral bins 45,056-47,103 / 85,062
  spectral bins 47,104-49,151 / 85,062
  spectral bins 49,152-51,199 / 85,062
  spectral bins 51,200-53,247 / 85,062
  spectral bins 53,248-55,295 / 85,062
  spectral bins 55,296-57,343 / 85,062
  spectral bins 57,344-59,391 / 85,062
  spectral bins 59,392-61,439 / 85,062
  spectral bins 61,440-63,487 / 85,062
  spectral bins 63,488-65,535 / 85,062
  spectral bins 65,536-67,583 / 85,062
  spectral bins 67,584-69,631 / 85,062
  spectral bins 69,632-71,679 / 85,062
  spectral bins 71,680-73,727 / 85,062
  spectral bins 73,728-75,775 / 85,062
  spectral bins 75,776-77,823 / 85,062
  spectral bins 77,824-79,871 / 85,062
  spectral bins 79,872-81,919 / 85,062
  spectral bins 81,920-83,967 / 85,062
  spectral bins 83,968-85,061 / 85,062
GBM108_negative: semantic differences=0, saved=/home-mscluster/zsuliman/msi/results/visualisations/gbm_imzml_comparison/GBM108_negative
  spectral bins 0-2,047 / 85,062
  spectral bins 2,048-4,095 / 85,062
  spectral bins 4,096-6,143 / 85,062
  spectral bins 6,144-8,191 / 85,062
  spectral bins 8,192-10,239 / 85,062
  spectral bins 10,240-12,287 / 85,062
  spectral bins 12,288-14,335 / 85,062
  spectral bins 14,336-16,383 / 85,062
  spectral bins 16,384-18,431 / 85,062
  spectral bins 18,432-20,479 / 85,062
  spectral bins 20,480-22,527 / 85,062
  spectral bins 22,528-24,575 / 85,062
  spectral bins 24,576-26,623 / 85,062
  spectral bins 26,624-28,671 / 85,062
  spectral bins 28,672-30,719 / 85,062
  spectral bins 30,720-32,767 / 85,062
  spectral bins 32,768-34,815 / 85,062
  spectral bins 34,816-36,863 / 85,062
  spectral bins 36,864-38,911 / 85,062
  spectral bins 38,912-40,959 / 85,062
  spectral bins 40,960-43,007 / 85,062
  spectral bins 43,008-45,055 / 85,062
  spectral bins 45,056-47,103 / 85,062
  spectral bins 47,104-49,151 / 85,062
  spectral bins 49,152-51,199 / 85,062
  spectral bins 51,200-53,247 / 85,062
  spectral bins 53,248-55,295 / 85,062
  spectral bins 55,296-57,343 / 85,062
  spectral bins 57,344-59,391 / 85,062
  spectral bins 59,392-61,439 / 85,062
  spectral bins 61,440-63,487 / 85,062
  spectral bins 63,488-65,535 / 85,062
  spectral bins 65,536-67,583 / 85,062
  spectral bins 67,584-69,631 / 85,062
  spectral bins 69,632-71,679 / 85,062
  spectral bins 71,680-73,727 / 85,062
  spectral bins 73,728-75,775 / 85,062
  spectral bins 75,776-77,823 / 85,062
  spectral bins 77,824-79,871 / 85,062
  spectral bins 79,872-81,919 / 85,062
  spectral bins 81,920-83,967 / 85,062
  spectral bins 83,968-85,061 / 85,062
GBM108_positive: semantic differences=0, saved=/home-mscluster/zsuliman/msi/results/visualisations/gbm_imzml_comparison/GBM108_positive
  spectral bins 0-2,047 / 85,062
  spectral bins 2,048-4,095 / 85,062
  spectral bins 4,096-6,143 / 85,062
  spectral bins 6,144-8,191 / 85,062
  spectral bins 8,192-10,239 / 85,062
  spectral bins 10,240-12,287 / 85,062
  spectral bins 12,288-14,335 / 85,062
  spectral bins 14,336-16,383 / 85,062
  spectral bins 16,384-18,431 / 85,062
  spectral bins 18,432-20,479 / 85,062
  spectral bins 20,480-22,527 / 85,062
  spectral bins 22,528-24,575 / 85,062
  spectral bins 24,576-26,623 / 85,062
  spectral bins 26,624-28,671 / 85,062
  spectral bins 28,672-30,719 / 85,062
  spectral bins 30,720-32,767 / 85,062
  spectral bins 32,768-34,815 / 85,062
  spectral bins 34,816-36,863 / 85,062
  spectral bins 36,864-38,911 / 85,062
  spectral bins 38,912-40,959 / 85,062
  spectral bins 40,960-43,007 / 85,062
  spectral bins 43,008-45,055 / 85,062
  spectral bins 45,056-47,103 / 85,062
  spectral bins 47,104-49,151 / 85,062
  spectral bins 49,152-51,199 / 85,062
  spectral bins 51,200-53,247 / 85,062
  spectral bins 53,248-55,295 / 85,062
  spectral bins 55,296-57,343 / 85,062
  spectral bins 57,344-59,391 / 85,062
  spectral bins 59,392-61,439 / 85,062
  spectral bins 61,440-63,487 / 85,062
  spectral bins 63,488-65,535 / 85,062
  spectral bins 65,536-67,583 / 85,062
  spectral bins 67,584-69,631 / 85,062
  spectral bins 69,632-71,679 / 85,062
  spectral bins 71,680-73,727 / 85,062
  spectral bins 73,728-75,775 / 85,062
  spectral bins 75,776-77,823 / 85,062
  spectral bins 77,824-79,871 / 85,062
  spectral bins 79,872-81,919 / 85,062
  spectral bins 81,920-83,967 / 85,062
  spectral bins 83,968-85,061 / 85,062
GBM12_1: semantic differences=0, saved=/home-mscluster/zsuliman/msi/results/visualisations/gbm_imzml_comparison/GBM12_1
  spectral bins 0-2,047 / 85,062
  spectral bins 2,048-4,095 / 85,062
  spectral bins 4,096-6,143 / 85,062
  spectral bins 6,144-8,191 / 85,062
  spectral bins 8,192-10,239 / 85,062
  spectral bins 10,240-12,287 / 85,062
  spectral bins 12,288-14,335 / 85,062
  spectral bins 14,336-16,383 / 85,062
  spectral bins 16,384-18,431 / 85,062
  spectral bins 18,432-20,479 / 85,062
  spectral bins 20,480-22,527 / 85,062
  spectral bins 22,528-24,575 / 85,062
  spectral bins 24,576-26,623 / 85,062
  spectral bins 26,624-28,671 / 85,062
  spectral bins 28,672-30,719 / 85,062
  spectral bins 30,720-32,767 / 85,062
  spectral bins 32,768-34,815 / 85,062
  spectral bins 34,816-36,863 / 85,062
  spectral bins 36,864-38,911 / 85,062
  spectral bins 38,912-40,959 / 85,062
  spectral bins 40,960-43,007 / 85,062
  spectral bins 43,008-45,055 / 85,062
  spectral bins 45,056-47,103 / 85,062
  spectral bins 47,104-49,151 / 85,062
  spectral bins 49,152-51,199 / 85,062
  spectral bins 51,200-53,247 / 85,062
  spectral bins 53,248-55,295 / 85,062
  spectral bins 55,296-57,343 / 85,062
  spectral bins 57,344-59,391 / 85,062
  spectral bins 59,392-61,439 / 85,062
  spectral bins 61,440-63,487 / 85,062
  spectral bins 63,488-65,535 / 85,062
  spectral bins 65,536-67,583 / 85,062
  spectral bins 67,584-69,631 / 85,062
  spectral bins 69,632-71,679 / 85,062
  spectral bins 71,680-73,727 / 85,062
  spectral bins 73,728-75,775 / 85,062
  spectral bins 75,776-77,823 / 85,062
  spectral bins 77,824-79,871 / 85,062
  spectral bins 79,872-81,919 / 85,062
  spectral bins 81,920-83,967 / 85,062
  spectral bins 83,968-85,061 / 85,062
GBM12_2: semantic differences=0, saved=/home-mscluster/zsuliman/msi/results/visualisations/gbm_imzml_comparison/GBM12_2
  spectral bins 0-2,047 / 85,062
  spectral bins 2,048-4,095 / 85,062
  spectral bins 4,096-6,143 / 85,062
  spectral bins 6,144-8,191 / 85,062
  spectral bins 8,192-10,239 / 85,062
  spectral bins 10,240-12,287 / 85,062
  spectral bins 12,288-14,335 / 85,062
  spectral bins 14,336-16,383 / 85,062
  spectral bins 16,384-18,431 / 85,062
  spectral bins 18,432-20,479 / 85,062
  spectral bins 20,480-22,527 / 85,062
  spectral bins 22,528-24,575 / 85,062
  spectral bins 24,576-26,623 / 85,062
  spectral bins 26,624-28,671 / 85,062
  spectral bins 28,672-30,719 / 85,062
  spectral bins 30,720-32,767 / 85,062
  spectral bins 32,768-34,815 / 85,062
  spectral bins 34,816-36,863 / 85,062
  spectral bins 36,864-38,911 / 85,062
  spectral bins 38,912-40,959 / 85,062
  spectral bins 40,960-43,007 / 85,062
  spectral bins 43,008-45,055 / 85,062
  spectral bins 45,056-47,103 / 85,062
  spectral bins 47,104-49,151 / 85,062
  spectral bins 49,152-51,199 / 85,062
  spectral bins 51,200-53,247 / 85,062
  spectral bins 53,248-55,295 / 85,062
  spectral bins 55,296-57,343 / 85,062
  spectral bins 57,344-59,391 / 85,062
  spectral bins 59,392-61,439 / 85,062
  spectral bins 61,440-63,487 / 85,062
  spectral bins 63,488-65,535 / 85,062
  spectral bins 65,536-67,583 / 85,062
  spectral bins 67,584-69,631 / 85,062
  spectral bins 69,632-71,679 / 85,062
  spectral bins 71,680-73,727 / 85,062
  spectral bins 73,728-75,775 / 85,062
  spectral bins 75,776-77,823 / 85,062
  spectral bins 77,824-79,871 / 85,062
  spectral bins 79,872-81,919 / 85,062
  spectral bins 81,920-83,967 / 85,062
  spectral bins 83,968-85,061 / 85,062
GBM22_1: semantic differences=0, saved=/home-mscluster/zsuliman/msi/results/visualisations/gbm_imzml_comparison/GBM22_1
  spectral bins 0-2,047 / 85,062
  spectral bins 2,048-4,095 / 85,062
  spectral bins 4,096-6,143 / 85,062
  spectral bins 6,144-8,191 / 85,062
  spectral bins 8,192-10,239 / 85,062
  spectral bins 10,240-12,287 / 85,062
  spectral bins 12,288-14,335 / 85,062
  spectral bins 14,336-16,383 / 85,062
  spectral bins 16,384-18,431 / 85,062
  spectral bins 18,432-20,479 / 85,062
  spectral bins 20,480-22,527 / 85,062
  spectral bins 22,528-24,575 / 85,062
  spectral bins 24,576-26,623 / 85,062
  spectral bins 26,624-28,671 / 85,062
  spectral bins 28,672-30,719 / 85,062
  spectral bins 30,720-32,767 / 85,062
  spectral bins 32,768-34,815 / 85,062
  spectral bins 34,816-36,863 / 85,062
  spectral bins 36,864-38,911 / 85,062
  spectral bins 38,912-40,959 / 85,062
  spectral bins 40,960-43,007 / 85,062
  spectral bins 43,008-45,055 / 85,062
  spectral bins 45,056-47,103 / 85,062
  spectral bins 47,104-49,151 / 85,062
  spectral bins 49,152-51,199 / 85,062
  spectral bins 51,200-53,247 / 85,062
  spectral bins 53,248-55,295 / 85,062
  spectral bins 55,296-57,343 / 85,062
  spectral bins 57,344-59,391 / 85,062
  spectral bins 59,392-61,439 / 85,062
  spectral bins 61,440-63,487 / 85,062
  spectral bins 63,488-65,535 / 85,062
  spectral bins 65,536-67,583 / 85,062
  spectral bins 67,584-69,631 / 85,062
  spectral bins 69,632-71,679 / 85,062
  spectral bins 71,680-73,727 / 85,062
  spectral bins 73,728-75,775 / 85,062
  spectral bins 75,776-77,823 / 85,062
  spectral bins 77,824-79,871 / 85,062
  spectral bins 79,872-81,919 / 85,062
  spectral bins 81,920-83,967 / 85,062
  spectral bins 83,968-85,061 / 85,062
GBM22_2: semantic differences=0, saved=/home-mscluster/zsuliman/msi/results/visualisations/gbm_imzml_comparison/GBM22_2
  spectral bins 0-2,047 / 85,062
  spectral bins 2,048-4,095 / 85,062
  spectral bins 4,096-6,143 / 85,062
  spectral bins 6,144-8,191 / 85,062
  spectral bins 8,192-10,239 / 85,062
  spectral bins 10,240-12,287 / 85,062
  spectral bins 12,288-14,335 / 85,062
  spectral bins 14,336-16,383 / 85,062
  spectral bins 16,384-18,431 / 85,062
  spectral bins 18,432-20,479 / 85,062
  spectral bins 20,480-22,527 / 85,062
  spectral bins 22,528-24,575 / 85,062
  spectral bins 24,576-26,623 / 85,062
  spectral bins 26,624-28,671 / 85,062
  spectral bins 28,672-30,719 / 85,062
  spectral bins 30,720-32,767 / 85,062
  spectral bins 32,768-34,815 / 85,062
  spectral bins 34,816-36,863 / 85,062
  spectral bins 36,864-38,911 / 85,062
  spectral bins 38,912-40,959 / 85,062
  spectral bins 40,960-43,007 / 85,062
  spectral bins 43,008-45,055 / 85,062
  spectral bins 45,056-47,103 / 85,062
  spectral bins 47,104-49,151 / 85,062
  spectral bins 49,152-51,199 / 85,062
  spectral bins 51,200-53,247 / 85,062
  spectral bins 53,248-55,295 / 85,062
  spectral bins 55,296-57,343 / 85,062
  spectral bins 57,344-59,391 / 85,062
  spectral bins 59,392-61,439 / 85,062
  spectral bins 61,440-63,487 / 85,062
  spectral bins 63,488-65,535 / 85,062
  spectral bins 65,536-67,583 / 85,062
  spectral bins 67,584-69,631 / 85,062
  spectral bins 69,632-71,679 / 85,062
  spectral bins 71,680-73,727 / 85,062
  spectral bins 73,728-75,775 / 85,062
  spectral bins 75,776-77,823 / 85,062
  spectral bins 77,824-79,871 / 85,062
  spectral bins 79,872-81,919 / 85,062
  spectral bins 81,920-83,967 / 85,062
  spectral bins 83,968-85,061 / 85,062
GBM39_1: semantic differences=0, saved=/home-mscluster/zsuliman/msi/results/visualisations/gbm_imzml_comparison/GBM39_1
  spectral bins 0-2,047 / 85,062
  spectral bins 2,048-4,095 / 85,062
  spectral bins 4,096-6,143 / 85,062
  spectral bins 6,144-8,191 / 85,062
  spectral bins 8,192-10,239 / 85,062
  spectral bins 10,240-12,287 / 85,062
  spectral bins 12,288-14,335 / 85,062
  spectral bins 14,336-16,383 / 85,062
  spectral bins 16,384-18,431 / 85,062
  spectral bins 18,432-20,479 / 85,062
  spectral bins 20,480-22,527 / 85,062
  spectral bins 22,528-24,575 / 85,062
  spectral bins 24,576-26,623 / 85,062
  spectral bins 26,624-28,671 / 85,062
  spectral bins 28,672-30,719 / 85,062
  spectral bins 30,720-32,767 / 85,062
  spectral bins 32,768-34,815 / 85,062
  spectral bins 34,816-36,863 / 85,062
  spectral bins 36,864-38,911 / 85,062
  spectral bins 38,912-40,959 / 85,062
  spectral bins 40,960-43,007 / 85,062
  spectral bins 43,008-45,055 / 85,062
  spectral bins 45,056-47,103 / 85,062
  spectral bins 47,104-49,151 / 85,062
  spectral bins 49,152-51,199 / 85,062
  spectral bins 51,200-53,247 / 85,062
  spectral bins 53,248-55,295 / 85,062
  spectral bins 55,296-57,343 / 85,062
  spectral bins 57,344-59,391 / 85,062
  spectral bins 59,392-61,439 / 85,062
  spectral bins 61,440-63,487 / 85,062
  spectral bins 63,488-65,535 / 85,062
  spectral bins 65,536-67,583 / 85,062
  spectral bins 67,584-69,631 / 85,062
  spectral bins 69,632-71,679 / 85,062
  spectral bins 71,680-73,727 / 85,062
  spectral bins 73,728-75,775 / 85,062
  spectral bins 75,776-77,823 / 85,062
  spectral bins 77,824-79,871 / 85,062
  spectral bins 79,872-81,919 / 85,062
  spectral bins 81,920-83,967 / 85,062
  spectral bins 83,968-85,061 / 85,062
GBM39_2: semantic differences=0, saved=/home-mscluster/zsuliman/msi/results/visualisations/gbm_imzml_comparison/GBM39_2
Visualisations saved to /home-mscluster/zsuliman/msi/results/visualisations/gbm_imzml_comparison

Generated files:
GBM108_negative/official_tic_mask_overlay.png
GBM108_negative/representation_comparison.png
GBM108_positive/official_tic_mask_overlay.png
GBM108_positive/representation_comparison.png
GBM12_1/official_tic_mask_overlay.png
GBM12_1/representation_comparison.png
GBM12_2/official_tic_mask_overlay.png
GBM12_2/representation_comparison.png
GBM22_1/official_tic_mask_overlay.png
GBM22_1/representation_comparison.png
GBM22_2/official_tic_mask_overlay.png
GBM22_2/representation_comparison.png
GBM39_1/official_tic_mask_overlay.png
GBM39_1/representation_comparison.png
GBM39_2/official_tic_mask_overlay.png
GBM39_2/representation_comparison.png
official_masks_overview.png
semantic_disagreements_overview.png
semantic_masks_overview.png
summary.json
