=== GBM DATASET INSPECTION ===
Date: Mon Aug 10 01:37:14 PM UTC 2026
Username: zsuliman
Job ID: 42037
Job Name: gbm-inspect
Node: mscluster42
Working Directory: /home-mscluster/zsuliman/msi
==============================

--- Python ---
Python: /home-mscluster/zsuliman/.conda/envs/msi_env/bin/python
Python 3.10.20

--- Inspecting GBM HDF5 Files ---
=== GBM DATASET INSPECTION ===
Dataset directory: /datasets/zsuliman/msi_data/gbm

========== Dataset_S1.h5 ==========
Root keys: ['Data', 'mzArray', 'xLocation', 'yLocation']

Data: shape=(21241, 3570), dtype=float64
mzArray: shape=(21241,), dtype=float32
xLocation: shape=(3570,), dtype=float64
yLocation: shape=(3570,), dtype=float64

========== Dataset_S2.h5 ==========
Root keys: ['Data', 'mzArray', 'xLocation', 'yLocation']

Data: shape=(21241, 3687), dtype=float64
mzArray: shape=(21241,), dtype=float32
xLocation: shape=(3687,), dtype=float64
yLocation: shape=(3687,), dtype=float64

========== Dataset_S3.h5 ==========
Root keys: ['Data', 'mzArray', 'xLocation', 'yLocation']

Data: shape=(21241, 3583), dtype=float64
mzArray: shape=(21241,), dtype=float32
xLocation: shape=(3583,), dtype=float64
yLocation: shape=(3583,), dtype=float64

========== Dataset_S4.h5 ==========
Root keys: ['Data', 'mzArray', 'xLocation', 'yLocation']

Data: shape=(21241, 3993), dtype=float64
mzArray: shape=(21241,), dtype=float32
xLocation: shape=(3993,), dtype=float64
yLocation: shape=(3993,), dtype=float64


=== Inspection Complete ===
