==========================================
       GBM IMZML/HDF5 COMPARISON
==========================================
Date: Sat Sep 12 10:17:05 AM UTC 2026
Job ID: 53266
Node: mscluster46.ms.wits.ac.za
imzML: /datasets/zsuliman/msi_data/gbm_imzml
HDF5: /datasets/zsuliman/msi_data/gbm_massnet

{
  "comparison": "official GBM imzML package versus MassNet HDF5 release",
  "sections": [
    {
      "dataset": "GBM108_negative",
      "imzml_spectra": 2512,
      "h5_spectra": 2512,
      "coordinate_order_exact": true,
      "coordinate_sets_equal": true,
      "official_mask_shape": [
        63,
        73
      ],
      "reconstructed_mask_shape": [
        63,
        73
      ],
      "masks_exact": false,
      "mask_comparison": {
        "official_dtype": "float64",
        "reconstructed_dtype": "uint8",
        "official_value_counts": {
          "0.0": 2087,
          "1.0": 960,
          "2.0": 1552
        },
        "reconstructed_value_counts": {
          "0": 3047,
          "1": 1552
        },
        "different_grid_locations": 2512,
        "different_measured_locations": 2512,
        "different_unmeasured_locations": 0,
        "official_measured_matches_h5_labels": false,
        "official_measured_matches_inverted_h5_labels": false,
        "measured_label_combinations": {
          "official_1.0_reconstructed_0": 960,
          "official_1.0_reconstructed_1": 0,
          "official_2.0_reconstructed_0": 0,
          "official_2.0_reconstructed_1": 1552
        }
      },
      "spectrum_checks": [
        {
          "index": 0,
          "mz_exact": true,
          "mz_allclose": true,
          "intensity_exact": false,
          "intensity_allclose": true,
          "maximum_absolute_intensity_difference": 9.011504042977236e-10
        },
        {
          "index": 1256,
          "mz_exact": true,
          "mz_allclose": true,
          "intensity_exact": false,
          "intensity_allclose": true,
          "maximum_absolute_intensity_difference": 1.4033395626111833e-09
        },
        {
          "index": 2511,
          "mz_exact": true,
          "mz_allclose": true,
          "intensity_exact": false,
          "intensity_allclose": true,
          "maximum_absolute_intensity_difference": 8.633343553943185e-10
        }
      ]
    },
    {
      "dataset": "GBM108_positive",
      "imzml_spectra": 2071,
      "h5_spectra": 2071,
      "coordinate_order_exact": true,
      "coordinate_sets_equal": true,
      "official_mask_shape": [
        36,
        70
      ],
      "reconstructed_mask_shape": [
        36,
        70
      ],
      "masks_exact": false,
      "mask_comparison": {
        "official_dtype": "float64",
        "reconstructed_dtype": "uint8",
        "official_value_counts": {
          "0.0": 449,
          "1.0": 1173,
          "2.0": 898
        },
        "reconstructed_value_counts": {
          "0": 1622,
          "1": 898
        },
        "different_grid_locations": 2071,
        "different_measured_locations": 2071,
        "different_unmeasured_locations": 0,
        "official_measured_matches_h5_labels": false,
        "official_measured_matches_inverted_h5_labels": false,
        "measured_label_combinations": {
          "official_1.0_reconstructed_0": 1173,
          "official_1.0_reconstructed_1": 0,
          "official_2.0_reconstructed_0": 0,
          "official_2.0_reconstructed_1": 898
        }
      },
      "spectrum_checks": [
        {
          "index": 0,
          "mz_exact": true,
          "mz_allclose": true,
          "intensity_exact": false,
          "intensity_allclose": true,
          "maximum_absolute_intensity_difference": 1.0902748565078113e-09
        },
        {
          "index": 1035,
          "mz_exact": true,
          "mz_allclose": true,
          "intensity_exact": false,
          "intensity_allclose": true,
          "maximum_absolute_intensity_difference": 7.070229471328737e-10
        },
        {
          "index": 2070,
          "mz_exact": true,
          "mz_allclose": true,
          "intensity_exact": false,
          "intensity_allclose": true,
          "maximum_absolute_intensity_difference": 8.371261080164505e-10
        }
      ]
    },
    {
      "dataset": "GBM12_1",
      "imzml_spectra": 3658,
      "h5_spectra": 3658,
      "coordinate_order_exact": true,
      "coordinate_sets_equal": true,
      "official_mask_shape": [
        49,
        90
      ],
      "reconstructed_mask_shape": [
        49,
        90
      ],
      "masks_exact": false,
      "mask_comparison": {
        "official_dtype": "float64",
        "reconstructed_dtype": "uint8",
        "official_value_counts": {
          "0.0": 752,
          "1.0": 3362,
          "2.0": 296
        },
        "reconstructed_value_counts": {
          "0": 4114,
          "1": 296
        },
        "different_grid_locations": 3658,
        "different_measured_locations": 3658,
        "different_unmeasured_locations": 0,
        "official_measured_matches_h5_labels": false,
        "official_measured_matches_inverted_h5_labels": false,
        "measured_label_combinations": {
          "official_1.0_reconstructed_0": 3362,
          "official_1.0_reconstructed_1": 0,
          "official_2.0_reconstructed_0": 0,
          "official_2.0_reconstructed_1": 296
        }
      },
      "spectrum_checks": [
        {
          "index": 0,
          "mz_exact": true,
          "mz_allclose": true,
          "intensity_exact": false,
          "intensity_allclose": true,
          "maximum_absolute_intensity_difference": 4.5654806671291404e-10
        },
        {
          "index": 1829,
          "mz_exact": true,
          "mz_allclose": true,
          "intensity_exact": false,
          "intensity_allclose": true,
          "maximum_absolute_intensity_difference": 8.976518868497596e-10
        },
        {
          "index": 3657,
          "mz_exact": true,
          "mz_allclose": true,
          "intensity_exact": false,
          "intensity_allclose": true,
          "maximum_absolute_intensity_difference": 6.250969360188652e-10
        }
      ]
    },
    {
      "dataset": "GBM12_2",
      "imzml_spectra": 3306,
      "h5_spectra": 3306,
      "coordinate_order_exact": true,
      "coordinate_sets_equal": true,
      "official_mask_shape": [
        51,
        81
      ],
      "reconstructed_mask_shape": [
        51,
        81
      ],
      "masks_exact": false,
      "mask_comparison": {
        "official_dtype": "float64",
        "reconstructed_dtype": "uint8",
        "official_value_counts": {
          "0.0": 825,
          "1.0": 2466,
          "2.0": 840
        },
        "reconstructed_value_counts": {
          "0": 3291,
          "1": 840
        },
        "different_grid_locations": 3306,
        "different_measured_locations": 3306,
        "different_unmeasured_locations": 0,
        "official_measured_matches_h5_labels": false,
        "official_measured_matches_inverted_h5_labels": false,
        "measured_label_combinations": {
          "official_1.0_reconstructed_0": 2466,
          "official_1.0_reconstructed_1": 0,
          "official_2.0_reconstructed_0": 0,
          "official_2.0_reconstructed_1": 840
        }
      },
      "spectrum_checks": [
        {
          "index": 0,
          "mz_exact": true,
          "mz_allclose": true,
          "intensity_exact": false,
          "intensity_allclose": true,
          "maximum_absolute_intensity_difference": 8.491863393023102e-10
        },
        {
          "index": 1653,
          "mz_exact": true,
          "mz_allclose": true,
          "intensity_exact": false,
          "intensity_allclose": true,
          "maximum_absolute_intensity_difference": 8.798619992311796e-10
        },
        {
          "index": 3305,
          "mz_exact": true,
          "mz_allclose": true,
          "intensity_exact": false,
          "intensity_allclose": true,
          "maximum_absolute_intensity_difference": 9.031596928665842e-10
        }
      ]
    },
    {
      "dataset": "GBM22_1",
      "imzml_spectra": 3835,
      "h5_spectra": 3835,
      "coordinate_order_exact": true,
      "coordinate_sets_equal": true,
      "official_mask_shape": [
        51,
        96
      ],
      "reconstructed_mask_shape": [
        51,
        96
      ],
      "masks_exact": false,
      "mask_comparison": {
        "official_dtype": "float64",
        "reconstructed_dtype": "uint8",
        "official_value_counts": {
          "0.0": 1061,
          "1.0": 3147,
          "2.0": 688
        },
        "reconstructed_value_counts": {
          "0": 4208,
          "1": 688
        },
        "different_grid_locations": 3835,
        "different_measured_locations": 3835,
        "different_unmeasured_locations": 0,
        "official_measured_matches_h5_labels": false,
        "official_measured_matches_inverted_h5_labels": false,
        "measured_label_combinations": {
          "official_1.0_reconstructed_0": 3147,
          "official_1.0_reconstructed_1": 0,
          "official_2.0_reconstructed_0": 0,
          "official_2.0_reconstructed_1": 688
        }
      },
      "spectrum_checks": [
        {
          "index": 0,
          "mz_exact": true,
          "mz_allclose": true,
          "intensity_exact": false,
          "intensity_allclose": true,
          "maximum_absolute_intensity_difference": 1.7782542799382739e-09
        },
        {
          "index": 1917,
          "mz_exact": true,
          "mz_allclose": true,
          "intensity_exact": false,
          "intensity_allclose": true,
          "maximum_absolute_intensity_difference": 8.48161908761913e-10
        },
        {
          "index": 3834,
          "mz_exact": true,
          "mz_allclose": true,
          "intensity_exact": false,
          "intensity_allclose": true,
          "maximum_absolute_intensity_difference": 6.083973325132774e-10
        }
      ]
    },
    {
      "dataset": "GBM22_2",
      "imzml_spectra": 4524,
      "h5_spectra": 4524,
      "coordinate_order_exact": true,
      "coordinate_sets_equal": true,
      "official_mask_shape": [
        64,
        96
      ],
      "reconstructed_mask_shape": [
        64,
        96
      ],
      "masks_exact": false,
      "mask_comparison": {
        "official_dtype": "float64",
        "reconstructed_dtype": "uint8",
        "official_value_counts": {
          "0.0": 1620,
          "1.0": 3415,
          "2.0": 1109
        },
        "reconstructed_value_counts": {
          "0": 5035,
          "1": 1109
        },
        "different_grid_locations": 4524,
        "different_measured_locations": 4524,
        "different_unmeasured_locations": 0,
        "official_measured_matches_h5_labels": false,
        "official_measured_matches_inverted_h5_labels": false,
        "measured_label_combinations": {
          "official_1.0_reconstructed_0": 3415,
          "official_1.0_reconstructed_1": 0,
          "official_2.0_reconstructed_0": 0,
          "official_2.0_reconstructed_1": 1109
        }
      },
      "spectrum_checks": [
        {
          "index": 0,
          "mz_exact": true,
          "mz_allclose": true,
          "intensity_exact": false,
          "intensity_allclose": true,
          "maximum_absolute_intensity_difference": 1.8376272517550696e-09
        },
        {
          "index": 2262,
          "mz_exact": true,
          "mz_allclose": true,
          "intensity_exact": false,
          "intensity_allclose": true,
          "maximum_absolute_intensity_difference": 5.113806808565435e-10
        },
        {
          "index": 4523,
          "mz_exact": true,
          "mz_allclose": true,
          "intensity_exact": false,
          "intensity_allclose": true,
          "maximum_absolute_intensity_difference": 7.303720961360227e-10
        }
      ]
    },
    {
      "dataset": "GBM39_1",
      "imzml_spectra": 4015,
      "h5_spectra": 4015,
      "coordinate_order_exact": true,
      "coordinate_sets_equal": true,
      "official_mask_shape": [
        61,
        86
      ],
      "reconstructed_mask_shape": [
        61,
        86
      ],
      "masks_exact": false,
      "mask_comparison": {
        "official_dtype": "float64",
        "reconstructed_dtype": "uint8",
        "official_value_counts": {
          "0.0": 1231,
          "1.0": 3451,
          "2.0": 564
        },
        "reconstructed_value_counts": {
          "0": 4682,
          "1": 564
        },
        "different_grid_locations": 4015,
        "different_measured_locations": 4015,
        "different_unmeasured_locations": 0,
        "official_measured_matches_h5_labels": false,
        "official_measured_matches_inverted_h5_labels": false,
        "measured_label_combinations": {
          "official_1.0_reconstructed_0": 3451,
          "official_1.0_reconstructed_1": 0,
          "official_2.0_reconstructed_0": 0,
          "official_2.0_reconstructed_1": 564
        }
      },
      "spectrum_checks": [
        {
          "index": 0,
          "mz_exact": true,
          "mz_allclose": true,
          "intensity_exact": false,
          "intensity_allclose": true,
          "maximum_absolute_intensity_difference": 8.707231290150386e-10
        },
        {
          "index": 2007,
          "mz_exact": true,
          "mz_allclose": true,
          "intensity_exact": false,
          "intensity_allclose": true,
          "maximum_absolute_intensity_difference": 8.786013409867177e-10
        },
        {
          "index": 4014,
          "mz_exact": true,
          "mz_allclose": true,
          "intensity_exact": false,
          "intensity_allclose": true,
          "maximum_absolute_intensity_difference": 9.986165158681892e-10
        }
      ]
    },
    {
      "dataset": "GBM39_2",
      "imzml_spectra": 2406,
      "h5_spectra": 2406,
      "coordinate_order_exact": true,
      "coordinate_sets_equal": true,
      "official_mask_shape": [
        61,
        52
      ],
      "reconstructed_mask_shape": [
        61,
        52
      ],
      "masks_exact": false,
      "mask_comparison": {
        "official_dtype": "float64",
        "reconstructed_dtype": "uint8",
        "official_value_counts": {
          "0.0": 766,
          "1.0": 1848,
          "2.0": 558
        },
        "reconstructed_value_counts": {
          "0": 2614,
          "1": 558
        },
        "different_grid_locations": 2406,
        "different_measured_locations": 2406,
        "different_unmeasured_locations": 0,
        "official_measured_matches_h5_labels": false,
        "official_measured_matches_inverted_h5_labels": false,
        "measured_label_combinations": {
          "official_1.0_reconstructed_0": 1848,
          "official_1.0_reconstructed_1": 0,
          "official_2.0_reconstructed_0": 0,
          "official_2.0_reconstructed_1": 558
        }
      },
      "spectrum_checks": [
        {
          "index": 0,
          "mz_exact": true,
          "mz_allclose": true,
          "intensity_exact": false,
          "intensity_allclose": true,
          "maximum_absolute_intensity_difference": 1.7335200150347951e-09
        },
        {
          "index": 1203,
          "mz_exact": true,
          "mz_allclose": true,
          "intensity_exact": false,
          "intensity_allclose": true,
          "maximum_absolute_intensity_difference": 1.5691514407278895e-09
        },
        {
          "index": 2405,
          "mz_exact": true,
          "mz_allclose": true,
          "intensity_exact": false,
          "intensity_allclose": true,
          "maximum_absolute_intensity_difference": 1.3366372730860832e-09
        }
      ]
    }
  ],
  "all_coordinate_sets_equal": true,
  "all_masks_exact": false,
  "all_official_measured_labels_match_h5": false,
  "total_different_measured_mask_locations": 26327,
  "total_different_unmeasured_mask_locations": 0,
  "all_sampled_spectra_close": true
}
