{"scale": 1.0, "step": 1, "training_loss": 11.475433349609375, "projection_gradient_norm": 0.002184826647862792, "pixels_with_at_least_two_neighbours": 4, "entropy_mean": 0.999957651995788, "weight_deviation_mean": 0.0014281313633546233, "weight_deviation_max": 0.0032939612865448, "score_spread_mean": 0.041153162717819214, "score_spread_max": 0.048064686357975006, "central_saturation_fraction": 0.0, "neighbour_saturation_fraction": 0.0, "mean_tanh_derivative": 0.965006411075592}
{"scale": 1.0, "step": 2, "training_loss": 11.878894805908203, "projection_gradient_norm": 0.002036522841081023, "pixels_with_at_least_two_neighbours": 4, "entropy_mean": 0.9999570935514956, "weight_deviation_mean": 0.0014375806786119938, "weight_deviation_max": 0.003317028284072876, "score_spread_mean": 0.04148618131875992, "score_spread_max": 0.04837505519390106, "central_saturation_fraction": 0.0, "neighbour_saturation_fraction": 0.0, "mean_tanh_derivative": 0.9647768139839172}
{"epoch": 1, "learning_rate": 0.001, "total_loss": 11.305263042449951, "vae_loss": 11.305263042449951, "reconstruction_loss": 11.071479797363281, "kl_loss": 0.23378315567970276, "spatial_loss": 0.0, "weighted_spatial_loss": 0.0, "spatial_loss_scale": 1.0, "spatial_pairs": 0, "poisson_effective_count": null, "poisson_central_l1": 0.0, "poisson_central_cosine": 1.0, "samples_seen": 8, "epoch_seconds": 0.006955808028578758, "samples_per_second": 1150.1179973816206}
{"epoch": 1, "learning_rate": 0.001, "total_loss": 11.025966835021972, "vae_loss": 11.025966835021972, "reconstruction_loss": 10.828365516662597, "kl_loss": 0.19760120511054993, "spatial_loss": 0.0, "weighted_spatial_loss": 0.0, "spatial_loss_scale": 1.0, "spatial_pairs": 0, "poisson_effective_count": null, "poisson_central_l1": 0.0, "poisson_central_cosine": 1.0, "samples_seen": 10, "epoch_seconds": 0.00730071309953928, "samples_per_second": 1369.7292118808314}
{"epoch": 1, "learning_rate": 0.001, "total_loss": 11.34116792678833, "vae_loss": 11.34116792678833, "reconstruction_loss": 10.90546464920044, "kl_loss": 0.435703381896019, "spatial_loss": 0.0, "weighted_spatial_loss": 0.0, "spatial_loss_scale": 1.0, "spatial_pairs": 0, "poisson_effective_count": null, "poisson_central_l1": 0.0, "poisson_central_cosine": 1.0, "samples_seen": 8, "epoch_seconds": 0.004078978206962347, "samples_per_second": 1961.2754945208874}
{"epoch": 1, "learning_rate": 0.001, "total_loss": 11.083986282348633, "vae_loss": 11.083986282348633, "reconstruction_loss": 10.877989768981934, "kl_loss": 0.2059963196516037, "spatial_loss": 0.0, "weighted_spatial_loss": 0.0, "spatial_loss_scale": 1.0, "spatial_pairs": 0, "poisson_effective_count": null, "poisson_central_l1": 0.0, "poisson_central_cosine": 1.0, "samples_seen": 8, "epoch_seconds": 0.004196544177830219, "samples_per_second": 1906.3304616839084}
{"resumed_from": "/tmp/tmps0iug4ir/checkpoints/checkpoint_latest.pt", "completed_epochs": 1, "next_epoch": 2}
{"epoch": 2, "learning_rate": 0.00075, "total_loss": 10.995465755462646, "vae_loss": 10.995465755462646, "reconstruction_loss": 10.82277250289917, "kl_loss": 0.17269345372915268, "spatial_loss": 0.0, "weighted_spatial_loss": 0.0, "spatial_loss_scale": 1.0, "spatial_pairs": 0, "poisson_effective_count": null, "poisson_central_l1": 0.0, "poisson_central_cosine": 1.0, "samples_seen": 8, "epoch_seconds": 0.009616744238883257, "samples_per_second": 831.8823711307309}
{"saved_resume_checkpoint": "/tmp/tmps0iug4ir/checkpoints/checkpoint_latest.pt", "completed_epochs": 2}
{"epoch": 3, "learning_rate": 0.0002500000000000001, "total_loss": 11.244705200195312, "vae_loss": 11.244705200195312, "reconstruction_loss": 10.983675003051758, "kl_loss": 0.26102999597787857, "spatial_loss": 0.0, "weighted_spatial_loss": 0.0, "spatial_loss_scale": 1.0, "spatial_pairs": 0, "poisson_effective_count": null, "poisson_central_l1": 0.0, "poisson_central_cosine": 1.0, "samples_seen": 8, "epoch_seconds": 0.005845753941684961, "samples_per_second": 1368.514665482842}
{"epoch": 1, "learning_rate": 0.001, "total_loss": 11.206148147583008, "vae_loss": 11.206148147583008, "reconstruction_loss": 10.898056983947754, "kl_loss": 0.30809132754802704, "spatial_loss": 0.16911951452493668, "weighted_spatial_loss": 0.0, "spatial_loss_scale": 1.0, "spatial_pairs": 6, "poisson_effective_count": null, "poisson_central_l1": 0.0, "poisson_central_cosine": 1.0, "samples_seen": 8, "epoch_seconds": 0.007762168068438768, "samples_per_second": 1030.639884303493}
{"epoch": 1, "learning_rate": 0.001, "total_loss": 11.150794982910156, "vae_loss": 11.150794982910156, "reconstruction_loss": 10.85600471496582, "kl_loss": 0.2947905659675598, "spatial_loss": 0.24996417760849, "weighted_spatial_loss": 0.0, "spatial_loss_scale": 1.0, "spatial_pairs": 16, "poisson_effective_count": 100.0, "poisson_central_l1": 0.15960150957107544, "poisson_central_cosine": 0.9836505055427551, "samples_seen": 8, "epoch_seconds": 0.0030166758224368095, "samples_per_second": 2651.9256528988794}
{"epoch": 1, "learning_rate": 0.001, "total_loss": 11.283178329467773, "vae_loss": 11.153921127319336, "reconstruction_loss": 10.850831985473633, "kl_loss": 0.3030886948108673, "spatial_loss": 0.21542826294898987, "weighted_spatial_loss": 0.12925695776939394, "spatial_loss_scale": 6.0, "spatial_pairs": 16, "poisson_effective_count": null, "poisson_central_l1": 0.0, "poisson_central_cosine": 1.0, "samples_seen": 8, "epoch_seconds": 0.0024863737635314465, "samples_per_second": 3217.537168924048}
{
  "attribution_version": 1,
  "status": "valid_pilot",
  "dataset": "/datasets/zsuliman/msi_data/gbm_massnet/GBM108_positive.h5",
  "checkpoint": "/datasets/zsuliman/msi_checkpoints/spatial_msipl/production/GBM108_positive_seed1/uniform_mean/checkpoint.pt",
  "model_state_sha256": "daf816d220b98fa7d74b919b6a90b114bff65cecfc9f488d7fc415c403751587",
  "completed_training_epochs": 100,
  "model_configuration": {
    "spectral_dim": 85062,
    "contextual_input_dim": 170124,
    "hidden_dim": 512,
    "latent_dim": 5,
    "neighbourhood": {
      "name": "uniform_mean",
      "learnable_parameters": 0,
      "orientation_free": true
    }
  },
  "pixels": 2071,
  "spectral_bins": 85062,
  "gmm": {
    "components": 2,
    "covariance_type": "full",
    "n_init": 20,
    "seed": 1,
    "component_counts": {
      "0": 792,
      "1": 1279
    },
    "differentiable_posterior_max_absolute_difference": 7.152557373046875e-07,
    "label_note": "component numbers are arbitrary and were not fitted to the expert mask"
  },
  "integrated_gradients": {
    "baseline": "section-wide mean TIC-normalised spectrum for centre and every valid neighbour",
    "baseline_reason": "a physically plausible in-distribution reference; missing neighbour slots remain zero and masked",
    "target": "posterior of the pixel's assigned GMM component",
    "steps": 64,
    "integration": "trapezoidal rule including both endpoints",
    "attribution_pixels_per_component": 12,
    "central_context_combination": "per-bin |central IG| + sum over valid neighbour slots of |neighbour IG|",
    "sampling_seed": 3,
    "selection_seed": 703,
    "completeness": {
      "passed": true,
      "median_absolute_residual": 0.00044405460357666016,
      "maximum_absolute_residual": 0.00533682107925415,
      "median_normalized_residual": 0.0008270163336310748,
      "percentile_95_normalized_residual": 0.003317514795647834
    },
    "per_pixel_diagnostics": [
      {
        "input_score": 1.0,
        "baseline_score": 0.3949805498123169,
        "score_delta": 0.6050194501876831,
        "attribution_sum": 0.6055413484573364,
        "completeness_residual": -0.0005218982696533203,
        "pixel_index": 210,
        "x": 45,
        "y": 7,
        "component": 0,
        "assigned_posterior": 1.0
      },
      {
        "input_score": 0.9999302625656128,
        "baseline_score": 0.3949805498123169,
        "score_delta": 0.6049497127532959,
        "attribution_sum": 0.6045436859130859,
        "completeness_residual": 0.00040602684020996094,
        "pixel_index": 372,
        "x": 56,
        "y": 10,
        "component": 0,
        "assigned_posterior": 0.9999303817749023
      },
      {
        "input_score": 0.9999977350234985,
        "baseline_score": 0.3949805498123169,
        "score_delta": 0.6050171852111816,
        "attribution_sum": 0.6065002679824829,
        "completeness_residual": -0.0014830827713012695,
        "pixel_index": 532,
        "x": 37,
        "y": 13,
        "component": 0,
        "assigned_posterior": 0.9999976754188538
      },
      {
        "input_score": 0.8109933137893677,
        "baseline_score": 0.3949805498123169,
        "score_delta": 0.4160127639770508,
        "attribution_sum": 0.41568392515182495,
        "completeness_residual": 0.0003288388252258301,
        "pixel_index": 650,
        "x": 29,
        "y": 15,
        "component": 0,
        "assigned_posterior": 0.8109932541847229
      },
      {
        "input_score": 0.9999998807907104,
        "baseline_score": 0.3949805498123169,
        "score_delta": 0.6050193309783936,
        "attribution_sum": 0.6047729849815369,
        "completeness_residual": 0.00024634599685668945,
        "pixel_index": 883,
        "x": 63,
        "y": 18,
        "component": 0,
        "assigned_posterior": 1.0
      },
      {
        "input_score": 0.9999995231628418,
        "baseline_score": 0.3949805498123169,
        "score_delta": 0.6050189733505249,
        "attribution_sum": 0.6070892810821533,
        "completeness_residual": -0.002070307731628418,
        "pixel_index": 997,
        "x": 41,
        "y": 20,
        "component": 0,
        "assigned_posterior": 0.9999995231628418
      },
      {
        "input_score": 1.0,
        "baseline_score": 0.3949805498123169,
        "score_delta": 0.6050194501876831,
        "attribution_sum": 0.6063129901885986,
        "completeness_residual": -0.0012935400009155273,
        "pixel_index": 1005,
        "x": 49,
        "y": 20,
        "component": 0,
        "assigned_posterior": 1.0
      },
      {
        "input_score": 0.9999454021453857,
        "baseline_score": 0.3949805498123169,
        "score_delta": 0.6049648523330688,
        "attribution_sum": 0.6040915250778198,
        "completeness_residual": 0.0008733272552490234,
        "pixel_index": 1007,
        "x": 51,
        "y": 20,
        "component": 0,
        "assigned_posterior": 0.9999456405639648
      },
      {
        "input_score": 1.0,
        "baseline_score": 0.3949805498123169,
        "score_delta": 0.6050194501876831,
        "attribution_sum": 0.6103562712669373,
        "completeness_residual": -0.00533682107925415,
        "pixel_index": 1013,
        "x": 57,
        "y": 20,
        "component": 0,
        "assigned_posterior": 1.0
      },
      {
        "input_score": 0.9999980926513672,
        "baseline_score": 0.3949805498123169,
        "score_delta": 0.6050175428390503,
        "attribution_sum": 0.6061487793922424,
        "completeness_residual": -0.0011312365531921387,
        "pixel_index": 1055,
        "x": 30,
        "y": 21,
        "component": 0,
        "assigned_posterior": 0.999998152256012
      },
      {
        "input_score": 1.0,
        "baseline_score": 0.3949805498123169,
        "score_delta": 0.6050194501876831,
        "attribution_sum": 0.6066687703132629,
        "completeness_residual": -0.001649320125579834,
        "pixel_index": 1219,
        "x": 56,
        "y": 23,
        "component": 0,
        "assigned_posterior": 1.0
      },
      {
        "input_score": 0.9978663325309753,
        "baseline_score": 0.3949805498123169,
        "score_delta": 0.6028857827186584,
        "attribution_sum": 0.6033199429512024,
        "completeness_residual": -0.0004341602325439453,
        "pixel_index": 1233,
        "x": 70,
        "y": 23,
        "component": 0,
        "assigned_posterior": 0.9978665113449097
      },
      {
        "input_score": 1.0,
        "baseline_score": 0.605019211769104,
        "score_delta": 0.394980788230896,
        "attribution_sum": 0.3945268392562866,
        "completeness_residual": 0.000453948974609375,
        "pixel_index": 14,
        "x": 37,
        "y": 2,
        "component": 1,
        "assigned_posterior": 1.0
      },
      {
        "input_score": 1.0,
        "baseline_score": 0.6050194501876831,
        "score_delta": 0.3949805498123169,
        "attribution_sum": 0.39492157101631165,
        "completeness_residual": 5.8978796005249023e-05,
        "pixel_index": 153,
        "x": 33,
        "y": 6,
        "component": 1,
        "assigned_posterior": 1.0
      },
      {
        "input_score": 1.0,
        "baseline_score": 0.6050194501876831,
        "score_delta": 0.3949805498123169,
        "attribution_sum": 0.39546525478363037,
        "completeness_residual": -0.00048470497131347656,
        "pixel_index": 453,
        "x": 19,
        "y": 12,
        "component": 1,
        "assigned_posterior": 1.0
      },
      {
        "input_score": 0.9921703934669495,
        "baseline_score": 0.6050194501876831,
        "score_delta": 0.38715094327926636,
        "attribution_sum": 0.3865588307380676,
        "completeness_residual": 0.0005921125411987305,
        "pixel_index": 699,
        "x": 13,
        "y": 16,
        "component": 1,
        "assigned_posterior": 0.9921706318855286
      },
      {
        "input_score": 1.0,
        "baseline_score": 0.6050194501876831,
        "score_delta": 0.3949805498123169,
        "attribution_sum": 0.39488595724105835,
        "completeness_residual": 9.459257125854492e-05,
        "pixel_index": 758,
        "x": 6,
        "y": 17,
        "component": 1,
        "assigned_posterior": 1.0
      },
      {
        "input_score": 0.9999860525131226,
        "baseline_score": 0.6050194501876831,
        "score_delta": 0.39496660232543945,
        "attribution_sum": 0.39500129222869873,
        "completeness_residual": -3.4689903259277344e-05,
        "pixel_index": 1022,
        "x": 66,
        "y": 20,
        "component": 1,
        "assigned_posterior": 0.9999861717224121
      },
      {
        "input_score": 0.9104994535446167,
        "baseline_score": 0.6050194501876831,
        "score_delta": 0.3054800033569336,
        "attribution_sum": 0.30555492639541626,
        "completeness_residual": -7.492303848266602e-05,
        "pixel_index": 1411,
        "x": 41,
        "y": 26,
        "component": 1,
        "assigned_posterior": 0.9104995131492615
      },
      {
        "input_score": 0.999890923500061,
        "baseline_score": 0.6050194501876831,
        "score_delta": 0.39487147331237793,
        "attribution_sum": 0.3951578140258789,
        "completeness_residual": -0.00028634071350097656,
        "pixel_index": 1425,
        "x": 55,
        "y": 26,
        "component": 1,
        "assigned_posterior": 0.9998908042907715
      },
      {
        "input_score": 1.0,
        "baseline_score": 0.6050194501876831,
        "score_delta": 0.3949805498123169,
        "attribution_sum": 0.39510372281074524,
        "completeness_residual": -0.00012317299842834473,
        "pixel_index": 1537,
        "x": 29,
        "y": 28,
        "component": 1,
        "assigned_posterior": 1.0
      },
      {
        "input_score": 1.0,
        "baseline_score": 0.6050194501876831,
        "score_delta": 0.3949805498123169,
        "attribution_sum": 0.39512014389038086,
        "completeness_residual": -0.00013959407806396484,
        "pixel_index": 1593,
        "x": 16,
        "y": 29,
        "component": 1,
        "assigned_posterior": 1.0
      },
      {
        "input_score": 0.9999643564224243,
        "baseline_score": 0.6050194501876831,
        "score_delta": 0.3949449062347412,
        "attribution_sum": 0.39463233947753906,
        "completeness_residual": 0.00031256675720214844,
        "pixel_index": 1623,
        "x": 46,
        "y": 29,
        "component": 1,
        "assigned_posterior": 0.9999642968177795
      },
      {
        "input_score": 1.0,
        "baseline_score": 0.6050194501876831,
        "score_delta": 0.3949805498123169,
        "attribution_sum": 0.3943082094192505,
        "completeness_residual": 0.0006723403930664062,
        "pixel_index": 1821,
        "x": 38,
        "y": 32,
        "component": 1,
        "assigned_posterior": 1.0
      }
    ]
  },
  "first_layer_comparator": {
    "method": "L2 norm over hidden units for the central and aggregated-context halves of encoder_dense",
    "combination": "central L2 + context L2",
    "interpretation": "linear comparator only; not the primary nonlinear explanation"
  },
  "faithfulness": {
    "held_out_from_attribution": true,
    "pixels_per_component": 32,
    "replacement": "selected bins in centre and all valid neighbours are replaced by section-mean values without renormalising other bins",
    "budgets": [
      32,
      128,
      512
    ],
    "random_repeats": 10,
    "seed": 1703,
    "records": [
      {
        "component": 0,
        "removed_bins": 32,
        "pixels": 32,
        "integrated_gradients_mean_posterior_drop": 0.06665216386318207,
        "first_layer_l2_mean_posterior_drop": -0.0009822025895118713,
        "random_mean_posterior_drop": 0.00017604864842724055,
        "random_standard_deviation": 0.0013263995060697198
      },
      {
        "component": 0,
        "removed_bins": 128,
        "pixels": 32,
        "integrated_gradients_mean_posterior_drop": 0.11741892248392105,
        "first_layer_l2_mean_posterior_drop": -0.005129773169755936,
        "random_mean_posterior_drop": 4.627481030183844e-05,
        "random_standard_deviation": 0.00195604027248919
      },
      {
        "component": 0,
        "removed_bins": 512,
        "pixels": 32,
        "integrated_gradients_mean_posterior_drop": 0.36328113079071045,
        "first_layer_l2_mean_posterior_drop": -0.003994491882622242,
        "random_mean_posterior_drop": 0.0010046731913462281,
        "random_standard_deviation": 0.0058510215021669865
      },
      {
        "component": 1,
        "removed_bins": 32,
        "pixels": 32,
        "integrated_gradients_mean_posterior_drop": 0.005163830704987049,
        "first_layer_l2_mean_posterior_drop": 0.00043333135545253754,
        "random_mean_posterior_drop": 1.8137134247808717e-05,
        "random_standard_deviation": 0.00017647664935793728
      },
      {
        "component": 1,
        "removed_bins": 128,
        "pixels": 32,
        "integrated_gradients_mean_posterior_drop": 0.017970122396945953,
        "first_layer_l2_mean_posterior_drop": 0.0029352325946092606,
        "random_mean_posterior_drop": 5.9852562117157504e-05,
        "random_standard_deviation": 0.0006100452155806124
      },
      {
        "component": 1,
        "removed_bins": 512,
        "pixels": 32,
        "integrated_gradients_mean_posterior_drop": 0.11593744158744812,
        "first_layer_l2_mean_posterior_drop": 0.005442863330245018,
        "random_mean_posterior_drop": 0.00046021660091355443,
        "random_standard_deviation": 0.005152962636202574
      }
    ]
  },
  "runtime_seconds": 442.92349976021796
}
{
  "evaluation_version": 1,
  "status": "complete",
  "dataset": "GBM108_positive",
  "scope": "development-section attribution and matched-count peak evaluation",
  "pixels": 2071,
  "spectral_bins": 85062,
  "cluster_mapping": {
    "component_to_analysis_label": {
      "0": 1,
      "1": 0
    },
    "analysis_label_names": {
      "0": "normal",
      "1": "tumour"
    },
    "confusion_rows_components_columns_labels": [
      [
        49,
        743
      ],
      [
        1124,
        155
      ]
    ],
    "accuracy": 0.9014968614196041,
    "balanced_accuracy": 0.8928104891612886,
    "adjusted_rand_index": 0.6442926307511928,
    "normalized_mutual_information": 0.5446142911965355,
    "mapping_use": "evaluation and display only; expert labels did not fit the GMM or rank peaks"
  },
  "matched_peak_evaluation": {
    "count": 530,
    "selection": {
      "integrated_gradients": "deterministic component-balanced round robin over combined absolute IG rankings",
      "first_layer_l2": "descending combined central-plus-context first-layer L2",
      "legacy_msipl": "existing LearnPeaks output"
    },
    "pcc_thresholds": [
      0.3,
      0.4,
      0.5,
      0.6
    ],
    "methods": {
      "integrated_gradients": {
        "selected_bins": 530,
        "threshold_results": {
          "0.3": {
            "mixed_classes": {
              "true_positive": 441,
              "false_positive": 89,
              "false_negative": 499,
              "true_negative": 84033,
              "recall": 0.46914893617021275,
              "precision": 0.8320754716981132,
              "F1": 0.6
            },
            "true_bins_mixed": 940,
            "class_metrics": {
              "1": {
                "true_positive": 215,
                "false_positive": 315,
                "false_negative": 232,
                "true_negative": 84300,
                "recall": 0.4809843400447427,
                "precision": 0.4056603773584906,
                "F1": 0.44012282497441146
              },
              "2": {
                "true_positive": 226,
                "false_positive": 304,
                "false_negative": 267,
                "true_negative": 84265,
                "recall": 0.45841784989858014,
                "precision": 0.42641509433962266,
                "F1": 0.4418377321603128
              }
            }
          },
          "0.4": {
            "mixed_classes": {
              "true_positive": 367,
              "false_positive": 163,
              "false_negative": 214,
              "true_negative": 84318,
              "recall": 0.6316695352839932,
              "precision": 0.6924528301886792,
              "F1": 0.6606660666066607
            },
            "true_bins_mixed": 581,
            "class_metrics": {
              "1": {
                "true_positive": 167,
                "false_positive": 363,
                "false_negative": 113,
                "true_negative": 84419,
                "recall": 0.5964285714285714,
                "precision": 0.3150943396226415,
                "F1": 0.4123456790123457
              },
              "2": {
                "true_positive": 200,
                "false_positive": 330,
                "false_negative": 101,
                "true_negative": 84431,
                "recall": 0.6644518272425249,
                "precision": 0.37735849056603776,
                "F1": 0.4813477737665463
              }
            }
          },
          "0.5": {
            "mixed_classes": {
              "true_positive": 246,
              "false_positive": 284,
              "false_negative": 91,
              "true_negative": 84441,
              "recall": 0.7299703264094956,
              "precision": 0.4641509433962264,
              "F1": 0.5674740484429066
            },
            "true_bins_mixed": 337,
            "class_metrics": {
              "1": {
                "true_positive": 121,
                "false_positive": 409,
                "false_negative": 60,
                "true_negative": 84472,
                "recall": 0.6685082872928176,
                "precision": 0.22830188679245284,
                "F1": 0.340365682137834
              },
              "2": {
                "true_positive": 125,
                "false_positive": 405,
                "false_negative": 31,
                "true_negative": 84501,
                "recall": 0.8012820512820513,
                "precision": 0.2358490566037736,
                "F1": 0.36443148688046645
              }
            }
          },
          "0.6": {
            "mixed_classes": {
              "true_positive": 123,
              "false_positive": 407,
              "false_negative": 24,
              "true_negative": 84508,
              "recall": 0.8367346938775511,
              "precision": 0.2320754716981132,
              "F1": 0.36336779911373707
            },
            "true_bins_mixed": 147,
            "class_metrics": {
              "1": {
                "true_positive": 82,
                "false_positive": 448,
                "false_negative": 19,
                "true_negative": 84513,
                "recall": 0.8118811881188119,
                "precision": 0.15471698113207547,
                "F1": 0.25990491283676703
              },
              "2": {
                "true_positive": 41,
                "false_positive": 489,
                "false_negative": 5,
                "true_negative": 84527,
                "recall": 0.8913043478260869,
                "precision": 0.07735849056603773,
                "F1": 0.1423611111111111
              }
            }
          }
        },
        "mixed_f1": {
          "0.3": 0.6,
          "0.4": 0.6606660666066607,
          "0.5": 0.5674740484429066,
          "0.6": 0.36336779911373707
        },
        "mSCF1": 0.5478769785408261
      },
      "first_layer_l2": {
        "selected_bins": 530,
        "threshold_results": {
          "0.3": {
            "mixed_classes": {
              "true_positive": 115,
              "false_positive": 415,
              "false_negative": 825,
              "true_negative": 83707,
              "recall": 0.12234042553191489,
              "precision": 0.2169811320754717,
              "F1": 0.1564625850340136
            },
            "true_bins_mixed": 940,
            "class_metrics": {
              "1": {
                "true_positive": 32,
                "false_positive": 498,
                "false_negative": 415,
                "true_negative": 84117,
                "recall": 0.07158836689038031,
                "precision": 0.06037735849056604,
                "F1": 0.06550665301944729
              },
              "2": {
                "true_positive": 83,
                "false_positive": 447,
                "false_negative": 410,
                "true_negative": 84122,
                "recall": 0.16835699797160245,
                "precision": 0.15660377358490565,
                "F1": 0.16226783968719452
              }
            }
          },
          "0.4": {
            "mixed_classes": {
              "true_positive": 43,
              "false_positive": 487,
              "false_negative": 538,
              "true_negative": 83994,
              "recall": 0.07401032702237521,
              "precision": 0.08113207547169811,
              "F1": 0.0774077407740774
            },
            "true_bins_mixed": 581,
            "class_metrics": {
              "1": {
                "true_positive": 4,
                "false_positive": 526,
                "false_negative": 276,
                "true_negative": 84256,
                "recall": 0.014285714285714285,
                "precision": 0.007547169811320755,
                "F1": 0.009876543209876543
              },
              "2": {
                "true_positive": 39,
                "false_positive": 491,
                "false_negative": 262,
                "true_negative": 84270,
                "recall": 0.12956810631229235,
                "precision": 0.07358490566037736,
                "F1": 0.09386281588447654
              }
            }
          },
          "0.5": {
            "mixed_classes": {
              "true_positive": 13,
              "false_positive": 517,
              "false_negative": 324,
              "true_negative": 84208,
              "recall": 0.03857566765578635,
              "precision": 0.024528301886792454,
              "F1": 0.029988465974625143
            },
            "true_bins_mixed": 337,
            "class_metrics": {
              "1": {
                "true_positive": 1,
                "false_positive": 529,
                "false_negative": 180,
                "true_negative": 84352,
                "recall": 0.0055248618784530384,
                "precision": 0.0018867924528301887,
                "F1": 0.0028129395218002813
              },
              "2": {
                "true_positive": 12,
                "false_positive": 518,
                "false_negative": 144,
                "true_negative": 84388,
                "recall": 0.07692307692307693,
                "precision": 0.022641509433962263,
                "F1": 0.03498542274052478
              }
            }
          },
          "0.6": {
            "mixed_classes": {
              "true_positive": 3,
              "false_positive": 527,
              "false_negative": 144,
              "true_negative": 84388,
              "recall": 0.02040816326530612,
              "precision": 0.005660377358490566,
              "F1": 0.008862629246676515
            },
            "true_bins_mixed": 147,
            "class_metrics": {
              "1": {
                "true_positive": 0,
                "false_positive": 530,
                "false_negative": 101,
                "true_negative": 84431,
                "recall": 0.0,
                "precision": 0.0,
                "F1": 0.0
              },
              "2": {
                "true_positive": 3,
                "false_positive": 527,
                "false_negative": 43,
                "true_negative": 84489,
                "recall": 0.06521739130434782,
                "precision": 0.005660377358490566,
                "F1": 0.010416666666666666
              }
            }
          }
        },
        "mixed_f1": {
          "0.3": 0.1564625850340136,
          "0.4": 0.0774077407740774,
          "0.5": 0.029988465974625143,
          "0.6": 0.008862629246676515
        },
        "mSCF1": 0.06818035525734817
      },
      "legacy_msipl": {
        "selected_bins": 530,
        "mixed_f1": {
          "0.3": 0.46122448979591835,
          "0.4": 0.47704770477047703,
          "0.5": 0.4244521337946944,
          "0.6": 0.25406203840472674
        },
        "mSCF1": 0.40419659169145417,
        "threshold_results": {
          "0.3": {
            "class_metrics": {
              "normal": {
                "true_positive": 176,
                "false_positive": 354,
                "false_negative": 271,
                "true_negative": 84261,
                "recall": 0.39373601789709173,
                "precision": 0.3320754716981132,
                "F1": 0.3602865916069601
              },
              "tumour": {
                "true_positive": 163,
                "false_positive": 367,
                "false_negative": 330,
                "true_negative": 84202,
                "recall": 0.3306288032454361,
                "precision": 0.30754716981132074,
                "F1": 0.31867057673509286
              }
            },
            "mixed_classes": {
              "true_positive": 339,
              "false_positive": 191,
              "false_negative": 601,
              "true_negative": 83931,
              "recall": 0.3606382978723404,
              "precision": 0.6396226415094339,
              "F1": 0.46122448979591835
            },
            "true_bins_mixed": 940
          },
          "0.4": {
            "class_metrics": {
              "normal": {
                "true_positive": 124,
                "false_positive": 406,
                "false_negative": 156,
                "true_negative": 84376,
                "recall": 0.44285714285714284,
                "precision": 0.2339622641509434,
                "F1": 0.30617283950617286
              },
              "tumour": {
                "true_positive": 141,
                "false_positive": 389,
                "false_negative": 160,
                "true_negative": 84372,
                "recall": 0.4684385382059801,
                "precision": 0.2660377358490566,
                "F1": 0.33935018050541516
              }
            },
            "mixed_classes": {
              "true_positive": 265,
              "false_positive": 265,
              "false_negative": 316,
              "true_negative": 84216,
              "recall": 0.45611015490533563,
              "precision": 0.5,
              "F1": 0.47704770477047703
            },
            "true_bins_mixed": 581
          },
          "0.5": {
            "class_metrics": {
              "normal": {
                "true_positive": 85,
                "false_positive": 445,
                "false_negative": 96,
                "true_negative": 84436,
                "recall": 0.4696132596685083,
                "precision": 0.16037735849056603,
                "F1": 0.2390998593530239
              },
              "tumour": {
                "true_positive": 99,
                "false_positive": 431,
                "false_negative": 57,
                "true_negative": 84475,
                "recall": 0.6346153846153846,
                "precision": 0.18679245283018867,
                "F1": 0.2886297376093295
              }
            },
            "mixed_classes": {
              "true_positive": 184,
              "false_positive": 346,
              "false_negative": 153,
              "true_negative": 84379,
              "recall": 0.5459940652818991,
              "precision": 0.3471698113207547,
              "F1": 0.4244521337946944
            },
            "true_bins_mixed": 337
          },
          "0.6": {
            "class_metrics": {
              "normal": {
                "true_positive": 53,
                "false_positive": 477,
                "false_negative": 48,
                "true_negative": 84484,
                "recall": 0.5247524752475248,
                "precision": 0.1,
                "F1": 0.16798732171156894
              },
              "tumour": {
                "true_positive": 33,
                "false_positive": 497,
                "false_negative": 13,
                "true_negative": 84519,
                "recall": 0.717391304347826,
                "precision": 0.062264150943396226,
                "F1": 0.11458333333333333
              }
            },
            "mixed_classes": {
              "true_positive": 86,
              "false_positive": 444,
              "false_negative": 61,
              "true_negative": 84471,
              "recall": 0.5850340136054422,
              "precision": 0.16226415094339622,
              "F1": 0.25406203840472674
            },
            "true_bins_mixed": 147
          }
        }
      }
    },
    "overlap": {
      "first_layer_l2__integrated_gradients": {
        "intersection": 54,
        "jaccard": 0.0536779324055666
      },
      "first_layer_l2__legacy_msipl": {
        "intersection": 15,
        "jaccard": 0.014354066985645933
      },
      "integrated_gradients__legacy_msipl": {
        "intersection": 303,
        "jaccard": 0.4002642007926024
      }
    }
  },
  "consolidation": {
    "method": "greedy non-maximum suppression in descending attribution order",
    "tolerance_ppm": 10.0,
    "reported_candidates_per_method": 50,
    "purpose": "interpretation and ion images only; matched mSCF1 uses raw bins"
  },
  "runtime_seconds": 16.03765674587339
}
