{"scale": 1.0, "step": 1, "training_loss": 11.475433349609375, "projection_gradient_norm": 0.002184826647862792, "pixels_with_at_least_two_neighbours": 4, "entropy_mean": 0.999957651995788, "weight_deviation_mean": 0.0014281313633546233, "weight_deviation_max": 0.0032939612865448, "score_spread_mean": 0.041153162717819214, "score_spread_max": 0.048064686357975006, "central_saturation_fraction": 0.0, "neighbour_saturation_fraction": 0.0, "mean_tanh_derivative": 0.965006411075592}
{"scale": 1.0, "step": 2, "training_loss": 11.878894805908203, "projection_gradient_norm": 0.002036522841081023, "pixels_with_at_least_two_neighbours": 4, "entropy_mean": 0.9999570935514956, "weight_deviation_mean": 0.0014375806786119938, "weight_deviation_max": 0.003317028284072876, "score_spread_mean": 0.04148618131875992, "score_spread_max": 0.04837505519390106, "central_saturation_fraction": 0.0, "neighbour_saturation_fraction": 0.0, "mean_tanh_derivative": 0.9647768139839172}
{"epoch": 1, "learning_rate": 0.001, "total_loss": 11.305263042449951, "vae_loss": 11.305263042449951, "reconstruction_loss": 11.071479797363281, "kl_loss": 0.23378315567970276, "spatial_loss": 0.0, "weighted_spatial_loss": 0.0, "spatial_loss_scale": 1.0, "spatial_pairs": 0, "poisson_effective_count": null, "poisson_central_l1": 0.0, "poisson_central_cosine": 1.0, "samples_seen": 8, "epoch_seconds": 0.006397344172000885, "samples_per_second": 1250.5189317488066}
{"epoch": 1, "learning_rate": 0.001, "total_loss": 11.025966835021972, "vae_loss": 11.025966835021972, "reconstruction_loss": 10.828365516662597, "kl_loss": 0.19760120511054993, "spatial_loss": 0.0, "weighted_spatial_loss": 0.0, "spatial_loss_scale": 1.0, "spatial_pairs": 0, "poisson_effective_count": null, "poisson_central_l1": 0.0, "poisson_central_cosine": 1.0, "samples_seen": 10, "epoch_seconds": 0.007337355054914951, "samples_per_second": 1362.8889327498835}
{"epoch": 1, "learning_rate": 0.001, "total_loss": 11.34116792678833, "vae_loss": 11.34116792678833, "reconstruction_loss": 10.90546464920044, "kl_loss": 0.435703381896019, "spatial_loss": 0.0, "weighted_spatial_loss": 0.0, "spatial_loss_scale": 1.0, "spatial_pairs": 0, "poisson_effective_count": null, "poisson_central_l1": 0.0, "poisson_central_cosine": 1.0, "samples_seen": 8, "epoch_seconds": 0.009595143143087626, "samples_per_second": 833.7551489018929}
{"epoch": 1, "learning_rate": 0.001, "total_loss": 11.083986282348633, "vae_loss": 11.083986282348633, "reconstruction_loss": 10.877989768981934, "kl_loss": 0.2059963196516037, "spatial_loss": 0.0, "weighted_spatial_loss": 0.0, "spatial_loss_scale": 1.0, "spatial_pairs": 0, "poisson_effective_count": null, "poisson_central_l1": 0.0, "poisson_central_cosine": 1.0, "samples_seen": 8, "epoch_seconds": 0.004236039239913225, "samples_per_second": 1888.5566320117184}
{"resumed_from": "/tmp/tmpc_h8fu7i/checkpoints/checkpoint_latest.pt", "completed_epochs": 1, "next_epoch": 2}
{"epoch": 2, "learning_rate": 0.00075, "total_loss": 10.995465755462646, "vae_loss": 10.995465755462646, "reconstruction_loss": 10.82277250289917, "kl_loss": 0.17269345372915268, "spatial_loss": 0.0, "weighted_spatial_loss": 0.0, "spatial_loss_scale": 1.0, "spatial_pairs": 0, "poisson_effective_count": null, "poisson_central_l1": 0.0, "poisson_central_cosine": 1.0, "samples_seen": 8, "epoch_seconds": 0.00994699215516448, "samples_per_second": 804.2632260292272}
{"saved_resume_checkpoint": "/tmp/tmpc_h8fu7i/checkpoints/checkpoint_latest.pt", "completed_epochs": 2}
{"epoch": 3, "learning_rate": 0.0002500000000000001, "total_loss": 11.244705200195312, "vae_loss": 11.244705200195312, "reconstruction_loss": 10.983675003051758, "kl_loss": 0.26102999597787857, "spatial_loss": 0.0, "weighted_spatial_loss": 0.0, "spatial_loss_scale": 1.0, "spatial_pairs": 0, "poisson_effective_count": null, "poisson_central_l1": 0.0, "poisson_central_cosine": 1.0, "samples_seen": 8, "epoch_seconds": 0.006106534972786903, "samples_per_second": 1310.0719205983612}
{"epoch": 1, "learning_rate": 0.001, "total_loss": 11.206148147583008, "vae_loss": 11.206148147583008, "reconstruction_loss": 10.898056983947754, "kl_loss": 0.30809132754802704, "spatial_loss": 0.16911951452493668, "weighted_spatial_loss": 0.0, "spatial_loss_scale": 1.0, "spatial_pairs": 6, "poisson_effective_count": null, "poisson_central_l1": 0.0, "poisson_central_cosine": 1.0, "samples_seen": 8, "epoch_seconds": 0.010689524933695793, "samples_per_second": 748.3962149507876}
{"epoch": 1, "learning_rate": 0.001, "total_loss": 11.150794982910156, "vae_loss": 11.150794982910156, "reconstruction_loss": 10.85600471496582, "kl_loss": 0.2947905659675598, "spatial_loss": 0.24996417760849, "weighted_spatial_loss": 0.0, "spatial_loss_scale": 1.0, "spatial_pairs": 16, "poisson_effective_count": 100.0, "poisson_central_l1": 0.15960150957107544, "poisson_central_cosine": 0.9836505055427551, "samples_seen": 8, "epoch_seconds": 0.006072110962122679, "samples_per_second": 1317.498980157532}
{"epoch": 1, "learning_rate": 0.001, "total_loss": 11.283178329467773, "vae_loss": 11.153921127319336, "reconstruction_loss": 10.850831985473633, "kl_loss": 0.3030886948108673, "spatial_loss": 0.21542826294898987, "weighted_spatial_loss": 0.12925695776939394, "spatial_loss_scale": 6.0, "spatial_pairs": 16, "poisson_effective_count": null, "poisson_central_l1": 0.0, "poisson_central_cosine": 1.0, "samples_seen": 8, "epoch_seconds": 0.002717318944633007, "samples_per_second": 2944.078396023716}
{
  "attribution_version": 1,
  "status": "valid_pilot",
  "dataset": "/datasets/zsuliman/msi_data/gbm_massnet/GBM108_positive.h5",
  "checkpoint": "/datasets/zsuliman/msi_checkpoints/spatial_msipl/production/GBM108_positive_seed1/uniform_mean/checkpoint.pt",
  "model_state_sha256": "daf816d220b98fa7d74b919b6a90b114bff65cecfc9f488d7fc415c403751587",
  "completed_training_epochs": 100,
  "model_configuration": {
    "spectral_dim": 85062,
    "contextual_input_dim": 170124,
    "hidden_dim": 512,
    "latent_dim": 5,
    "neighbourhood": {
      "name": "uniform_mean",
      "learnable_parameters": 0,
      "orientation_free": true
    }
  },
  "pixels": 2071,
  "spectral_bins": 85062,
  "gmm": {
    "components": 2,
    "covariance_type": "full",
    "n_init": 20,
    "seed": 1,
    "component_counts": {
      "0": 792,
      "1": 1279
    },
    "differentiable_posterior_max_absolute_difference": 7.152557373046875e-07,
    "label_note": "component numbers are arbitrary and were not fitted to the expert mask"
  },
  "integrated_gradients": {
    "baseline": "section-wide mean TIC-normalised spectrum for centre and every valid neighbour",
    "baseline_reason": "a physically plausible in-distribution reference; missing neighbour slots remain zero and masked",
    "target": "posterior of the pixel's assigned GMM component",
    "steps": 64,
    "integration": "trapezoidal rule including both endpoints",
    "attribution_pixels_per_component": 12,
    "central_context_combination": "per-bin |central IG| + sum over valid neighbour slots of |neighbour IG|",
    "sampling_seed": 2,
    "selection_seed": 702,
    "completeness": {
      "passed": true,
      "median_absolute_residual": 0.0004118978977203369,
      "maximum_absolute_residual": 0.002316296100616455,
      "median_normalized_residual": 0.0007937311077718036,
      "percentile_95_normalized_residual": 0.0034933147405854653
    },
    "per_pixel_diagnostics": [
      {
        "input_score": 1.0,
        "baseline_score": 0.3949805498123169,
        "score_delta": 0.6050194501876831,
        "attribution_sum": 0.603943407535553,
        "completeness_residual": 0.001076042652130127,
        "pixel_index": 122,
        "x": 44,
        "y": 5,
        "component": 0,
        "assigned_posterior": 1.0
      },
      {
        "input_score": 1.0,
        "baseline_score": 0.3949805498123169,
        "score_delta": 0.6050194501876831,
        "attribution_sum": 0.6058574914932251,
        "completeness_residual": -0.0008380413055419922,
        "pixel_index": 256,
        "x": 43,
        "y": 8,
        "component": 0,
        "assigned_posterior": 1.0
      },
      {
        "input_score": 0.9999982118606567,
        "baseline_score": 0.3949805498123169,
        "score_delta": 0.6050176620483398,
        "attribution_sum": 0.6043941974639893,
        "completeness_residual": 0.0006234645843505859,
        "pixel_index": 263,
        "x": 50,
        "y": 8,
        "component": 0,
        "assigned_posterior": 0.999998152256012
      },
      {
        "input_score": 1.0,
        "baseline_score": 0.3949805498123169,
        "score_delta": 0.6050194501876831,
        "attribution_sum": 0.6073357462882996,
        "completeness_residual": -0.002316296100616455,
        "pixel_index": 420,
        "x": 46,
        "y": 11,
        "component": 0,
        "assigned_posterior": 1.0
      },
      {
        "input_score": 0.9998681545257568,
        "baseline_score": 0.3949805498123169,
        "score_delta": 0.6048876047134399,
        "attribution_sum": 0.6050870418548584,
        "completeness_residual": -0.00019943714141845703,
        "pixel_index": 622,
        "x": 64,
        "y": 14,
        "component": 0,
        "assigned_posterior": 0.9998683929443359
      },
      {
        "input_score": 1.0,
        "baseline_score": 0.3949805498123169,
        "score_delta": 0.6050194501876831,
        "attribution_sum": 0.6064539551734924,
        "completeness_residual": -0.0014345049858093262,
        "pixel_index": 865,
        "x": 45,
        "y": 18,
        "component": 0,
        "assigned_posterior": 1.0
      },
      {
        "input_score": 1.0,
        "baseline_score": 0.3949805498123169,
        "score_delta": 0.6050194501876831,
        "attribution_sum": 0.6046246290206909,
        "completeness_residual": 0.0003948211669921875,
        "pixel_index": 935,
        "x": 47,
        "y": 19,
        "component": 0,
        "assigned_posterior": 1.0
      },
      {
        "input_score": 0.9999994039535522,
        "baseline_score": 0.3949805498123169,
        "score_delta": 0.6050188541412354,
        "attribution_sum": 0.6050378084182739,
        "completeness_residual": -1.895427703857422e-05,
        "pixel_index": 1063,
        "x": 38,
        "y": 21,
        "component": 0,
        "assigned_posterior": 0.9999995231628418
      },
      {
        "input_score": 1.0,
        "baseline_score": 0.3949805498123169,
        "score_delta": 0.6050194501876831,
        "attribution_sum": 0.6054071187973022,
        "completeness_residual": -0.0003876686096191406,
        "pixel_index": 1300,
        "x": 68,
        "y": 24,
        "component": 0,
        "assigned_posterior": 1.0
      },
      {
        "input_score": 0.9073041081428528,
        "baseline_score": 0.3949805498123169,
        "score_delta": 0.5123235583305359,
        "attribution_sum": 0.5123571157455444,
        "completeness_residual": -3.355741500854492e-05,
        "pixel_index": 1412,
        "x": 42,
        "y": 26,
        "component": 0,
        "assigned_posterior": 0.9073041081428528
      },
      {
        "input_score": 0.9999799728393555,
        "baseline_score": 0.3949805498123169,
        "score_delta": 0.6049994230270386,
        "attribution_sum": 0.6047133803367615,
        "completeness_residual": 0.0002860426902770996,
        "pixel_index": 1779,
        "x": 64,
        "y": 31,
        "component": 0,
        "assigned_posterior": 0.9999799728393555
      },
      {
        "input_score": 0.9994070529937744,
        "baseline_score": 0.3949805498123169,
        "score_delta": 0.6044265031814575,
        "attribution_sum": 0.603997528553009,
        "completeness_residual": 0.00042897462844848633,
        "pixel_index": 1851,
        "x": 68,
        "y": 32,
        "component": 0,
        "assigned_posterior": 0.9994069933891296
      },
      {
        "input_score": 0.9862803220748901,
        "baseline_score": 0.6050194501876831,
        "score_delta": 0.38126087188720703,
        "attribution_sum": 0.381380558013916,
        "completeness_residual": -0.00011968612670898438,
        "pixel_index": 270,
        "x": 57,
        "y": 8,
        "component": 1,
        "assigned_posterior": 0.9862805008888245
      },
      {
        "input_score": 1.0,
        "baseline_score": 0.6050194501876831,
        "score_delta": 0.3949805498123169,
        "attribution_sum": 0.39561542868614197,
        "completeness_residual": -0.0006348788738250732,
        "pixel_index": 506,
        "x": 11,
        "y": 13,
        "component": 1,
        "assigned_posterior": 1.0
      },
      {
        "input_score": 1.0,
        "baseline_score": 0.6050194501876831,
        "score_delta": 0.3949805498123169,
        "attribution_sum": 0.3952064514160156,
        "completeness_residual": -0.00022590160369873047,
        "pixel_index": 760,
        "x": 8,
        "y": 17,
        "component": 1,
        "assigned_posterior": 1.0
      },
      {
        "input_score": 0.9898300766944885,
        "baseline_score": 0.6050194501876831,
        "score_delta": 0.3848106265068054,
        "attribution_sum": 0.3849574327468872,
        "completeness_residual": -0.0001468062400817871,
        "pixel_index": 1318,
        "x": 17,
        "y": 25,
        "component": 1,
        "assigned_posterior": 0.9898301362991333
      },
      {
        "input_score": 0.9999994039535522,
        "baseline_score": 0.6050194501876831,
        "score_delta": 0.39497995376586914,
        "attribution_sum": 0.3947528004646301,
        "completeness_residual": 0.00022715330123901367,
        "pixel_index": 1421,
        "x": 51,
        "y": 26,
        "component": 1,
        "assigned_posterior": 0.9999995231628418
      },
      {
        "input_score": 1.0,
        "baseline_score": 0.6050194501876831,
        "score_delta": 0.3949805498123169,
        "attribution_sum": 0.39532724022865295,
        "completeness_residual": -0.00034669041633605957,
        "pixel_index": 1447,
        "x": 8,
        "y": 27,
        "component": 1,
        "assigned_posterior": 1.0
      },
      {
        "input_score": 0.999995231628418,
        "baseline_score": 0.6050194501876831,
        "score_delta": 0.39497578144073486,
        "attribution_sum": 0.3954809606075287,
        "completeness_residual": -0.0005051791667938232,
        "pixel_index": 1495,
        "x": 56,
        "y": 27,
        "component": 1,
        "assigned_posterior": 0.999995231628418
      },
      {
        "input_score": 1.0,
        "baseline_score": 0.6050194501876831,
        "score_delta": 0.3949805498123169,
        "attribution_sum": 0.3957056999206543,
        "completeness_residual": -0.0007251501083374023,
        "pixel_index": 1520,
        "x": 12,
        "y": 28,
        "component": 1,
        "assigned_posterior": 1.0
      },
      {
        "input_score": 0.9999997615814209,
        "baseline_score": 0.6050194501876831,
        "score_delta": 0.3949803113937378,
        "attribution_sum": 0.39445486664772034,
        "completeness_residual": 0.0005254447460174561,
        "pixel_index": 1527,
        "x": 19,
        "y": 28,
        "component": 1,
        "assigned_posterior": 1.0
      },
      {
        "input_score": 1.0,
        "baseline_score": 0.6050194501876831,
        "score_delta": 0.3949805498123169,
        "attribution_sum": 0.39471107721328735,
        "completeness_residual": 0.000269472599029541,
        "pixel_index": 1586,
        "x": 9,
        "y": 29,
        "component": 1,
        "assigned_posterior": 1.0
      },
      {
        "input_score": 1.0,
        "baseline_score": 0.6050194501876831,
        "score_delta": 0.3949805498123169,
        "attribution_sum": 0.3935225307941437,
        "completeness_residual": 0.0014580190181732178,
        "pixel_index": 1858,
        "x": 7,
        "y": 33,
        "component": 1,
        "assigned_posterior": 1.0
      },
      {
        "input_score": 0.9892183542251587,
        "baseline_score": 0.6050194501876831,
        "score_delta": 0.3841989040374756,
        "attribution_sum": 0.3836851119995117,
        "completeness_residual": 0.0005137920379638672,
        "pixel_index": 1903,
        "x": 52,
        "y": 33,
        "component": 1,
        "assigned_posterior": 0.9892181158065796
      }
    ]
  },
  "first_layer_comparator": {
    "method": "L2 norm over hidden units for the central and aggregated-context halves of encoder_dense",
    "combination": "central L2 + context L2",
    "interpretation": "linear comparator only; not the primary nonlinear explanation"
  },
  "faithfulness": {
    "held_out_from_attribution": true,
    "pixels_per_component": 32,
    "replacement": "selected bins in centre and all valid neighbours are replaced by section-mean values without renormalising other bins",
    "budgets": [
      32,
      128,
      512
    ],
    "random_repeats": 10,
    "seed": 1702,
    "records": [
      {
        "component": 0,
        "removed_bins": 32,
        "pixels": 32,
        "integrated_gradients_mean_posterior_drop": 0.050889305770397186,
        "first_layer_l2_mean_posterior_drop": -0.0005793198943138123,
        "random_mean_posterior_drop": 5.1160714065190405e-05,
        "random_standard_deviation": 0.0004364550404716283
      },
      {
        "component": 0,
        "removed_bins": 128,
        "pixels": 32,
        "integrated_gradients_mean_posterior_drop": 0.09770186990499496,
        "first_layer_l2_mean_posterior_drop": -0.0024489350616931915,
        "random_mean_posterior_drop": 0.00037640947266481817,
        "random_standard_deviation": 0.001899530878290534
      },
      {
        "component": 0,
        "removed_bins": 512,
        "pixels": 32,
        "integrated_gradients_mean_posterior_drop": 0.3345680832862854,
        "first_layer_l2_mean_posterior_drop": 0.010222953744232655,
        "random_mean_posterior_drop": 0.00030701124342158437,
        "random_standard_deviation": 0.006029236596077681
      },
      {
        "component": 1,
        "removed_bins": 32,
        "pixels": 32,
        "integrated_gradients_mean_posterior_drop": -0.00035432539880275726,
        "first_layer_l2_mean_posterior_drop": 0.0003131236881017685,
        "random_mean_posterior_drop": 1.7177686459035613e-05,
        "random_standard_deviation": 0.00018460889987181872
      },
      {
        "component": 1,
        "removed_bins": 128,
        "pixels": 32,
        "integrated_gradients_mean_posterior_drop": 0.015782294794917107,
        "first_layer_l2_mean_posterior_drop": 0.0019365902990102768,
        "random_mean_posterior_drop": 5.1279737817822024e-05,
        "random_standard_deviation": 0.00027950076037086546
      },
      {
        "component": 1,
        "removed_bins": 512,
        "pixels": 32,
        "integrated_gradients_mean_posterior_drop": 0.09051549434661865,
        "first_layer_l2_mean_posterior_drop": 0.007033802568912506,
        "random_mean_posterior_drop": 3.225002365070395e-05,
        "random_standard_deviation": 0.0007048379629850388
      }
    ]
  },
  "runtime_seconds": 453.849934801925
}
{
  "evaluation_version": 1,
  "status": "complete",
  "dataset": "GBM108_positive",
  "scope": "development-section attribution and matched-count peak evaluation",
  "pixels": 2071,
  "spectral_bins": 85062,
  "cluster_mapping": {
    "component_to_analysis_label": {
      "0": 1,
      "1": 0
    },
    "analysis_label_names": {
      "0": "normal",
      "1": "tumour"
    },
    "confusion_rows_components_columns_labels": [
      [
        49,
        743
      ],
      [
        1124,
        155
      ]
    ],
    "accuracy": 0.9014968614196041,
    "balanced_accuracy": 0.8928104891612886,
    "adjusted_rand_index": 0.6442926307511928,
    "normalized_mutual_information": 0.5446142911965355,
    "mapping_use": "evaluation and display only; expert labels did not fit the GMM or rank peaks"
  },
  "matched_peak_evaluation": {
    "count": 530,
    "selection": {
      "integrated_gradients": "deterministic component-balanced round robin over combined absolute IG rankings",
      "first_layer_l2": "descending combined central-plus-context first-layer L2",
      "legacy_msipl": "existing LearnPeaks output"
    },
    "pcc_thresholds": [
      0.3,
      0.4,
      0.5,
      0.6
    ],
    "methods": {
      "integrated_gradients": {
        "selected_bins": 530,
        "threshold_results": {
          "0.3": {
            "mixed_classes": {
              "true_positive": 425,
              "false_positive": 105,
              "false_negative": 515,
              "true_negative": 84017,
              "recall": 0.4521276595744681,
              "precision": 0.8018867924528302,
              "F1": 0.5782312925170068
            },
            "true_bins_mixed": 940,
            "class_metrics": {
              "1": {
                "true_positive": 202,
                "false_positive": 328,
                "false_negative": 245,
                "true_negative": 84287,
                "recall": 0.4519015659955257,
                "precision": 0.38113207547169814,
                "F1": 0.413510747185261
              },
              "2": {
                "true_positive": 223,
                "false_positive": 307,
                "false_negative": 270,
                "true_negative": 84262,
                "recall": 0.45233265720081134,
                "precision": 0.4207547169811321,
                "F1": 0.4359726295210166
              }
            }
          },
          "0.4": {
            "mixed_classes": {
              "true_positive": 346,
              "false_positive": 184,
              "false_negative": 235,
              "true_negative": 84297,
              "recall": 0.5955249569707401,
              "precision": 0.6528301886792452,
              "F1": 0.6228622862286228
            },
            "true_bins_mixed": 581,
            "class_metrics": {
              "1": {
                "true_positive": 152,
                "false_positive": 378,
                "false_negative": 128,
                "true_negative": 84404,
                "recall": 0.5428571428571428,
                "precision": 0.28679245283018867,
                "F1": 0.37530864197530867
              },
              "2": {
                "true_positive": 194,
                "false_positive": 336,
                "false_negative": 107,
                "true_negative": 84425,
                "recall": 0.6445182724252492,
                "precision": 0.3660377358490566,
                "F1": 0.46690734055354993
              }
            }
          },
          "0.5": {
            "mixed_classes": {
              "true_positive": 227,
              "false_positive": 303,
              "false_negative": 110,
              "true_negative": 84422,
              "recall": 0.6735905044510386,
              "precision": 0.42830188679245285,
              "F1": 0.5236447520184544
            },
            "true_bins_mixed": 337,
            "class_metrics": {
              "1": {
                "true_positive": 108,
                "false_positive": 422,
                "false_negative": 73,
                "true_negative": 84459,
                "recall": 0.5966850828729282,
                "precision": 0.2037735849056604,
                "F1": 0.3037974683544304
              },
              "2": {
                "true_positive": 119,
                "false_positive": 411,
                "false_negative": 37,
                "true_negative": 84495,
                "recall": 0.7628205128205128,
                "precision": 0.22452830188679246,
                "F1": 0.3469387755102041
              }
            }
          },
          "0.6": {
            "mixed_classes": {
              "true_positive": 116,
              "false_positive": 414,
              "false_negative": 31,
              "true_negative": 84501,
              "recall": 0.7891156462585034,
              "precision": 0.2188679245283019,
              "F1": 0.34268833087149186
            },
            "true_bins_mixed": 147,
            "class_metrics": {
              "1": {
                "true_positive": 76,
                "false_positive": 454,
                "false_negative": 25,
                "true_negative": 84507,
                "recall": 0.7524752475247525,
                "precision": 0.14339622641509434,
                "F1": 0.24088748019017434
              },
              "2": {
                "true_positive": 40,
                "false_positive": 490,
                "false_negative": 6,
                "true_negative": 84526,
                "recall": 0.8695652173913043,
                "precision": 0.07547169811320754,
                "F1": 0.1388888888888889
              }
            }
          }
        },
        "mixed_f1": {
          "0.3": 0.5782312925170068,
          "0.4": 0.6228622862286228,
          "0.5": 0.5236447520184544,
          "0.6": 0.34268833087149186
        },
        "mSCF1": 0.516856665408894
      },
      "first_layer_l2": {
        "selected_bins": 530,
        "threshold_results": {
          "0.3": {
            "mixed_classes": {
              "true_positive": 115,
              "false_positive": 415,
              "false_negative": 825,
              "true_negative": 83707,
              "recall": 0.12234042553191489,
              "precision": 0.2169811320754717,
              "F1": 0.1564625850340136
            },
            "true_bins_mixed": 940,
            "class_metrics": {
              "1": {
                "true_positive": 32,
                "false_positive": 498,
                "false_negative": 415,
                "true_negative": 84117,
                "recall": 0.07158836689038031,
                "precision": 0.06037735849056604,
                "F1": 0.06550665301944729
              },
              "2": {
                "true_positive": 83,
                "false_positive": 447,
                "false_negative": 410,
                "true_negative": 84122,
                "recall": 0.16835699797160245,
                "precision": 0.15660377358490565,
                "F1": 0.16226783968719452
              }
            }
          },
          "0.4": {
            "mixed_classes": {
              "true_positive": 43,
              "false_positive": 487,
              "false_negative": 538,
              "true_negative": 83994,
              "recall": 0.07401032702237521,
              "precision": 0.08113207547169811,
              "F1": 0.0774077407740774
            },
            "true_bins_mixed": 581,
            "class_metrics": {
              "1": {
                "true_positive": 4,
                "false_positive": 526,
                "false_negative": 276,
                "true_negative": 84256,
                "recall": 0.014285714285714285,
                "precision": 0.007547169811320755,
                "F1": 0.009876543209876543
              },
              "2": {
                "true_positive": 39,
                "false_positive": 491,
                "false_negative": 262,
                "true_negative": 84270,
                "recall": 0.12956810631229235,
                "precision": 0.07358490566037736,
                "F1": 0.09386281588447654
              }
            }
          },
          "0.5": {
            "mixed_classes": {
              "true_positive": 13,
              "false_positive": 517,
              "false_negative": 324,
              "true_negative": 84208,
              "recall": 0.03857566765578635,
              "precision": 0.024528301886792454,
              "F1": 0.029988465974625143
            },
            "true_bins_mixed": 337,
            "class_metrics": {
              "1": {
                "true_positive": 1,
                "false_positive": 529,
                "false_negative": 180,
                "true_negative": 84352,
                "recall": 0.0055248618784530384,
                "precision": 0.0018867924528301887,
                "F1": 0.0028129395218002813
              },
              "2": {
                "true_positive": 12,
                "false_positive": 518,
                "false_negative": 144,
                "true_negative": 84388,
                "recall": 0.07692307692307693,
                "precision": 0.022641509433962263,
                "F1": 0.03498542274052478
              }
            }
          },
          "0.6": {
            "mixed_classes": {
              "true_positive": 3,
              "false_positive": 527,
              "false_negative": 144,
              "true_negative": 84388,
              "recall": 0.02040816326530612,
              "precision": 0.005660377358490566,
              "F1": 0.008862629246676515
            },
            "true_bins_mixed": 147,
            "class_metrics": {
              "1": {
                "true_positive": 0,
                "false_positive": 530,
                "false_negative": 101,
                "true_negative": 84431,
                "recall": 0.0,
                "precision": 0.0,
                "F1": 0.0
              },
              "2": {
                "true_positive": 3,
                "false_positive": 527,
                "false_negative": 43,
                "true_negative": 84489,
                "recall": 0.06521739130434782,
                "precision": 0.005660377358490566,
                "F1": 0.010416666666666666
              }
            }
          }
        },
        "mixed_f1": {
          "0.3": 0.1564625850340136,
          "0.4": 0.0774077407740774,
          "0.5": 0.029988465974625143,
          "0.6": 0.008862629246676515
        },
        "mSCF1": 0.06818035525734817
      },
      "legacy_msipl": {
        "selected_bins": 530,
        "mixed_f1": {
          "0.3": 0.46122448979591835,
          "0.4": 0.47704770477047703,
          "0.5": 0.4244521337946944,
          "0.6": 0.25406203840472674
        },
        "mSCF1": 0.40419659169145417,
        "threshold_results": {
          "0.3": {
            "class_metrics": {
              "normal": {
                "true_positive": 176,
                "false_positive": 354,
                "false_negative": 271,
                "true_negative": 84261,
                "recall": 0.39373601789709173,
                "precision": 0.3320754716981132,
                "F1": 0.3602865916069601
              },
              "tumour": {
                "true_positive": 163,
                "false_positive": 367,
                "false_negative": 330,
                "true_negative": 84202,
                "recall": 0.3306288032454361,
                "precision": 0.30754716981132074,
                "F1": 0.31867057673509286
              }
            },
            "mixed_classes": {
              "true_positive": 339,
              "false_positive": 191,
              "false_negative": 601,
              "true_negative": 83931,
              "recall": 0.3606382978723404,
              "precision": 0.6396226415094339,
              "F1": 0.46122448979591835
            },
            "true_bins_mixed": 940
          },
          "0.4": {
            "class_metrics": {
              "normal": {
                "true_positive": 124,
                "false_positive": 406,
                "false_negative": 156,
                "true_negative": 84376,
                "recall": 0.44285714285714284,
                "precision": 0.2339622641509434,
                "F1": 0.30617283950617286
              },
              "tumour": {
                "true_positive": 141,
                "false_positive": 389,
                "false_negative": 160,
                "true_negative": 84372,
                "recall": 0.4684385382059801,
                "precision": 0.2660377358490566,
                "F1": 0.33935018050541516
              }
            },
            "mixed_classes": {
              "true_positive": 265,
              "false_positive": 265,
              "false_negative": 316,
              "true_negative": 84216,
              "recall": 0.45611015490533563,
              "precision": 0.5,
              "F1": 0.47704770477047703
            },
            "true_bins_mixed": 581
          },
          "0.5": {
            "class_metrics": {
              "normal": {
                "true_positive": 85,
                "false_positive": 445,
                "false_negative": 96,
                "true_negative": 84436,
                "recall": 0.4696132596685083,
                "precision": 0.16037735849056603,
                "F1": 0.2390998593530239
              },
              "tumour": {
                "true_positive": 99,
                "false_positive": 431,
                "false_negative": 57,
                "true_negative": 84475,
                "recall": 0.6346153846153846,
                "precision": 0.18679245283018867,
                "F1": 0.2886297376093295
              }
            },
            "mixed_classes": {
              "true_positive": 184,
              "false_positive": 346,
              "false_negative": 153,
              "true_negative": 84379,
              "recall": 0.5459940652818991,
              "precision": 0.3471698113207547,
              "F1": 0.4244521337946944
            },
            "true_bins_mixed": 337
          },
          "0.6": {
            "class_metrics": {
              "normal": {
                "true_positive": 53,
                "false_positive": 477,
                "false_negative": 48,
                "true_negative": 84484,
                "recall": 0.5247524752475248,
                "precision": 0.1,
                "F1": 0.16798732171156894
              },
              "tumour": {
                "true_positive": 33,
                "false_positive": 497,
                "false_negative": 13,
                "true_negative": 84519,
                "recall": 0.717391304347826,
                "precision": 0.062264150943396226,
                "F1": 0.11458333333333333
              }
            },
            "mixed_classes": {
              "true_positive": 86,
              "false_positive": 444,
              "false_negative": 61,
              "true_negative": 84471,
              "recall": 0.5850340136054422,
              "precision": 0.16226415094339622,
              "F1": 0.25406203840472674
            },
            "true_bins_mixed": 147
          }
        }
      }
    },
    "overlap": {
      "first_layer_l2__integrated_gradients": {
        "intersection": 55,
        "jaccard": 0.05472636815920398
      },
      "first_layer_l2__legacy_msipl": {
        "intersection": 15,
        "jaccard": 0.014354066985645933
      },
      "integrated_gradients__legacy_msipl": {
        "intersection": 302,
        "jaccard": 0.39841688654353563
      }
    }
  },
  "consolidation": {
    "method": "greedy non-maximum suppression in descending attribution order",
    "tolerance_ppm": 10.0,
    "reported_candidates_per_method": 50,
    "purpose": "interpretation and ion images only; matched mSCF1 uses raw bins"
  },
  "runtime_seconds": 14.932793788146228
}
