{"scale": 1.0, "step": 1, "training_loss": 11.475433349609375, "projection_gradient_norm": 0.002184826647862792, "pixels_with_at_least_two_neighbours": 4, "entropy_mean": 0.999957651995788, "weight_deviation_mean": 0.0014281313633546233, "weight_deviation_max": 0.0032939612865448, "score_spread_mean": 0.041153162717819214, "score_spread_max": 0.048064686357975006, "central_saturation_fraction": 0.0, "neighbour_saturation_fraction": 0.0, "mean_tanh_derivative": 0.965006411075592}
{"scale": 1.0, "step": 2, "training_loss": 11.878894805908203, "projection_gradient_norm": 0.002036522841081023, "pixels_with_at_least_two_neighbours": 4, "entropy_mean": 0.9999570935514956, "weight_deviation_mean": 0.0014375806786119938, "weight_deviation_max": 0.003317028284072876, "score_spread_mean": 0.04148618131875992, "score_spread_max": 0.04837505519390106, "central_saturation_fraction": 0.0, "neighbour_saturation_fraction": 0.0, "mean_tanh_derivative": 0.9647768139839172}
{"epoch": 1, "learning_rate": 0.001, "total_loss": 11.305263042449951, "vae_loss": 11.305263042449951, "reconstruction_loss": 11.071479797363281, "kl_loss": 0.23378315567970276, "spatial_loss": 0.0, "weighted_spatial_loss": 0.0, "spatial_loss_scale": 1.0, "spatial_pairs": 0, "poisson_effective_count": null, "poisson_central_l1": 0.0, "poisson_central_cosine": 1.0, "samples_seen": 8, "epoch_seconds": 0.007065839134156704, "samples_per_second": 1132.2080574021993}
{"epoch": 1, "learning_rate": 0.001, "total_loss": 11.025966835021972, "vae_loss": 11.025966835021972, "reconstruction_loss": 10.828365516662597, "kl_loss": 0.19760120511054993, "spatial_loss": 0.0, "weighted_spatial_loss": 0.0, "spatial_loss_scale": 1.0, "spatial_pairs": 0, "poisson_effective_count": null, "poisson_central_l1": 0.0, "poisson_central_cosine": 1.0, "samples_seen": 10, "epoch_seconds": 0.006779272109270096, "samples_per_second": 1475.0846165808605}
{"epoch": 1, "learning_rate": 0.001, "total_loss": 11.34116792678833, "vae_loss": 11.34116792678833, "reconstruction_loss": 10.90546464920044, "kl_loss": 0.435703381896019, "spatial_loss": 0.0, "weighted_spatial_loss": 0.0, "spatial_loss_scale": 1.0, "spatial_pairs": 0, "poisson_effective_count": null, "poisson_central_l1": 0.0, "poisson_central_cosine": 1.0, "samples_seen": 8, "epoch_seconds": 0.003589509055018425, "samples_per_second": 2228.7170410714944}
{"epoch": 1, "learning_rate": 0.001, "total_loss": 11.083986282348633, "vae_loss": 11.083986282348633, "reconstruction_loss": 10.877989768981934, "kl_loss": 0.2059963196516037, "spatial_loss": 0.0, "weighted_spatial_loss": 0.0, "spatial_loss_scale": 1.0, "spatial_pairs": 0, "poisson_effective_count": null, "poisson_central_l1": 0.0, "poisson_central_cosine": 1.0, "samples_seen": 8, "epoch_seconds": 0.0036131064407527447, "samples_per_second": 2214.161174375284}
{"resumed_from": "/tmp/tmp45uv00rs/checkpoints/checkpoint_latest.pt", "completed_epochs": 1, "next_epoch": 2}
{"epoch": 2, "learning_rate": 0.00075, "total_loss": 10.995465755462646, "vae_loss": 10.995465755462646, "reconstruction_loss": 10.82277250289917, "kl_loss": 0.17269345372915268, "spatial_loss": 0.0, "weighted_spatial_loss": 0.0, "spatial_loss_scale": 1.0, "spatial_pairs": 0, "poisson_effective_count": null, "poisson_central_l1": 0.0, "poisson_central_cosine": 1.0, "samples_seen": 8, "epoch_seconds": 0.0100829997099936, "samples_per_second": 793.4146811559392}
{"saved_resume_checkpoint": "/tmp/tmp45uv00rs/checkpoints/checkpoint_latest.pt", "completed_epochs": 2}
{"epoch": 3, "learning_rate": 0.0002500000000000001, "total_loss": 11.244705200195312, "vae_loss": 11.244705200195312, "reconstruction_loss": 10.983675003051758, "kl_loss": 0.26102999597787857, "spatial_loss": 0.0, "weighted_spatial_loss": 0.0, "spatial_loss_scale": 1.0, "spatial_pairs": 0, "poisson_effective_count": null, "poisson_central_l1": 0.0, "poisson_central_cosine": 1.0, "samples_seen": 8, "epoch_seconds": 0.00664170179516077, "samples_per_second": 1204.510567732641}
{"epoch": 1, "learning_rate": 0.001, "total_loss": 11.206148147583008, "vae_loss": 11.206148147583008, "reconstruction_loss": 10.898056983947754, "kl_loss": 0.30809132754802704, "spatial_loss": 0.16911951452493668, "weighted_spatial_loss": 0.0, "spatial_loss_scale": 1.0, "spatial_pairs": 6, "poisson_effective_count": null, "poisson_central_l1": 0.0, "poisson_central_cosine": 1.0, "samples_seen": 8, "epoch_seconds": 0.00525551475584507, "samples_per_second": 1522.2105486627306}
{"epoch": 1, "learning_rate": 0.001, "total_loss": 11.150794982910156, "vae_loss": 11.150794982910156, "reconstruction_loss": 10.85600471496582, "kl_loss": 0.2947905659675598, "spatial_loss": 0.24996417760849, "weighted_spatial_loss": 0.0, "spatial_loss_scale": 1.0, "spatial_pairs": 16, "poisson_effective_count": 100.0, "poisson_central_l1": 0.15960150957107544, "poisson_central_cosine": 0.9836505055427551, "samples_seen": 8, "epoch_seconds": 0.002712185960263014, "samples_per_second": 2949.650251572057}
{"epoch": 1, "learning_rate": 0.001, "total_loss": 11.283178329467773, "vae_loss": 11.153921127319336, "reconstruction_loss": 10.850831985473633, "kl_loss": 0.3030886948108673, "spatial_loss": 0.21542826294898987, "weighted_spatial_loss": 0.12925695776939394, "spatial_loss_scale": 6.0, "spatial_pairs": 16, "poisson_effective_count": null, "poisson_central_l1": 0.0, "poisson_central_cosine": 1.0, "samples_seen": 8, "epoch_seconds": 0.002405047882348299, "samples_per_second": 3326.337100693715}
{
  "attribution_version": 1,
  "status": "valid_pilot",
  "dataset": "/datasets/zsuliman/msi_data/gbm_massnet/GBM108_positive.h5",
  "checkpoint": "/datasets/zsuliman/msi_checkpoints/spatial_msipl/production/GBM108_positive_seed1/uniform_mean/checkpoint.pt",
  "model_state_sha256": "daf816d220b98fa7d74b919b6a90b114bff65cecfc9f488d7fc415c403751587",
  "completed_training_epochs": 100,
  "model_configuration": {
    "spectral_dim": 85062,
    "contextual_input_dim": 170124,
    "hidden_dim": 512,
    "latent_dim": 5,
    "neighbourhood": {
      "name": "uniform_mean",
      "learnable_parameters": 0,
      "orientation_free": true
    }
  },
  "pixels": 2071,
  "spectral_bins": 85062,
  "gmm": {
    "components": 2,
    "covariance_type": "full",
    "n_init": 20,
    "seed": 1,
    "component_counts": {
      "0": 792,
      "1": 1279
    },
    "differentiable_posterior_max_absolute_difference": 7.152557373046875e-07,
    "label_note": "component numbers are arbitrary and were not fitted to the expert mask"
  },
  "integrated_gradients": {
    "baseline": "section-wide mean TIC-normalised spectrum for centre and every valid neighbour",
    "baseline_reason": "a physically plausible in-distribution reference; missing neighbour slots remain zero and masked",
    "target": "posterior of the pixel's assigned GMM component",
    "steps": 64,
    "integration": "trapezoidal rule including both endpoints",
    "attribution_pixels_per_component": 12,
    "central_context_combination": "per-bin |central IG| + sum over valid neighbour slots of |neighbour IG|",
    "sampling_seed": 4,
    "selection_seed": 704,
    "completeness": {
      "passed": true,
      "median_absolute_residual": 0.00034418702125549316,
      "maximum_absolute_residual": 0.003435850143432617,
      "median_normalized_residual": 0.000681273711723687,
      "percentile_95_normalized_residual": 0.004239286263833441
    },
    "per_pixel_diagnostics": [
      {
        "input_score": 0.7322396636009216,
        "baseline_score": 0.3949805498123169,
        "score_delta": 0.33725911378860474,
        "attribution_sum": 0.3377191424369812,
        "completeness_residual": -0.00046002864837646484,
        "pixel_index": 158,
        "x": 38,
        "y": 6,
        "component": 0,
        "assigned_posterior": 0.7322396039962769
      },
      {
        "input_score": 0.9999302625656128,
        "baseline_score": 0.3949805498123169,
        "score_delta": 0.6049497127532959,
        "attribution_sum": 0.6045436859130859,
        "completeness_residual": 0.00040602684020996094,
        "pixel_index": 372,
        "x": 56,
        "y": 10,
        "component": 0,
        "assigned_posterior": 0.9999303817749023
      },
      {
        "input_score": 0.999997615814209,
        "baseline_score": 0.3949805498123169,
        "score_delta": 0.6050170660018921,
        "attribution_sum": 0.6046642661094666,
        "completeness_residual": 0.0003527998924255371,
        "pixel_index": 429,
        "x": 55,
        "y": 11,
        "component": 0,
        "assigned_posterior": 0.9999976754188538
      },
      {
        "input_score": 0.9999995231628418,
        "baseline_score": 0.3949805498123169,
        "score_delta": 0.6050189733505249,
        "attribution_sum": 0.6047045588493347,
        "completeness_residual": 0.00031441450119018555,
        "pixel_index": 557,
        "x": 62,
        "y": 13,
        "component": 0,
        "assigned_posterior": 1.0
      },
      {
        "input_score": 0.9999674558639526,
        "baseline_score": 0.3949805498123169,
        "score_delta": 0.6049869060516357,
        "attribution_sum": 0.6047348976135254,
        "completeness_residual": 0.00025200843811035156,
        "pixel_index": 592,
        "x": 34,
        "y": 14,
        "component": 0,
        "assigned_posterior": 0.9999675154685974
      },
      {
        "input_score": 1.0,
        "baseline_score": 0.3949805498123169,
        "score_delta": 0.6050194501876831,
        "attribution_sum": 0.6039677858352661,
        "completeness_residual": 0.0010516643524169922,
        "pixel_index": 613,
        "x": 55,
        "y": 14,
        "component": 0,
        "assigned_posterior": 1.0
      },
      {
        "input_score": 0.9973944425582886,
        "baseline_score": 0.3949805498123169,
        "score_delta": 0.6024138927459717,
        "attribution_sum": 0.6018912196159363,
        "completeness_residual": 0.0005226731300354004,
        "pixel_index": 625,
        "x": 67,
        "y": 14,
        "component": 0,
        "assigned_posterior": 0.9973945617675781
      },
      {
        "input_score": 0.9999995231628418,
        "baseline_score": 0.3949805498123169,
        "score_delta": 0.6050189733505249,
        "attribution_sum": 0.6049218773841858,
        "completeness_residual": 9.709596633911133e-05,
        "pixel_index": 674,
        "x": 53,
        "y": 15,
        "component": 0,
        "assigned_posterior": 0.9999995231628418
      },
      {
        "input_score": 0.9966038465499878,
        "baseline_score": 0.3949805498123169,
        "score_delta": 0.6016232967376709,
        "attribution_sum": 0.600967288017273,
        "completeness_residual": 0.0006560087203979492,
        "pixel_index": 1093,
        "x": 68,
        "y": 21,
        "component": 0,
        "assigned_posterior": 0.9966039657592773
      },
      {
        "input_score": 0.9646790623664856,
        "baseline_score": 0.3949805498123169,
        "score_delta": 0.5696985125541687,
        "attribution_sum": 0.5692212581634521,
        "completeness_residual": 0.00047725439071655273,
        "pixel_index": 1122,
        "x": 28,
        "y": 22,
        "component": 0,
        "assigned_posterior": 0.9646791815757751
      },
      {
        "input_score": 1.0,
        "baseline_score": 0.3949805498123169,
        "score_delta": 0.6050194501876831,
        "attribution_sum": 0.6084553003311157,
        "completeness_residual": -0.003435850143432617,
        "pixel_index": 1153,
        "x": 59,
        "y": 22,
        "component": 0,
        "assigned_posterior": 1.0
      },
      {
        "input_score": 0.9869009852409363,
        "baseline_score": 0.3949805498123169,
        "score_delta": 0.5919204354286194,
        "attribution_sum": 0.5924133062362671,
        "completeness_residual": -0.0004928708076477051,
        "pixel_index": 2029,
        "x": 49,
        "y": 35,
        "component": 0,
        "assigned_posterior": 0.9869009852409363
      },
      {
        "input_score": 1.0,
        "baseline_score": 0.6050194501876831,
        "score_delta": 0.3949805498123169,
        "attribution_sum": 0.39666441082954407,
        "completeness_residual": -0.0016838610172271729,
        "pixel_index": 283,
        "x": 21,
        "y": 9,
        "component": 1,
        "assigned_posterior": 1.0
      },
      {
        "input_score": 1.0,
        "baseline_score": 0.6050194501876831,
        "score_delta": 0.3949805498123169,
        "attribution_sum": 0.3947595953941345,
        "completeness_residual": 0.00022095441818237305,
        "pixel_index": 447,
        "x": 13,
        "y": 12,
        "component": 1,
        "assigned_posterior": 1.0
      },
      {
        "input_score": 1.0,
        "baseline_score": 0.6050194501876831,
        "score_delta": 0.3949805498123169,
        "attribution_sum": 0.39531612396240234,
        "completeness_residual": -0.0003355741500854492,
        "pixel_index": 517,
        "x": 22,
        "y": 13,
        "component": 1,
        "assigned_posterior": 1.0
      },
      {
        "input_score": 0.9988412261009216,
        "baseline_score": 0.6050194501876831,
        "score_delta": 0.3938217759132385,
        "attribution_sum": 0.39220550656318665,
        "completeness_residual": 0.0016162693500518799,
        "pixel_index": 887,
        "x": 67,
        "y": 18,
        "component": 1,
        "assigned_posterior": 0.9988409876823425
      },
      {
        "input_score": 1.0,
        "baseline_score": 0.6050194501876831,
        "score_delta": 0.3949805498123169,
        "attribution_sum": 0.39494913816452026,
        "completeness_residual": 3.141164779663086e-05,
        "pixel_index": 960,
        "x": 4,
        "y": 20,
        "component": 1,
        "assigned_posterior": 1.0
      },
      {
        "input_score": 0.9980827569961548,
        "baseline_score": 0.6050194501876831,
        "score_delta": 0.3930633068084717,
        "attribution_sum": 0.3928126096725464,
        "completeness_residual": 0.00025069713592529297,
        "pixel_index": 1357,
        "x": 56,
        "y": 25,
        "component": 1,
        "assigned_posterior": 0.9980825781822205
      },
      {
        "input_score": 0.9998434782028198,
        "baseline_score": 0.6050194501876831,
        "score_delta": 0.3948240280151367,
        "attribution_sum": 0.3948463797569275,
        "completeness_residual": -2.2351741790771484e-05,
        "pixel_index": 1422,
        "x": 52,
        "y": 26,
        "component": 1,
        "assigned_posterior": 0.9998435974121094
      },
      {
        "input_score": 0.5370779037475586,
        "baseline_score": 0.6050194501876831,
        "score_delta": -0.06794154644012451,
        "attribution_sum": -0.06793229281902313,
        "completeness_residual": -9.253621101379395e-06,
        "pixel_index": 1481,
        "x": 42,
        "y": 27,
        "component": 1,
        "assigned_posterior": 0.5370782017707825
      },
      {
        "input_score": 1.0,
        "baseline_score": 0.6050194501876831,
        "score_delta": 0.3949805498123169,
        "attribution_sum": 0.39497292041778564,
        "completeness_residual": 7.62939453125e-06,
        "pixel_index": 1548,
        "x": 40,
        "y": 28,
        "component": 1,
        "assigned_posterior": 1.0
      },
      {
        "input_score": 1.0,
        "baseline_score": 0.6050194501876831,
        "score_delta": 0.3949805498123169,
        "attribution_sum": 0.3943280875682831,
        "completeness_residual": 0.0006524622440338135,
        "pixel_index": 1649,
        "x": 3,
        "y": 30,
        "component": 1,
        "assigned_posterior": 1.0
      },
      {
        "input_score": 1.0,
        "baseline_score": 0.6050194501876831,
        "score_delta": 0.3949805498123169,
        "attribution_sum": 0.3951001763343811,
        "completeness_residual": -0.00011962652206420898,
        "pixel_index": 1864,
        "x": 13,
        "y": 33,
        "component": 1,
        "assigned_posterior": 1.0
      },
      {
        "input_score": 0.9999997615814209,
        "baseline_score": 0.6050194501876831,
        "score_delta": 0.3949803113937378,
        "attribution_sum": 0.39525339007377625,
        "completeness_residual": -0.00027307868003845215,
        "pixel_index": 1886,
        "x": 35,
        "y": 33,
        "component": 1,
        "assigned_posterior": 1.0
      }
    ]
  },
  "first_layer_comparator": {
    "method": "L2 norm over hidden units for the central and aggregated-context halves of encoder_dense",
    "combination": "central L2 + context L2",
    "interpretation": "linear comparator only; not the primary nonlinear explanation"
  },
  "faithfulness": {
    "held_out_from_attribution": true,
    "pixels_per_component": 32,
    "replacement": "selected bins in centre and all valid neighbours are replaced by section-mean values without renormalising other bins",
    "budgets": [
      32,
      128,
      512
    ],
    "random_repeats": 10,
    "seed": 1704,
    "records": [
      {
        "component": 0,
        "removed_bins": 32,
        "pixels": 32,
        "integrated_gradients_mean_posterior_drop": 0.05355868488550186,
        "first_layer_l2_mean_posterior_drop": -0.0005930420011281967,
        "random_mean_posterior_drop": 0.00029101912514306605,
        "random_standard_deviation": 0.0017873382894322276
      },
      {
        "component": 0,
        "removed_bins": 128,
        "pixels": 32,
        "integrated_gradients_mean_posterior_drop": 0.12642350792884827,
        "first_layer_l2_mean_posterior_drop": -0.0028773806989192963,
        "random_mean_posterior_drop": 0.00015514250844717026,
        "random_standard_deviation": 0.001105913775973022
      },
      {
        "component": 0,
        "removed_bins": 512,
        "pixels": 32,
        "integrated_gradients_mean_posterior_drop": 0.3951742649078369,
        "first_layer_l2_mean_posterior_drop": 0.004087138921022415,
        "random_mean_posterior_drop": 0.00035499484511092305,
        "random_standard_deviation": 0.0036591184325516224
      },
      {
        "component": 1,
        "removed_bins": 32,
        "pixels": 32,
        "integrated_gradients_mean_posterior_drop": -0.0052416156977415085,
        "first_layer_l2_mean_posterior_drop": 0.000690734013915062,
        "random_mean_posterior_drop": -6.777420821890701e-06,
        "random_standard_deviation": 0.00012235109170433134
      },
      {
        "component": 1,
        "removed_bins": 128,
        "pixels": 32,
        "integrated_gradients_mean_posterior_drop": 0.009993799030780792,
        "first_layer_l2_mean_posterior_drop": 0.004307067021727562,
        "random_mean_posterior_drop": 0.00018061473383568227,
        "random_standard_deviation": 0.002008727053180337
      },
      {
        "component": 1,
        "removed_bins": 512,
        "pixels": 32,
        "integrated_gradients_mean_posterior_drop": 0.10115955770015717,
        "first_layer_l2_mean_posterior_drop": 0.010827263817191124,
        "random_mean_posterior_drop": 0.00015809907927177846,
        "random_standard_deviation": 0.003275503870099783
      }
    ]
  },
  "runtime_seconds": 442.3568654418923
}
{
  "evaluation_version": 1,
  "status": "complete",
  "dataset": "GBM108_positive",
  "scope": "development-section attribution and matched-count peak evaluation",
  "pixels": 2071,
  "spectral_bins": 85062,
  "cluster_mapping": {
    "component_to_analysis_label": {
      "0": 1,
      "1": 0
    },
    "analysis_label_names": {
      "0": "normal",
      "1": "tumour"
    },
    "confusion_rows_components_columns_labels": [
      [
        49,
        743
      ],
      [
        1124,
        155
      ]
    ],
    "accuracy": 0.9014968614196041,
    "balanced_accuracy": 0.8928104891612886,
    "adjusted_rand_index": 0.6442926307511928,
    "normalized_mutual_information": 0.5446142911965355,
    "mapping_use": "evaluation and display only; expert labels did not fit the GMM or rank peaks"
  },
  "matched_peak_evaluation": {
    "count": 530,
    "selection": {
      "integrated_gradients": "deterministic component-balanced round robin over combined absolute IG rankings",
      "first_layer_l2": "descending combined central-plus-context first-layer L2",
      "legacy_msipl": "existing LearnPeaks output"
    },
    "pcc_thresholds": [
      0.3,
      0.4,
      0.5,
      0.6
    ],
    "methods": {
      "integrated_gradients": {
        "selected_bins": 530,
        "threshold_results": {
          "0.3": {
            "mixed_classes": {
              "true_positive": 419,
              "false_positive": 111,
              "false_negative": 521,
              "true_negative": 84011,
              "recall": 0.44574468085106383,
              "precision": 0.7905660377358491,
              "F1": 0.5700680272108843
            },
            "true_bins_mixed": 940,
            "class_metrics": {
              "1": {
                "true_positive": 210,
                "false_positive": 320,
                "false_negative": 237,
                "true_negative": 84295,
                "recall": 0.4697986577181208,
                "precision": 0.39622641509433965,
                "F1": 0.42988741044012285
              },
              "2": {
                "true_positive": 209,
                "false_positive": 321,
                "false_negative": 284,
                "true_negative": 84248,
                "recall": 0.4239350912778905,
                "precision": 0.39433962264150946,
                "F1": 0.40860215053763443
              }
            }
          },
          "0.4": {
            "mixed_classes": {
              "true_positive": 356,
              "false_positive": 174,
              "false_negative": 225,
              "true_negative": 84307,
              "recall": 0.612736660929432,
              "precision": 0.6716981132075471,
              "F1": 0.6408640864086409
            },
            "true_bins_mixed": 581,
            "class_metrics": {
              "1": {
                "true_positive": 166,
                "false_positive": 364,
                "false_negative": 114,
                "true_negative": 84418,
                "recall": 0.5928571428571429,
                "precision": 0.3132075471698113,
                "F1": 0.40987654320987654
              },
              "2": {
                "true_positive": 190,
                "false_positive": 340,
                "false_negative": 111,
                "true_negative": 84421,
                "recall": 0.6312292358803987,
                "precision": 0.3584905660377358,
                "F1": 0.457280385078219
              }
            }
          },
          "0.5": {
            "mixed_classes": {
              "true_positive": 249,
              "false_positive": 281,
              "false_negative": 88,
              "true_negative": 84444,
              "recall": 0.7388724035608308,
              "precision": 0.469811320754717,
              "F1": 0.5743944636678201
            },
            "true_bins_mixed": 337,
            "class_metrics": {
              "1": {
                "true_positive": 123,
                "false_positive": 407,
                "false_negative": 58,
                "true_negative": 84474,
                "recall": 0.6795580110497238,
                "precision": 0.2320754716981132,
                "F1": 0.3459915611814346
              },
              "2": {
                "true_positive": 126,
                "false_positive": 404,
                "false_negative": 30,
                "true_negative": 84502,
                "recall": 0.8076923076923077,
                "precision": 0.23773584905660378,
                "F1": 0.3673469387755102
              }
            }
          },
          "0.6": {
            "mixed_classes": {
              "true_positive": 127,
              "false_positive": 403,
              "false_negative": 20,
              "true_negative": 84512,
              "recall": 0.8639455782312925,
              "precision": 0.23962264150943396,
              "F1": 0.37518463810930575
            },
            "true_bins_mixed": 147,
            "class_metrics": {
              "1": {
                "true_positive": 84,
                "false_positive": 446,
                "false_negative": 17,
                "true_negative": 84515,
                "recall": 0.8316831683168316,
                "precision": 0.15849056603773584,
                "F1": 0.2662440570522979
              },
              "2": {
                "true_positive": 43,
                "false_positive": 487,
                "false_negative": 3,
                "true_negative": 84529,
                "recall": 0.9347826086956522,
                "precision": 0.08113207547169811,
                "F1": 0.14930555555555555
              }
            }
          }
        },
        "mixed_f1": {
          "0.3": 0.5700680272108843,
          "0.4": 0.6408640864086409,
          "0.5": 0.5743944636678201,
          "0.6": 0.37518463810930575
        },
        "mSCF1": 0.5401278038491628
      },
      "first_layer_l2": {
        "selected_bins": 530,
        "threshold_results": {
          "0.3": {
            "mixed_classes": {
              "true_positive": 115,
              "false_positive": 415,
              "false_negative": 825,
              "true_negative": 83707,
              "recall": 0.12234042553191489,
              "precision": 0.2169811320754717,
              "F1": 0.1564625850340136
            },
            "true_bins_mixed": 940,
            "class_metrics": {
              "1": {
                "true_positive": 32,
                "false_positive": 498,
                "false_negative": 415,
                "true_negative": 84117,
                "recall": 0.07158836689038031,
                "precision": 0.06037735849056604,
                "F1": 0.06550665301944729
              },
              "2": {
                "true_positive": 83,
                "false_positive": 447,
                "false_negative": 410,
                "true_negative": 84122,
                "recall": 0.16835699797160245,
                "precision": 0.15660377358490565,
                "F1": 0.16226783968719452
              }
            }
          },
          "0.4": {
            "mixed_classes": {
              "true_positive": 43,
              "false_positive": 487,
              "false_negative": 538,
              "true_negative": 83994,
              "recall": 0.07401032702237521,
              "precision": 0.08113207547169811,
              "F1": 0.0774077407740774
            },
            "true_bins_mixed": 581,
            "class_metrics": {
              "1": {
                "true_positive": 4,
                "false_positive": 526,
                "false_negative": 276,
                "true_negative": 84256,
                "recall": 0.014285714285714285,
                "precision": 0.007547169811320755,
                "F1": 0.009876543209876543
              },
              "2": {
                "true_positive": 39,
                "false_positive": 491,
                "false_negative": 262,
                "true_negative": 84270,
                "recall": 0.12956810631229235,
                "precision": 0.07358490566037736,
                "F1": 0.09386281588447654
              }
            }
          },
          "0.5": {
            "mixed_classes": {
              "true_positive": 13,
              "false_positive": 517,
              "false_negative": 324,
              "true_negative": 84208,
              "recall": 0.03857566765578635,
              "precision": 0.024528301886792454,
              "F1": 0.029988465974625143
            },
            "true_bins_mixed": 337,
            "class_metrics": {
              "1": {
                "true_positive": 1,
                "false_positive": 529,
                "false_negative": 180,
                "true_negative": 84352,
                "recall": 0.0055248618784530384,
                "precision": 0.0018867924528301887,
                "F1": 0.0028129395218002813
              },
              "2": {
                "true_positive": 12,
                "false_positive": 518,
                "false_negative": 144,
                "true_negative": 84388,
                "recall": 0.07692307692307693,
                "precision": 0.022641509433962263,
                "F1": 0.03498542274052478
              }
            }
          },
          "0.6": {
            "mixed_classes": {
              "true_positive": 3,
              "false_positive": 527,
              "false_negative": 144,
              "true_negative": 84388,
              "recall": 0.02040816326530612,
              "precision": 0.005660377358490566,
              "F1": 0.008862629246676515
            },
            "true_bins_mixed": 147,
            "class_metrics": {
              "1": {
                "true_positive": 0,
                "false_positive": 530,
                "false_negative": 101,
                "true_negative": 84431,
                "recall": 0.0,
                "precision": 0.0,
                "F1": 0.0
              },
              "2": {
                "true_positive": 3,
                "false_positive": 527,
                "false_negative": 43,
                "true_negative": 84489,
                "recall": 0.06521739130434782,
                "precision": 0.005660377358490566,
                "F1": 0.010416666666666666
              }
            }
          }
        },
        "mixed_f1": {
          "0.3": 0.1564625850340136,
          "0.4": 0.0774077407740774,
          "0.5": 0.029988465974625143,
          "0.6": 0.008862629246676515
        },
        "mSCF1": 0.06818035525734817
      },
      "legacy_msipl": {
        "selected_bins": 530,
        "mixed_f1": {
          "0.3": 0.46122448979591835,
          "0.4": 0.47704770477047703,
          "0.5": 0.4244521337946944,
          "0.6": 0.25406203840472674
        },
        "mSCF1": 0.40419659169145417,
        "threshold_results": {
          "0.3": {
            "class_metrics": {
              "normal": {
                "true_positive": 176,
                "false_positive": 354,
                "false_negative": 271,
                "true_negative": 84261,
                "recall": 0.39373601789709173,
                "precision": 0.3320754716981132,
                "F1": 0.3602865916069601
              },
              "tumour": {
                "true_positive": 163,
                "false_positive": 367,
                "false_negative": 330,
                "true_negative": 84202,
                "recall": 0.3306288032454361,
                "precision": 0.30754716981132074,
                "F1": 0.31867057673509286
              }
            },
            "mixed_classes": {
              "true_positive": 339,
              "false_positive": 191,
              "false_negative": 601,
              "true_negative": 83931,
              "recall": 0.3606382978723404,
              "precision": 0.6396226415094339,
              "F1": 0.46122448979591835
            },
            "true_bins_mixed": 940
          },
          "0.4": {
            "class_metrics": {
              "normal": {
                "true_positive": 124,
                "false_positive": 406,
                "false_negative": 156,
                "true_negative": 84376,
                "recall": 0.44285714285714284,
                "precision": 0.2339622641509434,
                "F1": 0.30617283950617286
              },
              "tumour": {
                "true_positive": 141,
                "false_positive": 389,
                "false_negative": 160,
                "true_negative": 84372,
                "recall": 0.4684385382059801,
                "precision": 0.2660377358490566,
                "F1": 0.33935018050541516
              }
            },
            "mixed_classes": {
              "true_positive": 265,
              "false_positive": 265,
              "false_negative": 316,
              "true_negative": 84216,
              "recall": 0.45611015490533563,
              "precision": 0.5,
              "F1": 0.47704770477047703
            },
            "true_bins_mixed": 581
          },
          "0.5": {
            "class_metrics": {
              "normal": {
                "true_positive": 85,
                "false_positive": 445,
                "false_negative": 96,
                "true_negative": 84436,
                "recall": 0.4696132596685083,
                "precision": 0.16037735849056603,
                "F1": 0.2390998593530239
              },
              "tumour": {
                "true_positive": 99,
                "false_positive": 431,
                "false_negative": 57,
                "true_negative": 84475,
                "recall": 0.6346153846153846,
                "precision": 0.18679245283018867,
                "F1": 0.2886297376093295
              }
            },
            "mixed_classes": {
              "true_positive": 184,
              "false_positive": 346,
              "false_negative": 153,
              "true_negative": 84379,
              "recall": 0.5459940652818991,
              "precision": 0.3471698113207547,
              "F1": 0.4244521337946944
            },
            "true_bins_mixed": 337
          },
          "0.6": {
            "class_metrics": {
              "normal": {
                "true_positive": 53,
                "false_positive": 477,
                "false_negative": 48,
                "true_negative": 84484,
                "recall": 0.5247524752475248,
                "precision": 0.1,
                "F1": 0.16798732171156894
              },
              "tumour": {
                "true_positive": 33,
                "false_positive": 497,
                "false_negative": 13,
                "true_negative": 84519,
                "recall": 0.717391304347826,
                "precision": 0.062264150943396226,
                "F1": 0.11458333333333333
              }
            },
            "mixed_classes": {
              "true_positive": 86,
              "false_positive": 444,
              "false_negative": 61,
              "true_negative": 84471,
              "recall": 0.5850340136054422,
              "precision": 0.16226415094339622,
              "F1": 0.25406203840472674
            },
            "true_bins_mixed": 147
          }
        }
      }
    },
    "overlap": {
      "first_layer_l2__integrated_gradients": {
        "intersection": 49,
        "jaccard": 0.04846686449060336
      },
      "first_layer_l2__legacy_msipl": {
        "intersection": 15,
        "jaccard": 0.014354066985645933
      },
      "integrated_gradients__legacy_msipl": {
        "intersection": 304,
        "jaccard": 0.4021164021164021
      }
    }
  },
  "consolidation": {
    "method": "greedy non-maximum suppression in descending attribution order",
    "tolerance_ppm": 10.0,
    "reported_candidates_per_method": 50,
    "purpose": "interpretation and ion images only; matched mSCF1 uses raw bins"
  },
  "runtime_seconds": 16.05949026113376
}
