{
  "status": "complete",
  "purpose": "sensitivity to attribution-pixel sampling with model and GMM seed fixed",
  "run_count": 4,
  "runs": [
    {
      "name": "uniform_mean",
      "path": "/home-mscluster/zsuliman/msi/results/experiments/spatial_msipl_attributed_peak_evaluation/GBM108_positive_seed1/uniform_mean",
      "mSCF1": 0.5276884667868157
    },
    {
      "name": "sampling_seed2",
      "path": "/home-mscluster/zsuliman/msi/results/experiments/spatial_msipl_attributed_peak_evaluation/GBM108_positive_seed1/sampling_seed2",
      "mSCF1": 0.516856665408894
    },
    {
      "name": "sampling_seed3",
      "path": "/home-mscluster/zsuliman/msi/results/experiments/spatial_msipl_attributed_peak_evaluation/GBM108_positive_seed1/sampling_seed3",
      "mSCF1": 0.5478769785408261
    },
    {
      "name": "sampling_seed4",
      "path": "/home-mscluster/zsuliman/msi/results/experiments/spatial_msipl_attributed_peak_evaluation/GBM108_positive_seed1/sampling_seed4",
      "mSCF1": 0.5401278038491628
    }
  ],
  "mSCF1": {
    "mean": 0.5331374786464247,
    "sample_standard_deviation": 0.013673259956311431,
    "minimum": 0.516856665408894,
    "maximum": 0.5478769785408261,
    "range": 0.031020313131932098
  },
  "selection_stability": {
    "top_k_pairwise": {
      "50": [
        {
          "left": "uniform_mean",
          "right": "sampling_seed2",
          "intersection": 45,
          "jaccard": 0.8181818181818182
        },
        {
          "left": "uniform_mean",
          "right": "sampling_seed3",
          "intersection": 44,
          "jaccard": 0.7857142857142857
        },
        {
          "left": "uniform_mean",
          "right": "sampling_seed4",
          "intersection": 42,
          "jaccard": 0.7241379310344828
        },
        {
          "left": "sampling_seed2",
          "right": "sampling_seed3",
          "intersection": 42,
          "jaccard": 0.7241379310344828
        },
        {
          "left": "sampling_seed2",
          "right": "sampling_seed4",
          "intersection": 42,
          "jaccard": 0.7241379310344828
        },
        {
          "left": "sampling_seed3",
          "right": "sampling_seed4",
          "intersection": 43,
          "jaccard": 0.7543859649122807
        }
      ],
      "100": [
        {
          "left": "uniform_mean",
          "right": "sampling_seed2",
          "intersection": 89,
          "jaccard": 0.8018018018018018
        },
        {
          "left": "uniform_mean",
          "right": "sampling_seed3",
          "intersection": 89,
          "jaccard": 0.8018018018018018
        },
        {
          "left": "uniform_mean",
          "right": "sampling_seed4",
          "intersection": 88,
          "jaccard": 0.7857142857142857
        },
        {
          "left": "sampling_seed2",
          "right": "sampling_seed3",
          "intersection": 87,
          "jaccard": 0.7699115044247787
        },
        {
          "left": "sampling_seed2",
          "right": "sampling_seed4",
          "intersection": 87,
          "jaccard": 0.7699115044247787
        },
        {
          "left": "sampling_seed3",
          "right": "sampling_seed4",
          "intersection": 88,
          "jaccard": 0.7857142857142857
        }
      ],
      "530": [
        {
          "left": "uniform_mean",
          "right": "sampling_seed2",
          "intersection": 468,
          "jaccard": 0.7905405405405406
        },
        {
          "left": "uniform_mean",
          "right": "sampling_seed3",
          "intersection": 477,
          "jaccard": 0.8181818181818182
        },
        {
          "left": "uniform_mean",
          "right": "sampling_seed4",
          "intersection": 465,
          "jaccard": 0.7815126050420168
        },
        {
          "left": "sampling_seed2",
          "right": "sampling_seed3",
          "intersection": 490,
          "jaccard": 0.8596491228070176
        },
        {
          "left": "sampling_seed2",
          "right": "sampling_seed4",
          "intersection": 468,
          "jaccard": 0.7905405405405406
        },
        {
          "left": "sampling_seed3",
          "right": "sampling_seed4",
          "intersection": 476,
          "jaccard": 0.815068493150685
        }
      ]
    },
    "bins_in_every_530_bin_set": 436,
    "bins_in_at_least_75_percent_of_530_bin_sets": 492
  },
  "interpretation_note": "Stable mSCF1 shows conclusion-level robustness; peak-set overlap shows whether the exact selected ions are reproducible."
}
