==========================================
       CREATE MASSNET GBM MASKS
==========================================
Date: Fri Aug 21 10:00:40 PM UTC 2026
Job ID: 45011
Node: mscluster48.ms.wits.ac.za
Input: /datasets/zsuliman/msi_data/gbm_massnet

Environment: data_tools_env
Python 3.11.15

========================================================================
GBM108_negative
  shape (y, x): (63, 73)
  measured pixels: 2512
  grid coverage: 54.62%
  normal (mask 0): 960
  tumour (mask 1): 1552
  saved: /datasets/zsuliman/msi_data/gbm_massnet/masks/GBM108_negative_mask.npy
========================================================================
GBM108_positive
  shape (y, x): (36, 70)
  measured pixels: 2071
  grid coverage: 82.18%
  normal (mask 0): 1173
  tumour (mask 1): 898
  saved: /datasets/zsuliman/msi_data/gbm_massnet/masks/GBM108_positive_mask.npy
========================================================================
GBM12_1
  shape (y, x): (49, 90)
  measured pixels: 3658
  grid coverage: 82.95%
  normal (mask 0): 3362
  tumour (mask 1): 296
  saved: /datasets/zsuliman/msi_data/gbm_massnet/masks/GBM12_1_mask.npy
========================================================================
GBM12_2
  shape (y, x): (51, 81)
  measured pixels: 3306
  grid coverage: 80.03%
  normal (mask 0): 2466
  tumour (mask 1): 840
  saved: /datasets/zsuliman/msi_data/gbm_massnet/masks/GBM12_2_mask.npy
========================================================================
GBM22_1
  shape (y, x): (51, 96)
  measured pixels: 3835
  grid coverage: 78.33%
  normal (mask 0): 3147
  tumour (mask 1): 688
  saved: /datasets/zsuliman/msi_data/gbm_massnet/masks/GBM22_1_mask.npy
========================================================================
GBM22_2
  shape (y, x): (64, 96)
  measured pixels: 4524
  grid coverage: 73.63%
  normal (mask 0): 3415
  tumour (mask 1): 1109
  saved: /datasets/zsuliman/msi_data/gbm_massnet/masks/GBM22_2_mask.npy
========================================================================
GBM39_1
  shape (y, x): (61, 86)
  measured pixels: 4015
  grid coverage: 76.53%
  normal (mask 0): 3451
  tumour (mask 1): 564
  saved: /datasets/zsuliman/msi_data/gbm_massnet/masks/GBM39_1_mask.npy
========================================================================
GBM39_2
  shape (y, x): (61, 52)
  measured pixels: 2406
  grid coverage: 75.85%
  normal (mask 0): 1848
  tumour (mask 1): 558
  saved: /datasets/zsuliman/msi_data/gbm_massnet/masks/GBM39_2_mask.npy
========================================================================
Created 8 masks
Audit summary: /datasets/zsuliman/msi_data/gbm_massnet/masks/audit/massnet_gbm_mask_summary.json

Created masks:
GBM108_negative_mask.npy
GBM108_positive_mask.npy
GBM12_1_mask.npy
GBM12_2_mask.npy
GBM22_1_mask.npy
GBM22_2_mask.npy
GBM39_1_mask.npy
GBM39_2_mask.npy
