==========================================
       MASSNET GBM INSPECTION
==========================================
Date: Fri Aug 21 09:49:04 PM UTC 2026
Job ID: 45005
Node: mscluster48.ms.wits.ac.za
Input: /datasets/zsuliman/msi_data/gbm_massnet

Environment: data_tools_env
Python 3.11.15
h5py: 3.16.0
NumPy: 2.4.6

MassNet GBM HDF5 metadata inspection
Input directory: /datasets/zsuliman/msi_data/gbm_massnet
Files: 8
==============================================================================
FILE: GBM108_negative.h5
SIZE: 1709819976 bytes
DATASET: /Class_Label | shape=(2512,) | dtype=float64 | chunks=(2512,) | compression=None
    value range: 1.0 to 2.0
    unique values: [1.0, 2.0]
DATASET: /Data | shape=(85062, 2512) | dtype=float64 | chunks=(85062, 2512) | compression=None
DATASET: /mzArray | shape=(85062,) | dtype=float32 | chunks=(85062,) | compression=None
    value range: 101.92382049560547 to 999.9859008789062
DATASET: /xLocation | shape=(2512,) | dtype=float64 | chunks=(2512,) | compression=None
    value range: 1.0 to 73.0
DATASET: /yLocation | shape=(2512,) | dtype=float64 | chunks=(2512,) | compression=None
    value range: 1.0 to 63.0
DATASET COUNT: 5
POSSIBLE MASK/LABEL DATASETS:
  /Class_Label
==============================================================================
FILE: GBM108_positive.h5
SIZE: 1409710656 bytes
DATASET: /Class_Label | shape=(2071,) | dtype=float64 | chunks=(2071,) | compression=None
    value range: 1.0 to 2.0
    unique values: [1.0, 2.0]
DATASET: /Data | shape=(85062, 2071) | dtype=float64 | chunks=(85062, 2071) | compression=None
DATASET: /mzArray | shape=(85062,) | dtype=float32 | chunks=(85062,) | compression=None
    value range: 101.92382049560547 to 999.9859008789062
DATASET: /xLocation | shape=(2071,) | dtype=float64 | chunks=(2071,) | compression=None
    value range: 1.0 to 70.0
DATASET: /yLocation | shape=(2071,) | dtype=float64 | chunks=(2071,) | compression=None
    value range: 1.0 to 36.0
DATASET COUNT: 5
POSSIBLE MASK/LABEL DATASETS:
  /Class_Label
==============================================================================
FILE: GBM12_1.h5
SIZE: 2489695896 bytes
DATASET: /Class_Label | shape=(3658,) | dtype=float64 | chunks=(3658,) | compression=None
    value range: 1.0 to 2.0
    unique values: [1.0, 2.0]
DATASET: /Data | shape=(85062, 3658) | dtype=float64 | chunks=(42531, 3658) | compression=None
DATASET: /mzArray | shape=(85062,) | dtype=float32 | chunks=(85062,) | compression=None
    value range: 101.92382049560547 to 999.9859008789062
DATASET: /xLocation | shape=(3658,) | dtype=float64 | chunks=(3658,) | compression=None
    value range: 1.0 to 90.0
DATASET: /yLocation | shape=(3658,) | dtype=float64 | chunks=(3658,) | compression=None
    value range: 1.0 to 49.0
DATASET COUNT: 5
POSSIBLE MASK/LABEL DATASETS:
  /Class_Label
==============================================================================
FILE: GBM12_2.h5
SIZE: 2250152856 bytes
DATASET: /Class_Label | shape=(3306,) | dtype=float64 | chunks=(3306,) | compression=None
    value range: 1.0 to 2.0
    unique values: [1.0, 2.0]
DATASET: /Data | shape=(85062, 3306) | dtype=float64 | chunks=(42531, 3306) | compression=None
DATASET: /mzArray | shape=(85062,) | dtype=float32 | chunks=(85062,) | compression=None
    value range: 101.92382049560547 to 999.9859008789062
DATASET: /xLocation | shape=(3306,) | dtype=float64 | chunks=(3306,) | compression=None
    value range: 1.0 to 81.0
DATASET: /yLocation | shape=(3306,) | dtype=float64 | chunks=(3306,) | compression=None
    value range: 1.0 to 51.0
DATASET COUNT: 5
POSSIBLE MASK/LABEL DATASETS:
  /Class_Label
==============================================================================
FILE: GBM22_1.h5
SIZE: 2610147936 bytes
DATASET: /Class_Label | shape=(3835,) | dtype=float64 | chunks=(3835,) | compression=None
    value range: 1.0 to 2.0
    unique values: [1.0, 2.0]
DATASET: /Data | shape=(85062, 3835) | dtype=float64 | chunks=(42531, 3835) | compression=None
DATASET: /mzArray | shape=(85062,) | dtype=float32 | chunks=(85062,) | compression=None
    value range: 101.92382049560547 to 999.9859008789062
DATASET: /xLocation | shape=(3835,) | dtype=float64 | chunks=(3835,) | compression=None
    value range: 1.0 to 96.0
DATASET: /yLocation | shape=(3835,) | dtype=float64 | chunks=(3835,) | compression=None
    value range: 1.0 to 51.0
DATASET COUNT: 5
POSSIBLE MASK/LABEL DATASETS:
  /Class_Label
==============================================================================
FILE: GBM22_2.h5
SIZE: 3079026216 bytes
DATASET: /Class_Label | shape=(4524,) | dtype=float64 | chunks=(4524,) | compression=None
    value range: 1.0 to 2.0
    unique values: [1.0, 2.0]
DATASET: /Data | shape=(85062, 4524) | dtype=float64 | chunks=(42531, 4524) | compression=None
DATASET: /mzArray | shape=(85062,) | dtype=float32 | chunks=(85062,) | compression=None
    value range: 101.92382049560547 to 999.9859008789062
DATASET: /xLocation | shape=(4524,) | dtype=float64 | chunks=(4524,) | compression=None
    value range: 1.0 to 96.0
DATASET: /yLocation | shape=(4524,) | dtype=float64 | chunks=(4524,) | compression=None
    value range: 1.0 to 64.0
DATASET COUNT: 5
POSSIBLE MASK/LABEL DATASETS:
  /Class_Label
==============================================================================
FILE: GBM39_1.h5
SIZE: 2732641536 bytes
DATASET: /Class_Label | shape=(4015,) | dtype=float64 | chunks=(4015,) | compression=None
    value range: 1.0 to 2.0
    unique values: [1.0, 2.0]
DATASET: /Data | shape=(85062, 4015) | dtype=float64 | chunks=(42531, 4015) | compression=None
DATASET: /mzArray | shape=(85062,) | dtype=float32 | chunks=(85062,) | compression=None
    value range: 101.92382049560547 to 999.9859008789062
DATASET: /xLocation | shape=(4015,) | dtype=float64 | chunks=(4015,) | compression=None
    value range: 1.0 to 86.0
DATASET: /yLocation | shape=(4015,) | dtype=float64 | chunks=(4015,) | compression=None
    value range: 1.0 to 61.0
DATASET COUNT: 5
POSSIBLE MASK/LABEL DATASETS:
  /Class_Label
==============================================================================
FILE: GBM39_2.h5
SIZE: 1637684856 bytes
DATASET: /Class_Label | shape=(2406,) | dtype=float64 | chunks=(2406,) | compression=None
    value range: 1.0 to 2.0
    unique values: [1.0, 2.0]
DATASET: /Data | shape=(85062, 2406) | dtype=float64 | chunks=(85062, 2406) | compression=None
DATASET: /mzArray | shape=(85062,) | dtype=float32 | chunks=(85062,) | compression=None
    value range: 101.92382049560547 to 999.9859008789062
DATASET: /xLocation | shape=(2406,) | dtype=float64 | chunks=(2406,) | compression=None
    value range: 1.0 to 52.0
DATASET: /yLocation | shape=(2406,) | dtype=float64 | chunks=(2406,) | compression=None
    value range: 1.0 to 61.0
DATASET COUNT: 5
POSSIBLE MASK/LABEL DATASETS:
  /Class_Label
==============================================================================
INSPECTION COMPLETE
