==========================================
       MASSNET GBM VISUALISATION
==========================================
Date: Fri Aug 21 10:08:46 PM UTC 2026
Job ID: 45014
Node: mscluster48.ms.wits.ac.za
Input: /datasets/zsuliman/msi_data/gbm_massnet
Output: /home-mscluster/zsuliman/msi/results/visualisations/gbm_massnet

Environment: data_tools_env
Python 3.11.15
h5py: 3.16.0
Matplotlib: 3.11.1
NumPy: 2.4.6

MASSNET GBM DATASET VISUALISATION
Data directory: /datasets/zsuliman/msi_data/gbm_massnet
Output directory: /home-mscluster/zsuliman/msi/results/visualisations/gbm_massnet
Sections: 8
Spectral chunk size: 2,048
==============================================================================
SECTION: GBM108_negative
  spectral bins 0-2,047 / 85,062
  spectral bins 2,048-4,095 / 85,062
  spectral bins 4,096-6,143 / 85,062
  spectral bins 6,144-8,191 / 85,062
  spectral bins 8,192-10,239 / 85,062
  spectral bins 10,240-12,287 / 85,062
  spectral bins 12,288-14,335 / 85,062
  spectral bins 14,336-16,383 / 85,062
  spectral bins 16,384-18,431 / 85,062
  spectral bins 18,432-20,479 / 85,062
  spectral bins 20,480-22,527 / 85,062
  spectral bins 22,528-24,575 / 85,062
  spectral bins 24,576-26,623 / 85,062
  spectral bins 26,624-28,671 / 85,062
  spectral bins 28,672-30,719 / 85,062
  spectral bins 30,720-32,767 / 85,062
  spectral bins 32,768-34,815 / 85,062
  spectral bins 34,816-36,863 / 85,062
  spectral bins 36,864-38,911 / 85,062
  spectral bins 38,912-40,959 / 85,062
  spectral bins 40,960-43,007 / 85,062
  spectral bins 43,008-45,055 / 85,062
  spectral bins 45,056-47,103 / 85,062
  spectral bins 47,104-49,151 / 85,062
  spectral bins 49,152-51,199 / 85,062
  spectral bins 51,200-53,247 / 85,062
  spectral bins 53,248-55,295 / 85,062
  spectral bins 55,296-57,343 / 85,062
  spectral bins 57,344-59,391 / 85,062
  spectral bins 59,392-61,439 / 85,062
  spectral bins 61,440-63,487 / 85,062
  spectral bins 63,488-65,535 / 85,062
  spectral bins 65,536-67,583 / 85,062
  spectral bins 67,584-69,631 / 85,062
  spectral bins 69,632-71,679 / 85,062
  spectral bins 71,680-73,727 / 85,062
  spectral bins 73,728-75,775 / 85,062
  spectral bins 75,776-77,823 / 85,062
  spectral bins 77,824-79,871 / 85,062
  spectral bins 79,872-81,919 / 85,062
  spectral bins 81,920-83,967 / 85,062
  spectral bins 83,968-85,061 / 85,062
Measured pixels: 2,512
Normal: 960 | Tumour: 1,552
Saved visualisations: /home-mscluster/zsuliman/msi/results/visualisations/gbm_massnet/GBM108_negative
==============================================================================
SECTION: GBM108_positive
  spectral bins 0-2,047 / 85,062
  spectral bins 2,048-4,095 / 85,062
  spectral bins 4,096-6,143 / 85,062
  spectral bins 6,144-8,191 / 85,062
  spectral bins 8,192-10,239 / 85,062
  spectral bins 10,240-12,287 / 85,062
  spectral bins 12,288-14,335 / 85,062
  spectral bins 14,336-16,383 / 85,062
  spectral bins 16,384-18,431 / 85,062
  spectral bins 18,432-20,479 / 85,062
  spectral bins 20,480-22,527 / 85,062
  spectral bins 22,528-24,575 / 85,062
  spectral bins 24,576-26,623 / 85,062
  spectral bins 26,624-28,671 / 85,062
  spectral bins 28,672-30,719 / 85,062
  spectral bins 30,720-32,767 / 85,062
  spectral bins 32,768-34,815 / 85,062
  spectral bins 34,816-36,863 / 85,062
  spectral bins 36,864-38,911 / 85,062
  spectral bins 38,912-40,959 / 85,062
  spectral bins 40,960-43,007 / 85,062
  spectral bins 43,008-45,055 / 85,062
  spectral bins 45,056-47,103 / 85,062
  spectral bins 47,104-49,151 / 85,062
  spectral bins 49,152-51,199 / 85,062
  spectral bins 51,200-53,247 / 85,062
  spectral bins 53,248-55,295 / 85,062
  spectral bins 55,296-57,343 / 85,062
  spectral bins 57,344-59,391 / 85,062
  spectral bins 59,392-61,439 / 85,062
  spectral bins 61,440-63,487 / 85,062
  spectral bins 63,488-65,535 / 85,062
  spectral bins 65,536-67,583 / 85,062
  spectral bins 67,584-69,631 / 85,062
  spectral bins 69,632-71,679 / 85,062
  spectral bins 71,680-73,727 / 85,062
  spectral bins 73,728-75,775 / 85,062
  spectral bins 75,776-77,823 / 85,062
  spectral bins 77,824-79,871 / 85,062
  spectral bins 79,872-81,919 / 85,062
  spectral bins 81,920-83,967 / 85,062
  spectral bins 83,968-85,061 / 85,062
Measured pixels: 2,071
Normal: 1,173 | Tumour: 898
Saved visualisations: /home-mscluster/zsuliman/msi/results/visualisations/gbm_massnet/GBM108_positive
==============================================================================
SECTION: GBM12_1
  spectral bins 0-2,047 / 85,062
  spectral bins 2,048-4,095 / 85,062
  spectral bins 4,096-6,143 / 85,062
  spectral bins 6,144-8,191 / 85,062
  spectral bins 8,192-10,239 / 85,062
  spectral bins 10,240-12,287 / 85,062
  spectral bins 12,288-14,335 / 85,062
  spectral bins 14,336-16,383 / 85,062
  spectral bins 16,384-18,431 / 85,062
  spectral bins 18,432-20,479 / 85,062
  spectral bins 20,480-22,527 / 85,062
  spectral bins 22,528-24,575 / 85,062
  spectral bins 24,576-26,623 / 85,062
  spectral bins 26,624-28,671 / 85,062
  spectral bins 28,672-30,719 / 85,062
  spectral bins 30,720-32,767 / 85,062
  spectral bins 32,768-34,815 / 85,062
  spectral bins 34,816-36,863 / 85,062
  spectral bins 36,864-38,911 / 85,062
  spectral bins 38,912-40,959 / 85,062
  spectral bins 40,960-43,007 / 85,062
  spectral bins 43,008-45,055 / 85,062
  spectral bins 45,056-47,103 / 85,062
  spectral bins 47,104-49,151 / 85,062
  spectral bins 49,152-51,199 / 85,062
  spectral bins 51,200-53,247 / 85,062
  spectral bins 53,248-55,295 / 85,062
  spectral bins 55,296-57,343 / 85,062
  spectral bins 57,344-59,391 / 85,062
  spectral bins 59,392-61,439 / 85,062
  spectral bins 61,440-63,487 / 85,062
  spectral bins 63,488-65,535 / 85,062
  spectral bins 65,536-67,583 / 85,062
  spectral bins 67,584-69,631 / 85,062
  spectral bins 69,632-71,679 / 85,062
  spectral bins 71,680-73,727 / 85,062
  spectral bins 73,728-75,775 / 85,062
  spectral bins 75,776-77,823 / 85,062
  spectral bins 77,824-79,871 / 85,062
  spectral bins 79,872-81,919 / 85,062
  spectral bins 81,920-83,967 / 85,062
  spectral bins 83,968-85,061 / 85,062
Measured pixels: 3,658
Normal: 3,362 | Tumour: 296
Saved visualisations: /home-mscluster/zsuliman/msi/results/visualisations/gbm_massnet/GBM12_1
==============================================================================
SECTION: GBM12_2
  spectral bins 0-2,047 / 85,062
  spectral bins 2,048-4,095 / 85,062
  spectral bins 4,096-6,143 / 85,062
  spectral bins 6,144-8,191 / 85,062
  spectral bins 8,192-10,239 / 85,062
  spectral bins 10,240-12,287 / 85,062
  spectral bins 12,288-14,335 / 85,062
  spectral bins 14,336-16,383 / 85,062
  spectral bins 16,384-18,431 / 85,062
  spectral bins 18,432-20,479 / 85,062
  spectral bins 20,480-22,527 / 85,062
  spectral bins 22,528-24,575 / 85,062
  spectral bins 24,576-26,623 / 85,062
  spectral bins 26,624-28,671 / 85,062
  spectral bins 28,672-30,719 / 85,062
  spectral bins 30,720-32,767 / 85,062
  spectral bins 32,768-34,815 / 85,062
  spectral bins 34,816-36,863 / 85,062
  spectral bins 36,864-38,911 / 85,062
  spectral bins 38,912-40,959 / 85,062
  spectral bins 40,960-43,007 / 85,062
  spectral bins 43,008-45,055 / 85,062
  spectral bins 45,056-47,103 / 85,062
  spectral bins 47,104-49,151 / 85,062
  spectral bins 49,152-51,199 / 85,062
  spectral bins 51,200-53,247 / 85,062
  spectral bins 53,248-55,295 / 85,062
  spectral bins 55,296-57,343 / 85,062
  spectral bins 57,344-59,391 / 85,062
  spectral bins 59,392-61,439 / 85,062
  spectral bins 61,440-63,487 / 85,062
  spectral bins 63,488-65,535 / 85,062
  spectral bins 65,536-67,583 / 85,062
  spectral bins 67,584-69,631 / 85,062
  spectral bins 69,632-71,679 / 85,062
  spectral bins 71,680-73,727 / 85,062
  spectral bins 73,728-75,775 / 85,062
  spectral bins 75,776-77,823 / 85,062
  spectral bins 77,824-79,871 / 85,062
  spectral bins 79,872-81,919 / 85,062
  spectral bins 81,920-83,967 / 85,062
  spectral bins 83,968-85,061 / 85,062
Measured pixels: 3,306
Normal: 2,466 | Tumour: 840
Saved visualisations: /home-mscluster/zsuliman/msi/results/visualisations/gbm_massnet/GBM12_2
==============================================================================
SECTION: GBM22_1
  spectral bins 0-2,047 / 85,062
  spectral bins 2,048-4,095 / 85,062
  spectral bins 4,096-6,143 / 85,062
  spectral bins 6,144-8,191 / 85,062
  spectral bins 8,192-10,239 / 85,062
  spectral bins 10,240-12,287 / 85,062
  spectral bins 12,288-14,335 / 85,062
  spectral bins 14,336-16,383 / 85,062
  spectral bins 16,384-18,431 / 85,062
  spectral bins 18,432-20,479 / 85,062
  spectral bins 20,480-22,527 / 85,062
  spectral bins 22,528-24,575 / 85,062
  spectral bins 24,576-26,623 / 85,062
  spectral bins 26,624-28,671 / 85,062
  spectral bins 28,672-30,719 / 85,062
  spectral bins 30,720-32,767 / 85,062
  spectral bins 32,768-34,815 / 85,062
  spectral bins 34,816-36,863 / 85,062
  spectral bins 36,864-38,911 / 85,062
  spectral bins 38,912-40,959 / 85,062
  spectral bins 40,960-43,007 / 85,062
  spectral bins 43,008-45,055 / 85,062
  spectral bins 45,056-47,103 / 85,062
  spectral bins 47,104-49,151 / 85,062
  spectral bins 49,152-51,199 / 85,062
  spectral bins 51,200-53,247 / 85,062
  spectral bins 53,248-55,295 / 85,062
  spectral bins 55,296-57,343 / 85,062
  spectral bins 57,344-59,391 / 85,062
  spectral bins 59,392-61,439 / 85,062
  spectral bins 61,440-63,487 / 85,062
  spectral bins 63,488-65,535 / 85,062
  spectral bins 65,536-67,583 / 85,062
  spectral bins 67,584-69,631 / 85,062
  spectral bins 69,632-71,679 / 85,062
  spectral bins 71,680-73,727 / 85,062
  spectral bins 73,728-75,775 / 85,062
  spectral bins 75,776-77,823 / 85,062
  spectral bins 77,824-79,871 / 85,062
  spectral bins 79,872-81,919 / 85,062
  spectral bins 81,920-83,967 / 85,062
  spectral bins 83,968-85,061 / 85,062
Measured pixels: 3,835
Normal: 3,147 | Tumour: 688
Saved visualisations: /home-mscluster/zsuliman/msi/results/visualisations/gbm_massnet/GBM22_1
==============================================================================
SECTION: GBM22_2
  spectral bins 0-2,047 / 85,062
  spectral bins 2,048-4,095 / 85,062
  spectral bins 4,096-6,143 / 85,062
  spectral bins 6,144-8,191 / 85,062
  spectral bins 8,192-10,239 / 85,062
  spectral bins 10,240-12,287 / 85,062
  spectral bins 12,288-14,335 / 85,062
  spectral bins 14,336-16,383 / 85,062
  spectral bins 16,384-18,431 / 85,062
  spectral bins 18,432-20,479 / 85,062
  spectral bins 20,480-22,527 / 85,062
  spectral bins 22,528-24,575 / 85,062
  spectral bins 24,576-26,623 / 85,062
  spectral bins 26,624-28,671 / 85,062
  spectral bins 28,672-30,719 / 85,062
  spectral bins 30,720-32,767 / 85,062
  spectral bins 32,768-34,815 / 85,062
  spectral bins 34,816-36,863 / 85,062
  spectral bins 36,864-38,911 / 85,062
  spectral bins 38,912-40,959 / 85,062
  spectral bins 40,960-43,007 / 85,062
  spectral bins 43,008-45,055 / 85,062
  spectral bins 45,056-47,103 / 85,062
  spectral bins 47,104-49,151 / 85,062
  spectral bins 49,152-51,199 / 85,062
  spectral bins 51,200-53,247 / 85,062
  spectral bins 53,248-55,295 / 85,062
  spectral bins 55,296-57,343 / 85,062
  spectral bins 57,344-59,391 / 85,062
  spectral bins 59,392-61,439 / 85,062
  spectral bins 61,440-63,487 / 85,062
  spectral bins 63,488-65,535 / 85,062
  spectral bins 65,536-67,583 / 85,062
  spectral bins 67,584-69,631 / 85,062
  spectral bins 69,632-71,679 / 85,062
  spectral bins 71,680-73,727 / 85,062
  spectral bins 73,728-75,775 / 85,062
  spectral bins 75,776-77,823 / 85,062
  spectral bins 77,824-79,871 / 85,062
  spectral bins 79,872-81,919 / 85,062
  spectral bins 81,920-83,967 / 85,062
  spectral bins 83,968-85,061 / 85,062
Measured pixels: 4,524
Normal: 3,415 | Tumour: 1,109
Saved visualisations: /home-mscluster/zsuliman/msi/results/visualisations/gbm_massnet/GBM22_2
==============================================================================
SECTION: GBM39_1
  spectral bins 0-2,047 / 85,062
  spectral bins 2,048-4,095 / 85,062
  spectral bins 4,096-6,143 / 85,062
  spectral bins 6,144-8,191 / 85,062
  spectral bins 8,192-10,239 / 85,062
  spectral bins 10,240-12,287 / 85,062
  spectral bins 12,288-14,335 / 85,062
  spectral bins 14,336-16,383 / 85,062
  spectral bins 16,384-18,431 / 85,062
  spectral bins 18,432-20,479 / 85,062
  spectral bins 20,480-22,527 / 85,062
  spectral bins 22,528-24,575 / 85,062
  spectral bins 24,576-26,623 / 85,062
  spectral bins 26,624-28,671 / 85,062
  spectral bins 28,672-30,719 / 85,062
  spectral bins 30,720-32,767 / 85,062
  spectral bins 32,768-34,815 / 85,062
  spectral bins 34,816-36,863 / 85,062
  spectral bins 36,864-38,911 / 85,062
  spectral bins 38,912-40,959 / 85,062
  spectral bins 40,960-43,007 / 85,062
  spectral bins 43,008-45,055 / 85,062
  spectral bins 45,056-47,103 / 85,062
  spectral bins 47,104-49,151 / 85,062
  spectral bins 49,152-51,199 / 85,062
  spectral bins 51,200-53,247 / 85,062
  spectral bins 53,248-55,295 / 85,062
  spectral bins 55,296-57,343 / 85,062
  spectral bins 57,344-59,391 / 85,062
  spectral bins 59,392-61,439 / 85,062
  spectral bins 61,440-63,487 / 85,062
  spectral bins 63,488-65,535 / 85,062
  spectral bins 65,536-67,583 / 85,062
  spectral bins 67,584-69,631 / 85,062
  spectral bins 69,632-71,679 / 85,062
  spectral bins 71,680-73,727 / 85,062
  spectral bins 73,728-75,775 / 85,062
  spectral bins 75,776-77,823 / 85,062
  spectral bins 77,824-79,871 / 85,062
  spectral bins 79,872-81,919 / 85,062
  spectral bins 81,920-83,967 / 85,062
  spectral bins 83,968-85,061 / 85,062
Measured pixels: 4,015
Normal: 3,451 | Tumour: 564
Saved visualisations: /home-mscluster/zsuliman/msi/results/visualisations/gbm_massnet/GBM39_1
==============================================================================
SECTION: GBM39_2
  spectral bins 0-2,047 / 85,062
  spectral bins 2,048-4,095 / 85,062
  spectral bins 4,096-6,143 / 85,062
  spectral bins 6,144-8,191 / 85,062
  spectral bins 8,192-10,239 / 85,062
  spectral bins 10,240-12,287 / 85,062
  spectral bins 12,288-14,335 / 85,062
  spectral bins 14,336-16,383 / 85,062
  spectral bins 16,384-18,431 / 85,062
  spectral bins 18,432-20,479 / 85,062
  spectral bins 20,480-22,527 / 85,062
  spectral bins 22,528-24,575 / 85,062
  spectral bins 24,576-26,623 / 85,062
  spectral bins 26,624-28,671 / 85,062
  spectral bins 28,672-30,719 / 85,062
  spectral bins 30,720-32,767 / 85,062
  spectral bins 32,768-34,815 / 85,062
  spectral bins 34,816-36,863 / 85,062
  spectral bins 36,864-38,911 / 85,062
  spectral bins 38,912-40,959 / 85,062
  spectral bins 40,960-43,007 / 85,062
  spectral bins 43,008-45,055 / 85,062
  spectral bins 45,056-47,103 / 85,062
  spectral bins 47,104-49,151 / 85,062
  spectral bins 49,152-51,199 / 85,062
  spectral bins 51,200-53,247 / 85,062
  spectral bins 53,248-55,295 / 85,062
  spectral bins 55,296-57,343 / 85,062
  spectral bins 57,344-59,391 / 85,062
  spectral bins 59,392-61,439 / 85,062
  spectral bins 61,440-63,487 / 85,062
  spectral bins 63,488-65,535 / 85,062
  spectral bins 65,536-67,583 / 85,062
  spectral bins 67,584-69,631 / 85,062
  spectral bins 69,632-71,679 / 85,062
  spectral bins 71,680-73,727 / 85,062
  spectral bins 73,728-75,775 / 85,062
  spectral bins 75,776-77,823 / 85,062
  spectral bins 77,824-79,871 / 85,062
  spectral bins 79,872-81,919 / 85,062
  spectral bins 81,920-83,967 / 85,062
  spectral bins 83,968-85,061 / 85,062
Measured pixels: 2,406
Normal: 1,848 | Tumour: 558
Saved visualisations: /home-mscluster/zsuliman/msi/results/visualisations/gbm_massnet/GBM39_2
==============================================================================
VISUALISATION COMPLETE
Results: /home-mscluster/zsuliman/msi/results/visualisations/gbm_massnet

Generated overview files:
dataset_summary.json
gbm_massnet_class_distribution.png
gbm_massnet_overview_base_peak.png
gbm_massnet_overview_coverage.png
gbm_massnet_overview_masks.png
gbm_massnet_overview_tic.png
