=== LOADING DATA ===
Input: /datasets/zsuliman/msi_data/gbm_massnet/GBM108_negative.h5
HDF5 keys: ['Class_Label', 'Data', 'mzArray', 'xLocation', 'yLocation']
Raw Data shape: (85062, 2512)
mzArray shape: (85062,)
xLocation shape: (2512,)
yLocation shape: (2512,)
Transposing Data to (pixels, m/z)...
Final spectra shape: (2512, 85062)
m/z range: 101.923820 - 999.985901
==== Encoder Architecture...
__________________________________________________________________________________________________
Layer (type)                    Output Shape         Param #     Connected to                     
==================================================================================================
encoder_input (InputLayer)      (None, 85062)        0                                            
__________________________________________________________________________________________________
dense_1 (Dense)                 (None, 512)          43552256    encoder_input[0][0]              
__________________________________________________________________________________________________
batch_normalization_1 (BatchNor (None, 512)          2048        dense_1[0][0]                    
__________________________________________________________________________________________________
activation_1 (Activation)       (None, 512)          0           batch_normalization_1[0][0]      
__________________________________________________________________________________________________
z_mean (Dense)                  (None, 5)            2565        activation_1[0][0]               
__________________________________________________________________________________________________
z_log_var (Dense)               (None, 5)            2565        activation_1[0][0]               
__________________________________________________________________________________________________
batch_normalization_2 (BatchNor (None, 5)            20          z_mean[0][0]                     
__________________________________________________________________________________________________
batch_normalization_3 (BatchNor (None, 5)            20          z_log_var[0][0]                  
__________________________________________________________________________________________________
z (Lambda)                      (None, 5)            0           batch_normalization_2[0][0]      
                                                                 batch_normalization_3[0][0]      
==================================================================================================
Total params: 43,559,474
Trainable params: 43,558,430
Non-trainable params: 1,044
__________________________________________________________________________________________________
==== Decoder Architecture...
_________________________________________________________________
Layer (type)                 Output Shape              Param #   
=================================================================
Latent_Space (InputLayer)    (None, 5)                 0         
_________________________________________________________________
dense_2 (Dense)              (None, 512)               3072      
_________________________________________________________________
batch_normalization_4 (Batch (None, 512)               2048      
_________________________________________________________________
activation_2 (Activation)    (None, 512)               0         
_________________________________________________________________
dense_3 (Dense)              (None, 85062)             43636806  
=================================================================
Total params: 43,641,926
Trainable params: 43,640,902
Non-trainable params: 1,024
_________________________________________________________________
Beta 2.50: 458 peaks (target 937, difference -479)
Beta 2.45: 469 peaks (target 937, difference -468)
Beta 2.40: 477 peaks (target 937, difference -460)
Beta 2.35: 486 peaks (target 937, difference -451)
Beta 2.30: 494 peaks (target 937, difference -443)
Beta 2.25: 499 peaks (target 937, difference -438)
Beta 2.20: 508 peaks (target 937, difference -429)
Beta 2.15: 516 peaks (target 937, difference -421)
Beta 2.10: 528 peaks (target 937, difference -409)
Beta 2.05: 544 peaks (target 937, difference -393)
Beta 2.00: 557 peaks (target 937, difference -380)
Beta 1.95: 574 peaks (target 937, difference -363)
Beta 1.90: 591 peaks (target 937, difference -346)
Beta 1.85: 604 peaks (target 937, difference -333)
Beta 1.80: 625 peaks (target 937, difference -312)
Beta 1.75: 648 peaks (target 937, difference -289)
Beta 1.70: 667 peaks (target 937, difference -270)
Beta 1.65: 691 peaks (target 937, difference -246)
Beta 1.60: 708 peaks (target 937, difference -229)
Beta 1.55: 727 peaks (target 937, difference -210)
Beta 1.50: 757 peaks (target 937, difference -180)
Beta 1.45: 789 peaks (target 937, difference -148)
Beta 1.40: 809 peaks (target 937, difference -128)
Beta 1.35: 831 peaks (target 937, difference -106)
Beta 1.30: 842 peaks (target 937, difference -95)
Beta 1.25: 864 peaks (target 937, difference -73)
Beta 1.20: 885 peaks (target 937, difference -52)
Beta 1.15: 916 peaks (target 937, difference -21)
Beta 1.10: 940 peaks (target 937, difference +3)
Beta 1.05: 980 peaks (target 937, difference +43)
Beta 1.00: 1008 peaks (target 937, difference +71)
{
  "dataset": "GBM108_negative",
  "purpose": "paper-aligned post-training msiPL peak-count tuning",
  "training_reused": true,
  "weights": "/datasets/zsuliman/msi_checkpoints/baselines/msipl/massnet/GBM108_negative/msipl_weights.h5",
  "target_peaks": 937,
  "tolerance": 50,
  "tested_beta": {
    "minimum": 1.0,
    "maximum": 2.5,
    "step": 0.05
  },
  "chosen": {
    "beta": 1.1,
    "selected_peaks": 940,
    "target_peaks": 937,
    "difference": 3,
    "absolute_difference": 3,
    "within_tolerance": true
  },
  "status": "within_tolerance"
}
Selected peaks saved to /home-mscluster/zsuliman/msi/results/baselines/msipl/massnet_paper_aligned/GBM108_negative/learned_peaks.csv
{
  "dataset": "GBM108_negative",
  "method": "legacy msiPL VAE-BN plus LearnPeaks",
  "evaluation": "S3PL-compatible PCC-threshold peak classification",
  "thresholds": [
    0.3,
    0.4,
    0.5,
    0.6
  ],
  "spectral_bins": 85062,
  "reported_peaks": 940,
  "unique_nearest_bins": 940,
  "threshold_results": {
    "0.3": {
      "class_metrics": {
        "normal": {
          "true_positive": 292,
          "false_positive": 648,
          "false_negative": 323,
          "true_negative": 83799,
          "recall": 0.47479674796747967,
          "precision": 0.31063829787234043,
          "F1": 0.37556270096463024
        },
        "tumour": {
          "true_positive": 402,
          "false_positive": 538,
          "false_negative": 330,
          "true_negative": 83792,
          "recall": 0.5491803278688525,
          "precision": 0.4276595744680851,
          "F1": 0.48086124401913877
        }
      },
      "mixed_classes": {
        "true_positive": 694,
        "false_positive": 246,
        "false_negative": 653,
        "true_negative": 83469,
        "recall": 0.5152190051967335,
        "precision": 0.7382978723404255,
        "F1": 0.6069086139046787
      },
      "true_bins_mixed": 1347
    },
    "0.4": {
      "class_metrics": {
        "normal": {
          "true_positive": 236,
          "false_positive": 704,
          "false_negative": 199,
          "true_negative": 83923,
          "recall": 0.542528735632184,
          "precision": 0.251063829787234,
          "F1": 0.3432727272727273
        },
        "tumour": {
          "true_positive": 325,
          "false_positive": 615,
          "false_negative": 177,
          "true_negative": 83945,
          "recall": 0.647410358565737,
          "precision": 0.34574468085106386,
          "F1": 0.4507628294036061
        }
      },
      "mixed_classes": {
        "true_positive": 561,
        "false_positive": 379,
        "false_negative": 376,
        "true_negative": 83746,
        "recall": 0.5987193169690501,
        "precision": 0.5968085106382979,
        "F1": 0.5977623867874268
      },
      "true_bins_mixed": 937
    },
    "0.5": {
      "class_metrics": {
        "normal": {
          "true_positive": 201,
          "false_positive": 739,
          "false_negative": 129,
          "true_negative": 83993,
          "recall": 0.6090909090909091,
          "precision": 0.21382978723404256,
          "F1": 0.3165354330708661
        },
        "tumour": {
          "true_positive": 236,
          "false_positive": 704,
          "false_negative": 101,
          "true_negative": 84021,
          "recall": 0.7002967359050445,
          "precision": 0.251063829787234,
          "F1": 0.36961628817541115
        }
      },
      "mixed_classes": {
        "true_positive": 437,
        "false_positive": 503,
        "false_negative": 230,
        "true_negative": 83892,
        "recall": 0.6551724137931034,
        "precision": 0.4648936170212766,
        "F1": 0.5438705662725576
      },
      "true_bins_mixed": 667
    },
    "0.6": {
      "class_metrics": {
        "normal": {
          "true_positive": 153,
          "false_positive": 787,
          "false_negative": 82,
          "true_negative": 84040,
          "recall": 0.6510638297872341,
          "precision": 0.16276595744680852,
          "F1": 0.2604255319148936
        },
        "tumour": {
          "true_positive": 151,
          "false_positive": 789,
          "false_negative": 48,
          "true_negative": 84074,
          "recall": 0.7587939698492462,
          "precision": 0.16063829787234044,
          "F1": 0.26514486391571557
        }
      },
      "mixed_classes": {
        "true_positive": 304,
        "false_positive": 636,
        "false_negative": 130,
        "true_negative": 83992,
        "recall": 0.7004608294930875,
        "precision": 0.32340425531914896,
        "F1": 0.44250363901018924
      },
      "true_bins_mixed": 434
    }
  },
  "mixed_f1": {
    "0.3": 0.6069086139046787,
    "0.4": 0.5977623867874268,
    "0.5": 0.5438705662725576,
    "0.6": 0.44250363901018924
  },
  "mSCF1": 0.547761301493713,
  "status": "complete"
}
