h5py: 3.16.0
pyimzML: available
{
  "dataset": "40TopL",
  "source_imzml": "/datasets/zsuliman/msi_data/cac/40TopL.imzML",
  "source_mask": "/datasets/zsuliman/msi_data/cac/masks/40TopL_mask.npy",
  "output_h5": "/datasets/zsuliman/msi_data/cac_msipl/40TopL.h5",
  "spectra_shape_pixels_mz": [
    4686,
    1481
  ],
  "mz_range": [
    198.0326690673828,
    1060.6724853515625
  ],
  "spatial_shape_y_x": [
    71,
    66
  ],
  "measured_pixels": 4686,
  "grid_pixels": 4686,
  "coverage_percent": 100.0,
  "class_counts_at_measured_pixels": {
    "0": 2295,
    "1": 1395,
    "2": 996
  },
  "checks": {
    "shared_mz_axis": true,
    "mask_coordinate_alignment": true,
    "h5_round_trip": true,
    "intensity_transformation": "none"
  },
  "status": "valid"
}
