=== LOADING DATA ===
Input: /datasets/zsuliman/msi_data/gbm_massnet/GBM108_positive.h5
HDF5 keys: ['Class_Label', 'Data', 'mzArray', 'xLocation', 'yLocation']
Raw Data shape: (85062, 2071)
mzArray shape: (85062,)
xLocation shape: (2071,)
yLocation shape: (2071,)
Transposing Data to (pixels, m/z)...
Final spectra shape: (2071, 85062)
m/z range: 101.923820 - 999.985901
==== Encoder Architecture...
__________________________________________________________________________________________________
Layer (type)                    Output Shape         Param #     Connected to                     
==================================================================================================
encoder_input (InputLayer)      (None, 85062)        0                                            
__________________________________________________________________________________________________
dense_1 (Dense)                 (None, 512)          43552256    encoder_input[0][0]              
__________________________________________________________________________________________________
batch_normalization_1 (BatchNor (None, 512)          2048        dense_1[0][0]                    
__________________________________________________________________________________________________
activation_1 (Activation)       (None, 512)          0           batch_normalization_1[0][0]      
__________________________________________________________________________________________________
z_mean (Dense)                  (None, 5)            2565        activation_1[0][0]               
__________________________________________________________________________________________________
z_log_var (Dense)               (None, 5)            2565        activation_1[0][0]               
__________________________________________________________________________________________________
batch_normalization_2 (BatchNor (None, 5)            20          z_mean[0][0]                     
__________________________________________________________________________________________________
batch_normalization_3 (BatchNor (None, 5)            20          z_log_var[0][0]                  
__________________________________________________________________________________________________
z (Lambda)                      (None, 5)            0           batch_normalization_2[0][0]      
                                                                 batch_normalization_3[0][0]      
==================================================================================================
Total params: 43,559,474
Trainable params: 43,558,430
Non-trainable params: 1,044
__________________________________________________________________________________________________
==== Decoder Architecture...
_________________________________________________________________
Layer (type)                 Output Shape              Param #   
=================================================================
Latent_Space (InputLayer)    (None, 5)                 0         
_________________________________________________________________
dense_2 (Dense)              (None, 512)               3072      
_________________________________________________________________
batch_normalization_4 (Batch (None, 512)               2048      
_________________________________________________________________
activation_2 (Activation)    (None, 512)               0         
_________________________________________________________________
dense_3 (Dense)              (None, 85062)             43636806  
=================================================================
Total params: 43,641,926
Trainable params: 43,640,902
Non-trainable params: 1,024
_________________________________________________________________
Beta 2.50: 530 peaks (target 581, difference -51)
Beta 2.45: 543 peaks (target 581, difference -38)
Beta 2.40: 551 peaks (target 581, difference -30)
Beta 2.35: 556 peaks (target 581, difference -25)
Beta 2.30: 567 peaks (target 581, difference -14)
Beta 2.25: 573 peaks (target 581, difference -8)
Beta 2.20: 584 peaks (target 581, difference +3)
Beta 2.15: 590 peaks (target 581, difference +9)
Beta 2.10: 599 peaks (target 581, difference +18)
Beta 2.05: 610 peaks (target 581, difference +29)
Beta 2.00: 620 peaks (target 581, difference +39)
Beta 1.95: 632 peaks (target 581, difference +51)
Beta 1.90: 645 peaks (target 581, difference +64)
Beta 1.85: 654 peaks (target 581, difference +73)
Beta 1.80: 667 peaks (target 581, difference +86)
Beta 1.75: 683 peaks (target 581, difference +102)
Beta 1.70: 694 peaks (target 581, difference +113)
Beta 1.65: 707 peaks (target 581, difference +126)
Beta 1.60: 725 peaks (target 581, difference +144)
Beta 1.55: 737 peaks (target 581, difference +156)
Beta 1.50: 753 peaks (target 581, difference +172)
Beta 1.45: 768 peaks (target 581, difference +187)
Beta 1.40: 784 peaks (target 581, difference +203)
Beta 1.35: 805 peaks (target 581, difference +224)
Beta 1.30: 824 peaks (target 581, difference +243)
Beta 1.25: 835 peaks (target 581, difference +254)
Beta 1.20: 861 peaks (target 581, difference +280)
Beta 1.15: 888 peaks (target 581, difference +307)
Beta 1.10: 917 peaks (target 581, difference +336)
Beta 1.05: 939 peaks (target 581, difference +358)
Beta 1.00: 963 peaks (target 581, difference +382)
{
  "dataset": "GBM108_positive",
  "purpose": "paper-aligned post-training msiPL peak-count tuning",
  "training_reused": true,
  "weights": "/datasets/zsuliman/msi_checkpoints/baselines/msipl/massnet/GBM108_positive/msipl_weights.h5",
  "target_peaks": 581,
  "tolerance": 50,
  "tested_beta": {
    "minimum": 1.0,
    "maximum": 2.5,
    "step": 0.05
  },
  "chosen": {
    "beta": 2.2,
    "selected_peaks": 584,
    "target_peaks": 581,
    "difference": 3,
    "absolute_difference": 3,
    "within_tolerance": true
  },
  "status": "within_tolerance"
}
Selected peaks saved to /home-mscluster/zsuliman/msi/results/baselines/msipl/massnet_paper_aligned/GBM108_positive/learned_peaks.csv
{
  "dataset": "GBM108_positive",
  "method": "legacy msiPL VAE-BN plus LearnPeaks",
  "evaluation": "S3PL-compatible PCC-threshold peak classification",
  "thresholds": [
    0.3,
    0.4,
    0.5,
    0.6
  ],
  "spectral_bins": 85062,
  "reported_peaks": 584,
  "unique_nearest_bins": 584,
  "threshold_results": {
    "0.3": {
      "class_metrics": {
        "normal": {
          "true_positive": 193,
          "false_positive": 391,
          "false_negative": 254,
          "true_negative": 84224,
          "recall": 0.4317673378076063,
          "precision": 0.3304794520547945,
          "F1": 0.3743937924345296
        },
        "tumour": {
          "true_positive": 176,
          "false_positive": 408,
          "false_negative": 317,
          "true_negative": 84161,
          "recall": 0.35699797160243407,
          "precision": 0.3013698630136986,
          "F1": 0.3268337975858867
        }
      },
      "mixed_classes": {
        "true_positive": 369,
        "false_positive": 215,
        "false_negative": 571,
        "true_negative": 83907,
        "recall": 0.3925531914893617,
        "precision": 0.6318493150684932,
        "F1": 0.484251968503937
      },
      "true_bins_mixed": 940
    },
    "0.4": {
      "class_metrics": {
        "normal": {
          "true_positive": 135,
          "false_positive": 449,
          "false_negative": 145,
          "true_negative": 84333,
          "recall": 0.48214285714285715,
          "precision": 0.23116438356164384,
          "F1": 0.3125
        },
        "tumour": {
          "true_positive": 149,
          "false_positive": 435,
          "false_negative": 152,
          "true_negative": 84326,
          "recall": 0.4950166112956811,
          "precision": 0.2551369863013699,
          "F1": 0.3367231638418079
        }
      },
      "mixed_classes": {
        "true_positive": 284,
        "false_positive": 300,
        "false_negative": 297,
        "true_negative": 84181,
        "recall": 0.48881239242685026,
        "precision": 0.4863013698630137,
        "F1": 0.4875536480686695
      },
      "true_bins_mixed": 581
    },
    "0.5": {
      "class_metrics": {
        "normal": {
          "true_positive": 91,
          "false_positive": 493,
          "false_negative": 90,
          "true_negative": 84388,
          "recall": 0.5027624309392266,
          "precision": 0.1558219178082192,
          "F1": 0.23790849673202613
        },
        "tumour": {
          "true_positive": 102,
          "false_positive": 482,
          "false_negative": 54,
          "true_negative": 84424,
          "recall": 0.6538461538461539,
          "precision": 0.17465753424657535,
          "F1": 0.2756756756756757
        }
      },
      "mixed_classes": {
        "true_positive": 193,
        "false_positive": 391,
        "false_negative": 144,
        "true_negative": 84334,
        "recall": 0.5727002967359051,
        "precision": 0.3304794520547945,
        "F1": 0.4191096634093377
      },
      "true_bins_mixed": 337
    },
    "0.6": {
      "class_metrics": {
        "normal": {
          "true_positive": 57,
          "false_positive": 527,
          "false_negative": 44,
          "true_negative": 84434,
          "recall": 0.5643564356435643,
          "precision": 0.0976027397260274,
          "F1": 0.16642335766423358
        },
        "tumour": {
          "true_positive": 34,
          "false_positive": 550,
          "false_negative": 12,
          "true_negative": 84466,
          "recall": 0.7391304347826086,
          "precision": 0.05821917808219178,
          "F1": 0.10793650793650794
        }
      },
      "mixed_classes": {
        "true_positive": 91,
        "false_positive": 493,
        "false_negative": 56,
        "true_negative": 84422,
        "recall": 0.6190476190476191,
        "precision": 0.1558219178082192,
        "F1": 0.24897400820793433
      },
      "true_bins_mixed": 147
    }
  },
  "mixed_f1": {
    "0.3": 0.484251968503937,
    "0.4": 0.4875536480686695,
    "0.5": 0.4191096634093377,
    "0.6": 0.24897400820793433
  },
  "mSCF1": 0.40997232204746964,
  "status": "complete"
}
