Python 3.6.10 :: Anaconda, Inc.
/home-mscluster/zsuliman/miniconda3/envs/msipl_legacy/lib/python3.6/site-packages/h5py/__init__.py:36: FutureWarning: Conversion of the second argument of issubdtype from `float` to `np.floating` is deprecated. In future, it will be treated as `np.float64 == np.dtype(float).type`.
  from ._conv import register_converters as _register_converters
/home-mscluster/zsuliman/miniconda3/envs/msipl_legacy/lib/python3.6/site-packages/h5py/__init__.py:36: FutureWarning: Conversion of the second argument of issubdtype from `float` to `np.floating` is deprecated. In future, it will be treated as `np.float64 == np.dtype(float).type`.
  from ._conv import register_converters as _register_converters
Using TensorFlow backend.
2026-08-15 12:04:07.801107: I tensorflow/core/platform/cpu_feature_guard.cc:140] Your CPU supports instructions that this TensorFlow binary was not compiled to use: AVX2 AVX512F FMA
/home-mscluster/zsuliman/miniconda3/envs/msipl_legacy/lib/python3.6/site-packages/h5py/__init__.py:36: FutureWarning: Conversion of the second argument of issubdtype from `float` to `np.floating` is deprecated. In future, it will be treated as `np.float64 == np.dtype(float).type`.
  from ._conv import register_converters as _register_converters
Using TensorFlow backend.
/home-mscluster/zsuliman/msi/baselines/msipl/Computational_Model_legacy.py:84: UserWarning: Output "decoder" missing from loss dictionary. We assume this was done on purpose, and we will not be expecting any data to be passed to "decoder" during training.
  VAE_BN_model.compile(optimizer='adam')
Traceback (most recent call last):
  File "scripts/run_msipl_legacy_gbm.py", line 705, in <module>
    main()
  File "scripts/run_msipl_legacy_gbm.py", line 369, in main
    os.makedirs(checkpoint_dir)
  File "/home-mscluster/zsuliman/miniconda3/envs/msipl_legacy/lib/python3.6/os.py", line 220, in makedirs
    mkdir(name, mode)
FileExistsError: [Errno 17] File exists: '/home-mscluster/zsuliman/msi/checkpoints/baselines/msipl/legacy/Dataset_S3'
