==========================================
      LEGACY msiPL VISUALISATION
==========================================
Dataset: Dataset_S3
Date: Sat Aug 15 12:16:49 PM UTC 2026
Job ID: 43314
Node: mscluster85.ms.wits.ac.za

==========================================
       LEGACY msiPL VISUALISATION
==========================================
Input: /datasets/zsuliman/msi_data/gbm/Dataset_S3.h5
Checkpoint: checkpoints/baselines/msipl/legacy/Dataset_S3/msipl_weights.h5
Output: results/baselines/msipl/legacy/Dataset_S3

Building model...
==== Encoder Architecture...
__________________________________________________________________________________________________
Layer (type)                    Output Shape         Param #     Connected to                     
==================================================================================================
encoder_input (InputLayer)      (None, 21241)        0                                            
__________________________________________________________________________________________________
dense_1 (Dense)                 (None, 512)          10875904    encoder_input[0][0]              
__________________________________________________________________________________________________
batch_normalization_1 (BatchNor (None, 512)          2048        dense_1[0][0]                    
__________________________________________________________________________________________________
activation_1 (Activation)       (None, 512)          0           batch_normalization_1[0][0]      
__________________________________________________________________________________________________
z_mean (Dense)                  (None, 5)            2565        activation_1[0][0]               
__________________________________________________________________________________________________
z_log_var (Dense)               (None, 5)            2565        activation_1[0][0]               
__________________________________________________________________________________________________
batch_normalization_2 (BatchNor (None, 5)            20          z_mean[0][0]                     
__________________________________________________________________________________________________
batch_normalization_3 (BatchNor (None, 5)            20          z_log_var[0][0]                  
__________________________________________________________________________________________________
z (Lambda)                      (None, 5)            0           batch_normalization_2[0][0]      
                                                                 batch_normalization_3[0][0]      
==================================================================================================
Total params: 10,883,122
Trainable params: 10,882,078
Non-trainable params: 1,044
__________________________________________________________________________________________________
==== Decoder Architecture...
_________________________________________________________________
Layer (type)                 Output Shape              Param #   
=================================================================
Latent_Space (InputLayer)    (None, 5)                 0         
_________________________________________________________________
dense_2 (Dense)              (None, 512)               3072      
_________________________________________________________________
batch_normalization_4 (Batch (None, 512)               2048      
_________________________________________________________________
activation_2 (Activation)    (None, 512)               0         
_________________________________________________________________
dense_3 (Dense)              (None, 21241)             10896633  
=================================================================
Total params: 10,901,753
Trainable params: 10,900,729
Non-trainable params: 1,024
_________________________________________________________________

Loading weights...
