=== LOADING DATA ===
Input: /datasets/zsuliman/msi_data/cac_msipl/40TopL.h5
HDF5 keys: ['Class_Label', 'Data', 'mzArray', 'xLocation', 'yLocation']
Raw Data shape: (4686, 1481)
mzArray shape: (1481,)
xLocation shape: (4686,)
yLocation shape: (4686,)
Final spectra shape: (4686, 1481)
m/z range: 198.032669 - 1060.672485
==== Encoder Architecture...
__________________________________________________________________________________________________
Layer (type)                    Output Shape         Param #     Connected to                     
==================================================================================================
encoder_input (InputLayer)      (None, 1481)         0                                            
__________________________________________________________________________________________________
dense_1 (Dense)                 (None, 512)          758784      encoder_input[0][0]              
__________________________________________________________________________________________________
batch_normalization_1 (BatchNor (None, 512)          2048        dense_1[0][0]                    
__________________________________________________________________________________________________
activation_1 (Activation)       (None, 512)          0           batch_normalization_1[0][0]      
__________________________________________________________________________________________________
z_mean (Dense)                  (None, 5)            2565        activation_1[0][0]               
__________________________________________________________________________________________________
z_log_var (Dense)               (None, 5)            2565        activation_1[0][0]               
__________________________________________________________________________________________________
batch_normalization_2 (BatchNor (None, 5)            20          z_mean[0][0]                     
__________________________________________________________________________________________________
batch_normalization_3 (BatchNor (None, 5)            20          z_log_var[0][0]                  
__________________________________________________________________________________________________
z (Lambda)                      (None, 5)            0           batch_normalization_2[0][0]      
                                                                 batch_normalization_3[0][0]      
==================================================================================================
Total params: 766,002
Trainable params: 764,958
Non-trainable params: 1,044
__________________________________________________________________________________________________
==== Decoder Architecture...
_________________________________________________________________
Layer (type)                 Output Shape              Param #   
=================================================================
Latent_Space (InputLayer)    (None, 5)                 0         
_________________________________________________________________
dense_2 (Dense)              (None, 512)               3072      
_________________________________________________________________
batch_normalization_4 (Batch (None, 512)               2048      
_________________________________________________________________
activation_2 (Activation)    (None, 512)               0         
_________________________________________________________________
dense_3 (Dense)              (None, 1481)              759753    
=================================================================
Total params: 764,873
Trainable params: 763,849
Non-trainable params: 1,024
_________________________________________________________________
Beta 2.50: 28 peaks (target 342, difference -314)
Beta 2.45: 28 peaks (target 342, difference -314)
Beta 2.40: 29 peaks (target 342, difference -313)
Beta 2.35: 32 peaks (target 342, difference -310)
Beta 2.30: 32 peaks (target 342, difference -310)
Beta 2.25: 32 peaks (target 342, difference -310)
Beta 2.20: 32 peaks (target 342, difference -310)
Beta 2.15: 34 peaks (target 342, difference -308)
Beta 2.10: 34 peaks (target 342, difference -308)
Beta 2.05: 36 peaks (target 342, difference -306)
Beta 2.00: 37 peaks (target 342, difference -305)
Beta 1.95: 41 peaks (target 342, difference -301)
Beta 1.90: 42 peaks (target 342, difference -300)
Beta 1.85: 43 peaks (target 342, difference -299)
Beta 1.80: 44 peaks (target 342, difference -298)
Beta 1.75: 45 peaks (target 342, difference -297)
Beta 1.70: 46 peaks (target 342, difference -296)
Beta 1.65: 46 peaks (target 342, difference -296)
Beta 1.60: 48 peaks (target 342, difference -294)
Beta 1.55: 50 peaks (target 342, difference -292)
Beta 1.50: 52 peaks (target 342, difference -290)
Beta 1.45: 54 peaks (target 342, difference -288)
Beta 1.40: 56 peaks (target 342, difference -286)
Beta 1.35: 58 peaks (target 342, difference -284)
Beta 1.30: 63 peaks (target 342, difference -279)
Beta 1.25: 64 peaks (target 342, difference -278)
Beta 1.20: 67 peaks (target 342, difference -275)
Beta 1.15: 69 peaks (target 342, difference -273)
Beta 1.10: 74 peaks (target 342, difference -268)
Beta 1.05: 76 peaks (target 342, difference -266)
Beta 1.00: 76 peaks (target 342, difference -266)
Beta 0.95: 79 peaks (target 342, difference -263)
Beta 0.90: 87 peaks (target 342, difference -255)
Beta 0.85: 90 peaks (target 342, difference -252)
Beta 0.80: 99 peaks (target 342, difference -243)
Beta 0.75: 105 peaks (target 342, difference -237)
Beta 0.70: 114 peaks (target 342, difference -228)
Beta 0.65: 121 peaks (target 342, difference -221)
Beta 0.60: 128 peaks (target 342, difference -214)
Beta 0.55: 134 peaks (target 342, difference -208)
Beta 0.50: 142 peaks (target 342, difference -200)
Beta 0.45: 154 peaks (target 342, difference -188)
Beta 0.40: 175 peaks (target 342, difference -167)
Beta 0.35: 192 peaks (target 342, difference -150)
Beta 0.30: 216 peaks (target 342, difference -126)
Beta 0.25: 263 peaks (target 342, difference -79)
Beta 0.20: 315 peaks (target 342, difference -27)
Beta 0.15: 401 peaks (target 342, difference +59)
Beta 0.10: 477 peaks (target 342, difference +135)
Beta 0.05: 534 peaks (target 342, difference +192)
Beta 0.00: 538 peaks (target 342, difference +196)
{
  "dataset": "40TopL",
  "purpose": "paper-aligned post-training msiPL peak-count tuning",
  "training_reused": true,
  "weights": "/datasets/zsuliman/msi_checkpoints/baselines/msipl/cac/40TopL/msipl_weights.h5",
  "target_peaks": 342,
  "tolerance": 50,
  "tested_beta": {
    "minimum": 0.0,
    "maximum": 2.5,
    "step": 0.05
  },
  "chosen": {
    "beta": 0.2,
    "selected_peaks": 315,
    "target_peaks": 342,
    "difference": -27,
    "absolute_difference": 27,
    "within_tolerance": true
  },
  "status": "within_tolerance"
}
Selected peaks saved to /home-mscluster/zsuliman/msi/results/baselines/msipl/cac/40TopL/learned_peaks.csv
{
  "dataset": "40TopL",
  "method": "legacy msiPL VAE-BN plus LearnPeaks",
  "evaluation": "S3PL-compatible PCC-threshold peak classification",
  "thresholds": [
    0.3,
    0.4,
    0.5,
    0.6
  ],
  "spectral_bins": 1481,
  "class_values": [
    0,
    1,
    2
  ],
  "class_names": {
    "0": "class_0",
    "1": "class_1",
    "2": "class_2"
  },
  "reported_peaks": 315,
  "unique_nearest_bins": 315,
  "threshold_results": {
    "0.3": {
      "class_metrics": {
        "class_0": {
          "true_positive": 49,
          "false_positive": 266,
          "false_negative": 16,
          "true_negative": 1150,
          "recall": 0.7538461538461538,
          "precision": 0.15555555555555556,
          "F1": 0.2578947368421053
        },
        "class_1": {
          "true_positive": 102,
          "false_positive": 213,
          "false_negative": 84,
          "true_negative": 1082,
          "recall": 0.5483870967741935,
          "precision": 0.3238095238095238,
          "F1": 0.40718562874251496
        },
        "class_2": {
          "true_positive": 53,
          "false_positive": 262,
          "false_negative": 38,
          "true_negative": 1128,
          "recall": 0.5824175824175825,
          "precision": 0.16825396825396827,
          "F1": 0.26108374384236455
        }
      },
      "mixed_classes": {
        "true_positive": 178,
        "false_positive": 137,
        "false_negative": 119,
        "true_negative": 1047,
        "recall": 0.5993265993265994,
        "precision": 0.5650793650793651,
        "F1": 0.5816993464052288
      },
      "true_bins_mixed": 297
    },
    "0.4": {
      "class_metrics": {
        "class_0": {
          "true_positive": 43,
          "false_positive": 272,
          "false_negative": 13,
          "true_negative": 1153,
          "recall": 0.7678571428571429,
          "precision": 0.1365079365079365,
          "F1": 0.23180592991913745
        },
        "class_1": {
          "true_positive": 78,
          "false_positive": 237,
          "false_negative": 61,
          "true_negative": 1105,
          "recall": 0.5611510791366906,
          "precision": 0.24761904761904763,
          "F1": 0.3436123348017621
        },
        "class_2": {
          "true_positive": 39,
          "false_positive": 276,
          "false_negative": 23,
          "true_negative": 1143,
          "recall": 0.6290322580645161,
          "precision": 0.12380952380952381,
          "F1": 0.20689655172413793
        }
      },
      "mixed_classes": {
        "true_positive": 147,
        "false_positive": 168,
        "false_negative": 92,
        "true_negative": 1074,
        "recall": 0.6150627615062761,
        "precision": 0.4666666666666667,
        "F1": 0.5306859205776173
      },
      "true_bins_mixed": 239
    },
    "0.5": {
      "class_metrics": {
        "class_0": {
          "true_positive": 38,
          "false_positive": 277,
          "false_negative": 9,
          "true_negative": 1157,
          "recall": 0.8085106382978723,
          "precision": 0.12063492063492064,
          "F1": 0.20994475138121546
        },
        "class_1": {
          "true_positive": 51,
          "false_positive": 264,
          "false_negative": 39,
          "true_negative": 1127,
          "recall": 0.5666666666666667,
          "precision": 0.1619047619047619,
          "F1": 0.2518518518518518
        },
        "class_2": {
          "true_positive": 16,
          "false_positive": 299,
          "false_negative": 14,
          "true_negative": 1152,
          "recall": 0.5333333333333333,
          "precision": 0.050793650793650794,
          "F1": 0.0927536231884058
        }
      },
      "mixed_classes": {
        "true_positive": 105,
        "false_positive": 210,
        "false_negative": 62,
        "true_negative": 1104,
        "recall": 0.6287425149700598,
        "precision": 0.3333333333333333,
        "F1": 0.43568464730290457
      },
      "true_bins_mixed": 167
    },
    "0.6": {
      "class_metrics": {
        "class_0": {
          "true_positive": 29,
          "false_positive": 286,
          "false_negative": 7,
          "true_negative": 1159,
          "recall": 0.8055555555555556,
          "precision": 0.09206349206349207,
          "F1": 0.16524216524216523
        },
        "class_1": {
          "true_positive": 37,
          "false_positive": 278,
          "false_negative": 15,
          "true_negative": 1151,
          "recall": 0.7115384615384616,
          "precision": 0.11746031746031746,
          "F1": 0.2016348773841962
        },
        "class_2": {
          "true_positive": 10,
          "false_positive": 305,
          "false_negative": 6,
          "true_negative": 1160,
          "recall": 0.625,
          "precision": 0.031746031746031744,
          "F1": 0.06042296072507553
        }
      },
      "mixed_classes": {
        "true_positive": 76,
        "false_positive": 239,
        "false_negative": 28,
        "true_negative": 1138,
        "recall": 0.7307692307692307,
        "precision": 0.24126984126984127,
        "F1": 0.3627684964200477
      },
      "true_bins_mixed": 104
    }
  },
  "mixed_f1": {
    "0.3": 0.5816993464052288,
    "0.4": 0.5306859205776173,
    "0.5": 0.43568464730290457,
    "0.6": 0.3627684964200477
  },
  "mSCF1": 0.47770960267644963,
  "status": "complete"
}
