=== LOADING DATA ===
Input: /datasets/zsuliman/msi_data/gbm_massnet/GBM22_2.h5
HDF5 keys: ['Class_Label', 'Data', 'mzArray', 'xLocation', 'yLocation']
Raw Data shape: (85062, 4524)
mzArray shape: (85062,)
xLocation shape: (4524,)
yLocation shape: (4524,)
Transposing Data to (pixels, m/z)...
Final spectra shape: (4524, 85062)
m/z range: 101.923820 - 999.985901
==== Encoder Architecture...
__________________________________________________________________________________________________
Layer (type)                    Output Shape         Param #     Connected to                     
==================================================================================================
encoder_input (InputLayer)      (None, 85062)        0                                            
__________________________________________________________________________________________________
dense_1 (Dense)                 (None, 512)          43552256    encoder_input[0][0]              
__________________________________________________________________________________________________
batch_normalization_1 (BatchNor (None, 512)          2048        dense_1[0][0]                    
__________________________________________________________________________________________________
activation_1 (Activation)       (None, 512)          0           batch_normalization_1[0][0]      
__________________________________________________________________________________________________
z_mean (Dense)                  (None, 5)            2565        activation_1[0][0]               
__________________________________________________________________________________________________
z_log_var (Dense)               (None, 5)            2565        activation_1[0][0]               
__________________________________________________________________________________________________
batch_normalization_2 (BatchNor (None, 5)            20          z_mean[0][0]                     
__________________________________________________________________________________________________
batch_normalization_3 (BatchNor (None, 5)            20          z_log_var[0][0]                  
__________________________________________________________________________________________________
z (Lambda)                      (None, 5)            0           batch_normalization_2[0][0]      
                                                                 batch_normalization_3[0][0]      
==================================================================================================
Total params: 43,559,474
Trainable params: 43,558,430
Non-trainable params: 1,044
__________________________________________________________________________________________________
==== Decoder Architecture...
_________________________________________________________________
Layer (type)                 Output Shape              Param #   
=================================================================
Latent_Space (InputLayer)    (None, 5)                 0         
_________________________________________________________________
dense_2 (Dense)              (None, 512)               3072      
_________________________________________________________________
batch_normalization_4 (Batch (None, 512)               2048      
_________________________________________________________________
activation_2 (Activation)    (None, 512)               0         
_________________________________________________________________
dense_3 (Dense)              (None, 85062)             43636806  
=================================================================
Total params: 43,641,926
Trainable params: 43,640,902
Non-trainable params: 1,024
_________________________________________________________________
Beta 2.50: 464 peaks (target 1014, difference -550)
Beta 2.45: 476 peaks (target 1014, difference -538)
Beta 2.40: 485 peaks (target 1014, difference -529)
Beta 2.35: 496 peaks (target 1014, difference -518)
Beta 2.30: 516 peaks (target 1014, difference -498)
Beta 2.25: 529 peaks (target 1014, difference -485)
Beta 2.20: 546 peaks (target 1014, difference -468)
Beta 2.15: 560 peaks (target 1014, difference -454)
Beta 2.10: 575 peaks (target 1014, difference -439)
Beta 2.05: 587 peaks (target 1014, difference -427)
Beta 2.00: 603 peaks (target 1014, difference -411)
Beta 1.95: 620 peaks (target 1014, difference -394)
Beta 1.90: 642 peaks (target 1014, difference -372)
Beta 1.85: 653 peaks (target 1014, difference -361)
Beta 1.80: 676 peaks (target 1014, difference -338)
Beta 1.75: 689 peaks (target 1014, difference -325)
Beta 1.70: 713 peaks (target 1014, difference -301)
Beta 1.65: 734 peaks (target 1014, difference -280)
Beta 1.60: 747 peaks (target 1014, difference -267)
Beta 1.55: 766 peaks (target 1014, difference -248)
Beta 1.50: 786 peaks (target 1014, difference -228)
Beta 1.45: 813 peaks (target 1014, difference -201)
Beta 1.40: 839 peaks (target 1014, difference -175)
Beta 1.35: 860 peaks (target 1014, difference -154)
Beta 1.30: 882 peaks (target 1014, difference -132)
Beta 1.25: 910 peaks (target 1014, difference -104)
Beta 1.20: 934 peaks (target 1014, difference -80)
Beta 1.15: 957 peaks (target 1014, difference -57)
Beta 1.10: 993 peaks (target 1014, difference -21)
Beta 1.05: 1028 peaks (target 1014, difference +14)
Beta 1.00: 1050 peaks (target 1014, difference +36)
{
  "dataset": "GBM22_2",
  "purpose": "paper-aligned post-training msiPL peak-count tuning",
  "training_reused": true,
  "weights": "/datasets/zsuliman/msi_checkpoints/baselines/msipl/massnet/GBM22_2/msipl_weights.h5",
  "target_peaks": 1014,
  "tolerance": 50,
  "tested_beta": {
    "minimum": 1.0,
    "maximum": 2.5,
    "step": 0.05
  },
  "chosen": {
    "beta": 1.05,
    "selected_peaks": 1028,
    "target_peaks": 1014,
    "difference": 14,
    "absolute_difference": 14,
    "within_tolerance": true
  },
  "status": "within_tolerance"
}
Selected peaks saved to /home-mscluster/zsuliman/msi/results/baselines/msipl/massnet_paper_aligned/GBM22_2/learned_peaks.csv
{
  "dataset": "GBM22_2",
  "method": "legacy msiPL VAE-BN plus LearnPeaks",
  "evaluation": "S3PL-compatible PCC-threshold peak classification",
  "thresholds": [
    0.3,
    0.4,
    0.5,
    0.6
  ],
  "spectral_bins": 85062,
  "reported_peaks": 1028,
  "unique_nearest_bins": 1028,
  "threshold_results": {
    "0.3": {
      "class_metrics": {
        "normal": {
          "true_positive": 353,
          "false_positive": 675,
          "false_negative": 230,
          "true_negative": 83804,
          "recall": 0.6054888507718696,
          "precision": 0.3433852140077821,
          "F1": 0.4382371198013656
        },
        "tumour": {
          "true_positive": 285,
          "false_positive": 743,
          "false_negative": 553,
          "true_negative": 83481,
          "recall": 0.34009546539379476,
          "precision": 0.2772373540856031,
          "F1": 0.3054662379421222
        }
      },
      "mixed_classes": {
        "true_positive": 638,
        "false_positive": 390,
        "false_negative": 783,
        "true_negative": 83251,
        "recall": 0.4489795918367347,
        "precision": 0.6206225680933852,
        "F1": 0.5210289914250714
      },
      "true_bins_mixed": 1421
    },
    "0.4": {
      "class_metrics": {
        "normal": {
          "true_positive": 246,
          "false_positive": 782,
          "false_negative": 127,
          "true_negative": 83907,
          "recall": 0.6595174262734584,
          "precision": 0.23929961089494164,
          "F1": 0.3511777301927195
        },
        "tumour": {
          "true_positive": 263,
          "false_positive": 765,
          "false_negative": 378,
          "true_negative": 83656,
          "recall": 0.41029641185647425,
          "precision": 0.25583657587548636,
          "F1": 0.3151587777112043
        }
      },
      "mixed_classes": {
        "true_positive": 509,
        "false_positive": 519,
        "false_negative": 505,
        "true_negative": 83529,
        "recall": 0.5019723865877712,
        "precision": 0.49513618677042803,
        "F1": 0.49853085210577863
      },
      "true_bins_mixed": 1014
    },
    "0.5": {
      "class_metrics": {
        "normal": {
          "true_positive": 177,
          "false_positive": 851,
          "false_negative": 77,
          "true_negative": 83957,
          "recall": 0.6968503937007874,
          "precision": 0.17217898832684825,
          "F1": 0.27613104524180965
        },
        "tumour": {
          "true_positive": 230,
          "false_positive": 798,
          "false_negative": 252,
          "true_negative": 83782,
          "recall": 0.47717842323651455,
          "precision": 0.2237354085603113,
          "F1": 0.304635761589404
        }
      },
      "mixed_classes": {
        "true_positive": 407,
        "false_positive": 621,
        "false_negative": 329,
        "true_negative": 83705,
        "recall": 0.5529891304347826,
        "precision": 0.3959143968871595,
        "F1": 0.4614512471655329
      },
      "true_bins_mixed": 736
    },
    "0.6": {
      "class_metrics": {
        "normal": {
          "true_positive": 115,
          "false_positive": 913,
          "false_negative": 31,
          "true_negative": 84003,
          "recall": 0.7876712328767124,
          "precision": 0.11186770428015565,
          "F1": 0.19591141396933562
        },
        "tumour": {
          "true_positive": 188,
          "false_positive": 840,
          "false_negative": 170,
          "true_negative": 83864,
          "recall": 0.5251396648044693,
          "precision": 0.1828793774319066,
          "F1": 0.2712842712842713
        }
      },
      "mixed_classes": {
        "true_positive": 303,
        "false_positive": 725,
        "false_negative": 201,
        "true_negative": 83833,
        "recall": 0.6011904761904762,
        "precision": 0.29474708171206226,
        "F1": 0.39556135770234985
      },
      "true_bins_mixed": 504
    }
  },
  "mixed_f1": {
    "0.3": 0.5210289914250714,
    "0.4": 0.49853085210577863,
    "0.5": 0.4614512471655329,
    "0.6": 0.39556135770234985
  },
  "mSCF1": 0.4691431120996832,
  "status": "complete"
}
