/home-mscluster/zsuliman/miniconda3/envs/msipl_legacy/lib/python3.6/site-packages/h5py/__init__.py:36: FutureWarning: Conversion of the second argument of issubdtype from `float` to `np.floating` is deprecated. In future, it will be treated as `np.float64 == np.dtype(float).type`.
  from ._conv import register_converters as _register_converters
Using TensorFlow backend.
/home-mscluster/zsuliman/msi/baselines/msipl/Computational_Model_legacy.py:84: UserWarning: Output "decoder" missing from loss dictionary. We assume this was done on purpose, and we will not be expecting any data to be passed to "decoder" during training.
  VAE_BN_model.compile(optimizer='adam')
Traceback (most recent call last):
  File "scripts/visualise_msipl_legacy_gbm.py", line 831, in <module>
    main()
  File "scripts/visualise_msipl_legacy_gbm.py", line 625, in main
    args.checkpoint
  File "/home-mscluster/zsuliman/miniconda3/envs/msipl_legacy/lib/python3.6/site-packages/keras/engine/topology.py", line 2647, in load_weights
    with h5py.File(filepath, mode='r') as f:
  File "/home-mscluster/zsuliman/miniconda3/envs/msipl_legacy/lib/python3.6/site-packages/h5py/_hl/files.py", line 269, in __init__
    fid = make_fid(name, mode, userblock_size, fapl, swmr=swmr)
  File "/home-mscluster/zsuliman/miniconda3/envs/msipl_legacy/lib/python3.6/site-packages/h5py/_hl/files.py", line 99, in make_fid
    fid = h5f.open(name, flags, fapl=fapl)
  File "h5py/_objects.pyx", line 54, in h5py._objects.with_phil.wrapper
  File "h5py/_objects.pyx", line 55, in h5py._objects.with_phil.wrapper
  File "h5py/h5f.pyx", line 78, in h5py.h5f.open
OSError: Unable to open file (unable to open file: name = 'checkpoints/baselines/msipl/legacy/Dataset_S3/msipl_weights.h5', errno = 2, error message = 'No such file or directory', flags = 0, o_flags = 0)
