2026-08-11 08:20:46.921182: I tensorflow/core/util/port.cc:113] oneDNN custom operations are on. You may see slightly different numerical results due to floating-point round-off errors from different computation orders. To turn them off, set the environment variable `TF_ENABLE_ONEDNN_OPTS=0`.
2026-08-11 08:20:47.665295: I external/local_tsl/tsl/cuda/cudart_stub.cc:31] Could not find cuda drivers on your machine, GPU will not be used.
2026-08-11 08:20:49.223063: E external/local_xla/xla/stream_executor/cuda/cuda_dnn.cc:9261] Unable to register cuDNN factory: Attempting to register factory for plugin cuDNN when one has already been registered
2026-08-11 08:20:49.223117: E external/local_xla/xla/stream_executor/cuda/cuda_fft.cc:607] Unable to register cuFFT factory: Attempting to register factory for plugin cuFFT when one has already been registered
2026-08-11 08:20:49.466949: E external/local_xla/xla/stream_executor/cuda/cuda_blas.cc:1515] Unable to register cuBLAS factory: Attempting to register factory for plugin cuBLAS when one has already been registered
2026-08-11 08:20:50.076102: I external/local_tsl/tsl/cuda/cudart_stub.cc:31] Could not find cuda drivers on your machine, GPU will not be used.
2026-08-11 08:20:50.080200: I tensorflow/core/platform/cpu_feature_guard.cc:182] This TensorFlow binary is optimized to use available CPU instructions in performance-critical operations.
To enable the following instructions: AVX2 AVX512F AVX512_VNNI FMA, in other operations, rebuild TensorFlow with the appropriate compiler flags.
2026-08-11 08:21:05.917091: W tensorflow/compiler/tf2tensorrt/utils/py_utils.cc:38] TF-TRT Warning: Could not find TensorRT
2026-08-11 08:21:27.465512: E external/local_xla/xla/stream_executor/cuda/cuda_driver.cc:274] failed call to cuInit: CUDA_ERROR_UNKNOWN: unknown error
2026-08-11 08:21:27.465569: I external/local_xla/xla/stream_executor/cuda/cuda_diagnostics.cc:129] retrieving CUDA diagnostic information for host: mscluster75.ms.wits.ac.za
2026-08-11 08:21:27.465584: I external/local_xla/xla/stream_executor/cuda/cuda_diagnostics.cc:136] hostname: mscluster75.ms.wits.ac.za
2026-08-11 08:21:27.466626: I external/local_xla/xla/stream_executor/cuda/cuda_diagnostics.cc:159] libcuda reported version is: 595.71.5
2026-08-11 08:21:27.466682: I external/local_xla/xla/stream_executor/cuda/cuda_diagnostics.cc:163] kernel reported version is: 595.71.5
2026-08-11 08:21:27.466696: I external/local_xla/xla/stream_executor/cuda/cuda_diagnostics.cc:241] kernel version seems to match DSO: 595.71.5
Traceback (most recent call last):
  File "/home-mscluster/zsuliman/msi/scripts/run_msipl_gbm.py", line 675, in <module>
    main()
  File "/home-mscluster/zsuliman/msi/scripts/run_msipl_gbm.py", line 662, in main
    run_msipl(
  File "/home-mscluster/zsuliman/msi/scripts/run_msipl_gbm.py", line 451, in run_msipl
    peaks_df.to_excel(
  File "/home-mscluster/zsuliman/miniconda3/envs/msipl_env/lib/python3.10/site-packages/pandas/util/_decorators.py", line 333, in wrapper
    return func(*args, **kwargs)
  File "/home-mscluster/zsuliman/miniconda3/envs/msipl_env/lib/python3.10/site-packages/pandas/core/generic.py", line 2439, in to_excel
    formatter.write(
  File "/home-mscluster/zsuliman/miniconda3/envs/msipl_env/lib/python3.10/site-packages/pandas/io/formats/excel.py", line 943, in write
    writer = ExcelWriter(
  File "/home-mscluster/zsuliman/miniconda3/envs/msipl_env/lib/python3.10/site-packages/pandas/io/excel/_openpyxl.py", line 57, in __init__
    from openpyxl.workbook import Workbook
ModuleNotFoundError: No module named 'openpyxl'
