=== LOADING DATA ===
Input: /datasets/zsuliman/msi_data/gbm_massnet/GBM39_2.h5
HDF5 keys: ['Class_Label', 'Data', 'mzArray', 'xLocation', 'yLocation']
Raw Data shape: (85062, 2406)
mzArray shape: (85062,)
xLocation shape: (2406,)
yLocation shape: (2406,)
Transposing Data to (pixels, m/z)...
Final spectra shape: (2406, 85062)
m/z range: 101.923820 - 999.985901
==== Encoder Architecture...
__________________________________________________________________________________________________
Layer (type)                    Output Shape         Param #     Connected to                     
==================================================================================================
encoder_input (InputLayer)      (None, 85062)        0                                            
__________________________________________________________________________________________________
dense_1 (Dense)                 (None, 512)          43552256    encoder_input[0][0]              
__________________________________________________________________________________________________
batch_normalization_1 (BatchNor (None, 512)          2048        dense_1[0][0]                    
__________________________________________________________________________________________________
activation_1 (Activation)       (None, 512)          0           batch_normalization_1[0][0]      
__________________________________________________________________________________________________
z_mean (Dense)                  (None, 5)            2565        activation_1[0][0]               
__________________________________________________________________________________________________
z_log_var (Dense)               (None, 5)            2565        activation_1[0][0]               
__________________________________________________________________________________________________
batch_normalization_2 (BatchNor (None, 5)            20          z_mean[0][0]                     
__________________________________________________________________________________________________
batch_normalization_3 (BatchNor (None, 5)            20          z_log_var[0][0]                  
__________________________________________________________________________________________________
z (Lambda)                      (None, 5)            0           batch_normalization_2[0][0]      
                                                                 batch_normalization_3[0][0]      
==================================================================================================
Total params: 43,559,474
Trainable params: 43,558,430
Non-trainable params: 1,044
__________________________________________________________________________________________________
==== Decoder Architecture...
_________________________________________________________________
Layer (type)                 Output Shape              Param #   
=================================================================
Latent_Space (InputLayer)    (None, 5)                 0         
_________________________________________________________________
dense_2 (Dense)              (None, 512)               3072      
_________________________________________________________________
batch_normalization_4 (Batch (None, 512)               2048      
_________________________________________________________________
activation_2 (Activation)    (None, 512)               0         
_________________________________________________________________
dense_3 (Dense)              (None, 85062)             43636806  
=================================================================
Total params: 43,641,926
Trainable params: 43,640,902
Non-trainable params: 1,024
_________________________________________________________________
Beta 2.50: 523 peaks (target 917, difference -394)
Beta 2.45: 536 peaks (target 917, difference -381)
Beta 2.40: 550 peaks (target 917, difference -367)
Beta 2.35: 562 peaks (target 917, difference -355)
Beta 2.30: 572 peaks (target 917, difference -345)
Beta 2.25: 581 peaks (target 917, difference -336)
Beta 2.20: 593 peaks (target 917, difference -324)
Beta 2.15: 603 peaks (target 917, difference -314)
Beta 2.10: 613 peaks (target 917, difference -304)
Beta 2.05: 627 peaks (target 917, difference -290)
Beta 2.00: 643 peaks (target 917, difference -274)
Beta 1.95: 659 peaks (target 917, difference -258)
Beta 1.90: 669 peaks (target 917, difference -248)
Beta 1.85: 687 peaks (target 917, difference -230)
Beta 1.80: 700 peaks (target 917, difference -217)
Beta 1.75: 714 peaks (target 917, difference -203)
Beta 1.70: 735 peaks (target 917, difference -182)
Beta 1.65: 755 peaks (target 917, difference -162)
Beta 1.60: 769 peaks (target 917, difference -148)
Beta 1.55: 787 peaks (target 917, difference -130)
Beta 1.50: 812 peaks (target 917, difference -105)
Beta 1.45: 830 peaks (target 917, difference -87)
Beta 1.40: 855 peaks (target 917, difference -62)
Beta 1.35: 875 peaks (target 917, difference -42)
Beta 1.30: 891 peaks (target 917, difference -26)
Beta 1.25: 911 peaks (target 917, difference -6)
Beta 1.20: 938 peaks (target 917, difference +21)
Beta 1.15: 958 peaks (target 917, difference +41)
Beta 1.10: 982 peaks (target 917, difference +65)
Beta 1.05: 1012 peaks (target 917, difference +95)
Beta 1.00: 1037 peaks (target 917, difference +120)
{
  "dataset": "GBM39_2",
  "purpose": "paper-aligned post-training msiPL peak-count tuning",
  "training_reused": true,
  "weights": "/datasets/zsuliman/msi_checkpoints/baselines/msipl/massnet/GBM39_2/msipl_weights.h5",
  "target_peaks": 917,
  "tolerance": 50,
  "tested_beta": {
    "minimum": 1.0,
    "maximum": 2.5,
    "step": 0.05
  },
  "chosen": {
    "beta": 1.25,
    "selected_peaks": 911,
    "target_peaks": 917,
    "difference": -6,
    "absolute_difference": 6,
    "within_tolerance": true
  },
  "status": "within_tolerance"
}
Selected peaks saved to /home-mscluster/zsuliman/msi/results/baselines/msipl/massnet_paper_aligned/GBM39_2/learned_peaks.csv
{
  "dataset": "GBM39_2",
  "method": "legacy msiPL VAE-BN plus LearnPeaks",
  "evaluation": "S3PL-compatible PCC-threshold peak classification",
  "thresholds": [
    0.3,
    0.4,
    0.5,
    0.6
  ],
  "spectral_bins": 85062,
  "reported_peaks": 911,
  "unique_nearest_bins": 911,
  "threshold_results": {
    "0.3": {
      "class_metrics": {
        "normal": {
          "true_positive": 291,
          "false_positive": 620,
          "false_negative": 233,
          "true_negative": 83918,
          "recall": 0.5553435114503816,
          "precision": 0.3194291986827662,
          "F1": 0.40557491289198605
        },
        "tumour": {
          "true_positive": 259,
          "false_positive": 652,
          "false_negative": 444,
          "true_negative": 83707,
          "recall": 0.3684210526315789,
          "precision": 0.2843029637760702,
          "F1": 0.32094175960346966
        }
      },
      "mixed_classes": {
        "true_positive": 550,
        "false_positive": 361,
        "false_negative": 677,
        "true_negative": 83474,
        "recall": 0.4482477587612062,
        "precision": 0.6037321624588364,
        "F1": 0.5144995322731525
      },
      "true_bins_mixed": 1227
    },
    "0.4": {
      "class_metrics": {
        "normal": {
          "true_positive": 235,
          "false_positive": 676,
          "false_negative": 140,
          "true_negative": 84011,
          "recall": 0.6266666666666667,
          "precision": 0.2579582875960483,
          "F1": 0.3654743390357698
        },
        "tumour": {
          "true_positive": 222,
          "false_positive": 689,
          "false_negative": 320,
          "true_negative": 83831,
          "recall": 0.4095940959409594,
          "precision": 0.24368825466520308,
          "F1": 0.3055746730901583
        }
      },
      "mixed_classes": {
        "true_positive": 457,
        "false_positive": 454,
        "false_negative": 460,
        "true_negative": 83691,
        "recall": 0.4983642311886587,
        "precision": 0.5016465422612514,
        "F1": 0.5
      },
      "true_bins_mixed": 917
    },
    "0.5": {
      "class_metrics": {
        "normal": {
          "true_positive": 175,
          "false_positive": 736,
          "false_negative": 90,
          "true_negative": 84061,
          "recall": 0.660377358490566,
          "precision": 0.19209659714599342,
          "F1": 0.2976190476190476
        },
        "tumour": {
          "true_positive": 187,
          "false_positive": 724,
          "false_negative": 238,
          "true_negative": 83913,
          "recall": 0.44,
          "precision": 0.2052689352360044,
          "F1": 0.27994011976047906
        }
      },
      "mixed_classes": {
        "true_positive": 362,
        "false_positive": 549,
        "false_negative": 328,
        "true_negative": 83823,
        "recall": 0.5246376811594203,
        "precision": 0.3973655323819978,
        "F1": 0.4522173641474079
      },
      "true_bins_mixed": 690
    },
    "0.6": {
      "class_metrics": {
        "normal": {
          "true_positive": 125,
          "false_positive": 786,
          "false_negative": 53,
          "true_negative": 84098,
          "recall": 0.702247191011236,
          "precision": 0.13721185510428102,
          "F1": 0.2295684113865932
        },
        "tumour": {
          "true_positive": 162,
          "false_positive": 749,
          "false_negative": 156,
          "true_negative": 83995,
          "recall": 0.5094339622641509,
          "precision": 0.1778265642151482,
          "F1": 0.2636289666395443
        }
      },
      "mixed_classes": {
        "true_positive": 287,
        "false_positive": 624,
        "false_negative": 209,
        "true_negative": 83942,
        "recall": 0.5786290322580645,
        "precision": 0.3150384193194292,
        "F1": 0.4079601990049751
      },
      "true_bins_mixed": 496
    }
  },
  "mixed_f1": {
    "0.3": 0.5144995322731525,
    "0.4": 0.5,
    "0.5": 0.4522173641474079,
    "0.6": 0.4079601990049751
  },
  "mSCF1": 0.46866927385638385,
  "status": "complete"
}
