=== LOADING DATA ===
Input: /datasets/zsuliman/msi_data/gbm_massnet/GBM22_1.h5
HDF5 keys: ['Class_Label', 'Data', 'mzArray', 'xLocation', 'yLocation']
Raw Data shape: (85062, 3835)
mzArray shape: (85062,)
xLocation shape: (3835,)
yLocation shape: (3835,)
Transposing Data to (pixels, m/z)...
Final spectra shape: (3835, 85062)
m/z range: 101.923820 - 999.985901
==== Encoder Architecture...
__________________________________________________________________________________________________
Layer (type)                    Output Shape         Param #     Connected to                     
==================================================================================================
encoder_input (InputLayer)      (None, 85062)        0                                            
__________________________________________________________________________________________________
dense_1 (Dense)                 (None, 512)          43552256    encoder_input[0][0]              
__________________________________________________________________________________________________
batch_normalization_1 (BatchNor (None, 512)          2048        dense_1[0][0]                    
__________________________________________________________________________________________________
activation_1 (Activation)       (None, 512)          0           batch_normalization_1[0][0]      
__________________________________________________________________________________________________
z_mean (Dense)                  (None, 5)            2565        activation_1[0][0]               
__________________________________________________________________________________________________
z_log_var (Dense)               (None, 5)            2565        activation_1[0][0]               
__________________________________________________________________________________________________
batch_normalization_2 (BatchNor (None, 5)            20          z_mean[0][0]                     
__________________________________________________________________________________________________
batch_normalization_3 (BatchNor (None, 5)            20          z_log_var[0][0]                  
__________________________________________________________________________________________________
z (Lambda)                      (None, 5)            0           batch_normalization_2[0][0]      
                                                                 batch_normalization_3[0][0]      
==================================================================================================
Total params: 43,559,474
Trainable params: 43,558,430
Non-trainable params: 1,044
__________________________________________________________________________________________________
==== Decoder Architecture...
_________________________________________________________________
Layer (type)                 Output Shape              Param #   
=================================================================
Latent_Space (InputLayer)    (None, 5)                 0         
_________________________________________________________________
dense_2 (Dense)              (None, 512)               3072      
_________________________________________________________________
batch_normalization_4 (Batch (None, 512)               2048      
_________________________________________________________________
activation_2 (Activation)    (None, 512)               0         
_________________________________________________________________
dense_3 (Dense)              (None, 85062)             43636806  
=================================================================
Total params: 43,641,926
Trainable params: 43,640,902
Non-trainable params: 1,024
_________________________________________________________________
Beta 2.50: 589 peaks (target 845, difference -256)
Beta 2.45: 599 peaks (target 845, difference -246)
Beta 2.40: 616 peaks (target 845, difference -229)
Beta 2.35: 626 peaks (target 845, difference -219)
Beta 2.30: 638 peaks (target 845, difference -207)
Beta 2.25: 647 peaks (target 845, difference -198)
Beta 2.20: 670 peaks (target 845, difference -175)
Beta 2.15: 686 peaks (target 845, difference -159)
Beta 2.10: 700 peaks (target 845, difference -145)
Beta 2.05: 724 peaks (target 845, difference -121)
Beta 2.00: 734 peaks (target 845, difference -111)
Beta 1.95: 755 peaks (target 845, difference -90)
Beta 1.90: 760 peaks (target 845, difference -85)
Beta 1.85: 778 peaks (target 845, difference -67)
Beta 1.80: 796 peaks (target 845, difference -49)
Beta 1.75: 817 peaks (target 845, difference -28)
Beta 1.70: 834 peaks (target 845, difference -11)
Beta 1.65: 859 peaks (target 845, difference +14)
Beta 1.60: 875 peaks (target 845, difference +30)
Beta 1.55: 896 peaks (target 845, difference +51)
Beta 1.50: 908 peaks (target 845, difference +63)
Beta 1.45: 931 peaks (target 845, difference +86)
Beta 1.40: 955 peaks (target 845, difference +110)
Beta 1.35: 971 peaks (target 845, difference +126)
Beta 1.30: 994 peaks (target 845, difference +149)
Beta 1.25: 1012 peaks (target 845, difference +167)
Beta 1.20: 1045 peaks (target 845, difference +200)
Beta 1.15: 1068 peaks (target 845, difference +223)
Beta 1.10: 1092 peaks (target 845, difference +247)
Beta 1.05: 1121 peaks (target 845, difference +276)
Beta 1.00: 1151 peaks (target 845, difference +306)
{
  "dataset": "GBM22_1",
  "purpose": "paper-aligned post-training msiPL peak-count tuning",
  "training_reused": true,
  "weights": "/datasets/zsuliman/msi_checkpoints/baselines/msipl/massnet/GBM22_1/msipl_weights.h5",
  "target_peaks": 845,
  "tolerance": 50,
  "tested_beta": {
    "minimum": 1.0,
    "maximum": 2.5,
    "step": 0.05
  },
  "chosen": {
    "beta": 1.7,
    "selected_peaks": 834,
    "target_peaks": 845,
    "difference": -11,
    "absolute_difference": 11,
    "within_tolerance": true
  },
  "status": "within_tolerance"
}
Selected peaks saved to /home-mscluster/zsuliman/msi/results/baselines/msipl/massnet_paper_aligned/GBM22_1/learned_peaks.csv
{
  "dataset": "GBM22_1",
  "method": "legacy msiPL VAE-BN plus LearnPeaks",
  "evaluation": "S3PL-compatible PCC-threshold peak classification",
  "thresholds": [
    0.3,
    0.4,
    0.5,
    0.6
  ],
  "spectral_bins": 85062,
  "reported_peaks": 834,
  "unique_nearest_bins": 834,
  "threshold_results": {
    "0.3": {
      "class_metrics": {
        "normal": {
          "true_positive": 263,
          "false_positive": 571,
          "false_negative": 228,
          "true_negative": 84000,
          "recall": 0.5356415478615071,
          "precision": 0.31534772182254195,
          "F1": 0.3969811320754717
        },
        "tumour": {
          "true_positive": 177,
          "false_positive": 657,
          "false_negative": 549,
          "true_negative": 83679,
          "recall": 0.24380165289256198,
          "precision": 0.21223021582733814,
          "F1": 0.22692307692307692
        }
      },
      "mixed_classes": {
        "true_positive": 440,
        "false_positive": 394,
        "false_negative": 777,
        "true_negative": 83451,
        "recall": 0.36154478225143794,
        "precision": 0.5275779376498801,
        "F1": 0.42905899561189664
      },
      "true_bins_mixed": 1217
    },
    "0.4": {
      "class_metrics": {
        "normal": {
          "true_positive": 195,
          "false_positive": 639,
          "false_negative": 146,
          "true_negative": 84082,
          "recall": 0.5718475073313783,
          "precision": 0.23381294964028776,
          "F1": 0.33191489361702126
        },
        "tumour": {
          "true_positive": 149,
          "false_positive": 685,
          "false_negative": 355,
          "true_negative": 83873,
          "recall": 0.29563492063492064,
          "precision": 0.17865707434052758,
          "F1": 0.2227204783258595
        }
      },
      "mixed_classes": {
        "true_positive": 344,
        "false_positive": 490,
        "false_negative": 501,
        "true_negative": 83727,
        "recall": 0.40710059171597635,
        "precision": 0.41247002398081534,
        "F1": 0.4097677188802859
      },
      "true_bins_mixed": 845
    },
    "0.5": {
      "class_metrics": {
        "normal": {
          "true_positive": 137,
          "false_positive": 697,
          "false_negative": 99,
          "true_negative": 84129,
          "recall": 0.5805084745762712,
          "precision": 0.1642685851318945,
          "F1": 0.2560747663551402
        },
        "tumour": {
          "true_positive": 123,
          "false_positive": 711,
          "false_negative": 231,
          "true_negative": 83997,
          "recall": 0.3474576271186441,
          "precision": 0.1474820143884892,
          "F1": 0.20707070707070707
        }
      },
      "mixed_classes": {
        "true_positive": 260,
        "false_positive": 574,
        "false_negative": 330,
        "true_negative": 83898,
        "recall": 0.4406779661016949,
        "precision": 0.3117505995203837,
        "F1": 0.3651685393258427
      },
      "true_bins_mixed": 590
    },
    "0.6": {
      "class_metrics": {
        "normal": {
          "true_positive": 94,
          "false_positive": 740,
          "false_negative": 53,
          "true_negative": 84175,
          "recall": 0.6394557823129252,
          "precision": 0.11270983213429256,
          "F1": 0.19164118246687054
        },
        "tumour": {
          "true_positive": 102,
          "false_positive": 732,
          "false_negative": 146,
          "true_negative": 84082,
          "recall": 0.4112903225806452,
          "precision": 0.1223021582733813,
          "F1": 0.18853974121996303
        }
      },
      "mixed_classes": {
        "true_positive": 196,
        "false_positive": 638,
        "false_negative": 199,
        "true_negative": 84029,
        "recall": 0.4962025316455696,
        "precision": 0.23501199040767387,
        "F1": 0.3189585028478438
      },
      "true_bins_mixed": 395
    }
  },
  "mixed_f1": {
    "0.3": 0.42905899561189664,
    "0.4": 0.4097677188802859,
    "0.5": 0.3651685393258427,
    "0.6": 0.3189585028478438
  },
  "mSCF1": 0.3807384391664672,
  "status": "complete"
}
