{"scale": 1.0, "step": 1, "training_loss": 11.475433349609375, "projection_gradient_norm": 0.002184826647862792, "pixels_with_at_least_two_neighbours": 4, "entropy_mean": 0.999957651995788, "weight_deviation_mean": 0.0014281313633546233, "weight_deviation_max": 0.0032939612865448, "score_spread_mean": 0.041153162717819214, "score_spread_max": 0.048064686357975006, "central_saturation_fraction": 0.0, "neighbour_saturation_fraction": 0.0, "mean_tanh_derivative": 0.965006411075592}
{"scale": 1.0, "step": 2, "training_loss": 11.878894805908203, "projection_gradient_norm": 0.002036522841081023, "pixels_with_at_least_two_neighbours": 4, "entropy_mean": 0.9999570935514956, "weight_deviation_mean": 0.0014375806786119938, "weight_deviation_max": 0.003317028284072876, "score_spread_mean": 0.04148618131875992, "score_spread_max": 0.04837505519390106, "central_saturation_fraction": 0.0, "neighbour_saturation_fraction": 0.0, "mean_tanh_derivative": 0.9647768139839172}
{"epoch": 1, "learning_rate": 0.001, "total_loss": 11.305263042449951, "vae_loss": 11.305263042449951, "reconstruction_loss": 11.071479797363281, "kl_loss": 0.23378315567970276, "spatial_loss": 0.0, "weighted_spatial_loss": 0.0, "spatial_loss_scale": 1.0, "spatial_pairs": 0, "poisson_effective_count": null, "poisson_central_l1": 0.0, "poisson_central_cosine": 1.0, "samples_seen": 8, "epoch_seconds": 0.007449465338140726, "samples_per_second": 1073.9025737915144}
{"epoch": 1, "learning_rate": 0.001, "total_loss": 11.025966835021972, "vae_loss": 11.025966835021972, "reconstruction_loss": 10.828365516662597, "kl_loss": 0.19760120511054993, "spatial_loss": 0.0, "weighted_spatial_loss": 0.0, "spatial_loss_scale": 1.0, "spatial_pairs": 0, "poisson_effective_count": null, "poisson_central_l1": 0.0, "poisson_central_cosine": 1.0, "samples_seen": 10, "epoch_seconds": 0.007447564043104649, "samples_per_second": 1342.7209141301084}
{"epoch": 1, "learning_rate": 0.001, "total_loss": 11.34116792678833, "vae_loss": 11.34116792678833, "reconstruction_loss": 10.90546464920044, "kl_loss": 0.435703381896019, "spatial_loss": 0.0, "weighted_spatial_loss": 0.0, "spatial_loss_scale": 1.0, "spatial_pairs": 0, "poisson_effective_count": null, "poisson_central_l1": 0.0, "poisson_central_cosine": 1.0, "samples_seen": 8, "epoch_seconds": 0.004031545016914606, "samples_per_second": 1984.3509042899152}
{"epoch": 1, "learning_rate": 0.001, "total_loss": 11.083986282348633, "vae_loss": 11.083986282348633, "reconstruction_loss": 10.877989768981934, "kl_loss": 0.2059963196516037, "spatial_loss": 0.0, "weighted_spatial_loss": 0.0, "spatial_loss_scale": 1.0, "spatial_pairs": 0, "poisson_effective_count": null, "poisson_central_l1": 0.0, "poisson_central_cosine": 1.0, "samples_seen": 8, "epoch_seconds": 0.003985542804002762, "samples_per_second": 2007.2548190839746}
{"resumed_from": "/tmp/tmp99lr8of6/checkpoints/checkpoint_latest.pt", "completed_epochs": 1, "next_epoch": 2}
{"epoch": 2, "learning_rate": 0.00075, "total_loss": 10.995465755462646, "vae_loss": 10.995465755462646, "reconstruction_loss": 10.82277250289917, "kl_loss": 0.17269345372915268, "spatial_loss": 0.0, "weighted_spatial_loss": 0.0, "spatial_loss_scale": 1.0, "spatial_pairs": 0, "poisson_effective_count": null, "poisson_central_l1": 0.0, "poisson_central_cosine": 1.0, "samples_seen": 8, "epoch_seconds": 0.00391721073538065, "samples_per_second": 2042.2694974623598}
{"saved_resume_checkpoint": "/tmp/tmp99lr8of6/checkpoints/checkpoint_latest.pt", "completed_epochs": 2}
{"epoch": 3, "learning_rate": 0.0002500000000000001, "total_loss": 11.244705200195312, "vae_loss": 11.244705200195312, "reconstruction_loss": 10.983675003051758, "kl_loss": 0.26102999597787857, "spatial_loss": 0.0, "weighted_spatial_loss": 0.0, "spatial_loss_scale": 1.0, "spatial_pairs": 0, "poisson_effective_count": null, "poisson_central_l1": 0.0, "poisson_central_cosine": 1.0, "samples_seen": 8, "epoch_seconds": 0.003763004206120968, "samples_per_second": 2125.9609508240947}
{"epoch": 1, "learning_rate": 0.001, "total_loss": 11.206148147583008, "vae_loss": 11.206148147583008, "reconstruction_loss": 10.898056983947754, "kl_loss": 0.30809132754802704, "spatial_loss": 0.16911951452493668, "weighted_spatial_loss": 0.0, "spatial_loss_scale": 1.0, "spatial_pairs": 6, "poisson_effective_count": null, "poisson_central_l1": 0.0, "poisson_central_cosine": 1.0, "samples_seen": 8, "epoch_seconds": 0.005367636680603027, "samples_per_second": 1490.413840584538}
{"epoch": 1, "learning_rate": 0.001, "total_loss": 11.150794982910156, "vae_loss": 11.150794982910156, "reconstruction_loss": 10.85600471496582, "kl_loss": 0.2947905659675598, "spatial_loss": 0.24996417760849, "weighted_spatial_loss": 0.0, "spatial_loss_scale": 1.0, "spatial_pairs": 16, "poisson_effective_count": 100.0, "poisson_central_l1": 0.15960150957107544, "poisson_central_cosine": 0.9836505055427551, "samples_seen": 8, "epoch_seconds": 0.0028550871647894382, "samples_per_second": 2802.0160290237573}
{"epoch": 1, "learning_rate": 0.001, "total_loss": 11.283178329467773, "vae_loss": 11.153921127319336, "reconstruction_loss": 10.850831985473633, "kl_loss": 0.3030886948108673, "spatial_loss": 0.21542826294898987, "weighted_spatial_loss": 0.12925695776939394, "spatial_loss_scale": 6.0, "spatial_pairs": 16, "poisson_effective_count": null, "poisson_central_l1": 0.0, "poisson_central_cosine": 1.0, "samples_seen": 8, "epoch_seconds": 0.0024772207252681255, "samples_per_second": 3229.425589087992}
{"epoch": 1, "learning_rate": 0.001, "total_loss": 852642.6846632062, "vae_loss": 852642.6846632062, "reconstruction_loss": 852633.7277583294, "kl_loss": 8.95216080313256, "spatial_loss": 0.39316798628259314, "weighted_spatial_loss": 0.0, "spatial_loss_scale": 1.0, "spatial_pairs": 451, "poisson_effective_count": 100000.0, "poisson_central_l1": 0.0851032638941221, "poisson_central_cosine": 0.9991607831791943, "samples_seen": 2071, "epoch_seconds": 416.98666470171884, "samples_per_second": 4.966585685615244}
{"epoch": 2, "learning_rate": 0.0009045084971874737, "total_loss": 692032.8596692419, "vae_loss": 692032.8596692419, "reconstruction_loss": 692013.7804804442, "kl_loss": 19.081116138939002, "spatial_loss": 0.6206980055618091, "weighted_spatial_loss": 0.0, "spatial_loss_scale": 1.0, "spatial_pairs": 469, "poisson_effective_count": 100000.0, "poisson_central_l1": 0.08511999897741569, "poisson_central_cosine": 0.9991598899153797, "samples_seen": 2071, "epoch_seconds": 403.30859381891787, "samples_per_second": 5.135025714155403}
{"epoch": 3, "learning_rate": 0.0006545084971874737, "total_loss": 653751.6415379044, "vae_loss": 653751.6415379044, "reconstruction_loss": 653726.7527160792, "kl_loss": 24.893483754576604, "spatial_loss": 0.8010204046522144, "weighted_spatial_loss": 0.0, "spatial_loss_scale": 1.0, "spatial_pairs": 492, "poisson_effective_count": 100000.0, "poisson_central_l1": 0.08503096786704056, "poisson_central_cosine": 0.9991651562203077, "samples_seen": 2071, "epoch_seconds": 403.25686392141506, "samples_per_second": 5.135684436616527}
{"epoch": 4, "learning_rate": 0.00034549150281252633, "total_loss": 640371.43052873, "vae_loss": 640371.43052873, "reconstruction_loss": 640341.8145219701, "kl_loss": 29.61855577075614, "spatial_loss": 0.8286634193763015, "weighted_spatial_loss": 0.0, "spatial_loss_scale": 1.0, "spatial_pairs": 517, "poisson_effective_count": 100000.0, "poisson_central_l1": 0.08509397324316746, "poisson_central_cosine": 0.9991609693034037, "samples_seen": 2071, "epoch_seconds": 403.6136879529804, "samples_per_second": 5.131144115809235}
{"epoch": 5, "learning_rate": 9.549150281252633e-05, "total_loss": 635195.3731289232, "vae_loss": 635195.3731289232, "reconstruction_loss": 635165.0509717527, "kl_loss": 30.318402837866575, "spatial_loss": 0.8716051353907049, "weighted_spatial_loss": 0.0, "spatial_loss_scale": 1.0, "spatial_pairs": 487, "poisson_effective_count": 100000.0, "poisson_central_l1": 0.08509176769862711, "poisson_central_cosine": 0.9991602509105798, "samples_seen": 2071, "epoch_seconds": 403.8181273210794, "samples_per_second": 5.128546392255763}
{
  "input": "/datasets/zsuliman/msi_data/gbm_massnet/GBM108_positive.h5",
  "purpose": "Poisson augmentation pilot",
  "variant": "uniform_mean",
  "initial_vae_sha256": "692de4925fe95a65ae94c9f95b35e8e57c9a229f42d3c44c8d11a59545b261ee",
  "controls": {
    "seed": 1,
    "epochs": 5,
    "batch_size": 128,
    "hidden_dim": 512,
    "latent_dim": 5,
    "attention_dim": 8,
    "attention_input_scale": "spectral_bins",
    "spatial_lambda": 0.0,
    "spatial_loss_scale_name": "unit",
    "spatial_loss_scale": 1.0,
    "poisson_augmentation": true,
    "poisson_effective_count": 100000.0,
    "full_dataset": true
  },
  "samples_per_epoch": 2071,
  "dataset_size": 2071,
  "training_seconds": 2030.9839377161115,
  "resumed_from_checkpoint": null,
  "resumed_from_epoch": 0,
  "peak_gpu_memory_allocated_bytes": 3156663808,
  "first_total_loss": 852642.6846632062,
  "final_total_loss": 635195.3731289232,
  "total_loss_change_percent": -25.502747568892197,
  "history": [
    {
      "epoch": 1,
      "learning_rate": 0.001,
      "total_loss": 852642.6846632062,
      "vae_loss": 852642.6846632062,
      "reconstruction_loss": 852633.7277583294,
      "kl_loss": 8.95216080313256,
      "spatial_loss": 0.39316798628259314,
      "weighted_spatial_loss": 0.0,
      "spatial_loss_scale": 1.0,
      "spatial_pairs": 451,
      "poisson_effective_count": 100000.0,
      "poisson_central_l1": 0.0851032638941221,
      "poisson_central_cosine": 0.9991607831791943,
      "samples_seen": 2071,
      "epoch_seconds": 416.98666470171884,
      "samples_per_second": 4.966585685615244
    },
    {
      "epoch": 2,
      "learning_rate": 0.0009045084971874737,
      "total_loss": 692032.8596692419,
      "vae_loss": 692032.8596692419,
      "reconstruction_loss": 692013.7804804442,
      "kl_loss": 19.081116138939002,
      "spatial_loss": 0.6206980055618091,
      "weighted_spatial_loss": 0.0,
      "spatial_loss_scale": 1.0,
      "spatial_pairs": 469,
      "poisson_effective_count": 100000.0,
      "poisson_central_l1": 0.08511999897741569,
      "poisson_central_cosine": 0.9991598899153797,
      "samples_seen": 2071,
      "epoch_seconds": 403.30859381891787,
      "samples_per_second": 5.135025714155403
    },
    {
      "epoch": 3,
      "learning_rate": 0.0006545084971874737,
      "total_loss": 653751.6415379044,
      "vae_loss": 653751.6415379044,
      "reconstruction_loss": 653726.7527160792,
      "kl_loss": 24.893483754576604,
      "spatial_loss": 0.8010204046522144,
      "weighted_spatial_loss": 0.0,
      "spatial_loss_scale": 1.0,
      "spatial_pairs": 492,
      "poisson_effective_count": 100000.0,
      "poisson_central_l1": 0.08503096786704056,
      "poisson_central_cosine": 0.9991651562203077,
      "samples_seen": 2071,
      "epoch_seconds": 403.25686392141506,
      "samples_per_second": 5.135684436616527
    },
    {
      "epoch": 4,
      "learning_rate": 0.00034549150281252633,
      "total_loss": 640371.43052873,
      "vae_loss": 640371.43052873,
      "reconstruction_loss": 640341.8145219701,
      "kl_loss": 29.61855577075614,
      "spatial_loss": 0.8286634193763015,
      "weighted_spatial_loss": 0.0,
      "spatial_loss_scale": 1.0,
      "spatial_pairs": 517,
      "poisson_effective_count": 100000.0,
      "poisson_central_l1": 0.08509397324316746,
      "poisson_central_cosine": 0.9991609693034037,
      "samples_seen": 2071,
      "epoch_seconds": 403.6136879529804,
      "samples_per_second": 5.131144115809235
    },
    {
      "epoch": 5,
      "learning_rate": 9.549150281252633e-05,
      "total_loss": 635195.3731289232,
      "vae_loss": 635195.3731289232,
      "reconstruction_loss": 635165.0509717527,
      "kl_loss": 30.318402837866575,
      "spatial_loss": 0.8716051353907049,
      "weighted_spatial_loss": 0.0,
      "spatial_loss_scale": 1.0,
      "spatial_pairs": 487,
      "poisson_effective_count": 100000.0,
      "poisson_central_l1": 0.08509176769862711,
      "poisson_central_cosine": 0.9991602509105798,
      "samples_seen": 2071,
      "epoch_seconds": 403.8181273210794,
      "samples_per_second": 5.128546392255763
    }
  ],
  "checkpoint": "/datasets/zsuliman/msi_checkpoints/spatial_msipl/poisson/GBM108_positive_seed1/uniform_mean_count_100000_pilot/checkpoint.pt",
  "attention_diagnostics": null,
  "status": "complete"
}
