{"scale": 1.0, "step": 1, "training_loss": 11.475433349609375, "projection_gradient_norm": 0.002184826647862792, "pixels_with_at_least_two_neighbours": 4, "entropy_mean": 0.999957651995788, "weight_deviation_mean": 0.0014281313633546233, "weight_deviation_max": 0.0032939612865448, "score_spread_mean": 0.041153162717819214, "score_spread_max": 0.048064686357975006, "central_saturation_fraction": 0.0, "neighbour_saturation_fraction": 0.0, "mean_tanh_derivative": 0.965006411075592}
{"scale": 1.0, "step": 2, "training_loss": 11.878894805908203, "projection_gradient_norm": 0.002036522841081023, "pixels_with_at_least_two_neighbours": 4, "entropy_mean": 0.9999570935514956, "weight_deviation_mean": 0.0014375806786119938, "weight_deviation_max": 0.003317028284072876, "score_spread_mean": 0.04148618131875992, "score_spread_max": 0.04837505519390106, "central_saturation_fraction": 0.0, "neighbour_saturation_fraction": 0.0, "mean_tanh_derivative": 0.9647768139839172}
{"epoch": 1, "learning_rate": 0.001, "total_loss": 11.305263042449951, "vae_loss": 11.305263042449951, "reconstruction_loss": 11.071479797363281, "kl_loss": 0.23378315567970276, "spatial_loss": 0.0, "weighted_spatial_loss": 0.0, "spatial_loss_scale": 1.0, "spatial_pairs": 0, "poisson_effective_count": null, "poisson_central_l1": 0.0, "poisson_central_cosine": 1.0, "samples_seen": 8, "epoch_seconds": 0.007821382023394108, "samples_per_second": 1022.8371374869093}
{"epoch": 1, "learning_rate": 0.001, "total_loss": 11.025966835021972, "vae_loss": 11.025966835021972, "reconstruction_loss": 10.828365516662597, "kl_loss": 0.19760120511054993, "spatial_loss": 0.0, "weighted_spatial_loss": 0.0, "spatial_loss_scale": 1.0, "spatial_pairs": 0, "poisson_effective_count": null, "poisson_central_l1": 0.0, "poisson_central_cosine": 1.0, "samples_seen": 10, "epoch_seconds": 0.0076081519946455956, "samples_per_second": 1314.3796295128857}
{"epoch": 1, "learning_rate": 0.001, "total_loss": 11.34116792678833, "vae_loss": 11.34116792678833, "reconstruction_loss": 10.90546464920044, "kl_loss": 0.435703381896019, "spatial_loss": 0.0, "weighted_spatial_loss": 0.0, "spatial_loss_scale": 1.0, "spatial_pairs": 0, "poisson_effective_count": null, "poisson_central_l1": 0.0, "poisson_central_cosine": 1.0, "samples_seen": 8, "epoch_seconds": 0.004234756343066692, "samples_per_second": 1889.1287601700888}
{"epoch": 1, "learning_rate": 0.001, "total_loss": 11.083986282348633, "vae_loss": 11.083986282348633, "reconstruction_loss": 10.877989768981934, "kl_loss": 0.2059963196516037, "spatial_loss": 0.0, "weighted_spatial_loss": 0.0, "spatial_loss_scale": 1.0, "spatial_pairs": 0, "poisson_effective_count": null, "poisson_central_l1": 0.0, "poisson_central_cosine": 1.0, "samples_seen": 8, "epoch_seconds": 0.004300303757190704, "samples_per_second": 1860.3337000608133}
{"resumed_from": "/tmp/tmpltsmwl5r/checkpoints/checkpoint_latest.pt", "completed_epochs": 1, "next_epoch": 2}
{"epoch": 2, "learning_rate": 0.00075, "total_loss": 10.995465755462646, "vae_loss": 10.995465755462646, "reconstruction_loss": 10.82277250289917, "kl_loss": 0.17269345372915268, "spatial_loss": 0.0, "weighted_spatial_loss": 0.0, "spatial_loss_scale": 1.0, "spatial_pairs": 0, "poisson_effective_count": null, "poisson_central_l1": 0.0, "poisson_central_cosine": 1.0, "samples_seen": 8, "epoch_seconds": 0.004057245794683695, "samples_per_second": 1971.7809580288651}
{"saved_resume_checkpoint": "/tmp/tmpltsmwl5r/checkpoints/checkpoint_latest.pt", "completed_epochs": 2}
{"epoch": 3, "learning_rate": 0.0002500000000000001, "total_loss": 11.244705200195312, "vae_loss": 11.244705200195312, "reconstruction_loss": 10.983675003051758, "kl_loss": 0.26102999597787857, "spatial_loss": 0.0, "weighted_spatial_loss": 0.0, "spatial_loss_scale": 1.0, "spatial_pairs": 0, "poisson_effective_count": null, "poisson_central_l1": 0.0, "poisson_central_cosine": 1.0, "samples_seen": 8, "epoch_seconds": 0.004020274616777897, "samples_per_second": 1989.9138149949836}
{"epoch": 1, "learning_rate": 0.001, "total_loss": 11.206148147583008, "vae_loss": 11.206148147583008, "reconstruction_loss": 10.898056983947754, "kl_loss": 0.30809132754802704, "spatial_loss": 0.16911951452493668, "weighted_spatial_loss": 0.0, "spatial_loss_scale": 1.0, "spatial_pairs": 6, "poisson_effective_count": null, "poisson_central_l1": 0.0, "poisson_central_cosine": 1.0, "samples_seen": 8, "epoch_seconds": 0.005645038094371557, "samples_per_second": 1417.1737845270666}
{"epoch": 1, "learning_rate": 0.001, "total_loss": 11.150794982910156, "vae_loss": 11.150794982910156, "reconstruction_loss": 10.85600471496582, "kl_loss": 0.2947905659675598, "spatial_loss": 0.24996417760849, "weighted_spatial_loss": 0.0, "spatial_loss_scale": 1.0, "spatial_pairs": 16, "poisson_effective_count": 100.0, "poisson_central_l1": 0.15960150957107544, "poisson_central_cosine": 0.9836505055427551, "samples_seen": 8, "epoch_seconds": 0.01767313200980425, "samples_per_second": 452.6645302916294}
{"epoch": 1, "learning_rate": 0.001, "total_loss": 11.283178329467773, "vae_loss": 11.153921127319336, "reconstruction_loss": 10.850831985473633, "kl_loss": 0.3030886948108673, "spatial_loss": 0.21542826294898987, "weighted_spatial_loss": 0.12925695776939394, "spatial_loss_scale": 6.0, "spatial_pairs": 16, "poisson_effective_count": null, "poisson_central_l1": 0.0, "poisson_central_cosine": 1.0, "samples_seen": 8, "epoch_seconds": 0.004397726152092218, "samples_per_second": 1819.12191057963}
{
  "purpose": "Poisson severity calibration before model training",
  "input": "/datasets/zsuliman/msi_data/gbm_massnet/GBM108_positive.h5",
  "formula": "Poisson(TIC-normalized spectrum * effective_count), followed by TIC renormalization",
  "training_policy": "apply independently to central and measured-neighbour encoder inputs only; retain the clean central spectrum as decoder target",
  "seed": 1,
  "sample_indices": [
    56,
    71,
    176,
    256,
    257,
    294,
    510,
    527,
    560,
    627,
    638,
    680,
    840,
    868,
    935,
    939,
    965,
    1044,
    1110,
    1130,
    1323,
    1542,
    1552,
    1629,
    1683,
    1687,
    1699,
    1727,
    1781,
    1783,
    1941,
    2046
  ],
  "sample_count": 32,
  "spectral_bins": 85062,
  "candidates": [
    {
      "effective_count": 10000.0,
      "central_spectral_l1": {
        "mean": 0.26846591010689735,
        "standard_deviation": 0.0204885704149083,
        "minimum": 0.2173662930727005,
        "median": 0.27250418066978455,
        "maximum": 0.30805838108062744
      },
      "central_cosine_similarity": {
        "mean": 0.9913556817919016,
        "standard_deviation": 0.0016432323961759752,
        "minimum": 0.9876663684844971,
        "median": 0.9915067553520203,
        "maximum": 0.9957396984100342
      },
      "fraction_clean_nonzero_bins_retained": {
        "mean": 0.6591390911489725,
        "standard_deviation": 0.042698496101662285,
        "minimum": 0.5935714244842529,
        "median": 0.6485514044761658,
        "maximum": 0.7593935132026672
      },
      "mean_sampled_tic": 1.0
    },
    {
      "effective_count": 100000.0,
      "central_spectral_l1": {
        "mean": 0.08657501102425158,
        "standard_deviation": 0.007043062644161363,
        "minimum": 0.07095169275999069,
        "median": 0.08762368932366371,
        "maximum": 0.1008659154176712
      },
      "central_cosine_similarity": {
        "mean": 0.9990813098847866,
        "standard_deviation": 0.0001778856373246887,
        "minimum": 0.9987326860427856,
        "median": 0.9990866482257843,
        "maximum": 0.9995163679122925
      },
      "fraction_clean_nonzero_bins_retained": {
        "mean": 0.9282453954219818,
        "standard_deviation": 0.012542348321094389,
        "minimum": 0.9014285802841187,
        "median": 0.9298220276832581,
        "maximum": 0.9492419362068176
      },
      "mean_sampled_tic": 1.0
    },
    {
      "effective_count": 1000000.0,
      "central_spectral_l1": {
        "mean": 0.02718577499035746,
        "standard_deviation": 0.002235916068429182,
        "minimum": 0.02220202423632145,
        "median": 0.02741975709795952,
        "maximum": 0.030755992978811264
      },
      "central_cosine_similarity": {
        "mean": 0.9999100770801306,
        "standard_deviation": 1.7419881962955773e-05,
        "minimum": 0.9998818635940552,
        "median": 0.9999077022075653,
        "maximum": 0.9999545812606812
      },
      "fraction_clean_nonzero_bins_retained": {
        "mean": 0.9860648177564144,
        "standard_deviation": 0.0037727687259262333,
        "minimum": 0.9793722033500671,
        "median": 0.9858451783657074,
        "maximum": 0.9922313094139099
      },
      "mean_sampled_tic": 1.0
    }
  ],
  "status": "complete"
}
