/home-mscluster/zsuliman/msi/reproducibility/s3pl_massnet/GBM22_1_p3_paper_tic_seed1/checkpoints/baselines/s3pl/GBM22_1_Attention3DConvAutoencoder_10epochs_256_spectral_patch_size_3_paper_tic.pt
Samples in training folder: 3835
input channels = 85062
trainable parameters: 470
GPU available: True
normalization: paper_tic
length of peak selection before cut-off = 1175
GBM22_1_Attention3DConvAutoencoder_10epochs_256_spectral_patch_size_3_paper_tic:

number picked peaks = 845
There are 491 true peaks of 85062 peaks in class 0
There are 726 true peaks of 85062 peaks in class 1
There are 341 true peaks of 85062 peaks in class 0
There are 504 true peaks of 85062 peaks in class 1
There are 236 true peaks of 85062 peaks in class 0
There are 354 true peaks of 85062 peaks in class 1
There are 147 true peaks of 85062 peaks in class 0
There are 248 true peaks of 85062 peaks in class 1
There are 1217 true peaks of 85062 peaks in total
F1 0.3 = 0.316

There are 845 true peaks of 85062 peaks in total
F1 0.4 = 0.318

There are 590 true peaks of 85062 peaks in total
F1 0.5 = 0.304

There are 395 true peaks of 85062 peaks in total
F1 0.6 = 0.279

mSCF1 = 0.304

Runtime metrics: {'dataset': 'GBM22_1', 'normalization': 'paper_tic', 'device': 'NVIDIA GeForce RTX 3090', 'training_seconds': 508.99498403701, 'evaluation_seconds': 93.14341658889316, 'total_seconds': 626.4936361629516, 'peak_gpu_memory_bytes': 315762176}
