/home-mscluster/zsuliman/msi/reproducibility/s3pl_massnet/GBM22_2_p3_paper_tic_seed1/checkpoints/baselines/s3pl/GBM22_2_Attention3DConvAutoencoder_10epochs_256_spectral_patch_size_3_paper_tic.pt
Samples in training folder: 4524
input channels = 85062
trainable parameters: 470
GPU available: True
normalization: paper_tic
length of peak selection before cut-off = 1364
GBM22_2_Attention3DConvAutoencoder_10epochs_256_spectral_patch_size_3_paper_tic:

number picked peaks = 1014
There are 583 true peaks of 85062 peaks in class 0
There are 838 true peaks of 85062 peaks in class 1
There are 373 true peaks of 85062 peaks in class 0
There are 641 true peaks of 85062 peaks in class 1
There are 254 true peaks of 85062 peaks in class 0
There are 482 true peaks of 85062 peaks in class 1
There are 146 true peaks of 85062 peaks in class 0
There are 358 true peaks of 85062 peaks in class 1
There are 1421 true peaks of 85062 peaks in total
F1 0.3 = 0.373

There are 1014 true peaks of 85062 peaks in total
F1 0.4 = 0.367

There are 736 true peaks of 85062 peaks in total
F1 0.5 = 0.346

There are 504 true peaks of 85062 peaks in total
F1 0.6 = 0.302

mSCF1 = 0.347

Runtime metrics: {'dataset': 'GBM22_2', 'normalization': 'paper_tic', 'device': 'NVIDIA GeForce RTX 3090', 'training_seconds': 600.7935434291139, 'evaluation_seconds': 104.67236945498735, 'total_seconds': 733.6901646866463, 'peak_gpu_memory_bytes': 315762176}
