/home-mscluster/zsuliman/msi/reproducibility/s3pl_massnet/GBM108_negative_p3_paper_tic_seed1/checkpoints/baselines/s3pl/GBM108_negative_Attention3DConvAutoencoder_10epochs_256_spectral_patch_size_3_paper_tic.pt
Samples in training folder: 2512
input channels = 85062
trainable parameters: 470
GPU available: True
normalization: paper_tic
length of peak selection before cut-off = 1299
GBM108_negative_Attention3DConvAutoencoder_10epochs_256_spectral_patch_size_3_paper_tic:

number picked peaks = 937
There are 615 true peaks of 85062 peaks in class 0
There are 732 true peaks of 85062 peaks in class 1
There are 435 true peaks of 85062 peaks in class 0
There are 502 true peaks of 85062 peaks in class 1
There are 330 true peaks of 85062 peaks in class 0
There are 337 true peaks of 85062 peaks in class 1
There are 235 true peaks of 85062 peaks in class 0
There are 199 true peaks of 85062 peaks in class 1
There are 1347 true peaks of 85062 peaks in total
F1 0.3 = 0.335

There are 937 true peaks of 85062 peaks in total
F1 0.4 = 0.303

There are 667 true peaks of 85062 peaks in total
F1 0.5 = 0.278

There are 434 true peaks of 85062 peaks in total
F1 0.6 = 0.247

mSCF1 = 0.291

Runtime metrics: {'dataset': 'GBM108_negative', 'normalization': 'paper_tic', 'device': 'NVIDIA GeForce RTX 3090', 'training_seconds': 345.60584858898073, 'evaluation_seconds': 66.34401970799081, 'total_seconds': 427.2532069759909, 'peak_gpu_memory_bytes': 315762176}
