/home-mscluster/zsuliman/msi/checkpoints/baselines/s3pl/GBM108_negative_Attention3DConvAutoencoder_10epochs_256_spectral_patch_size_3.pt
Samples in training folder: 2512
input channels = 85062
trainable parameters: 470
GPU available: True
length of peak selection before cut-off = 2680
GBM108_negative_Attention3DConvAutoencoder_10epochs_256_spectral_patch_size_3:

number picked peaks = 937
There are 615 true peaks of 85062 peaks in class 0
There are 732 true peaks of 85062 peaks in class 1
There are 435 true peaks of 85062 peaks in class 0
There are 502 true peaks of 85062 peaks in class 1
There are 330 true peaks of 85062 peaks in class 0
There are 337 true peaks of 85062 peaks in class 1
There are 235 true peaks of 85062 peaks in class 0
There are 199 true peaks of 85062 peaks in class 1
There are 1347 true peaks of 85062 peaks in total
F1 0.3 = 0.676

There are 937 true peaks of 85062 peaks in total
F1 0.4 = 0.704

There are 667 true peaks of 85062 peaks in total
F1 0.5 = 0.683

There are 434 true peaks of 85062 peaks in total
F1 0.6 = 0.591

mSCF1 = 0.664

Runtime metrics: {'dataset': 'GBM108_negative', 'device': 'NVIDIA GeForce RTX 3090', 'training_seconds': 600.7533365781419, 'evaluation_seconds': 92.01372250821441, 'total_seconds': 709.845226382371, 'peak_gpu_memory_bytes': 315762176}
