/home-mscluster/zsuliman/msi/checkpoints/baselines/s3pl/GBM12_2_Attention3DConvAutoencoder_10epochs_256_spectral_patch_size_3.pt
Samples in training folder: 3306
input channels = 85062
trainable parameters: 470
GPU available: True
length of peak selection before cut-off = 5925
GBM12_2_Attention3DConvAutoencoder_10epochs_256_spectral_patch_size_3:

number picked peaks = 981
There are 534 true peaks of 85062 peaks in class 0
There are 811 true peaks of 85062 peaks in class 1
There are 392 true peaks of 85062 peaks in class 0
There are 589 true peaks of 85062 peaks in class 1
There are 297 true peaks of 85062 peaks in class 0
There are 411 true peaks of 85062 peaks in class 1
There are 188 true peaks of 85062 peaks in class 0
There are 278 true peaks of 85062 peaks in class 1
There are 1345 true peaks of 85062 peaks in total
F1 0.3 = 0.547

There are 981 true peaks of 85062 peaks in total
F1 0.4 = 0.562

There are 708 true peaks of 85062 peaks in total
F1 0.5 = 0.521

There are 466 true peaks of 85062 peaks in total
F1 0.6 = 0.417

mSCF1 = 0.512

Runtime metrics: {'dataset': 'GBM12_2', 'device': 'NVIDIA GeForce RTX 3090', 'training_seconds': 778.6643790919334, 'evaluation_seconds': 116.7188461679034, 'total_seconds': 917.1045096991584, 'peak_gpu_memory_bytes': 315762176}
