/home-mscluster/zsuliman/msi/checkpoints/baselines/s3pl/GBM39_1_Attention3DConvAutoencoder_10epochs_256_spectral_patch_size_3.pt
Samples in training folder: 4015
input channels = 85062
trainable parameters: 470
GPU available: True
length of peak selection before cut-off = 12588
GBM39_1_Attention3DConvAutoencoder_10epochs_256_spectral_patch_size_3:

number picked peaks = 696
There are 355 true peaks of 85062 peaks in class 0
There are 634 true peaks of 85062 peaks in class 1
There are 239 true peaks of 85062 peaks in class 0
There are 457 true peaks of 85062 peaks in class 1
There are 132 true peaks of 85062 peaks in class 0
There are 351 true peaks of 85062 peaks in class 1
There are 59 true peaks of 85062 peaks in class 0
There are 269 true peaks of 85062 peaks in class 1
There are 989 true peaks of 85062 peaks in total
F1 0.3 = 0.388

There are 696 true peaks of 85062 peaks in total
F1 0.4 = 0.295

There are 483 true peaks of 85062 peaks in total
F1 0.5 = 0.197

There are 328 true peaks of 85062 peaks in total
F1 0.6 = 0.139

mSCF1 = 0.255

Runtime metrics: {'dataset': 'GBM39_1', 'device': 'NVIDIA GeForce RTX 3090', 'training_seconds': 994.4207251879852, 'evaluation_seconds': 115.71356059284881, 'total_seconds': 1134.5706162168644, 'peak_gpu_memory_bytes': 315762176}
