/home-mscluster/zsuliman/msi/checkpoints/baselines/s3pl/GBM108_positive_Attention3DConvAutoencoder_10epochs_256_spectral_patch_size_9.pt
Samples in training folder: 2071
input channels = 85062
trainable parameters: 4214
GPU available: True
length of peak selection before cut-off = 1974
GBM108_positive_Attention3DConvAutoencoder_10epochs_256_spectral_patch_size_9:

number picked peaks = 581
There are 447 true peaks of 85062 peaks in class 0
There are 493 true peaks of 85062 peaks in class 1
There are 280 true peaks of 85062 peaks in class 0
There are 301 true peaks of 85062 peaks in class 1
There are 181 true peaks of 85062 peaks in class 0
There are 156 true peaks of 85062 peaks in class 1
There are 101 true peaks of 85062 peaks in class 0
There are 46 true peaks of 85062 peaks in class 1
There are 940 true peaks of 85062 peaks in total
F1 0.3 = 0.467

There are 581 true peaks of 85062 peaks in total
F1 0.4 = 0.461

There are 337 true peaks of 85062 peaks in total
F1 0.5 = 0.42

There are 147 true peaks of 85062 peaks in total
F1 0.6 = 0.286

mSCF1 = 0.409

Runtime metrics: {'dataset': 'GBM108_positive', 'device': 'NVIDIA GeForce RTX 3090', 'training_seconds': 2879.090936038061, 'evaluation_seconds': 337.5384667670587, 'total_seconds': 3231.37834918499, 'peak_gpu_memory_bytes': 5825805312}
