/home-mscluster/zsuliman/msi/checkpoints/baselines/s3pl/GBM22_1_Attention3DConvAutoencoder_10epochs_256_spectral_patch_size_3.pt
Samples in training folder: 3835
input channels = 85062
trainable parameters: 470
GPU available: True
length of peak selection before cut-off = 11609
GBM22_1_Attention3DConvAutoencoder_10epochs_256_spectral_patch_size_3:

number picked peaks = 845
There are 491 true peaks of 85062 peaks in class 0
There are 726 true peaks of 85062 peaks in class 1
There are 341 true peaks of 85062 peaks in class 0
There are 504 true peaks of 85062 peaks in class 1
There are 236 true peaks of 85062 peaks in class 0
There are 354 true peaks of 85062 peaks in class 1
There are 147 true peaks of 85062 peaks in class 0
There are 248 true peaks of 85062 peaks in class 1
There are 1217 true peaks of 85062 peaks in total
F1 0.3 = 0.421

There are 845 true peaks of 85062 peaks in total
F1 0.4 = 0.348

There are 590 true peaks of 85062 peaks in total
F1 0.5 = 0.252

There are 395 true peaks of 85062 peaks in total
F1 0.6 = 0.16

mSCF1 = 0.295

Runtime metrics: {'dataset': 'GBM22_1', 'device': 'NVIDIA GeForce RTX 3090', 'training_seconds': 906.6770677650347, 'evaluation_seconds': 130.62344603193924, 'total_seconds': 1062.134873664938, 'peak_gpu_memory_bytes': 315762176}
