!Fri Aug 21 20:30:24 2026 
4.812! WARNING: No pixel size found, set x and y spacing to 50 microns!
[5.863] [imzML]: /datasets/zsuliman/msi_data/cac/280TopL.imzML
	[pixel size (mm)]: 0.050000x0.050000x0.010000
	[image dimension]: 65x64x1
	[num spectra]: 4160
	[spec. type]: ContinuousCentroid
	[mass range]: 198.033340 to 1060.679443 with #1481 measurements
/home-mscluster/zsuliman/msi/checkpoints/baselines/s3pl/280TopL_Attention3DConvAutoencoder_10epochs_256_spectral_patch_size_9.pt
Samples in training folder: 4160
input channels = 1481
trainable parameters: 4214
GPU available: True
!717.151! WARNING: No pixel size found, set x and y spacing to 50 microns!
[717.868] [imzML]: /datasets/zsuliman/msi_data/cac/280TopL.imzML
	[pixel size (mm)]: 0.050000x0.050000x0.010000
	[image dimension]: 65x64x1
	[num spectra]: 4160
	[spec. type]: ContinuousCentroid
	[mass range]: 198.033340 to 1060.679443 with #1481 measurements
length of peak selection before cut-off = 1416
280TopL_Attention3DConvAutoencoder_10epochs_256_spectral_patch_size_9:

number picked peaks = 238
There are 79 true peaks of 1481 peaks in class 0
There are 78 true peaks of 1481 peaks in class 1
There are 64 true peaks of 1481 peaks in class 2
There are 52 true peaks of 1481 peaks in class 0
There are 15 true peaks of 1481 peaks in class 1
There are 5 true peaks of 1481 peaks in class 2
There are 39 true peaks of 1481 peaks in class 0
There are 0 true peaks of 1481 peaks in class 1
There are 0 true peaks of 1481 peaks in class 2
There are 30 true peaks of 1481 peaks in class 0
There are 0 true peaks of 1481 peaks in class 1
There are 0 true peaks of 1481 peaks in class 2
There are 221 true peaks of 1481 peaks in total
F1 0.3 = 0.68

There are 72 true peaks of 1481 peaks in total
F1 0.4 = 0.396

There are 39 true peaks of 1481 peaks in total
F1 0.5 = 0.253

There are 30 true peaks of 1481 peaks in total
F1 0.6 = 0.216

mSCF1 = 0.386

Runtime metrics: {'dataset': '280TopL', 'device': 'NVIDIA GeForce RTX 3090', 'training_seconds': 53.173274198998115, 'evaluation_seconds': 16.01925363999908, 'total_seconds': 70.25333939799748, 'peak_gpu_memory_bytes': 101740544}
