/home-mscluster/zsuliman/msi/checkpoints/baselines/s3pl/GBM39_2_Attention3DConvAutoencoder_10epochs_256_spectral_patch_size_9.pt
Samples in training folder: 2406
input channels = 85062
trainable parameters: 4214
GPU available: True
length of peak selection before cut-off = 2026
GBM39_2_Attention3DConvAutoencoder_10epochs_256_spectral_patch_size_9:

number picked peaks = 917
There are 524 true peaks of 85062 peaks in class 0
There are 703 true peaks of 85062 peaks in class 1
There are 375 true peaks of 85062 peaks in class 0
There are 542 true peaks of 85062 peaks in class 1
There are 265 true peaks of 85062 peaks in class 0
There are 425 true peaks of 85062 peaks in class 1
There are 178 true peaks of 85062 peaks in class 0
There are 318 true peaks of 85062 peaks in class 1
There are 1227 true peaks of 85062 peaks in total
F1 0.3 = 0.58

There are 917 true peaks of 85062 peaks in total
F1 0.4 = 0.539

There are 690 true peaks of 85062 peaks in total
F1 0.5 = 0.459

There are 496 true peaks of 85062 peaks in total
F1 0.6 = 0.374

mSCF1 = 0.488

Runtime metrics: {'dataset': 'GBM39_2', 'device': 'NVIDIA GeForce RTX 3090', 'training_seconds': 3380.291810971976, 'evaluation_seconds': 410.51120896602515, 'total_seconds': 3806.927941379021, 'peak_gpu_memory_bytes': 5825805312}
