!Fri Aug 21 20:30:19 2026 
5.991! WARNING: No pixel size found, set x and y spacing to 50 microns!
[7.175] [imzML]: /datasets/zsuliman/msi_data/cac/160TopL.imzML
	[pixel size (mm)]: 0.050000x0.050000x0.010000
	[image dimension]: 69x69x1
	[num spectra]: 4761
	[spec. type]: ContinuousCentroid
	[mass range]: 198.033020 to 1060.677612 with #1481 measurements
/home-mscluster/zsuliman/msi/checkpoints/baselines/s3pl/160TopL_Attention3DConvAutoencoder_10epochs_256_spectral_patch_size_9.pt
Samples in training folder: 4761
input channels = 1481
trainable parameters: 4214
GPU available: True
!822.225! WARNING: No pixel size found, set x and y spacing to 50 microns!
[824.266] [imzML]: /datasets/zsuliman/msi_data/cac/160TopL.imzML
	[pixel size (mm)]: 0.050000x0.050000x0.010000
	[image dimension]: 69x69x1
	[num spectra]: 4761
	[spec. type]: ContinuousCentroid
	[mass range]: 198.033020 to 1060.677612 with #1481 measurements
length of peak selection before cut-off = 1476
160TopL_Attention3DConvAutoencoder_10epochs_256_spectral_patch_size_9:

number picked peaks = 199
There are 31 true peaks of 1481 peaks in class 0
There are 116 true peaks of 1481 peaks in class 1
There are 52 true peaks of 1481 peaks in class 2
There are 24 true peaks of 1481 peaks in class 0
There are 76 true peaks of 1481 peaks in class 1
There are 26 true peaks of 1481 peaks in class 2
There are 18 true peaks of 1481 peaks in class 0
There are 28 true peaks of 1481 peaks in class 1
There are 6 true peaks of 1481 peaks in class 2
There are 13 true peaks of 1481 peaks in class 0
There are 0 true peaks of 1481 peaks in class 1
There are 0 true peaks of 1481 peaks in class 2
There are 199 true peaks of 1481 peaks in total
F1 0.3 = 0.788

There are 126 true peaks of 1481 peaks in total
F1 0.4 = 0.709

There are 52 true peaks of 1481 peaks in total
F1 0.5 = 0.414

There are 13 true peaks of 1481 peaks in total
F1 0.6 = 0.123

mSCF1 = 0.508

Runtime metrics: {'dataset': '160TopL', 'device': 'NVIDIA GeForce RTX 3090', 'training_seconds': 58.44500525901094, 'evaluation_seconds': 18.115003234997857, 'total_seconds': 77.5675622609997, 'peak_gpu_memory_bytes': 101740544}
