/home-mscluster/zsuliman/msi/checkpoints/baselines/s3pl/GBM22_2_Attention3DConvAutoencoder_10epochs_256_spectral_patch_size_3.pt
Samples in training folder: 4524
input channels = 85062
trainable parameters: 470
GPU available: True
length of peak selection before cut-off = 30208
GBM22_2_Attention3DConvAutoencoder_10epochs_256_spectral_patch_size_3:

number picked peaks = 1014
There are 583 true peaks of 85062 peaks in class 0
There are 838 true peaks of 85062 peaks in class 1
There are 373 true peaks of 85062 peaks in class 0
There are 641 true peaks of 85062 peaks in class 1
There are 254 true peaks of 85062 peaks in class 0
There are 482 true peaks of 85062 peaks in class 1
There are 146 true peaks of 85062 peaks in class 0
There are 358 true peaks of 85062 peaks in class 1
There are 1421 true peaks of 85062 peaks in total
F1 0.3 = 0.507

There are 1014 true peaks of 85062 peaks in total
F1 0.4 = 0.393

There are 736 true peaks of 85062 peaks in total
F1 0.5 = 0.288

There are 504 true peaks of 85062 peaks in total
F1 0.6 = 0.169

mSCF1 = 0.339

Runtime metrics: {'dataset': 'GBM22_2', 'device': 'NVIDIA GeForce RTX 3090', 'training_seconds': 1070.2623242530972, 'evaluation_seconds': 153.58433329500258, 'total_seconds': 1253.24342365982, 'peak_gpu_memory_bytes': 315762176}
