!Fri Aug 21 20:32:02 2026 
4.999! WARNING: No pixel size found, set x and y spacing to 50 microns!
[5.840] [imzML]: /datasets/zsuliman/msi_data/cac/520TopL.imzML
	[pixel size (mm)]: 0.050000x0.050000x0.010000
	[image dimension]: 69x47x1
	[num spectra]: 3243
	[spec. type]: ContinuousCentroid
	[mass range]: 198.033005 to 1060.674438 with #1481 measurements
/home-mscluster/zsuliman/msi/checkpoints/baselines/s3pl/520TopL_Attention3DConvAutoencoder_10epochs_256_spectral_patch_size_9.pt
Samples in training folder: 3243
input channels = 1481
trainable parameters: 4214
GPU available: True
!552.600! WARNING: No pixel size found, set x and y spacing to 50 microns!
[553.218] [imzML]: /datasets/zsuliman/msi_data/cac/520TopL.imzML
	[pixel size (mm)]: 0.050000x0.050000x0.010000
	[image dimension]: 69x47x1
	[num spectra]: 3243
	[spec. type]: ContinuousCentroid
	[mass range]: 198.033005 to 1060.674438 with #1481 measurements
length of peak selection before cut-off = 1310
520TopL_Attention3DConvAutoencoder_10epochs_256_spectral_patch_size_9:

number picked peaks = 257
There are 67 true peaks of 1481 peaks in class 0
There are 175 true peaks of 1481 peaks in class 1
There are 15 true peaks of 1481 peaks in class 2
There are 48 true peaks of 1481 peaks in class 0
There are 149 true peaks of 1481 peaks in class 1
There are 3 true peaks of 1481 peaks in class 2
There are 36 true peaks of 1481 peaks in class 0
There are 117 true peaks of 1481 peaks in class 1
There are 0 true peaks of 1481 peaks in class 2
There are 25 true peaks of 1481 peaks in class 0
There are 82 true peaks of 1481 peaks in class 1
There are 0 true peaks of 1481 peaks in class 2
There are 257 true peaks of 1481 peaks in total
F1 0.3 = 0.804

There are 200 true peaks of 1481 peaks in total
F1 0.4 = 0.748

There are 153 true peaks of 1481 peaks in total
F1 0.5 = 0.688

There are 107 true peaks of 1481 peaks in total
F1 0.6 = 0.577

mSCF1 = 0.704

Runtime metrics: {'dataset': '520TopL', 'device': 'NVIDIA GeForce RTX 3090', 'training_seconds': 41.07192458099962, 'evaluation_seconds': 11.18145477699727, 'total_seconds': 53.39318341499893, 'peak_gpu_memory_bytes': 101740544}
