/home-mscluster/zsuliman/msi/checkpoints/baselines/s3pl/GBM12_1_Attention3DConvAutoencoder_10epochs_256_spectral_patch_size_9.pt
Samples in training folder: 3658
input channels = 85062
trainable parameters: 4214
GPU available: True
length of peak selection before cut-off = 3066
GBM12_1_Attention3DConvAutoencoder_10epochs_256_spectral_patch_size_9:

number picked peaks = 691
There are 321 true peaks of 85062 peaks in class 0
There are 714 true peaks of 85062 peaks in class 1
There are 201 true peaks of 85062 peaks in class 0
There are 490 true peaks of 85062 peaks in class 1
There are 87 true peaks of 85062 peaks in class 0
There are 341 true peaks of 85062 peaks in class 1
There are 5 true peaks of 85062 peaks in class 0
There are 227 true peaks of 85062 peaks in class 1
There are 1035 true peaks of 85062 peaks in total
F1 0.3 = 0.205

There are 691 true peaks of 85062 peaks in total
F1 0.4 = 0.132

There are 428 true peaks of 85062 peaks in total
F1 0.5 = 0.095

There are 232 true peaks of 85062 peaks in total
F1 0.6 = 0.056

mSCF1 = 0.122

Runtime metrics: {'dataset': 'GBM12_1', 'device': 'NVIDIA GeForce RTX 3090', 'training_seconds': 5059.075183566005, 'evaluation_seconds': 594.8689046450017, 'total_seconds': 5677.9477431630075, 'peak_gpu_memory_bytes': 5825805312}
