/home-mscluster/zsuliman/msi/reproducibility/s3pl_massnet/GBM12_2_p3_paper_tic_seed1/checkpoints/baselines/s3pl/GBM12_2_Attention3DConvAutoencoder_10epochs_256_spectral_patch_size_3_paper_tic.pt
Samples in training folder: 3306
input channels = 85062
trainable parameters: 470
GPU available: True
normalization: paper_tic
length of peak selection before cut-off = 1174
GBM12_2_Attention3DConvAutoencoder_10epochs_256_spectral_patch_size_3_paper_tic:

number picked peaks = 981
There are 534 true peaks of 85062 peaks in class 0
There are 811 true peaks of 85062 peaks in class 1
There are 392 true peaks of 85062 peaks in class 0
There are 589 true peaks of 85062 peaks in class 1
There are 297 true peaks of 85062 peaks in class 0
There are 411 true peaks of 85062 peaks in class 1
There are 188 true peaks of 85062 peaks in class 0
There are 278 true peaks of 85062 peaks in class 1
There are 1345 true peaks of 85062 peaks in total
F1 0.3 = 0.31

There are 981 true peaks of 85062 peaks in total
F1 0.4 = 0.307

There are 708 true peaks of 85062 peaks in total
F1 0.5 = 0.289

There are 466 true peaks of 85062 peaks in total
F1 0.6 = 0.261

mSCF1 = 0.292

Runtime metrics: {'dataset': 'GBM12_2', 'normalization': 'paper_tic', 'device': 'NVIDIA GeForce RTX 3090', 'training_seconds': 443.46450371900573, 'evaluation_seconds': 82.6614249960985, 'total_seconds': 547.0844613688532, 'peak_gpu_memory_bytes': 315762176}
