/home-mscluster/zsuliman/msi/checkpoints/baselines/s3pl/GBM39_2_Attention3DConvAutoencoder_10epochs_256_spectral_patch_size_3.pt
Samples in training folder: 2406
input channels = 85062
trainable parameters: 470
GPU available: True
length of peak selection before cut-off = 1796
GBM39_2_Attention3DConvAutoencoder_10epochs_256_spectral_patch_size_3:

number picked peaks = 917
There are 524 true peaks of 85062 peaks in class 0
There are 703 true peaks of 85062 peaks in class 1
There are 375 true peaks of 85062 peaks in class 0
There are 542 true peaks of 85062 peaks in class 1
There are 265 true peaks of 85062 peaks in class 0
There are 425 true peaks of 85062 peaks in class 1
There are 178 true peaks of 85062 peaks in class 0
There are 318 true peaks of 85062 peaks in class 1
There are 1227 true peaks of 85062 peaks in total
F1 0.3 = 0.319

There are 917 true peaks of 85062 peaks in total
F1 0.4 = 0.296

There are 690 true peaks of 85062 peaks in total
F1 0.5 = 0.274

There are 496 true peaks of 85062 peaks in total
F1 0.6 = 0.235

mSCF1 = 0.281

Runtime metrics: {'dataset': 'GBM39_2', 'device': 'NVIDIA GeForce RTX 3090', 'training_seconds': 577.6753915399313, 'evaluation_seconds': 87.50129236886278, 'total_seconds': 680.4657606529072, 'peak_gpu_memory_bytes': 315762176}
