!Fri Aug 21 20:30:27 2026 
4.696! WARNING: No pixel size found, set x and y spacing to 50 microns!
[5.877] [imzML]: /datasets/zsuliman/msi_data/cac/400TopL.imzML
	[pixel size (mm)]: 0.050000x0.050000x0.010000
	[image dimension]: 76x62x1
	[num spectra]: 4712
	[spec. type]: ContinuousCentroid
	[mass range]: 198.035233 to 1060.684326 with #1481 measurements
/home-mscluster/zsuliman/msi/checkpoints/baselines/s3pl/400TopL_Attention3DConvAutoencoder_10epochs_256_spectral_patch_size_9.pt
Samples in training folder: 4712
input channels = 1481
trainable parameters: 4214
GPU available: True
!781.765! WARNING: No pixel size found, set x and y spacing to 50 microns!
[782.661] [imzML]: /datasets/zsuliman/msi_data/cac/400TopL.imzML
	[pixel size (mm)]: 0.050000x0.050000x0.010000
	[image dimension]: 76x62x1
	[num spectra]: 4712
	[spec. type]: ContinuousCentroid
	[mass range]: 198.035233 to 1060.684326 with #1481 measurements
length of peak selection before cut-off = 1478
400TopL_Attention3DConvAutoencoder_10epochs_256_spectral_patch_size_9:

number picked peaks = 137
There are 28 true peaks of 1481 peaks in class 0
There are 103 true peaks of 1481 peaks in class 1
There are 6 true peaks of 1481 peaks in class 2
There are 17 true peaks of 1481 peaks in class 0
There are 70 true peaks of 1481 peaks in class 1
There are 0 true peaks of 1481 peaks in class 2
There are 11 true peaks of 1481 peaks in class 0
There are 37 true peaks of 1481 peaks in class 1
There are 0 true peaks of 1481 peaks in class 2
There are 4 true peaks of 1481 peaks in class 0
There are 4 true peaks of 1481 peaks in class 1
There are 0 true peaks of 1481 peaks in class 2
There are 137 true peaks of 1481 peaks in total
F1 0.3 = 0.639

There are 87 true peaks of 1481 peaks in total
F1 0.4 = 0.589

There are 48 true peaks of 1481 peaks in total
F1 0.5 = 0.486

There are 8 true peaks of 1481 peaks in total
F1 0.6 = 0.11

mSCF1 = 0.456

Runtime metrics: {'dataset': '400TopL', 'device': 'NVIDIA GeForce RTX 3090', 'training_seconds': 57.77383657899918, 'evaluation_seconds': 15.62503067101352, 'total_seconds': 74.69659241801128, 'peak_gpu_memory_bytes': 101740544}
