/home-mscluster/zsuliman/msi/reproducibility/s3pl_massnet/GBM39_1_p3_paper_tic_seed1/checkpoints/baselines/s3pl/GBM39_1_Attention3DConvAutoencoder_10epochs_256_spectral_patch_size_3_paper_tic.pt
Samples in training folder: 4015
input channels = 85062
trainable parameters: 470
GPU available: True
normalization: paper_tic
length of peak selection before cut-off = 1207
GBM39_1_Attention3DConvAutoencoder_10epochs_256_spectral_patch_size_3_paper_tic:

number picked peaks = 696
There are 355 true peaks of 85062 peaks in class 0
There are 634 true peaks of 85062 peaks in class 1
There are 239 true peaks of 85062 peaks in class 0
There are 457 true peaks of 85062 peaks in class 1
There are 132 true peaks of 85062 peaks in class 0
There are 351 true peaks of 85062 peaks in class 1
There are 59 true peaks of 85062 peaks in class 0
There are 269 true peaks of 85062 peaks in class 1
There are 989 true peaks of 85062 peaks in total
F1 0.3 = 0.3

There are 696 true peaks of 85062 peaks in total
F1 0.4 = 0.303

There are 483 true peaks of 85062 peaks in total
F1 0.5 = 0.275

There are 328 true peaks of 85062 peaks in total
F1 0.6 = 0.248

mSCF1 = 0.282

Runtime metrics: {'dataset': 'GBM39_1', 'normalization': 'paper_tic', 'device': 'NVIDIA GeForce RTX 3090', 'training_seconds': 534.0544333849102, 'evaluation_seconds': 93.20570010086522, 'total_seconds': 652.5862953383476, 'peak_gpu_memory_bytes': 315762176}
