/home-mscluster/zsuliman/msi/checkpoints/baselines/s3pl/GBM22_2_Attention3DConvAutoencoder_10epochs_256_spectral_patch_size_9.pt
Samples in training folder: 4524
input channels = 85062
trainable parameters: 4214
GPU available: True
length of peak selection before cut-off = 3556
GBM22_2_Attention3DConvAutoencoder_10epochs_256_spectral_patch_size_9:

number picked peaks = 1014
There are 583 true peaks of 85062 peaks in class 0
There are 838 true peaks of 85062 peaks in class 1
There are 373 true peaks of 85062 peaks in class 0
There are 641 true peaks of 85062 peaks in class 1
There are 254 true peaks of 85062 peaks in class 0
There are 482 true peaks of 85062 peaks in class 1
There are 146 true peaks of 85062 peaks in class 0
There are 358 true peaks of 85062 peaks in class 1
There are 1421 true peaks of 85062 peaks in total
F1 0.3 = 0.521

There are 1014 true peaks of 85062 peaks in total
F1 0.4 = 0.412

There are 736 true peaks of 85062 peaks in total
F1 0.5 = 0.311

There are 504 true peaks of 85062 peaks in total
F1 0.6 = 0.19

mSCF1 = 0.358

Runtime metrics: {'dataset': 'GBM22_2', 'device': 'NVIDIA GeForce RTX 3090', 'training_seconds': 6243.335484949988, 'evaluation_seconds': 727.5402548260754, 'total_seconds': 6999.568873279961, 'peak_gpu_memory_bytes': 5825805312}
