/home-mscluster/zsuliman/msi/reproducibility/s3pl_massnet/GBM12_1_p3_paper_tic_seed1/checkpoints/baselines/s3pl/GBM12_1_Attention3DConvAutoencoder_10epochs_256_spectral_patch_size_3_paper_tic.pt
Samples in training folder: 3658
input channels = 85062
trainable parameters: 470
GPU available: True
normalization: paper_tic
length of peak selection before cut-off = 1497
GBM12_1_Attention3DConvAutoencoder_10epochs_256_spectral_patch_size_3_paper_tic:

number picked peaks = 691
There are 321 true peaks of 85062 peaks in class 0
There are 714 true peaks of 85062 peaks in class 1
There are 201 true peaks of 85062 peaks in class 0
There are 490 true peaks of 85062 peaks in class 1
There are 87 true peaks of 85062 peaks in class 0
There are 341 true peaks of 85062 peaks in class 1
There are 5 true peaks of 85062 peaks in class 0
There are 227 true peaks of 85062 peaks in class 1
There are 1035 true peaks of 85062 peaks in total
F1 0.3 = 0.273

There are 691 true peaks of 85062 peaks in total
F1 0.4 = 0.266

There are 428 true peaks of 85062 peaks in total
F1 0.5 = 0.241

There are 232 true peaks of 85062 peaks in total
F1 0.6 = 0.165

mSCF1 = 0.236

Runtime metrics: {'dataset': 'GBM12_1', 'normalization': 'paper_tic', 'device': 'NVIDIA GeForce RTX 3090', 'training_seconds': 492.29102444602177, 'evaluation_seconds': 85.24533464806154, 'total_seconds': 599.8534501274116, 'peak_gpu_memory_bytes': 315762176}
