/home-mscluster/zsuliman/msi/checkpoints/baselines/s3pl/GBM12_2_Attention3DConvAutoencoder_10epochs_256_spectral_patch_size_9.pt
Samples in training folder: 3306
input channels = 85062
trainable parameters: 4214
GPU available: True
length of peak selection before cut-off = 2797
GBM12_2_Attention3DConvAutoencoder_10epochs_256_spectral_patch_size_9:

number picked peaks = 981
There are 534 true peaks of 85062 peaks in class 0
There are 811 true peaks of 85062 peaks in class 1
There are 392 true peaks of 85062 peaks in class 0
There are 589 true peaks of 85062 peaks in class 1
There are 297 true peaks of 85062 peaks in class 0
There are 411 true peaks of 85062 peaks in class 1
There are 188 true peaks of 85062 peaks in class 0
There are 278 true peaks of 85062 peaks in class 1
There are 1345 true peaks of 85062 peaks in total
F1 0.3 = 0.453

There are 981 true peaks of 85062 peaks in total
F1 0.4 = 0.384

There are 708 true peaks of 85062 peaks in total
F1 0.5 = 0.307

There are 466 true peaks of 85062 peaks in total
F1 0.6 = 0.207

mSCF1 = 0.338

Runtime metrics: {'dataset': 'GBM12_2', 'device': 'NVIDIA GeForce RTX 3090', 'training_seconds': 4641.516597485999, 'evaluation_seconds': 576.1093043510045, 'total_seconds': 5238.019078689002, 'peak_gpu_memory_bytes': 5825805312}
