/home-mscluster/zsuliman/msi/checkpoints/baselines/s3pl/GBM39_1_Attention3DConvAutoencoder_10epochs_256_spectral_patch_size_9.pt
Samples in training folder: 4015
input channels = 85062
trainable parameters: 4214
GPU available: True
length of peak selection before cut-off = 2495
GBM39_1_Attention3DConvAutoencoder_10epochs_256_spectral_patch_size_9:

number picked peaks = 696
There are 355 true peaks of 85062 peaks in class 0
There are 634 true peaks of 85062 peaks in class 1
There are 239 true peaks of 85062 peaks in class 0
There are 457 true peaks of 85062 peaks in class 1
There are 132 true peaks of 85062 peaks in class 0
There are 351 true peaks of 85062 peaks in class 1
There are 59 true peaks of 85062 peaks in class 0
There are 269 true peaks of 85062 peaks in class 1
There are 989 true peaks of 85062 peaks in total
F1 0.3 = 0.392

There are 696 true peaks of 85062 peaks in total
F1 0.4 = 0.315

There are 483 true peaks of 85062 peaks in total
F1 0.5 = 0.224

There are 328 true peaks of 85062 peaks in total
F1 0.6 = 0.164

mSCF1 = 0.274

Runtime metrics: {'dataset': 'GBM39_1', 'device': 'NVIDIA GeForce RTX 3090', 'training_seconds': 5582.541056108006, 'evaluation_seconds': 684.4394434870046, 'total_seconds': 6291.446039946997, 'peak_gpu_memory_bytes': 5825805312}
