Pilot dataset: GBM108_negative
Allocated node: mscluster79.ms.wits.ac.za
CUDA_VISIBLE_DEVICES: not-set
NVIDIA GeForce RTX 3090, GPU-40726e7c-05ba-b81a-c555-3f044de996c1
{
  "dataset": "GBM108_negative",
  "source_imzml": "/datasets/zsuliman/msi_data/gbm_imzml/GBM108_negative.imzML",
  "source_ibd": "/datasets/zsuliman/msi_data/gbm_imzml/GBM108_negative.ibd",
  "source_mask": "/datasets/zsuliman/msi_data/gbm_imzml/masks/GBM108_negative_mask.npy",
  "prepared_imzml": "/datasets/zsuliman/msi_data/gbm_imzml_s3pl_pilot/GBM108_negative/GBM108_negative.imzML",
  "prepared_ibd_is_symlink": true,
  "prepared_mask": "/datasets/zsuliman/msi_data/gbm_imzml_s3pl_pilot/GBM108_negative/masks/GBM108_negative_mask.npy",
  "mask_rule": "at measured coordinates: official 1/2 -> S3PL 0/1",
  "measured_pixels": 2512,
  "normal_pixels": 960,
  "tumour_pixels": 1552,
  "status": "valid"
}
!Sat Sep 12 13:36:48 2026 
6.048! WARNING: No pixel size found, set x and y spacing to 50 microns!
[27.206] [imzML]: /datasets/zsuliman/msi_data/gbm_imzml_s3pl_pilot/GBM108_negative/GBM108_negative.imzML
	[pixel size (mm)]: 0.050000x0.050000x0.010000
	[image dimension]: 73x63x1
	[num spectra]: 2512
	[spec. type]: ContinuousCentroid
	[mass range]: 101.923820 to 999.985901 with #85062 measurements
/home-mscluster/zsuliman/msi/reproducibility/s3pl_gbm_imzml/GBM108_negative_p3_seed1/checkpoints/baselines/s3pl/GBM108_negative_Attention3DConvAutoencoder_10epochs_256_spectral_patch_size_3.pt
Samples in training folder: 2512
input channels = 85062
trainable parameters: 470
GPU available: True
normalization: reference_spatial_max
!1133.184! WARNING: No pixel size found, set x and y spacing to 50 microns!
[1153.608] [imzML]: /datasets/zsuliman/msi_data/gbm_imzml_s3pl_pilot/GBM108_negative/GBM108_negative.imzML
	[pixel size (mm)]: 0.050000x0.050000x0.010000
	[image dimension]: 73x63x1
	[num spectra]: 2512
	[spec. type]: ContinuousCentroid
	[mass range]: 101.923820 to 999.985901 with #85062 measurements
length of peak selection before cut-off = 2467
GBM108_negative_Attention3DConvAutoencoder_10epochs_256_spectral_patch_size_3:

number picked peaks = 937
There are 615 true peaks of 85062 peaks in class 0
There are 732 true peaks of 85062 peaks in class 1
There are 435 true peaks of 85062 peaks in class 0
There are 502 true peaks of 85062 peaks in class 1
There are 330 true peaks of 85062 peaks in class 0
There are 337 true peaks of 85062 peaks in class 1
There are 235 true peaks of 85062 peaks in class 0
There are 199 true peaks of 85062 peaks in class 1
There are 1347 true peaks of 85062 peaks in total
F1 0.3 = 0.667

There are 937 true peaks of 85062 peaks in total
F1 0.4 = 0.694

There are 667 true peaks of 85062 peaks in total
F1 0.5 = 0.676

There are 434 true peaks of 85062 peaks in total
F1 0.6 = 0.585

mSCF1 = 0.655

Runtime metrics: {'dataset': 'GBM108_negative', 'normalization': 'reference_spatial_max', 'device': 'NVIDIA GeForce RTX 3090', 'training_seconds': 153.09557790122926, 'evaluation_seconds': 39.20484907180071, 'total_seconds': 214.52207290101796, 'peak_gpu_memory_bytes': 315762176}
