/home-mscluster/zsuliman/msi/checkpoints/baselines/s3pl/GBM12_1_Attention3DConvAutoencoder_10epochs_256_spectral_patch_size_3.pt
Samples in training folder: 3658
input channels = 85062
trainable parameters: 470
GPU available: True
length of peak selection before cut-off = 13080
GBM12_1_Attention3DConvAutoencoder_10epochs_256_spectral_patch_size_3:

number picked peaks = 691
There are 321 true peaks of 85062 peaks in class 0
There are 714 true peaks of 85062 peaks in class 1
There are 201 true peaks of 85062 peaks in class 0
There are 490 true peaks of 85062 peaks in class 1
There are 87 true peaks of 85062 peaks in class 0
There are 341 true peaks of 85062 peaks in class 1
There are 5 true peaks of 85062 peaks in class 0
There are 227 true peaks of 85062 peaks in class 1
There are 1035 true peaks of 85062 peaks in total
F1 0.3 = 0.254

There are 691 true peaks of 85062 peaks in total
F1 0.4 = 0.169

There are 428 true peaks of 85062 peaks in total
F1 0.5 = 0.102

There are 232 true peaks of 85062 peaks in total
F1 0.6 = 0.056

mSCF1 = 0.145

Runtime metrics: {'dataset': 'GBM12_1', 'device': 'NVIDIA GeForce RTX 3090', 'training_seconds': 865.2750600650907, 'evaluation_seconds': 100.24774834699929, 'total_seconds': 989.3745294832624, 'peak_gpu_memory_bytes': 315762176}
