/home-mscluster/zsuliman/msi/reproducibility/s3pl_massnet/GBM108_positive_p3_seed1_repeat1/checkpoints/baselines/s3pl/GBM108_positive_Attention3DConvAutoencoder_10epochs_256_spectral_patch_size_3.pt
Samples in training folder: 2071
input channels = 85062
trainable parameters: 470
GPU available: True
length of peak selection before cut-off = 4555
GBM108_positive_Attention3DConvAutoencoder_10epochs_256_spectral_patch_size_3:

number picked peaks = 581
There are 447 true peaks of 85062 peaks in class 0
There are 493 true peaks of 85062 peaks in class 1
There are 280 true peaks of 85062 peaks in class 0
There are 301 true peaks of 85062 peaks in class 1
There are 181 true peaks of 85062 peaks in class 0
There are 156 true peaks of 85062 peaks in class 1
There are 101 true peaks of 85062 peaks in class 0
There are 46 true peaks of 85062 peaks in class 1
There are 940 true peaks of 85062 peaks in total
F1 0.3 = 0.046

There are 581 true peaks of 85062 peaks in total
F1 0.4 = 0.031

There are 337 true peaks of 85062 peaks in total
F1 0.5 = 0.035

There are 147 true peaks of 85062 peaks in total
F1 0.6 = 0.022

mSCF1 = 0.033

Runtime metrics: {'dataset': 'GBM108_positive', 'device': 'NVIDIA GeForce RTX 3090', 'training_seconds': 511.30931300180964, 'evaluation_seconds': 75.55429430189542, 'total_seconds': 600.0241391190793, 'peak_gpu_memory_bytes': 315762176}
