!Fri Aug 21 20:19:40 2026 
8.372! WARNING: No pixel size found, set x and y spacing to 50 microns!
[9.460] [imzML]: /datasets/zsuliman/msi_data/cac/40TopL.imzML
	[pixel size (mm)]: 0.050000x0.050000x0.010000
	[image dimension]: 66x71x1
	[num spectra]: 4686
	[spec. type]: ContinuousCentroid
	[mass range]: 198.032669 to 1060.672485 with #1481 measurements
/home-mscluster/zsuliman/msi/checkpoints/baselines/s3pl/40TopL_Attention3DConvAutoencoder_10epochs_256_spectral_patch_size_9.pt
Samples in training folder: 4686
input channels = 1481
trainable parameters: 4214
GPU available: True
!802.811! WARNING: No pixel size found, set x and y spacing to 50 microns!
[803.643] [imzML]: /datasets/zsuliman/msi_data/cac/40TopL.imzML
	[pixel size (mm)]: 0.050000x0.050000x0.010000
	[image dimension]: 66x71x1
	[num spectra]: 4686
	[spec. type]: ContinuousCentroid
	[mass range]: 198.032669 to 1060.672485 with #1481 measurements
length of peak selection before cut-off = 1463
40TopL_Attention3DConvAutoencoder_10epochs_256_spectral_patch_size_9:

number picked peaks = 342
There are 65 true peaks of 1481 peaks in class 0
There are 186 true peaks of 1481 peaks in class 1
There are 91 true peaks of 1481 peaks in class 2
There are 56 true peaks of 1481 peaks in class 0
There are 139 true peaks of 1481 peaks in class 1
There are 62 true peaks of 1481 peaks in class 2
There are 47 true peaks of 1481 peaks in class 0
There are 90 true peaks of 1481 peaks in class 1
There are 30 true peaks of 1481 peaks in class 2
There are 36 true peaks of 1481 peaks in class 0
There are 52 true peaks of 1481 peaks in class 1
There are 16 true peaks of 1481 peaks in class 2
There are 342 true peaks of 1481 peaks in total
F1 0.3 = 0.851

There are 257 true peaks of 1481 peaks in total
F1 0.4 = 0.792

There are 167 true peaks of 1481 peaks in total
F1 0.5 = 0.64

There are 104 true peaks of 1481 peaks in total
F1 0.6 = 0.466

mSCF1 = 0.687

Runtime metrics: {'dataset': '40TopL', 'device': 'NVIDIA GeForce RTX 3090', 'training_seconds': 60.48855998300132, 'evaluation_seconds': 18.04082146199653, 'total_seconds': 79.84225733499625, 'peak_gpu_memory_bytes': 101740544}
