{
  "dataset": "GBM108_positive",
  "source_imzml": "/datasets/zsuliman/msi_data/gbm_imzml/GBM108_positive.imzML",
  "source_ibd": "/datasets/zsuliman/msi_data/gbm_imzml/GBM108_positive.ibd",
  "source_mask": "/datasets/zsuliman/msi_data/gbm_imzml/masks/GBM108_positive_mask.npy",
  "prepared_imzml": "/datasets/zsuliman/msi_data/gbm_imzml_s3pl_pilot/GBM108_positive/GBM108_positive.imzML",
  "prepared_ibd_is_symlink": true,
  "prepared_mask": "/datasets/zsuliman/msi_data/gbm_imzml_s3pl_pilot/GBM108_positive/masks/GBM108_positive_mask.npy",
  "mask_rule": "at measured coordinates: official 1/2 -> S3PL 0/1",
  "measured_pixels": 2071,
  "normal_pixels": 1173,
  "tumour_pixels": 898,
  "status": "valid"
}
!Sat Sep 12 12:00:07 2026 
5.634! WARNING: No pixel size found, set x and y spacing to 50 microns!
[23.502] [imzML]: /datasets/zsuliman/msi_data/gbm_imzml_s3pl_pilot/GBM108_positive/GBM108_positive.imzML
	[pixel size (mm)]: 0.050000x0.050000x0.010000
	[image dimension]: 70x36x1
	[num spectra]: 2071
	[spec. type]: ContinuousCentroid
	[mass range]: 101.923820 to 999.985901 with #85062 measurements
/home-mscluster/zsuliman/msi/reproducibility/s3pl_gbm_imzml/GBM108_positive_p3_seed1/checkpoints/baselines/s3pl/GBM108_positive_Attention3DConvAutoencoder_10epochs_256_spectral_patch_size_3.pt
Samples in training folder: 2071
input channels = 85062
trainable parameters: 470
GPU available: True
normalization: reference_spatial_max
!1758.262! WARNING: No pixel size found, set x and y spacing to 50 microns!
[1775.986] [imzML]: /datasets/zsuliman/msi_data/gbm_imzml_s3pl_pilot/GBM108_positive/GBM108_positive.imzML
	[pixel size (mm)]: 0.050000x0.050000x0.010000
	[image dimension]: 70x36x1
	[num spectra]: 2071
	[spec. type]: ContinuousCentroid
	[mass range]: 101.923820 to 999.985901 with #85062 measurements
length of peak selection before cut-off = 5397
GBM108_positive_Attention3DConvAutoencoder_10epochs_256_spectral_patch_size_3:

number picked peaks = 581
There are 447 true peaks of 85062 peaks in class 0
There are 493 true peaks of 85062 peaks in class 1
There are 280 true peaks of 85062 peaks in class 0
There are 301 true peaks of 85062 peaks in class 1
There are 181 true peaks of 85062 peaks in class 0
There are 156 true peaks of 85062 peaks in class 1
There are 101 true peaks of 85062 peaks in class 0
There are 46 true peaks of 85062 peaks in class 1
There are 940 true peaks of 85062 peaks in total
F1 0.3 = 0.041

There are 581 true peaks of 85062 peaks in total
F1 0.4 = 0.024

There are 337 true peaks of 85062 peaks in total
F1 0.5 = 0.026

There are 147 true peaks of 85062 peaks in total
F1 0.6 = 0.016

mSCF1 = 0.027

Runtime metrics: {'dataset': 'GBM108_positive', 'normalization': 'reference_spatial_max', 'device': 'NVIDIA GeForce RTX 3090', 'training_seconds': 123.92374284286052, 'evaluation_seconds': 29.43108349107206, 'total_seconds': 176.0281750159338, 'peak_gpu_memory_bytes': 315762176}
