/home-mscluster/zsuliman/msi/reproducibility/s3pl_massnet/GBM39_2_p3_paper_tic_seed1/checkpoints/baselines/s3pl/GBM39_2_Attention3DConvAutoencoder_10epochs_256_spectral_patch_size_3_paper_tic.pt
Samples in training folder: 2406
input channels = 85062
trainable parameters: 470
GPU available: True
normalization: paper_tic
length of peak selection before cut-off = 969
GBM39_2_Attention3DConvAutoencoder_10epochs_256_spectral_patch_size_3_paper_tic:

number picked peaks = 917
There are 524 true peaks of 85062 peaks in class 0
There are 703 true peaks of 85062 peaks in class 1
There are 375 true peaks of 85062 peaks in class 0
There are 542 true peaks of 85062 peaks in class 1
There are 265 true peaks of 85062 peaks in class 0
There are 425 true peaks of 85062 peaks in class 1
There are 178 true peaks of 85062 peaks in class 0
There are 318 true peaks of 85062 peaks in class 1
There are 1227 true peaks of 85062 peaks in total
F1 0.3 = 0.315

There are 917 true peaks of 85062 peaks in total
F1 0.4 = 0.304

There are 690 true peaks of 85062 peaks in total
F1 0.5 = 0.287

There are 496 true peaks of 85062 peaks in total
F1 0.6 = 0.258

mSCF1 = 0.291

Runtime metrics: {'dataset': 'GBM39_2', 'normalization': 'paper_tic', 'device': 'NVIDIA GeForce RTX 3090', 'training_seconds': 328.2755489400588, 'evaluation_seconds': 63.014463152270764, 'total_seconds': 406.36961330194026, 'peak_gpu_memory_bytes': 315762176}
