!Sun Aug 23 13:12:56 2026 
8.529! WARNING: No pixel size found, set x and y spacing to 50 microns!
[9.721] [imzML]: /datasets/zsuliman/msi_data/cac/240TopL.imzML
	[pixel size (mm)]: 0.050000x0.050000x0.010000
	[image dimension]: 70x67x1
	[num spectra]: 4690
	[spec. type]: ContinuousCentroid
	[mass range]: 198.033646 to 1060.681030 with #1481 measurements
/home-mscluster/zsuliman/msi/checkpoints/baselines/s3pl/240TopL_Attention3DConvAutoencoder_10epochs_256_spectral_patch_size_9.pt
Samples in training folder: 4690
input channels = 1481
trainable parameters: 4214
GPU available: True
!799.145! WARNING: No pixel size found, set x and y spacing to 50 microns!
[800.080] [imzML]: /datasets/zsuliman/msi_data/cac/240TopL.imzML
	[pixel size (mm)]: 0.050000x0.050000x0.010000
	[image dimension]: 70x67x1
	[num spectra]: 4690
	[spec. type]: ContinuousCentroid
	[mass range]: 198.033646 to 1060.681030 with #1481 measurements
length of peak selection before cut-off = 1478
240TopL_Attention3DConvAutoencoder_10epochs_256_spectral_patch_size_9:

number picked peaks = 257
There are 40 true peaks of 1481 peaks in class 0
There are 178 true peaks of 1481 peaks in class 1
There are 39 true peaks of 1481 peaks in class 2
There are 36 true peaks of 1481 peaks in class 0
There are 140 true peaks of 1481 peaks in class 1
There are 12 true peaks of 1481 peaks in class 2
There are 29 true peaks of 1481 peaks in class 0
There are 91 true peaks of 1481 peaks in class 1
There are 6 true peaks of 1481 peaks in class 2
There are 19 true peaks of 1481 peaks in class 0
There are 42 true peaks of 1481 peaks in class 1
There are 0 true peaks of 1481 peaks in class 2
There are 257 true peaks of 1481 peaks in total
F1 0.3 = 0.855

There are 188 true peaks of 1481 peaks in total
F1 0.4 = 0.788

There are 126 true peaks of 1481 peaks in total
F1 0.5 = 0.648

There are 61 true peaks of 1481 peaks in total
F1 0.6 = 0.384

mSCF1 = 0.669

Runtime metrics: {'dataset': '240TopL', 'device': 'NVIDIA GeForce RTX 3090', 'training_seconds': 63.13144430099055, 'evaluation_seconds': 18.777253334992565, 'total_seconds': 83.92504496092442, 'peak_gpu_memory_bytes': 101740544}
