!Fri Aug 21 20:30:25 2026 
4.787! WARNING: No pixel size found, set x and y spacing to 50 microns!
[5.703] [imzML]: /datasets/zsuliman/msi_data/cac/200TopL.imzML
	[pixel size (mm)]: 0.050000x0.050000x0.010000
	[image dimension]: 67x59x1
	[num spectra]: 3953
	[spec. type]: ContinuousCentroid
	[mass range]: 198.033661 to 1060.678589 with #1481 measurements
/home-mscluster/zsuliman/msi/checkpoints/baselines/s3pl/200TopL_Attention3DConvAutoencoder_10epochs_256_spectral_patch_size_9.pt
Samples in training folder: 3953
input channels = 1481
trainable parameters: 4214
GPU available: True
!666.700! WARNING: No pixel size found, set x and y spacing to 50 microns!
[667.415] [imzML]: /datasets/zsuliman/msi_data/cac/200TopL.imzML
	[pixel size (mm)]: 0.050000x0.050000x0.010000
	[image dimension]: 67x59x1
	[num spectra]: 3953
	[spec. type]: ContinuousCentroid
	[mass range]: 198.033661 to 1060.678589 with #1481 measurements
length of peak selection before cut-off = 1479
200TopL_Attention3DConvAutoencoder_10epochs_256_spectral_patch_size_9:

number picked peaks = 214
There are 31 true peaks of 1481 peaks in class 0
There are 130 true peaks of 1481 peaks in class 1
There are 53 true peaks of 1481 peaks in class 2
There are 23 true peaks of 1481 peaks in class 0
There are 92 true peaks of 1481 peaks in class 1
There are 28 true peaks of 1481 peaks in class 2
There are 19 true peaks of 1481 peaks in class 0
There are 64 true peaks of 1481 peaks in class 1
There are 11 true peaks of 1481 peaks in class 2
There are 17 true peaks of 1481 peaks in class 0
There are 36 true peaks of 1481 peaks in class 1
There are 5 true peaks of 1481 peaks in class 2
There are 214 true peaks of 1481 peaks in total
F1 0.3 = 0.872

There are 143 true peaks of 1481 peaks in total
F1 0.4 = 0.779

There are 94 true peaks of 1481 peaks in total
F1 0.5 = 0.61

There are 58 true peaks of 1481 peaks in total
F1 0.6 = 0.426

mSCF1 = 0.672

Runtime metrics: {'dataset': '200TopL', 'device': 'NVIDIA GeForce RTX 3090', 'training_seconds': 49.51901638403069, 'evaluation_seconds': 13.613809040049091, 'total_seconds': 64.29109465098009, 'peak_gpu_memory_bytes': 101740544}
