!Fri Aug 21 20:30:25 2026 
4.763! WARNING: No pixel size found, set x and y spacing to 50 microns!
[5.875] [imzML]: /datasets/zsuliman/msi_data/cac/360TopL.imzML
	[pixel size (mm)]: 0.050000x0.050000x0.010000
	[image dimension]: 71x64x1
	[num spectra]: 4544
	[spec. type]: ContinuousCentroid
	[mass range]: 198.033691 to 1060.681274 with #1481 measurements
/home-mscluster/zsuliman/msi/checkpoints/baselines/s3pl/360TopL_Attention3DConvAutoencoder_10epochs_256_spectral_patch_size_9.pt
Samples in training folder: 4544
input channels = 1481
trainable parameters: 4214
GPU available: True
!768.827! WARNING: No pixel size found, set x and y spacing to 50 microns!
[769.674] [imzML]: /datasets/zsuliman/msi_data/cac/360TopL.imzML
	[pixel size (mm)]: 0.050000x0.050000x0.010000
	[image dimension]: 71x64x1
	[num spectra]: 4544
	[spec. type]: ContinuousCentroid
	[mass range]: 198.033691 to 1060.681274 with #1481 measurements
length of peak selection before cut-off = 1479
360TopL_Attention3DConvAutoencoder_10epochs_256_spectral_patch_size_9:

number picked peaks = 246
There are 38 true peaks of 1481 peaks in class 0
There are 154 true peaks of 1481 peaks in class 1
There are 54 true peaks of 1481 peaks in class 2
There are 33 true peaks of 1481 peaks in class 0
There are 118 true peaks of 1481 peaks in class 1
There are 11 true peaks of 1481 peaks in class 2
There are 24 true peaks of 1481 peaks in class 0
There are 78 true peaks of 1481 peaks in class 1
There are 1 true peaks of 1481 peaks in class 2
There are 18 true peaks of 1481 peaks in class 0
There are 39 true peaks of 1481 peaks in class 1
There are 0 true peaks of 1481 peaks in class 2
There are 246 true peaks of 1481 peaks in total
F1 0.3 = 0.847

There are 162 true peaks of 1481 peaks in total
F1 0.4 = 0.77

There are 103 true peaks of 1481 peaks in total
F1 0.5 = 0.585

There are 57 true peaks of 1481 peaks in total
F1 0.6 = 0.376

mSCF1 = 0.644

Runtime metrics: {'dataset': '360TopL', 'device': 'NVIDIA GeForce RTX 3090', 'training_seconds': 56.796296939995955, 'evaluation_seconds': 15.973061955999583, 'total_seconds': 73.82383225299418, 'peak_gpu_memory_bytes': 101740544}
