{"scale": 1.0, "step": 1, "training_loss": 11.475433349609375, "projection_gradient_norm": 0.002184826647862792, "pixels_with_at_least_two_neighbours": 4, "entropy_mean": 0.999957651995788, "weight_deviation_mean": 0.0014281313633546233, "weight_deviation_max": 0.0032939612865448, "score_spread_mean": 0.041153162717819214, "score_spread_max": 0.048064686357975006, "central_saturation_fraction": 0.0, "neighbour_saturation_fraction": 0.0, "mean_tanh_derivative": 0.965006411075592}
{"scale": 1.0, "step": 2, "training_loss": 11.878894805908203, "projection_gradient_norm": 0.002036522841081023, "pixels_with_at_least_two_neighbours": 4, "entropy_mean": 0.9999570935514956, "weight_deviation_mean": 0.0014375806786119938, "weight_deviation_max": 0.003317028284072876, "score_spread_mean": 0.04148618131875992, "score_spread_max": 0.04837505519390106, "central_saturation_fraction": 0.0, "neighbour_saturation_fraction": 0.0, "mean_tanh_derivative": 0.9647768139839172}
{"epoch": 1, "learning_rate": 0.001, "total_loss": 11.305263042449951, "vae_loss": 11.305263042449951, "reconstruction_loss": 11.071479797363281, "kl_loss": 0.23378315567970276, "spatial_loss": 0.0, "weighted_spatial_loss": 0.0, "spatial_loss_scale": 1.0, "spatial_pairs": 0, "samples_seen": 8, "epoch_seconds": 0.0070568472146987915, "samples_per_second": 1133.6507305042264}
{"epoch": 1, "learning_rate": 0.001, "total_loss": 11.025966835021972, "vae_loss": 11.025966835021972, "reconstruction_loss": 10.828365516662597, "kl_loss": 0.19760120511054993, "spatial_loss": 0.0, "weighted_spatial_loss": 0.0, "spatial_loss_scale": 1.0, "spatial_pairs": 0, "samples_seen": 10, "epoch_seconds": 0.006977492943406105, "samples_per_second": 1433.179521800912}
{"epoch": 1, "learning_rate": 0.001, "total_loss": 11.34116792678833, "vae_loss": 11.34116792678833, "reconstruction_loss": 10.90546464920044, "kl_loss": 0.435703381896019, "spatial_loss": 0.0, "weighted_spatial_loss": 0.0, "spatial_loss_scale": 1.0, "spatial_pairs": 0, "samples_seen": 8, "epoch_seconds": 0.003965434152632952, "samples_per_second": 2017.4335752588893}
{"epoch": 1, "learning_rate": 0.001, "total_loss": 11.083986282348633, "vae_loss": 11.083986282348633, "reconstruction_loss": 10.877989768981934, "kl_loss": 0.2059963196516037, "spatial_loss": 0.0, "weighted_spatial_loss": 0.0, "spatial_loss_scale": 1.0, "spatial_pairs": 0, "samples_seen": 8, "epoch_seconds": 0.003815446048974991, "samples_per_second": 2096.7404327861427}
{"resumed_from": "/tmp/tmpik59sjo5/checkpoints/checkpoint_latest.pt", "completed_epochs": 1, "next_epoch": 2}
{"epoch": 2, "learning_rate": 0.00075, "total_loss": 10.995465755462646, "vae_loss": 10.995465755462646, "reconstruction_loss": 10.82277250289917, "kl_loss": 0.17269345372915268, "spatial_loss": 0.0, "weighted_spatial_loss": 0.0, "spatial_loss_scale": 1.0, "spatial_pairs": 0, "samples_seen": 8, "epoch_seconds": 0.00985378585755825, "samples_per_second": 811.8706977850222}
{"saved_resume_checkpoint": "/tmp/tmpik59sjo5/checkpoints/checkpoint_latest.pt", "completed_epochs": 2}
{"epoch": 3, "learning_rate": 0.0002500000000000001, "total_loss": 11.244705200195312, "vae_loss": 11.244705200195312, "reconstruction_loss": 10.983675003051758, "kl_loss": 0.26102999597787857, "spatial_loss": 0.0, "weighted_spatial_loss": 0.0, "spatial_loss_scale": 1.0, "spatial_pairs": 0, "samples_seen": 8, "epoch_seconds": 0.006016192026436329, "samples_per_second": 1329.744789535711}
{"epoch": 1, "learning_rate": 0.001, "total_loss": 11.206148147583008, "vae_loss": 11.206148147583008, "reconstruction_loss": 10.898056983947754, "kl_loss": 0.30809132754802704, "spatial_loss": 0.0, "weighted_spatial_loss": 0.0, "spatial_loss_scale": 1.0, "spatial_pairs": 0, "samples_seen": 8, "epoch_seconds": 0.004911929834634066, "samples_per_second": 1628.6877600717994}
{"epoch": 1, "learning_rate": 0.001, "total_loss": 11.283178329467773, "vae_loss": 11.153921127319336, "reconstruction_loss": 10.850831985473633, "kl_loss": 0.3030886948108673, "spatial_loss": 0.21542826294898987, "weighted_spatial_loss": 0.12925695776939394, "spatial_loss_scale": 6.0, "spatial_pairs": 16, "samples_seen": 8, "epoch_seconds": 0.002575916238129139, "samples_per_second": 3105.6910475514205}
{"epoch": 1, "learning_rate": 0.001, "total_loss": 852869.7754707871, "vae_loss": 852614.042310478, "reconstruction_loss": 852605.9297139064, "kl_loss": 8.116935017674743, "spatial_loss": 0.30064450417585015, "weighted_spatial_loss": 255.73422814206168, "spatial_loss_scale": 85062.0, "spatial_pairs": 451, "samples_seen": 2071, "epoch_seconds": 411.5849840240553, "samples_per_second": 5.031767630956526}
{"epoch": 2, "learning_rate": 0.0009045084971874737, "total_loss": 692694.4416646548, "vae_loss": 692307.3513701111, "reconstruction_loss": 692289.5741791405, "kl_loss": 17.777657717451962, "spatial_loss": 0.45505917941830343, "weighted_spatial_loss": 387.0824391967973, "spatial_loss_scale": 85062.0, "spatial_pairs": 469, "samples_seen": 2071, "epoch_seconds": 398.5081981290132, "samples_per_second": 5.1968817949625565}
{"epoch": 3, "learning_rate": 0.0006545084971874737, "total_loss": 654769.5073937711, "vae_loss": 654303.0109548527, "reconstruction_loss": 654280.7999456784, "kl_loss": 22.20946629228136, "spatial_loss": 0.5484283727007765, "weighted_spatial_loss": 466.5041423867345, "spatial_loss_scale": 85062.0, "spatial_pairs": 492, "samples_seen": 2071, "epoch_seconds": 399.11340101994574, "samples_per_second": 5.189001408390448}
{"epoch": 4, "learning_rate": 0.00034549150281252633, "total_loss": 641599.1274746499, "vae_loss": 641146.2718493481, "reconstruction_loss": 641121.4422984066, "kl_loss": 24.82794890410655, "spatial_loss": 0.5323804508137392, "weighted_spatial_loss": 452.8534590711829, "spatial_loss_scale": 85062.0, "spatial_pairs": 517, "samples_seen": 2071, "epoch_seconds": 398.9699664688669, "samples_per_second": 5.190866917451562}
{"epoch": 5, "learning_rate": 9.549150281252633e-05, "total_loss": 636604.0440004829, "vae_loss": 636146.5703766296, "reconstruction_loss": 636121.6613652825, "kl_loss": 24.91053384240269, "spatial_loss": 0.5378030224688413, "weighted_spatial_loss": 457.4660069724457, "spatial_loss_scale": 85062.0, "spatial_pairs": 487, "samples_seen": 2071, "epoch_seconds": 399.02322771120816, "samples_per_second": 5.1901740454540155}
{
  "input": "/datasets/zsuliman/msi_data/gbm_massnet/GBM108_positive.h5",
  "purpose": "spatial-loss pilot",
  "variant": "uniform_mean",
  "initial_vae_sha256": "692de4925fe95a65ae94c9f95b35e8e57c9a229f42d3c44c8d11a59545b261ee",
  "controls": {
    "seed": 1,
    "epochs": 5,
    "batch_size": 128,
    "hidden_dim": 512,
    "latent_dim": 5,
    "attention_dim": 8,
    "attention_input_scale": "spectral_bins",
    "spatial_lambda": 0.01,
    "spatial_loss_scale_name": "spectral_bins",
    "spatial_loss_scale": 85062,
    "poisson_augmentation": false,
    "full_dataset": true
  },
  "samples_per_epoch": 2071,
  "dataset_size": 2071,
  "training_seconds": 2007.1997773530893,
  "resumed_from_checkpoint": null,
  "resumed_from_epoch": 0,
  "peak_gpu_memory_allocated_bytes": 3112135168,
  "first_total_loss": 852869.7754707871,
  "final_total_loss": 636604.0440004829,
  "total_loss_change_percent": -25.357415362846545,
  "history": [
    {
      "epoch": 1,
      "learning_rate": 0.001,
      "total_loss": 852869.7754707871,
      "vae_loss": 852614.042310478,
      "reconstruction_loss": 852605.9297139064,
      "kl_loss": 8.116935017674743,
      "spatial_loss": 0.30064450417585015,
      "weighted_spatial_loss": 255.73422814206168,
      "spatial_loss_scale": 85062.0,
      "spatial_pairs": 451,
      "samples_seen": 2071,
      "epoch_seconds": 411.5849840240553,
      "samples_per_second": 5.031767630956526
    },
    {
      "epoch": 2,
      "learning_rate": 0.0009045084971874737,
      "total_loss": 692694.4416646548,
      "vae_loss": 692307.3513701111,
      "reconstruction_loss": 692289.5741791405,
      "kl_loss": 17.777657717451962,
      "spatial_loss": 0.45505917941830343,
      "weighted_spatial_loss": 387.0824391967973,
      "spatial_loss_scale": 85062.0,
      "spatial_pairs": 469,
      "samples_seen": 2071,
      "epoch_seconds": 398.5081981290132,
      "samples_per_second": 5.1968817949625565
    },
    {
      "epoch": 3,
      "learning_rate": 0.0006545084971874737,
      "total_loss": 654769.5073937711,
      "vae_loss": 654303.0109548527,
      "reconstruction_loss": 654280.7999456784,
      "kl_loss": 22.20946629228136,
      "spatial_loss": 0.5484283727007765,
      "weighted_spatial_loss": 466.5041423867345,
      "spatial_loss_scale": 85062.0,
      "spatial_pairs": 492,
      "samples_seen": 2071,
      "epoch_seconds": 399.11340101994574,
      "samples_per_second": 5.189001408390448
    },
    {
      "epoch": 4,
      "learning_rate": 0.00034549150281252633,
      "total_loss": 641599.1274746499,
      "vae_loss": 641146.2718493481,
      "reconstruction_loss": 641121.4422984066,
      "kl_loss": 24.82794890410655,
      "spatial_loss": 0.5323804508137392,
      "weighted_spatial_loss": 452.8534590711829,
      "spatial_loss_scale": 85062.0,
      "spatial_pairs": 517,
      "samples_seen": 2071,
      "epoch_seconds": 398.9699664688669,
      "samples_per_second": 5.190866917451562
    },
    {
      "epoch": 5,
      "learning_rate": 9.549150281252633e-05,
      "total_loss": 636604.0440004829,
      "vae_loss": 636146.5703766296,
      "reconstruction_loss": 636121.6613652825,
      "kl_loss": 24.91053384240269,
      "spatial_loss": 0.5378030224688413,
      "weighted_spatial_loss": 457.4660069724457,
      "spatial_loss_scale": 85062.0,
      "spatial_pairs": 487,
      "samples_seen": 2071,
      "epoch_seconds": 399.02322771120816,
      "samples_per_second": 5.1901740454540155
    }
  ],
  "checkpoint": "/datasets/zsuliman/msi_checkpoints/spatial_msipl/spatial_loss/GBM108_positive_seed1/uniform_mean_lambda_0p01_spectral_scaled_pilot/checkpoint.pt",
  "attention_diagnostics": null,
  "status": "complete"
}
