{"scale": 1.0, "step": 1, "training_loss": 11.475433349609375, "projection_gradient_norm": 0.002184826647862792, "pixels_with_at_least_two_neighbours": 4, "entropy_mean": 0.999957651995788, "weight_deviation_mean": 0.0014281313633546233, "weight_deviation_max": 0.0032939612865448, "score_spread_mean": 0.041153162717819214, "score_spread_max": 0.048064686357975006, "central_saturation_fraction": 0.0, "neighbour_saturation_fraction": 0.0, "mean_tanh_derivative": 0.965006411075592}
{"scale": 1.0, "step": 2, "training_loss": 11.878894805908203, "projection_gradient_norm": 0.002036522841081023, "pixels_with_at_least_two_neighbours": 4, "entropy_mean": 0.9999570935514956, "weight_deviation_mean": 0.0014375806786119938, "weight_deviation_max": 0.003317028284072876, "score_spread_mean": 0.04148618131875992, "score_spread_max": 0.04837505519390106, "central_saturation_fraction": 0.0, "neighbour_saturation_fraction": 0.0, "mean_tanh_derivative": 0.9647768139839172}
{"epoch": 1, "learning_rate": 0.001, "total_loss": 11.305263042449951, "vae_loss": 11.305263042449951, "reconstruction_loss": 11.071479797363281, "kl_loss": 0.23378315567970276, "spatial_loss": 0.0, "weighted_spatial_loss": 0.0, "spatial_pairs": 0, "samples_seen": 8, "epoch_seconds": 0.019300929736346006, "samples_per_second": 414.487804954547}
{"epoch": 1, "learning_rate": 0.001, "total_loss": 11.025966835021972, "vae_loss": 11.025966835021972, "reconstruction_loss": 10.828365516662597, "kl_loss": 0.19760120511054993, "spatial_loss": 0.0, "weighted_spatial_loss": 0.0, "spatial_pairs": 0, "samples_seen": 10, "epoch_seconds": 0.009618591982871294, "samples_per_second": 1039.6532068111335}
{"epoch": 1, "learning_rate": 0.001, "total_loss": 11.34116792678833, "vae_loss": 11.34116792678833, "reconstruction_loss": 10.90546464920044, "kl_loss": 0.435703381896019, "spatial_loss": 0.0, "weighted_spatial_loss": 0.0, "spatial_pairs": 0, "samples_seen": 8, "epoch_seconds": 0.00509501900523901, "samples_per_second": 1570.160973251309}
{"epoch": 1, "learning_rate": 0.001, "total_loss": 11.083986282348633, "vae_loss": 11.083986282348633, "reconstruction_loss": 10.877989768981934, "kl_loss": 0.2059963196516037, "spatial_loss": 0.0, "weighted_spatial_loss": 0.0, "spatial_pairs": 0, "samples_seen": 8, "epoch_seconds": 0.006177455186843872, "samples_per_second": 1295.0316526840377}
{"resumed_from": "/tmp/tmp4zznfyru/checkpoints/checkpoint_latest.pt", "completed_epochs": 1, "next_epoch": 2}
{"epoch": 2, "learning_rate": 0.00075, "total_loss": 10.995465755462646, "vae_loss": 10.995465755462646, "reconstruction_loss": 10.82277250289917, "kl_loss": 0.17269345372915268, "spatial_loss": 0.0, "weighted_spatial_loss": 0.0, "spatial_pairs": 0, "samples_seen": 8, "epoch_seconds": 0.004190303850919008, "samples_per_second": 1909.1694265191431}
{"saved_resume_checkpoint": "/tmp/tmp4zznfyru/checkpoints/checkpoint_latest.pt", "completed_epochs": 2}
{"epoch": 3, "learning_rate": 0.0002500000000000001, "total_loss": 11.244705200195312, "vae_loss": 11.244705200195312, "reconstruction_loss": 10.983675003051758, "kl_loss": 0.26102999597787857, "spatial_loss": 0.0, "weighted_spatial_loss": 0.0, "spatial_pairs": 0, "samples_seen": 8, "epoch_seconds": 0.003922156058251858, "samples_per_second": 2039.6944642650644}
{"epoch": 1, "learning_rate": 0.001, "total_loss": 11.206148147583008, "vae_loss": 11.206148147583008, "reconstruction_loss": 10.898056983947754, "kl_loss": 0.30809132754802704, "spatial_loss": 0.0, "weighted_spatial_loss": 0.0, "spatial_pairs": 0, "samples_seen": 8, "epoch_seconds": 0.011862748302519321, "samples_per_second": 674.3799831191749}
{"epoch": 1, "learning_rate": 0.001, "total_loss": 11.175463676452637, "vae_loss": 11.153921127319336, "reconstruction_loss": 10.850831985473633, "kl_loss": 0.3030886948108673, "spatial_loss": 0.21542826294898987, "weighted_spatial_loss": 0.021542826294898988, "spatial_pairs": 16, "samples_seen": 8, "epoch_seconds": 0.003260596189647913, "samples_per_second": 2453.5390262060814}
{"epoch": 1, "learning_rate": 0.001, "total_loss": 852621.0212759536, "vae_loss": 852621.0212759536, "reconstruction_loss": 852612.0738773539, "kl_loss": 8.950247743937314, "spatial_loss": 0.39973568665446063, "weighted_spatial_loss": 0.0039973568665446066, "spatial_pairs": 451, "samples_seen": 2071, "epoch_seconds": 417.35213343659416, "samples_per_second": 4.962236524219505}
{"epoch": 2, "learning_rate": 0.0009045084971874737, "total_loss": 691998.9624879286, "vae_loss": 691998.9624879286, "reconstruction_loss": 691979.6498370352, "kl_loss": 19.31816847343942, "spatial_loss": 0.6352032732374998, "weighted_spatial_loss": 0.006352032732374998, "spatial_pairs": 469, "samples_seen": 2071, "epoch_seconds": 400.42476572468877, "samples_per_second": 5.172007770927715}
{"epoch": 3, "learning_rate": 0.0006545084971874737, "total_loss": 653614.6622102848, "vae_loss": 653614.6622102848, "reconstruction_loss": 653588.9633631096, "kl_loss": 25.70325455971814, "spatial_loss": 0.836006367728402, "weighted_spatial_loss": 0.00836006367728402, "spatial_pairs": 492, "samples_seen": 2071, "epoch_seconds": 401.3259653109126, "samples_per_second": 5.160393742267757}
{"epoch": 4, "learning_rate": 0.00034549150281252633, "total_loss": 640239.8678778368, "vae_loss": 640239.8678778368, "reconstruction_loss": 640209.2891115403, "kl_loss": 30.578444196773805, "spatial_loss": 0.8722471884631235, "weighted_spatial_loss": 0.008722471884631237, "spatial_pairs": 517, "samples_seen": 2071, "epoch_seconds": 401.6136605939828, "samples_per_second": 5.156697102725566}
{"epoch": 5, "learning_rate": 9.549150281252633e-05, "total_loss": 635032.2149022211, "vae_loss": 635032.2149022211, "reconstruction_loss": 635000.8811564462, "kl_loss": 31.340946232506987, "spatial_loss": 0.9164402364195112, "weighted_spatial_loss": 0.009164402364195112, "spatial_pairs": 487, "samples_seen": 2071, "epoch_seconds": 400.9296731776558, "samples_per_second": 5.165494445910767}
{
  "input": "/datasets/zsuliman/msi_data/gbm_massnet/GBM108_positive.h5",
  "purpose": "spatial-loss pilot",
  "variant": "uniform_mean",
  "initial_vae_sha256": "692de4925fe95a65ae94c9f95b35e8e57c9a229f42d3c44c8d11a59545b261ee",
  "controls": {
    "seed": 1,
    "epochs": 5,
    "batch_size": 128,
    "hidden_dim": 512,
    "latent_dim": 5,
    "attention_dim": 8,
    "attention_input_scale": "spectral_bins",
    "spatial_lambda": 0.01,
    "poisson_augmentation": false,
    "full_dataset": true
  },
  "samples_per_epoch": 2071,
  "dataset_size": 2071,
  "training_seconds": 2021.646198243834,
  "resumed_from_checkpoint": null,
  "resumed_from_epoch": 0,
  "peak_gpu_memory_allocated_bytes": 3112134656,
  "first_total_loss": 852621.0212759536,
  "final_total_loss": 635032.2149022211,
  "total_loss_change_percent": -25.51999082172631,
  "history": [
    {
      "epoch": 1,
      "learning_rate": 0.001,
      "total_loss": 852621.0212759536,
      "vae_loss": 852621.0212759536,
      "reconstruction_loss": 852612.0738773539,
      "kl_loss": 8.950247743937314,
      "spatial_loss": 0.39973568665446063,
      "weighted_spatial_loss": 0.0039973568665446066,
      "spatial_pairs": 451,
      "samples_seen": 2071,
      "epoch_seconds": 417.35213343659416,
      "samples_per_second": 4.962236524219505
    },
    {
      "epoch": 2,
      "learning_rate": 0.0009045084971874737,
      "total_loss": 691998.9624879286,
      "vae_loss": 691998.9624879286,
      "reconstruction_loss": 691979.6498370352,
      "kl_loss": 19.31816847343942,
      "spatial_loss": 0.6352032732374998,
      "weighted_spatial_loss": 0.006352032732374998,
      "spatial_pairs": 469,
      "samples_seen": 2071,
      "epoch_seconds": 400.42476572468877,
      "samples_per_second": 5.172007770927715
    },
    {
      "epoch": 3,
      "learning_rate": 0.0006545084971874737,
      "total_loss": 653614.6622102848,
      "vae_loss": 653614.6622102848,
      "reconstruction_loss": 653588.9633631096,
      "kl_loss": 25.70325455971814,
      "spatial_loss": 0.836006367728402,
      "weighted_spatial_loss": 0.00836006367728402,
      "spatial_pairs": 492,
      "samples_seen": 2071,
      "epoch_seconds": 401.3259653109126,
      "samples_per_second": 5.160393742267757
    },
    {
      "epoch": 4,
      "learning_rate": 0.00034549150281252633,
      "total_loss": 640239.8678778368,
      "vae_loss": 640239.8678778368,
      "reconstruction_loss": 640209.2891115403,
      "kl_loss": 30.578444196773805,
      "spatial_loss": 0.8722471884631235,
      "weighted_spatial_loss": 0.008722471884631237,
      "spatial_pairs": 517,
      "samples_seen": 2071,
      "epoch_seconds": 401.6136605939828,
      "samples_per_second": 5.156697102725566
    },
    {
      "epoch": 5,
      "learning_rate": 9.549150281252633e-05,
      "total_loss": 635032.2149022211,
      "vae_loss": 635032.2149022211,
      "reconstruction_loss": 635000.8811564462,
      "kl_loss": 31.340946232506987,
      "spatial_loss": 0.9164402364195112,
      "weighted_spatial_loss": 0.009164402364195112,
      "spatial_pairs": 487,
      "samples_seen": 2071,
      "epoch_seconds": 400.9296731776558,
      "samples_per_second": 5.165494445910767
    }
  ],
  "checkpoint": "/datasets/zsuliman/msi_checkpoints/spatial_msipl/spatial_loss/GBM108_positive_seed1/uniform_mean_lambda_0p01_pilot/checkpoint.pt",
  "attention_diagnostics": null,
  "status": "complete"
}
