test_encoder_and_decoder_dimensions (test_model.SpatialVAETests.test_encoder_and_decoder_dimensions) ... ok
test_loss_returns_finite_separate_terms (test_model.SpatialVAETests.test_loss_returns_finite_separate_terms) ... ok
test_training_records_losses_and_saves_checkpoint (test_model.SpatialVAETests.test_training_records_losses_and_saves_checkpoint) ... /home-mscluster/zsuliman/miniconda3/envs/s3pl_env/lib/python3.11/site-packages/torch/cuda/__init__.py:619: UserWarning: Can't initialize NVML
  warnings.warn("Can't initialize NVML")
/home-mscluster/zsuliman/miniconda3/envs/s3pl_env/lib/python3.11/site-packages/torch/cuda/__init__.py:749: UserWarning: CUDA initialization: CUDA unknown error - this may be due to an incorrectly set up environment, e.g. changing env variable CUDA_VISIBLE_DEVICES after program start. Setting the available devices to be zero. (Triggered internally at /opt/conda/conda-bld/pytorch_1712608853085/work/c10/cuda/CUDAFunctions.cpp:108.)
  return torch._C._cuda_getDeviceCount() if nvml_count < 0 else nvml_count
ok
test_all_variants_share_the_same_vae_output_contract (test_neighbourhood.NeighbourhoodTests.test_all_variants_share_the_same_vae_output_contract) ... ok
test_attention_is_orientation_free_and_masks_missing_slots (test_neighbourhood.NeighbourhoodTests.test_attention_is_orientation_free_and_masks_missing_slots) ... ok
test_depthwise_starts_as_uniform_and_receives_gradients (test_neighbourhood.NeighbourhoodTests.test_depthwise_starts_as_uniform_and_receives_gradients) ... ok
test_isolated_pixel_produces_zero_context_without_nan (test_neighbourhood.NeighbourhoodTests.test_isolated_pixel_produces_zero_context_without_nan) ... ok
test_neighbourhood_model_uses_shared_training_loop (test_neighbourhood.NeighbourhoodTests.test_neighbourhood_model_uses_shared_training_loop) ... ok
test_seeded_variants_start_with_identical_vae_weights (test_neighbourhood.NeighbourhoodTests.test_seeded_variants_start_with_identical_vae_weights) ... ok
test_uniform_mean_ignores_missing_slots (test_neighbourhood.NeighbourhoodTests.test_uniform_mean_ignores_missing_slots) ... ok
test_measured_neighbours_boundaries_and_shapes (test_preprocessing.PreprocessingTests.test_measured_neighbours_boundaries_and_shapes) ... ok
test_tic_normalization_and_zero_spectrum (test_preprocessing.PreprocessingTests.test_tic_normalization_and_zero_spectrum) ... ok

----------------------------------------------------------------------
Ran 12 tests in 1.838s

OK
/home-mscluster/zsuliman/miniconda3/envs/s3pl_env/lib/python3.11/site-packages/torch/cuda/__init__.py:619: UserWarning: Can't initialize NVML
  warnings.warn("Can't initialize NVML")
/home-mscluster/zsuliman/miniconda3/envs/s3pl_env/lib/python3.11/site-packages/torch/cuda/__init__.py:749: UserWarning: CUDA initialization: CUDA unknown error - this may be due to an incorrectly set up environment, e.g. changing env variable CUDA_VISIBLE_DEVICES after program start. Setting the available devices to be zero. (Triggered internally at /opt/conda/conda-bld/pytorch_1712608853085/work/c10/cuda/CUDAFunctions.cpp:108.)
  return torch._C._cuda_getDeviceCount() if nvml_count < 0 else nvml_count
