{"scale": 1.0, "step": 1, "training_loss": 11.475433349609375, "projection_gradient_norm": 0.002184826647862792, "pixels_with_at_least_two_neighbours": 4, "entropy_mean": 0.999957651995788, "weight_deviation_mean": 0.0014281313633546233, "weight_deviation_max": 0.0032939612865448, "score_spread_mean": 0.041153162717819214, "score_spread_max": 0.048064686357975006, "central_saturation_fraction": 0.0, "neighbour_saturation_fraction": 0.0, "mean_tanh_derivative": 0.965006411075592}
{"scale": 1.0, "step": 2, "training_loss": 11.878894805908203, "projection_gradient_norm": 0.002036522841081023, "pixels_with_at_least_two_neighbours": 4, "entropy_mean": 0.9999570935514956, "weight_deviation_mean": 0.0014375806786119938, "weight_deviation_max": 0.003317028284072876, "score_spread_mean": 0.04148618131875992, "score_spread_max": 0.04837505519390106, "central_saturation_fraction": 0.0, "neighbour_saturation_fraction": 0.0, "mean_tanh_derivative": 0.9647768139839172}
{"epoch": 1, "learning_rate": 0.001, "total_loss": 11.305263042449951, "vae_loss": 11.305263042449951, "reconstruction_loss": 11.071479797363281, "kl_loss": 0.23378315567970276, "spatial_loss": 0.0, "weighted_spatial_loss": 0.0, "spatial_loss_scale": 1.0, "spatial_pairs": 0, "samples_seen": 8, "epoch_seconds": 0.0059576197527348995, "samples_per_second": 1342.8181609488465}
{"epoch": 1, "learning_rate": 0.001, "total_loss": 11.025966835021972, "vae_loss": 11.025966835021972, "reconstruction_loss": 10.828365516662597, "kl_loss": 0.19760120511054993, "spatial_loss": 0.0, "weighted_spatial_loss": 0.0, "spatial_loss_scale": 1.0, "spatial_pairs": 0, "samples_seen": 10, "epoch_seconds": 0.00667999405413866, "samples_per_second": 1497.0073205086755}
{"epoch": 1, "learning_rate": 0.001, "total_loss": 11.34116792678833, "vae_loss": 11.34116792678833, "reconstruction_loss": 10.90546464920044, "kl_loss": 0.435703381896019, "spatial_loss": 0.0, "weighted_spatial_loss": 0.0, "spatial_loss_scale": 1.0, "spatial_pairs": 0, "samples_seen": 8, "epoch_seconds": 0.004426194820553064, "samples_per_second": 1807.4215718774844}
{"epoch": 1, "learning_rate": 0.001, "total_loss": 11.083986282348633, "vae_loss": 11.083986282348633, "reconstruction_loss": 10.877989768981934, "kl_loss": 0.2059963196516037, "spatial_loss": 0.0, "weighted_spatial_loss": 0.0, "spatial_loss_scale": 1.0, "spatial_pairs": 0, "samples_seen": 8, "epoch_seconds": 0.004445300903171301, "samples_per_second": 1799.6532010448962}
{"resumed_from": "/tmp/tmp0ny15kme/checkpoints/checkpoint_latest.pt", "completed_epochs": 1, "next_epoch": 2}
{"epoch": 2, "learning_rate": 0.00075, "total_loss": 10.995465755462646, "vae_loss": 10.995465755462646, "reconstruction_loss": 10.82277250289917, "kl_loss": 0.17269345372915268, "spatial_loss": 0.0, "weighted_spatial_loss": 0.0, "spatial_loss_scale": 1.0, "spatial_pairs": 0, "samples_seen": 8, "epoch_seconds": 0.00978484796360135, "samples_per_second": 817.5906288742752}
{"saved_resume_checkpoint": "/tmp/tmp0ny15kme/checkpoints/checkpoint_latest.pt", "completed_epochs": 2}
{"epoch": 3, "learning_rate": 0.0002500000000000001, "total_loss": 11.244705200195312, "vae_loss": 11.244705200195312, "reconstruction_loss": 10.983675003051758, "kl_loss": 0.26102999597787857, "spatial_loss": 0.0, "weighted_spatial_loss": 0.0, "spatial_loss_scale": 1.0, "spatial_pairs": 0, "samples_seen": 8, "epoch_seconds": 0.006055434700101614, "samples_per_second": 1321.1272842007122}
{"epoch": 1, "learning_rate": 0.001, "total_loss": 11.206148147583008, "vae_loss": 11.206148147583008, "reconstruction_loss": 10.898056983947754, "kl_loss": 0.30809132754802704, "spatial_loss": 0.0, "weighted_spatial_loss": 0.0, "spatial_loss_scale": 1.0, "spatial_pairs": 0, "samples_seen": 8, "epoch_seconds": 0.005429436918348074, "samples_per_second": 1473.4492950760775}
{"epoch": 1, "learning_rate": 0.001, "total_loss": 11.283178329467773, "vae_loss": 11.153921127319336, "reconstruction_loss": 10.850831985473633, "kl_loss": 0.3030886948108673, "spatial_loss": 0.21542826294898987, "weighted_spatial_loss": 0.12925695776939394, "spatial_loss_scale": 6.0, "spatial_pairs": 16, "samples_seen": 8, "epoch_seconds": 0.0028341556899249554, "samples_per_second": 2822.7101384863686}
{"epoch": 1, "learning_rate": 0.001, "total_loss": 862696.9499939643, "vae_loss": 861948.1616972478, "reconstruction_loss": 861947.9959862386, "kl_loss": 0.17079663809113663, "spatial_loss": 0.008802798393766837, "weighted_spatial_loss": 748.7836369705948, "spatial_loss_scale": 85062.0, "spatial_pairs": 451, "samples_seen": 2071, "epoch_seconds": 417.38646811712533, "samples_per_second": 4.961828325059269}
{"epoch": 2, "learning_rate": 0.0009045084971874737, "total_loss": 716369.0552873008, "vae_loss": 713525.1314582328, "reconstruction_loss": 713524.0101098503, "kl_loss": 1.1143302968134343, "spatial_loss": 0.03343366274816123, "weighted_spatial_loss": 2843.9342206840906, "spatial_loss_scale": 85062.0, "spatial_pairs": 469, "samples_seen": 2071, "epoch_seconds": 401.15695396997035, "samples_per_second": 5.162567866528945}
{"epoch": 3, "learning_rate": 0.0006545084971874737, "total_loss": 674730.0352486721, "vae_loss": 672012.3071281989, "reconstruction_loss": 672009.9547018348, "kl_loss": 2.348793070998991, "spatial_loss": 0.03194994395729182, "weighted_spatial_loss": 2717.7261328951563, "spatial_loss_scale": 85062.0, "spatial_pairs": 492, "samples_seen": 2071, "epoch_seconds": 401.56379952514544, "samples_per_second": 5.157337395574465}
{"epoch": 4, "learning_rate": 0.00034549150281252633, "total_loss": 660413.8280721874, "vae_loss": 658116.7580577016, "reconstruction_loss": 658113.4118783197, "kl_loss": 3.3489727476609037, "spatial_loss": 0.02700457856138221, "weighted_spatial_loss": 2297.0634615882936, "spatial_loss_scale": 85062.0, "spatial_pairs": 517, "samples_seen": 2071, "epoch_seconds": 401.78673307504505, "samples_per_second": 5.154475818924519}
{"epoch": 5, "learning_rate": 9.549150281252633e-05, "total_loss": 654146.7665379044, "vae_loss": 651997.1280782231, "reconstruction_loss": 651993.5343734911, "kl_loss": 3.5939868537197364, "spatial_loss": 0.025271416027035937, "weighted_spatial_loss": 2149.6371900917306, "spatial_loss_scale": 85062.0, "spatial_pairs": 487, "samples_seen": 2071, "epoch_seconds": 401.1995673640631, "samples_per_second": 5.162019524614041}
{
  "input": "/datasets/zsuliman/msi_data/gbm_massnet/GBM108_positive.h5",
  "purpose": "spatial-loss pilot",
  "variant": "uniform_mean",
  "initial_vae_sha256": "692de4925fe95a65ae94c9f95b35e8e57c9a229f42d3c44c8d11a59545b261ee",
  "controls": {
    "seed": 1,
    "epochs": 5,
    "batch_size": 128,
    "hidden_dim": 512,
    "latent_dim": 5,
    "attention_dim": 8,
    "attention_input_scale": "spectral_bins",
    "spatial_lambda": 1.0,
    "spatial_loss_scale_name": "spectral_bins",
    "spatial_loss_scale": 85062,
    "poisson_augmentation": false,
    "full_dataset": true
  },
  "samples_per_epoch": 2071,
  "dataset_size": 2071,
  "training_seconds": 2023.0935220513493,
  "resumed_from_checkpoint": null,
  "resumed_from_epoch": 0,
  "peak_gpu_memory_allocated_bytes": 3112135168,
  "first_total_loss": 862696.9499939643,
  "final_total_loss": 654146.7665379044,
  "total_loss_change_percent": -24.17421128676982,
  "history": [
    {
      "epoch": 1,
      "learning_rate": 0.001,
      "total_loss": 862696.9499939643,
      "vae_loss": 861948.1616972478,
      "reconstruction_loss": 861947.9959862386,
      "kl_loss": 0.17079663809113663,
      "spatial_loss": 0.008802798393766837,
      "weighted_spatial_loss": 748.7836369705948,
      "spatial_loss_scale": 85062.0,
      "spatial_pairs": 451,
      "samples_seen": 2071,
      "epoch_seconds": 417.38646811712533,
      "samples_per_second": 4.961828325059269
    },
    {
      "epoch": 2,
      "learning_rate": 0.0009045084971874737,
      "total_loss": 716369.0552873008,
      "vae_loss": 713525.1314582328,
      "reconstruction_loss": 713524.0101098503,
      "kl_loss": 1.1143302968134343,
      "spatial_loss": 0.03343366274816123,
      "weighted_spatial_loss": 2843.9342206840906,
      "spatial_loss_scale": 85062.0,
      "spatial_pairs": 469,
      "samples_seen": 2071,
      "epoch_seconds": 401.15695396997035,
      "samples_per_second": 5.162567866528945
    },
    {
      "epoch": 3,
      "learning_rate": 0.0006545084971874737,
      "total_loss": 674730.0352486721,
      "vae_loss": 672012.3071281989,
      "reconstruction_loss": 672009.9547018348,
      "kl_loss": 2.348793070998991,
      "spatial_loss": 0.03194994395729182,
      "weighted_spatial_loss": 2717.7261328951563,
      "spatial_loss_scale": 85062.0,
      "spatial_pairs": 492,
      "samples_seen": 2071,
      "epoch_seconds": 401.56379952514544,
      "samples_per_second": 5.157337395574465
    },
    {
      "epoch": 4,
      "learning_rate": 0.00034549150281252633,
      "total_loss": 660413.8280721874,
      "vae_loss": 658116.7580577016,
      "reconstruction_loss": 658113.4118783197,
      "kl_loss": 3.3489727476609037,
      "spatial_loss": 0.02700457856138221,
      "weighted_spatial_loss": 2297.0634615882936,
      "spatial_loss_scale": 85062.0,
      "spatial_pairs": 517,
      "samples_seen": 2071,
      "epoch_seconds": 401.78673307504505,
      "samples_per_second": 5.154475818924519
    },
    {
      "epoch": 5,
      "learning_rate": 9.549150281252633e-05,
      "total_loss": 654146.7665379044,
      "vae_loss": 651997.1280782231,
      "reconstruction_loss": 651993.5343734911,
      "kl_loss": 3.5939868537197364,
      "spatial_loss": 0.025271416027035937,
      "weighted_spatial_loss": 2149.6371900917306,
      "spatial_loss_scale": 85062.0,
      "spatial_pairs": 487,
      "samples_seen": 2071,
      "epoch_seconds": 401.1995673640631,
      "samples_per_second": 5.162019524614041
    }
  ],
  "checkpoint": "/datasets/zsuliman/msi_checkpoints/spatial_msipl/spatial_loss/GBM108_positive_seed1/uniform_mean_lambda_1p0_spectral_scaled_pilot/checkpoint.pt",
  "attention_diagnostics": null,
  "status": "complete"
}
