{"scale": 1.0, "step": 1, "training_loss": 11.475433349609375, "projection_gradient_norm": 0.002184826647862792, "pixels_with_at_least_two_neighbours": 4, "entropy_mean": 0.999957651995788, "weight_deviation_mean": 0.0014281313633546233, "weight_deviation_max": 0.0032939612865448, "score_spread_mean": 0.041153162717819214, "score_spread_max": 0.048064686357975006, "central_saturation_fraction": 0.0, "neighbour_saturation_fraction": 0.0, "mean_tanh_derivative": 0.965006411075592}
{"scale": 1.0, "step": 2, "training_loss": 11.878894805908203, "projection_gradient_norm": 0.002036522841081023, "pixels_with_at_least_two_neighbours": 4, "entropy_mean": 0.9999570935514956, "weight_deviation_mean": 0.0014375806786119938, "weight_deviation_max": 0.003317028284072876, "score_spread_mean": 0.04148618131875992, "score_spread_max": 0.04837505519390106, "central_saturation_fraction": 0.0, "neighbour_saturation_fraction": 0.0, "mean_tanh_derivative": 0.9647768139839172}
{"epoch": 1, "learning_rate": 0.001, "total_loss": 11.305263042449951, "vae_loss": 11.305263042449951, "reconstruction_loss": 11.071479797363281, "kl_loss": 0.23378315567970276, "spatial_loss": 0.0, "weighted_spatial_loss": 0.0, "spatial_loss_scale": 1.0, "spatial_pairs": 0, "samples_seen": 8, "epoch_seconds": 0.0073562730103731155, "samples_per_second": 1087.5072184949038}
{"epoch": 1, "learning_rate": 0.001, "total_loss": 11.025966835021972, "vae_loss": 11.025966835021972, "reconstruction_loss": 10.828365516662597, "kl_loss": 0.19760120511054993, "spatial_loss": 0.0, "weighted_spatial_loss": 0.0, "spatial_loss_scale": 1.0, "spatial_pairs": 0, "samples_seen": 10, "epoch_seconds": 0.009285155218094587, "samples_per_second": 1076.987919438584}
{"epoch": 1, "learning_rate": 0.001, "total_loss": 11.34116792678833, "vae_loss": 11.34116792678833, "reconstruction_loss": 10.90546464920044, "kl_loss": 0.435703381896019, "spatial_loss": 0.0, "weighted_spatial_loss": 0.0, "spatial_loss_scale": 1.0, "spatial_pairs": 0, "samples_seen": 8, "epoch_seconds": 0.004675284959375858, "samples_per_second": 1711.1256467815354}
{"epoch": 1, "learning_rate": 0.001, "total_loss": 11.083986282348633, "vae_loss": 11.083986282348633, "reconstruction_loss": 10.877989768981934, "kl_loss": 0.2059963196516037, "spatial_loss": 0.0, "weighted_spatial_loss": 0.0, "spatial_loss_scale": 1.0, "spatial_pairs": 0, "samples_seen": 8, "epoch_seconds": 0.004574547056108713, "samples_per_second": 1748.8070188975407}
{"resumed_from": "/tmp/tmpypqpg4dm/checkpoints/checkpoint_latest.pt", "completed_epochs": 1, "next_epoch": 2}
{"epoch": 2, "learning_rate": 0.00075, "total_loss": 10.995465755462646, "vae_loss": 10.995465755462646, "reconstruction_loss": 10.82277250289917, "kl_loss": 0.17269345372915268, "spatial_loss": 0.0, "weighted_spatial_loss": 0.0, "spatial_loss_scale": 1.0, "spatial_pairs": 0, "samples_seen": 8, "epoch_seconds": 0.004322616849094629, "samples_per_second": 1850.730767793032}
{"saved_resume_checkpoint": "/tmp/tmpypqpg4dm/checkpoints/checkpoint_latest.pt", "completed_epochs": 2}
{"epoch": 3, "learning_rate": 0.0002500000000000001, "total_loss": 11.244705200195312, "vae_loss": 11.244705200195312, "reconstruction_loss": 10.983675003051758, "kl_loss": 0.26102999597787857, "spatial_loss": 0.0, "weighted_spatial_loss": 0.0, "spatial_loss_scale": 1.0, "spatial_pairs": 0, "samples_seen": 8, "epoch_seconds": 0.004986697807908058, "samples_per_second": 1604.2680563705615}
{"epoch": 1, "learning_rate": 0.001, "total_loss": 11.206148147583008, "vae_loss": 11.206148147583008, "reconstruction_loss": 10.898056983947754, "kl_loss": 0.30809132754802704, "spatial_loss": 0.0, "weighted_spatial_loss": 0.0, "spatial_loss_scale": 1.0, "spatial_pairs": 0, "samples_seen": 8, "epoch_seconds": 0.0055786981247365475, "samples_per_second": 1434.026330359612}
{"epoch": 1, "learning_rate": 0.001, "total_loss": 11.283178329467773, "vae_loss": 11.153921127319336, "reconstruction_loss": 10.850831985473633, "kl_loss": 0.3030886948108673, "spatial_loss": 0.21542826294898987, "weighted_spatial_loss": 0.12925695776939394, "spatial_loss_scale": 6.0, "spatial_pairs": 16, "samples_seen": 8, "epoch_seconds": 0.0024064318276941776, "samples_per_second": 3324.4241153781327}
{"epoch": 1, "learning_rate": 0.001, "total_loss": 855265.2027100434, "vae_loss": 854521.704158619, "reconstruction_loss": 854517.22302028, "kl_loss": 4.488522065039823, "spatial_loss": 0.08740712504520048, "weighted_spatial_loss": 743.5024870594845, "spatial_loss_scale": 85062.0, "spatial_pairs": 451, "samples_seen": 2071, "epoch_seconds": 410.31569678522646, "samples_per_second": 5.047333105279747}
{"epoch": 2, "learning_rate": 0.0009045084971874737, "total_loss": 695322.0924975857, "vae_loss": 693725.949661999, "reconstruction_loss": 693712.2978029937, "kl_loss": 13.644443602218885, "spatial_loss": 0.1876434637044742, "weighted_spatial_loss": 1596.1328309629987, "spatial_loss_scale": 85062.0, "spatial_pairs": 469, "samples_seen": 2071, "epoch_seconds": 397.75901359599084, "samples_per_second": 5.206670192780452}
{"epoch": 3, "learning_rate": 0.0006545084971874737, "total_loss": 658043.6458534524, "vae_loss": 656753.8242394978, "reconstruction_loss": 656740.4658679382, "kl_loss": 13.364324798565566, "spatial_loss": 0.15163327655554867, "weighted_spatial_loss": 1289.8229770368084, "spatial_loss_scale": 85062.0, "spatial_pairs": 492, "samples_seen": 2071, "epoch_seconds": 398.65027137706056, "samples_per_second": 5.1950297007101724}
{"epoch": 4, "learning_rate": 0.00034549150281252633, "total_loss": 644909.1697549493, "vae_loss": 643838.8771426847, "reconstruction_loss": 643824.9175519072, "kl_loss": 13.956374851302327, "spatial_loss": 0.1258244401645338, "weighted_spatial_loss": 1070.2878529275577, "spatial_loss_scale": 85062.0, "spatial_pairs": 517, "samples_seen": 2071, "epoch_seconds": 398.8945391974412, "samples_per_second": 5.191848462420077}
{"epoch": 5, "learning_rate": 9.549150281252633e-05, "total_loss": 639355.1298285852, "vae_loss": 638191.8472959923, "reconstruction_loss": 638177.7726943506, "kl_loss": 14.069301518652532, "spatial_loss": 0.1367562835888136, "weighted_spatial_loss": 1163.2762994631662, "spatial_loss_scale": 85062.0, "spatial_pairs": 487, "samples_seen": 2071, "epoch_seconds": 400.1254778979346, "samples_per_second": 5.1758763547875795}
{
  "input": "/datasets/zsuliman/msi_data/gbm_massnet/GBM108_positive.h5",
  "purpose": "spatial-loss pilot",
  "variant": "uniform_mean",
  "initial_vae_sha256": "692de4925fe95a65ae94c9f95b35e8e57c9a229f42d3c44c8d11a59545b261ee",
  "controls": {
    "seed": 1,
    "epochs": 5,
    "batch_size": 128,
    "hidden_dim": 512,
    "latent_dim": 5,
    "attention_dim": 8,
    "attention_input_scale": "spectral_bins",
    "spatial_lambda": 0.1,
    "spatial_loss_scale_name": "spectral_bins",
    "spatial_loss_scale": 85062,
    "poisson_augmentation": false,
    "full_dataset": true
  },
  "samples_per_epoch": 2071,
  "dataset_size": 2071,
  "training_seconds": 2005.7449988536537,
  "resumed_from_checkpoint": null,
  "resumed_from_epoch": 0,
  "peak_gpu_memory_allocated_bytes": 3112135168,
  "first_total_loss": 855265.2027100434,
  "final_total_loss": 639355.1298285852,
  "total_loss_change_percent": -25.24480970315557,
  "history": [
    {
      "epoch": 1,
      "learning_rate": 0.001,
      "total_loss": 855265.2027100434,
      "vae_loss": 854521.704158619,
      "reconstruction_loss": 854517.22302028,
      "kl_loss": 4.488522065039823,
      "spatial_loss": 0.08740712504520048,
      "weighted_spatial_loss": 743.5024870594845,
      "spatial_loss_scale": 85062.0,
      "spatial_pairs": 451,
      "samples_seen": 2071,
      "epoch_seconds": 410.31569678522646,
      "samples_per_second": 5.047333105279747
    },
    {
      "epoch": 2,
      "learning_rate": 0.0009045084971874737,
      "total_loss": 695322.0924975857,
      "vae_loss": 693725.949661999,
      "reconstruction_loss": 693712.2978029937,
      "kl_loss": 13.644443602218885,
      "spatial_loss": 0.1876434637044742,
      "weighted_spatial_loss": 1596.1328309629987,
      "spatial_loss_scale": 85062.0,
      "spatial_pairs": 469,
      "samples_seen": 2071,
      "epoch_seconds": 397.75901359599084,
      "samples_per_second": 5.206670192780452
    },
    {
      "epoch": 3,
      "learning_rate": 0.0006545084971874737,
      "total_loss": 658043.6458534524,
      "vae_loss": 656753.8242394978,
      "reconstruction_loss": 656740.4658679382,
      "kl_loss": 13.364324798565566,
      "spatial_loss": 0.15163327655554867,
      "weighted_spatial_loss": 1289.8229770368084,
      "spatial_loss_scale": 85062.0,
      "spatial_pairs": 492,
      "samples_seen": 2071,
      "epoch_seconds": 398.65027137706056,
      "samples_per_second": 5.1950297007101724
    },
    {
      "epoch": 4,
      "learning_rate": 0.00034549150281252633,
      "total_loss": 644909.1697549493,
      "vae_loss": 643838.8771426847,
      "reconstruction_loss": 643824.9175519072,
      "kl_loss": 13.956374851302327,
      "spatial_loss": 0.1258244401645338,
      "weighted_spatial_loss": 1070.2878529275577,
      "spatial_loss_scale": 85062.0,
      "spatial_pairs": 517,
      "samples_seen": 2071,
      "epoch_seconds": 398.8945391974412,
      "samples_per_second": 5.191848462420077
    },
    {
      "epoch": 5,
      "learning_rate": 9.549150281252633e-05,
      "total_loss": 639355.1298285852,
      "vae_loss": 638191.8472959923,
      "reconstruction_loss": 638177.7726943506,
      "kl_loss": 14.069301518652532,
      "spatial_loss": 0.1367562835888136,
      "weighted_spatial_loss": 1163.2762994631662,
      "spatial_loss_scale": 85062.0,
      "spatial_pairs": 487,
      "samples_seen": 2071,
      "epoch_seconds": 400.1254778979346,
      "samples_per_second": 5.1758763547875795
    }
  ],
  "checkpoint": "/datasets/zsuliman/msi_checkpoints/spatial_msipl/spatial_loss/GBM108_positive_seed1/uniform_mean_lambda_0p1_spectral_scaled_pilot/checkpoint.pt",
  "attention_diagnostics": null,
  "status": "complete"
}
