test_encoder_and_decoder_dimensions (test_model.SpatialVAETests.test_encoder_and_decoder_dimensions) ... ok
test_loss_returns_finite_separate_terms (test_model.SpatialVAETests.test_loss_returns_finite_separate_terms) ... ok
test_training_can_measure_without_saving_checkpoint (test_model.SpatialVAETests.test_training_can_measure_without_saving_checkpoint) ... ok
test_training_keeps_a_multi_sample_final_batch (test_model.SpatialVAETests.test_training_keeps_a_multi_sample_final_batch) ... ok
test_training_records_losses_and_saves_checkpoint (test_model.SpatialVAETests.test_training_records_losses_and_saves_checkpoint) ... ok
test_training_resumes_from_last_complete_epoch (test_model.SpatialVAETests.test_training_resumes_from_last_complete_epoch) ... ok
test_all_variants_share_the_same_vae_output_contract (test_neighbourhood.NeighbourhoodTests.test_all_variants_share_the_same_vae_output_contract) ... ok
test_attention_is_orientation_free_and_masks_missing_slots (test_neighbourhood.NeighbourhoodTests.test_attention_is_orientation_free_and_masks_missing_slots) ... ok
test_depthwise_starts_as_uniform_and_receives_gradients (test_neighbourhood.NeighbourhoodTests.test_depthwise_starts_as_uniform_and_receives_gradients) ... ok
test_isolated_pixel_produces_zero_context_without_nan (test_neighbourhood.NeighbourhoodTests.test_isolated_pixel_produces_zero_context_without_nan) ... ok
test_neighbourhood_model_uses_shared_training_loop (test_neighbourhood.NeighbourhoodTests.test_neighbourhood_model_uses_shared_training_loop) ... ok
test_seeded_variants_start_with_identical_vae_weights (test_neighbourhood.NeighbourhoodTests.test_seeded_variants_start_with_identical_vae_weights) ... ok
test_uniform_mean_ignores_missing_slots (test_neighbourhood.NeighbourhoodTests.test_uniform_mean_ignores_missing_slots) ... ok
test_measured_neighbours_boundaries_and_shapes (test_preprocessing.PreprocessingTests.test_measured_neighbours_boundaries_and_shapes) ... ok
test_tic_normalization_and_zero_spectrum (test_preprocessing.PreprocessingTests.test_tic_normalization_and_zero_spectrum) ... ok

----------------------------------------------------------------------
Ran 15 tests in 2.770s

OK
Traceback (most recent call last):
  File "/home-mscluster/zsuliman/miniconda3/envs/s3pl_env/lib/python3.11/pathlib.py", line 1116, in mkdir
    os.mkdir(self, mode)
FileNotFoundError: [Errno 2] No such file or directory: '/datasets/zsuliman/msi_checkpoints/spatial_msipl/production/GBM108_positive_seed1/attention'

During handling of the above exception, another exception occurred:

Traceback (most recent call last):
  File "/home-mscluster/zsuliman/miniconda3/envs/s3pl_env/lib/python3.11/pathlib.py", line 1116, in mkdir
    os.mkdir(self, mode)
FileNotFoundError: [Errno 2] No such file or directory: '/datasets/zsuliman/msi_checkpoints/spatial_msipl/production/GBM108_positive_seed1'

During handling of the above exception, another exception occurred:

Traceback (most recent call last):
  File "/home-mscluster/zsuliman/miniconda3/envs/s3pl_env/lib/python3.11/pathlib.py", line 1116, in mkdir
    os.mkdir(self, mode)
FileNotFoundError: [Errno 2] No such file or directory: '/datasets/zsuliman/msi_checkpoints/spatial_msipl/production'

During handling of the above exception, another exception occurred:

Traceback (most recent call last):
  File "/home-mscluster/zsuliman/miniconda3/envs/s3pl_env/lib/python3.11/pathlib.py", line 1116, in mkdir
    os.mkdir(self, mode)
FileNotFoundError: [Errno 2] No such file or directory: '/datasets/zsuliman/msi_checkpoints/spatial_msipl'

During handling of the above exception, another exception occurred:

Traceback (most recent call last):
  File "/home-mscluster/zsuliman/msi/scripts/train_spatial_msipl_production.py", line 126, in <module>
    main()
  File "/home-mscluster/zsuliman/msi/scripts/train_spatial_msipl_production.py", line 62, in main
    metadata, history = train_vae(
                        ^^^^^^^^^^
  File "/home-mscluster/zsuliman/msi/src/spatial_msipl/training.py", line 154, in train_vae
    checkpoint_directory.mkdir(parents=True, exist_ok=True)
  File "/home-mscluster/zsuliman/miniconda3/envs/s3pl_env/lib/python3.11/pathlib.py", line 1120, in mkdir
    self.parent.mkdir(parents=True, exist_ok=True)
  File "/home-mscluster/zsuliman/miniconda3/envs/s3pl_env/lib/python3.11/pathlib.py", line 1120, in mkdir
    self.parent.mkdir(parents=True, exist_ok=True)
  File "/home-mscluster/zsuliman/miniconda3/envs/s3pl_env/lib/python3.11/pathlib.py", line 1120, in mkdir
    self.parent.mkdir(parents=True, exist_ok=True)
  [Previous line repeated 1 more time]
  File "/home-mscluster/zsuliman/miniconda3/envs/s3pl_env/lib/python3.11/pathlib.py", line 1116, in mkdir
    os.mkdir(self, mode)
FileExistsError: [Errno 17] File exists: '/datasets/zsuliman/msi_checkpoints'
