{"epoch": 1, "learning_rate": 0.001, "total_loss": 11.447243213653564, "reconstruction_loss": 10.947185516357422, "kl_loss": 0.5000578761100769, "samples_seen": 8, "epoch_seconds": 0.36535213980823755, "samples_per_second": 21.896683030784935}
{"epoch": 1, "learning_rate": 0.001, "total_loss": 11.083986282348633, "reconstruction_loss": 10.877989768981934, "kl_loss": 0.2059963196516037, "samples_seen": 8, "epoch_seconds": 0.006162755191326141, "samples_per_second": 1298.1206865493725}
{"epoch": 1, "learning_rate": 0.001, "total_loss": 11.206148147583008, "reconstruction_loss": 10.898056983947754, "kl_loss": 0.30809132754802704, "samples_seen": 8, "epoch_seconds": 0.007671578787267208, "samples_per_second": 1042.8101205553521}
{"starting_variant": "uniform_mean"}
{"epoch": 1, "learning_rate": 0.001, "total_loss": 960085.59375, "reconstruction_loss": 960085.375, "kl_loss": 0.2169675159966573, "samples_seen": 256, "epoch_seconds": 86.58249525679275, "samples_per_second": 2.9567177434738547}
{"starting_variant": "depthwise"}
{"epoch": 1, "learning_rate": 0.001, "total_loss": 960085.59375, "reconstruction_loss": 960085.375, "kl_loss": 0.21696815674658865, "samples_seen": 256, "epoch_seconds": 52.00873031001538, "samples_per_second": 4.9222505235953005}
{"starting_variant": "attention"}
{"epoch": 1, "learning_rate": 0.001, "total_loss": 960084.71875, "reconstruction_loss": 960084.5, "kl_loss": 0.21684874838683754, "samples_seen": 256, "epoch_seconds": 52.031813501846045, "samples_per_second": 4.92006683547398}
{
  "input": "/datasets/zsuliman/msi_data/gbm_massnet/GBM108_positive.h5",
  "purpose": "capacity planning only; not scientific model comparison",
  "pytorch_version": "2.3.0",
  "pytorch_cuda_version": "12.1",
  "gpu": "NVIDIA GeForce RTX 3090",
  "controls": {
    "same_selected_pixels": true,
    "same_initial_vae_weights": true,
    "spatial_lambda": 0.0,
    "poisson_augmentation": false,
    "seed": 1,
    "epochs": 1,
    "batch_size": 128,
    "maximum_samples": 256,
    "hidden_dim": 512,
    "latent_dim": 5
  },
  "notes": [
    "Projections extrapolate one short run and are not final runtime measurements.",
    "No model checkpoints are saved by this benchmark.",
    "Loss differences must not be used to rank neighbourhood variants."
  ],
  "variants": {
    "uniform_mean": {
      "initial_vae_sha256": "692de4925fe95a65ae94c9f95b35e8e57c9a229f42d3c44c8d11a59545b261ee",
      "parameter_count": 130751056,
      "training_seconds": 86.58310331590474,
      "samples_per_second": 2.9566969789239987,
      "peak_gpu_memory_allocated_bytes": 3111645184,
      "peak_gpu_memory_reserved_bytes": 3468689408,
      "projected_full_dataset_epoch_seconds": 700.4437772157762,
      "projected_100_epoch_hours": 19.45677158932712,
      "final_losses": {
        "epoch": 1,
        "learning_rate": 0.001,
        "total_loss": 960085.59375,
        "reconstruction_loss": 960085.375,
        "kl_loss": 0.2169675159966573,
        "samples_seen": 256,
        "epoch_seconds": 86.58249525679275,
        "samples_per_second": 2.9567177434738547
      }
    },
    "depthwise": {
      "initial_vae_sha256": "692de4925fe95a65ae94c9f95b35e8e57c9a229f42d3c44c8d11a59545b261ee",
      "parameter_count": 131431552,
      "training_seconds": 52.00885729491711,
      "samples_per_second": 4.9222385054212525,
      "peak_gpu_memory_allocated_bytes": 5909177856,
      "peak_gpu_memory_reserved_bytes": 6312427520,
      "projected_full_dataset_epoch_seconds": 420.74352913192706,
      "projected_100_epoch_hours": 11.687320253664641,
      "final_losses": {
        "epoch": 1,
        "learning_rate": 0.001,
        "total_loss": 960085.59375,
        "reconstruction_loss": 960085.375,
        "kl_loss": 0.21696815674658865,
        "samples_seen": 256,
        "epoch_seconds": 52.00873031001538,
        "samples_per_second": 4.9222505235953005
      }
    },
    "attention": {
      "initial_vae_sha256": "692de4925fe95a65ae94c9f95b35e8e57c9a229f42d3c44c8d11a59545b261ee",
      "parameter_count": 131431560,
      "training_seconds": 52.03193487599492,
      "samples_per_second": 4.920055358504577,
      "peak_gpu_memory_allocated_bytes": 3381772288,
      "peak_gpu_memory_reserved_bytes": 3906994176,
      "projected_full_dataset_epoch_seconds": 420.93022315697453,
      "projected_100_epoch_hours": 11.692506198804848,
      "final_losses": {
        "epoch": 1,
        "learning_rate": 0.001,
        "total_loss": 960084.71875,
        "reconstruction_loss": 960084.5,
        "kl_loss": 0.21684874838683754,
        "samples_seen": 256,
        "epoch_seconds": 52.031813501846045,
        "samples_per_second": 4.92006683547398
      }
    }
  },
  "status": "valid"
}
