Starting a new matched run for: depthwise
{"epoch": 1, "learning_rate": 0.001, "total_loss": 11.132415771484375, "reconstruction_loss": 10.81867790222168, "kl_loss": 0.31373800337314606, "samples_seen": 8, "epoch_seconds": 0.35932540195062757, "samples_per_second": 22.263942255602696}
{"epoch": 1, "learning_rate": 0.001, "total_loss": 11.025966835021972, "reconstruction_loss": 10.828365516662597, "kl_loss": 0.19760120511054993, "samples_seen": 10, "epoch_seconds": 0.007848985027521849, "samples_per_second": 1274.050079715503}
{"epoch": 1, "learning_rate": 0.001, "total_loss": 11.34116792678833, "reconstruction_loss": 10.90546464920044, "kl_loss": 0.435703381896019, "samples_seen": 8, "epoch_seconds": 0.004917636979371309, "samples_per_second": 1626.7975927378748}
{"epoch": 1, "learning_rate": 0.001, "total_loss": 11.083986282348633, "reconstruction_loss": 10.877989768981934, "kl_loss": 0.2059963196516037, "samples_seen": 8, "epoch_seconds": 0.0048314789310097694, "samples_per_second": 1655.807696615168}
{"resumed_from": "/tmp/tmpralmu7au/checkpoints/checkpoint_latest.pt", "completed_epochs": 1, "next_epoch": 2}
{"epoch": 2, "learning_rate": 0.00075, "total_loss": 10.995465755462646, "reconstruction_loss": 10.82277250289917, "kl_loss": 0.17269345372915268, "samples_seen": 8, "epoch_seconds": 0.010213071014732122, "samples_per_second": 783.3099357147505}
{"saved_resume_checkpoint": "/tmp/tmpralmu7au/checkpoints/checkpoint_latest.pt", "completed_epochs": 2}
{"epoch": 3, "learning_rate": 0.0002500000000000001, "total_loss": 11.244705200195312, "reconstruction_loss": 10.983675003051758, "kl_loss": 0.26102999597787857, "samples_seen": 8, "epoch_seconds": 0.006300709210336208, "samples_per_second": 1269.698336002578}
{"epoch": 1, "learning_rate": 0.001, "total_loss": 11.206148147583008, "reconstruction_loss": 10.898056983947754, "kl_loss": 0.30809132754802704, "samples_seen": 8, "epoch_seconds": 0.0063679818995296955, "samples_per_second": 1256.2849779128355}
{"epoch": 1, "learning_rate": 0.001, "total_loss": 852622.158679382, "reconstruction_loss": 852613.2035550459, "kl_loss": 8.956236246716049, "samples_seen": 2071, "epoch_seconds": 419.16571075096726, "samples_per_second": 4.940766734687449}
{"epoch": 2, "learning_rate": 0.0009997532801828658, "total_loss": 689767.2159584742, "reconstruction_loss": 689747.5888157894, "kl_loss": 19.625124603006242, "samples_seen": 2071, "epoch_seconds": 405.0126413810067, "samples_per_second": 5.113420640250467}
{"epoch": 3, "learning_rate": 0.0009990133642141358, "total_loss": 649773.1331784162, "reconstruction_loss": 649744.3702317721, "kl_loss": 28.770304016304845, "samples_seen": 2071, "epoch_seconds": 405.2424501669593, "samples_per_second": 5.110520872496825}
{"epoch": 4, "learning_rate": 0.00099778098230154, "total_loss": 632320.9912783679, "reconstruction_loss": 632284.7947247706, "kl_loss": 36.19761556222898, "samples_seen": 2071, "epoch_seconds": 405.1938003008254, "samples_per_second": 5.111134470622307}
{"epoch": 5, "learning_rate": 0.000996057350657239, "total_loss": 620537.0712216321, "reconstruction_loss": 620497.5221209561, "kl_loss": 39.553134507456015, "samples_seen": 2071, "epoch_seconds": 405.15331569314003, "samples_per_second": 5.111645196478064}
{"saved_resume_checkpoint": "/datasets/zsuliman/msi_checkpoints/spatial_msipl/production/GBM108_positive_seed1/depthwise/checkpoint_latest.pt", "completed_epochs": 5}
{"epoch": 6, "learning_rate": 0.0009938441702975688, "total_loss": 610761.2364799613, "reconstruction_loss": 610718.6412662965, "kl_loss": 42.59261293286923, "samples_seen": 2071, "epoch_seconds": 406.4876966122538, "samples_per_second": 5.094865151541142}
{"epoch": 7, "learning_rate": 0.0009911436253643444, "total_loss": 603714.1079188797, "reconstruction_loss": 603670.5327740222, "kl_loss": 43.57016622081924, "samples_seen": 2071, "epoch_seconds": 406.595223845914, "samples_per_second": 5.093517775272343}
{"epoch": 8, "learning_rate": 0.0009879583809693736, "total_loss": 598937.7899867214, "reconstruction_loss": 598893.4724770642, "kl_loss": 44.32379912593294, "samples_seen": 2071, "epoch_seconds": 406.2365570901893, "samples_per_second": 5.098014848378635}
{"epoch": 9, "learning_rate": 0.0009842915805643154, "total_loss": 594868.7591743119, "reconstruction_loss": 594823.0949118783, "kl_loss": 45.66739530945561, "samples_seen": 2071, "epoch_seconds": 406.1427940209396, "samples_per_second": 5.099191787933642}
{"epoch": 10, "learning_rate": 0.0009801468428384714, "total_loss": 591727.4835828103, "reconstruction_loss": 591680.1932641236, "kl_loss": 47.29204453045133, "samples_seen": 2071, "epoch_seconds": 405.63269248697907, "samples_per_second": 5.105604253203728}
{"saved_resume_checkpoint": "/datasets/zsuliman/msi_checkpoints/spatial_msipl/production/GBM108_positive_seed1/depthwise/checkpoint_latest.pt", "completed_epochs": 10}
{"epoch": 11, "learning_rate": 0.0009755282581475767, "total_loss": 589429.5643107195, "reconstruction_loss": 589381.6951050217, "kl_loss": 47.86487567741361, "samples_seen": 2071, "epoch_seconds": 408.6412611361593, "samples_per_second": 5.068014899528079}
{"epoch": 12, "learning_rate": 0.0009704403844771127, "total_loss": 587099.7240765331, "reconstruction_loss": 587051.0293034766, "kl_loss": 48.693289713949355, "samples_seen": 2071, "epoch_seconds": 408.6002103439532, "samples_per_second": 5.0685240672212695}
{"epoch": 13, "learning_rate": 0.0009648882429441257, "total_loss": 585174.2153850796, "reconstruction_loss": 585125.0297561565, "kl_loss": 49.18488700605141, "samples_seen": 2071, "epoch_seconds": 408.31627387274057, "samples_per_second": 5.072048636115508}
{"epoch": 14, "learning_rate": 0.0009588773128419905, "total_loss": 583558.1847537422, "reconstruction_loss": 583508.7291465476, "kl_loss": 49.45165063147957, "samples_seen": 2071, "epoch_seconds": 408.17779273400083, "samples_per_second": 5.0737694133929}
{"epoch": 15, "learning_rate": 0.0009524135262330098, "total_loss": 582009.5726702076, "reconstruction_loss": 581959.7002353935, "kl_loss": 49.87213557495235, "samples_seen": 2071, "epoch_seconds": 408.74607599386945, "samples_per_second": 5.066715307209608}
{"saved_resume_checkpoint": "/datasets/zsuliman/msi_checkpoints/spatial_msipl/production/GBM108_positive_seed1/depthwise/checkpoint_latest.pt", "completed_epochs": 15}
{"epoch": 16, "learning_rate": 0.0009455032620941839, "total_loss": 581266.2241368904, "reconstruction_loss": 581215.7549191212, "kl_loss": 50.46911414610137, "samples_seen": 2071, "epoch_seconds": 408.19192361086607, "samples_per_second": 5.073593768538908}
{"epoch": 17, "learning_rate": 0.0009381533400219318, "total_loss": 580533.6387312892, "reconstruction_loss": 580482.2749879286, "kl_loss": 51.368117407518326, "samples_seen": 2071, "epoch_seconds": 409.1994913755916, "samples_per_second": 5.061101109969594}
{"epoch": 18, "learning_rate": 0.0009303710135019719, "total_loss": 579601.7295388702, "reconstruction_loss": 579549.8150048286, "kl_loss": 51.91568891487508, "samples_seen": 2071, "epoch_seconds": 409.3658219561912, "samples_per_second": 5.059044719716808}
{"epoch": 19, "learning_rate": 0.0009221639627510076, "total_loss": 578709.0034705456, "reconstruction_loss": 578656.7256458233, "kl_loss": 52.27883413251272, "samples_seen": 2071, "epoch_seconds": 408.0372998919338, "samples_per_second": 5.075516381831984}
{"epoch": 20, "learning_rate": 0.000913540287137281, "total_loss": 578116.9857556736, "reconstruction_loss": 578064.8470847417, "kl_loss": 52.14446832130981, "samples_seen": 2071, "epoch_seconds": 407.73788407817483, "samples_per_second": 5.079243506357459}
{"saved_resume_checkpoint": "/datasets/zsuliman/msi_checkpoints/spatial_msipl/production/GBM108_positive_seed1/depthwise/checkpoint_latest.pt", "completed_epochs": 20}
{"epoch": 21, "learning_rate": 0.0009045084971874739, "total_loss": 577708.8217346693, "reconstruction_loss": 577656.3351943506, "kl_loss": 52.48664924846301, "samples_seen": 2071, "epoch_seconds": 408.8052175818011, "samples_per_second": 5.065982308764435}
{"epoch": 22, "learning_rate": 0.0008950775061878452, "total_loss": 576946.8406265089, "reconstruction_loss": 576893.1377957509, "kl_loss": 53.699677801201275, "samples_seen": 2071, "epoch_seconds": 408.9042030069977, "samples_per_second": 5.064755961837248}
{"epoch": 23, "learning_rate": 0.0008852566213878947, "total_loss": 576587.2257061806, "reconstruction_loss": 576533.4421173346, "kl_loss": 53.781057544746936, "samples_seen": 2071, "epoch_seconds": 408.94395681191236, "samples_per_second": 5.064263612416029}
{"epoch": 24, "learning_rate": 0.0008750555348152298, "total_loss": 576111.4680106229, "reconstruction_loss": 576057.4122404635, "kl_loss": 54.056061938556134, "samples_seen": 2071, "epoch_seconds": 408.62403169320896, "samples_per_second": 5.068228590027928}
{"epoch": 25, "learning_rate": 0.0008644843137107057, "total_loss": 575587.5279152583, "reconstruction_loss": 575533.0709198455, "kl_loss": 54.46726760053796, "samples_seen": 2071, "epoch_seconds": 409.3921221247874, "samples_per_second": 5.0587197165673246}
{"saved_resume_checkpoint": "/datasets/zsuliman/msi_checkpoints/spatial_msipl/production/GBM108_positive_seed1/depthwise/checkpoint_latest.pt", "completed_epochs": 25}
{"epoch": 26, "learning_rate": 0.0008535533905932737, "total_loss": 575128.6549975857, "reconstruction_loss": 575074.3677873008, "kl_loss": 54.28513338391991, "samples_seen": 2071, "epoch_seconds": 408.93501354707405, "samples_per_second": 5.064374366079073}
{"epoch": 27, "learning_rate": 0.0008422735529643444, "total_loss": 574879.6064703042, "reconstruction_loss": 574825.0704671657, "kl_loss": 54.53534823923742, "samples_seen": 2071, "epoch_seconds": 408.8251164229587, "samples_per_second": 5.065735731014636}
{"epoch": 28, "learning_rate": 0.0008306559326618259, "total_loss": 574768.6661033317, "reconstruction_loss": 574714.6432882665, "kl_loss": 54.02577593889517, "samples_seen": 2071, "epoch_seconds": 408.7050429889932, "samples_per_second": 5.067223993259544}
{"epoch": 29, "learning_rate": 0.0008187119948743449, "total_loss": 574593.1277764365, "reconstruction_loss": 574538.8654333656, "kl_loss": 54.26319439131416, "samples_seen": 2071, "epoch_seconds": 408.57611790904775, "samples_per_second": 5.068822941973864}
{"epoch": 30, "learning_rate": 0.0008064535268264883, "total_loss": 574318.8612687108, "reconstruction_loss": 574265.0545931917, "kl_loss": 53.81236537673633, "samples_seen": 2071, "epoch_seconds": 408.86522733885795, "samples_per_second": 5.065238767012103}
{"saved_resume_checkpoint": "/datasets/zsuliman/msi_checkpoints/spatial_msipl/production/GBM108_positive_seed1/depthwise/checkpoint_latest.pt", "completed_epochs": 30}
{"epoch": 31, "learning_rate": 0.0007938926261462367, "total_loss": 574301.8558063738, "reconstruction_loss": 574247.9481228875, "kl_loss": 53.90835675175555, "samples_seen": 2071, "epoch_seconds": 406.596674839966, "samples_per_second": 5.0934995983799745}
{"epoch": 32, "learning_rate": 0.0007810416889260654, "total_loss": 574322.0469579913, "reconstruction_loss": 574268.8305166586, "kl_loss": 53.22128855301412, "samples_seen": 2071, "epoch_seconds": 406.80752832768485, "samples_per_second": 5.090859573109479}
{"epoch": 33, "learning_rate": 0.0007679133974894983, "total_loss": 574022.4419362627, "reconstruction_loss": 573968.5512433607, "kl_loss": 53.888966472410225, "samples_seen": 2071, "epoch_seconds": 406.5504858670756, "samples_per_second": 5.094078280543802}
{"epoch": 34, "learning_rate": 0.0007545207078751857, "total_loss": 573927.7431796234, "reconstruction_loss": 573873.8922621922, "kl_loss": 53.8456279380721, "samples_seen": 2071, "epoch_seconds": 405.7278273929842, "samples_per_second": 5.104407093068449}
{"epoch": 35, "learning_rate": 0.0007408768370508577, "total_loss": 573632.1240644616, "reconstruction_loss": 573578.2862143891, "kl_loss": 53.84454474640261, "samples_seen": 2071, "epoch_seconds": 405.6197851751931, "samples_per_second": 5.105766719701567}
{"saved_resume_checkpoint": "/datasets/zsuliman/msi_checkpoints/spatial_msipl/production/GBM108_positive_seed1/depthwise/checkpoint_latest.pt", "completed_epochs": 35}
{"epoch": 36, "learning_rate": 0.0007269952498697734, "total_loss": 573417.0075446644, "reconstruction_loss": 573363.185206422, "kl_loss": 53.8191510066498, "samples_seen": 2071, "epoch_seconds": 407.87238880991936, "samples_per_second": 5.077568516081013}
{"epoch": 37, "learning_rate": 0.0007128896457825364, "total_loss": 573403.8133148238, "reconstruction_loss": 573350.1018227909, "kl_loss": 53.702639986385414, "samples_seen": 2071, "epoch_seconds": 407.55800206493586, "samples_per_second": 5.081485308856798}
{"epoch": 38, "learning_rate": 0.0006985739453173903, "total_loss": 573078.1745533559, "reconstruction_loss": 573024.8120171415, "kl_loss": 53.36207776182461, "samples_seen": 2071, "epoch_seconds": 407.6800945647992, "samples_per_second": 5.079963499838774}
{"epoch": 39, "learning_rate": 0.0006840622763423391, "total_loss": 572968.830305408, "reconstruction_loss": 572915.0934934814, "kl_loss": 53.74450511738967, "samples_seen": 2071, "epoch_seconds": 408.50078515009955, "samples_per_second": 5.069757697623596}
{"epoch": 40, "learning_rate": 0.0006693689601226458, "total_loss": 572948.5620171415, "reconstruction_loss": 572895.2721813134, "kl_loss": 53.28738513469466, "samples_seen": 2071, "epoch_seconds": 408.48671964602545, "samples_per_second": 5.0699322655939145}
{"saved_resume_checkpoint": "/datasets/zsuliman/msi_checkpoints/spatial_msipl/production/GBM108_positive_seed1/depthwise/checkpoint_latest.pt", "completed_epochs": 40}
{"epoch": 41, "learning_rate": 0.0006545084971874737, "total_loss": 572846.361419604, "reconstruction_loss": 572793.4485755673, "kl_loss": 52.90722273490902, "samples_seen": 2071, "epoch_seconds": 406.01110204169527, "samples_per_second": 5.100845739403744}
{"epoch": 42, "learning_rate": 0.0006394955530196147, "total_loss": 572730.3032653307, "reconstruction_loss": 572677.4755251086, "kl_loss": 52.82886810155377, "samples_seen": 2071, "epoch_seconds": 406.59062199806795, "samples_per_second": 5.093575424397863}
{"epoch": 43, "learning_rate": 0.0006243449435824273, "total_loss": 572616.2822308064, "reconstruction_loss": 572563.7638218252, "kl_loss": 52.51701961537596, "samples_seen": 2071, "epoch_seconds": 406.804670332931, "samples_per_second": 5.090895338800027}
{"epoch": 44, "learning_rate": 0.0006090716206982714, "total_loss": 572700.2217527764, "reconstruction_loss": 572647.8378198937, "kl_loss": 52.38898420310838, "samples_seen": 2071, "epoch_seconds": 406.7941314978525, "samples_per_second": 5.091027228869778}
{"epoch": 45, "learning_rate": 0.0005936906572928625, "total_loss": 572596.5828705939, "reconstruction_loss": 572544.2818686625, "kl_loss": 52.304366028406726, "samples_seen": 2071, "epoch_seconds": 408.2561924918555, "samples_per_second": 5.072795068604662}
{"saved_resume_checkpoint": "/datasets/zsuliman/msi_checkpoints/spatial_msipl/production/GBM108_positive_seed1/depthwise/checkpoint_latest.pt", "completed_epochs": 45}
{"epoch": 46, "learning_rate": 0.0005782172325201156, "total_loss": 572614.6222235635, "reconstruction_loss": 572562.406295268, "kl_loss": 52.21835581891379, "samples_seen": 2071, "epoch_seconds": 406.92032724199817, "samples_per_second": 5.089448379334372}
{"epoch": 47, "learning_rate": 0.0005626666167821523, "total_loss": 572315.9207810237, "reconstruction_loss": 572263.7115222114, "kl_loss": 52.20372675329749, "samples_seen": 2071, "epoch_seconds": 406.5610498832539, "samples_per_second": 5.093945916842498}
{"epoch": 48, "learning_rate": 0.0005470541566592572, "total_loss": 572501.4313435538, "reconstruction_loss": 572449.5006035732, "kl_loss": 51.937216927727775, "samples_seen": 2071, "epoch_seconds": 408.79258658830076, "samples_per_second": 5.066138838974899}
{"epoch": 49, "learning_rate": 0.0005313952597646569, "total_loss": 572501.3608462096, "reconstruction_loss": 572449.6960707387, "kl_loss": 51.66951094682179, "samples_seen": 2071, "epoch_seconds": 409.09719769097865, "samples_per_second": 5.062366625068841}
{"epoch": 50, "learning_rate": 0.0005157053795390643, "total_loss": 572312.9316453404, "reconstruction_loss": 572261.4550639788, "kl_loss": 51.475853528106114, "samples_seen": 2071, "epoch_seconds": 408.7699081148021, "samples_per_second": 5.066419907353758}
{"saved_resume_checkpoint": "/datasets/zsuliman/msi_checkpoints/spatial_msipl/production/GBM108_positive_seed1/depthwise/checkpoint_latest.pt", "completed_epochs": 50}
{"epoch": 51, "learning_rate": 0.0005000000000000002, "total_loss": 572274.6191453404, "reconstruction_loss": 572223.311534283, "kl_loss": 51.302584905546105, "samples_seen": 2071, "epoch_seconds": 406.5838759811595, "samples_per_second": 5.093659936716151}
{"epoch": 52, "learning_rate": 0.00048429462046093607, "total_loss": 572323.1464570255, "reconstruction_loss": 572271.8857436022, "kl_loss": 51.25314427020756, "samples_seen": 2071, "epoch_seconds": 406.8892893884331, "samples_per_second": 5.0898366066916525}
{"epoch": 53, "learning_rate": 0.0004686047402353435, "total_loss": 572289.9276617576, "reconstruction_loss": 572238.4781506519, "kl_loss": 51.44830103809277, "samples_seen": 2071, "epoch_seconds": 406.7891561901197, "samples_per_second": 5.0910894955913815}
{"epoch": 54, "learning_rate": 0.000452945843340743, "total_loss": 572298.4776677933, "reconstruction_loss": 572247.505462337, "kl_loss": 50.9703971184952, "samples_seen": 2071, "epoch_seconds": 407.3370818500407, "samples_per_second": 5.084241264247161}
{"epoch": 55, "learning_rate": 0.00043733338321784806, "total_loss": 572273.5955758088, "reconstruction_loss": 572222.9242213906, "kl_loss": 50.66688880386242, "samples_seen": 2071, "epoch_seconds": 407.111210396979, "samples_per_second": 5.087062078149465}
{"saved_resume_checkpoint": "/datasets/zsuliman/msi_checkpoints/spatial_msipl/production/GBM108_positive_seed1/depthwise/checkpoint_latest.pt", "completed_epochs": 55}
{"epoch": 56, "learning_rate": 0.0004217827674798847, "total_loss": 572164.0859789957, "reconstruction_loss": 572113.4631216803, "kl_loss": 50.6191015165247, "samples_seen": 2071, "epoch_seconds": 406.002742104698, "samples_per_second": 5.100950770095885}
{"epoch": 57, "learning_rate": 0.00040630934270713783, "total_loss": 572167.6475132786, "reconstruction_loss": 572117.2359669242, "kl_loss": 50.41683228334789, "samples_seen": 2071, "epoch_seconds": 406.4870353168808, "samples_per_second": 5.094873440146824}
{"epoch": 58, "learning_rate": 0.000390928379301729, "total_loss": 572192.401708112, "reconstruction_loss": 572141.9963785611, "kl_loss": 50.40450447115675, "samples_seen": 2071, "epoch_seconds": 406.16633691918105, "samples_per_second": 5.098896219979174}
{"epoch": 59, "learning_rate": 0.0003756550564175727, "total_loss": 572086.8869205698, "reconstruction_loss": 572036.3369145341, "kl_loss": 50.55463957406656, "samples_seen": 2071, "epoch_seconds": 406.1008342229761, "samples_per_second": 5.099718654758745}
{"epoch": 60, "learning_rate": 0.00036050444698038553, "total_loss": 572101.1126569291, "reconstruction_loss": 572050.7949360212, "kl_loss": 50.31191307815706, "samples_seen": 2071, "epoch_seconds": 406.47150464821607, "samples_per_second": 5.095068107645979}
{"saved_resume_checkpoint": "/datasets/zsuliman/msi_checkpoints/spatial_msipl/production/GBM108_positive_seed1/depthwise/checkpoint_latest.pt", "completed_epochs": 60}
{"epoch": 61, "learning_rate": 0.00034549150281252655, "total_loss": 572066.7833474167, "reconstruction_loss": 572016.5264968614, "kl_loss": 50.2530247325888, "samples_seen": 2071, "epoch_seconds": 407.3756037070416, "samples_per_second": 5.083760493152482}
{"epoch": 62, "learning_rate": 0.0003306310398773544, "total_loss": 571975.742515693, "reconstruction_loss": 571925.7224468855, "kl_loss": 50.02016523942344, "samples_seen": 2071, "epoch_seconds": 407.2830136921257, "samples_per_second": 5.084916213975757}
{"epoch": 63, "learning_rate": 0.00031593772365766127, "total_loss": 572030.7441755191, "reconstruction_loss": 571980.791163689, "kl_loss": 49.952490187220846, "samples_seen": 2071, "epoch_seconds": 407.44522106461227, "samples_per_second": 5.082891866024815}
{"epoch": 64, "learning_rate": 0.0003014260546826097, "total_loss": 572143.502293578, "reconstruction_loss": 572093.9711492033, "kl_loss": 49.52621901110138, "samples_seen": 2071, "epoch_seconds": 407.6364904078655, "samples_per_second": 5.0805068945810925}
{"epoch": 65, "learning_rate": 0.0002871103542174637, "total_loss": 572054.7362083534, "reconstruction_loss": 572005.1991791405, "kl_loss": 49.53979240575889, "samples_seen": 2071, "epoch_seconds": 407.7618945389986, "samples_per_second": 5.0789444225567}
{"saved_resume_checkpoint": "/datasets/zsuliman/msi_checkpoints/spatial_msipl/production/GBM108_positive_seed1/depthwise/checkpoint_latest.pt", "completed_epochs": 65}
{"epoch": 66, "learning_rate": 0.0002730047501302267, "total_loss": 571931.8202860936, "reconstruction_loss": 571882.3150350072, "kl_loss": 49.501338251427946, "samples_seen": 2071, "epoch_seconds": 408.89564617211, "samples_per_second": 5.064861950445632}
{"epoch": 67, "learning_rate": 0.00025912316294914234, "total_loss": 571875.0052209077, "reconstruction_loss": 571825.5314763399, "kl_loss": 49.47220936125456, "samples_seen": 2071, "epoch_seconds": 409.4580697109923, "samples_per_second": 5.0579049558402245}
{"epoch": 68, "learning_rate": 0.0002454792921248144, "total_loss": 571914.9536757605, "reconstruction_loss": 571865.5685357315, "kl_loss": 49.383813877372795, "samples_seen": 2071, "epoch_seconds": 409.0591474310495, "samples_per_second": 5.062837521190222}
{"epoch": 69, "learning_rate": 0.00023208660251050164, "total_loss": 571776.0352788508, "reconstruction_loss": 571726.7847658136, "kl_loss": 49.25060501540703, "samples_seen": 2071, "epoch_seconds": 409.19081936078146, "samples_per_second": 5.061208370303171}
{"epoch": 70, "learning_rate": 0.00021895831107393473, "total_loss": 571873.3867394978, "reconstruction_loss": 571824.3708051665, "kl_loss": 49.01052415111916, "samples_seen": 2071, "epoch_seconds": 409.26368639804423, "samples_per_second": 5.060307251364036}
{"saved_resume_checkpoint": "/datasets/zsuliman/msi_checkpoints/spatial_msipl/production/GBM108_positive_seed1/depthwise/checkpoint_latest.pt", "completed_epochs": 70}
{"epoch": 71, "learning_rate": 0.00020610737385376356, "total_loss": 571708.2792732979, "reconstruction_loss": 571659.5194048769, "kl_loss": 48.75989210864647, "samples_seen": 2071, "epoch_seconds": 408.9293573522009, "samples_per_second": 5.064444415068733}
{"epoch": 72, "learning_rate": 0.00019354647317351177, "total_loss": 571653.2976219218, "reconstruction_loss": 571604.4826774505, "kl_loss": 48.81877493386335, "samples_seen": 2071, "epoch_seconds": 408.78972269501537, "samples_per_second": 5.066174331259069}
{"epoch": 73, "learning_rate": 0.0001812880051256552, "total_loss": 571822.3867093192, "reconstruction_loss": 571773.650742395, "kl_loss": 48.730091176016906, "samples_seen": 2071, "epoch_seconds": 408.8856351580471, "samples_per_second": 5.064985956768801}
{"epoch": 74, "learning_rate": 0.00016934406733817422, "total_loss": 571666.5683848383, "reconstruction_loss": 571617.8639847899, "kl_loss": 48.7054079738232, "samples_seen": 2071, "epoch_seconds": 408.9912143740803, "samples_per_second": 5.063678453752255}
{"epoch": 75, "learning_rate": 0.0001577264470356557, "total_loss": 571700.7575144857, "reconstruction_loss": 571652.194380734, "kl_loss": 48.56994312457679, "samples_seen": 2071, "epoch_seconds": 409.0741220996715, "samples_per_second": 5.062652189706094}
{"saved_resume_checkpoint": "/datasets/zsuliman/msi_checkpoints/spatial_msipl/production/GBM108_positive_seed1/depthwise/checkpoint_latest.pt", "completed_epochs": 75}
{"epoch": 76, "learning_rate": 0.00014644660940672634, "total_loss": 571643.8541767262, "reconstruction_loss": 571595.3761769676, "kl_loss": 48.47983820319809, "samples_seen": 2071, "epoch_seconds": 407.306487953756, "samples_per_second": 5.084623155413948}
{"epoch": 77, "learning_rate": 0.0001355156862892944, "total_loss": 571640.5310236601, "reconstruction_loss": 571592.1688797682, "kl_loss": 48.36628449245215, "samples_seen": 2071, "epoch_seconds": 407.16666501015425, "samples_per_second": 5.086369238867705}
{"epoch": 78, "learning_rate": 0.00012494446518477025, "total_loss": 571616.5235091744, "reconstruction_loss": 571568.1619084983, "kl_loss": 48.36160950635379, "samples_seen": 2071, "epoch_seconds": 408.13887212704867, "samples_per_second": 5.074253254062316}
{"epoch": 79, "learning_rate": 0.00011474337861210548, "total_loss": 571563.3113230324, "reconstruction_loss": 571515.0576714148, "kl_loss": 48.245629126872494, "samples_seen": 2071, "epoch_seconds": 407.62188833067194, "samples_per_second": 5.080688891564034}
{"epoch": 80, "learning_rate": 0.00010492249381215483, "total_loss": 571585.4927269435, "reconstruction_loss": 571537.4399142927, "kl_loss": 48.055842143104364, "samples_seen": 2071, "epoch_seconds": 406.71609766734764, "samples_per_second": 5.092004009376258}
{"saved_resume_checkpoint": "/datasets/zsuliman/msi_checkpoints/spatial_msipl/production/GBM108_positive_seed1/depthwise/checkpoint_latest.pt", "completed_epochs": 80}
{"epoch": 81, "learning_rate": 9.549150281252637e-05, "total_loss": 571638.7674734428, "reconstruction_loss": 571590.6639606471, "kl_loss": 48.09515391174346, "samples_seen": 2071, "epoch_seconds": 409.7450817199424, "samples_per_second": 5.054362071429359}
{"epoch": 82, "learning_rate": 8.645971286271918e-05, "total_loss": 571608.5535369386, "reconstruction_loss": 571560.4861178175, "kl_loss": 48.06280992619373, "samples_seen": 2071, "epoch_seconds": 409.11505931289867, "samples_per_second": 5.062145606368553}
{"epoch": 83, "learning_rate": 7.78360372489926e-05, "total_loss": 571562.7209681313, "reconstruction_loss": 571514.7737506035, "kl_loss": 47.95556356963301, "samples_seen": 2071, "epoch_seconds": 408.82521381089464, "samples_per_second": 5.065734524284888}
{"epoch": 84, "learning_rate": 6.962898649802815e-05, "total_loss": 571585.0188918397, "reconstruction_loss": 571537.1578947369, "kl_loss": 47.857653009551896, "samples_seen": 2071, "epoch_seconds": 408.5846903095953, "samples_per_second": 5.0687165944244}
{"epoch": 85, "learning_rate": 6.184665997806824e-05, "total_loss": 571458.4713604539, "reconstruction_loss": 571410.5779514727, "kl_loss": 47.89553385964342, "samples_seen": 2071, "epoch_seconds": 408.58121408196166, "samples_per_second": 5.068759719296727}
{"saved_resume_checkpoint": "/datasets/zsuliman/msi_checkpoints/spatial_msipl/production/GBM108_positive_seed1/depthwise/checkpoint_latest.pt", "completed_epochs": 85}
{"epoch": 86, "learning_rate": 5.449673790581613e-05, "total_loss": 571659.6500784645, "reconstruction_loss": 571611.9610997103, "kl_loss": 47.6907223950602, "samples_seen": 2071, "epoch_seconds": 406.1748089347966, "samples_per_second": 5.098789866932536}
{"epoch": 87, "learning_rate": 4.758647376699034e-05, "total_loss": 571503.3776255432, "reconstruction_loss": 571455.6071644133, "kl_loss": 47.779172756429, "samples_seen": 2071, "epoch_seconds": 406.36778157018125, "samples_per_second": 5.096368594965323}
{"epoch": 88, "learning_rate": 4.112268715800956e-05, "total_loss": 571573.471964027, "reconstruction_loss": 571525.756609126, "kl_loss": 47.7205900673933, "samples_seen": 2071, "epoch_seconds": 406.17448345478624, "samples_per_second": 5.098793952748476}
{"epoch": 89, "learning_rate": 3.511175705587434e-05, "total_loss": 571524.5582146306, "reconstruction_loss": 571476.8558063738, "kl_loss": 47.70926318682086, "samples_seen": 2071, "epoch_seconds": 406.40046667214483, "samples_per_second": 5.095958715201812}
{"epoch": 90, "learning_rate": 2.9559615522887284e-05, "total_loss": 571477.2440849831, "reconstruction_loss": 571429.5884838243, "kl_loss": 47.65847605176158, "samples_seen": 2071, "epoch_seconds": 406.3695253669284, "samples_per_second": 5.096346725631076}
{"saved_resume_checkpoint": "/datasets/zsuliman/msi_checkpoints/spatial_msipl/production/GBM108_positive_seed1/depthwise/checkpoint_latest.pt", "completed_epochs": 90}
{"epoch": 91, "learning_rate": 2.447174185242324e-05, "total_loss": 571604.0086310961, "reconstruction_loss": 571556.4164956543, "kl_loss": 47.58921194882395, "samples_seen": 2071, "epoch_seconds": 409.5520512810908, "samples_per_second": 5.056744297878258}
{"epoch": 92, "learning_rate": 1.9853157161528526e-05, "total_loss": 571422.3313616611, "reconstruction_loss": 571374.6590415258, "kl_loss": 47.67424522005723, "samples_seen": 2071, "epoch_seconds": 409.9882331020199, "samples_per_second": 5.051364485098919}
{"epoch": 93, "learning_rate": 1.570841943568452e-05, "total_loss": 571703.965535973, "reconstruction_loss": 571656.372615886, "kl_loss": 47.589803633973084, "samples_seen": 2071, "epoch_seconds": 410.1384289539419, "samples_per_second": 5.04951463651452}
{"epoch": 94, "learning_rate": 1.204161903062634e-05, "total_loss": 571514.6547259778, "reconstruction_loss": 571467.0278247223, "kl_loss": 47.6249943322919, "samples_seen": 2071, "epoch_seconds": 409.54654531320557, "samples_per_second": 5.056812281046537}
{"epoch": 95, "learning_rate": 8.85637463565564e-06, "total_loss": 571588.4969519556, "reconstruction_loss": 571540.9332146306, "kl_loss": 47.56430844463973, "samples_seen": 2071, "epoch_seconds": 409.47231480199844, "samples_per_second": 5.057728996895524}
{"saved_resume_checkpoint": "/datasets/zsuliman/msi_checkpoints/spatial_msipl/production/GBM108_positive_seed1/depthwise/checkpoint_latest.pt", "completed_epochs": 95}
{"epoch": 96, "learning_rate": 6.155829702431171e-06, "total_loss": 571454.1441634477, "reconstruction_loss": 571406.5693505553, "kl_loss": 47.578881113152754, "samples_seen": 2071, "epoch_seconds": 409.36547265201807, "samples_per_second": 5.059049036508405}
{"epoch": 97, "learning_rate": 3.942649342761118e-06, "total_loss": 571502.4992153549, "reconstruction_loss": 571454.9391296476, "kl_loss": 47.56487303457072, "samples_seen": 2071, "epoch_seconds": 409.41964881075546, "samples_per_second": 5.058379601505815}
{"epoch": 98, "learning_rate": 2.2190176984600023e-06, "total_loss": 571447.4615825688, "reconstruction_loss": 571399.8923225495, "kl_loss": 47.56247967213953, "samples_seen": 2071, "epoch_seconds": 409.58385558007285, "samples_per_second": 5.056351640293409}
{"epoch": 99, "learning_rate": 9.866357858642206e-07, "total_loss": 571445.387071463, "reconstruction_loss": 571397.7986178175, "kl_loss": 47.590098391633745, "samples_seen": 2071, "epoch_seconds": 410.3862598934211, "samples_per_second": 5.04646525090252}
{"epoch": 100, "learning_rate": 2.467198171342e-07, "total_loss": 571579.8784705456, "reconstruction_loss": 571532.3447006277, "kl_loss": 47.53534734036138, "samples_seen": 2071, "epoch_seconds": 409.68505986593664, "samples_per_second": 5.055102572394766}
{
  "input": "/datasets/zsuliman/msi_data/gbm_massnet/GBM108_positive.h5",
  "purpose": "production neighbourhood baseline",
  "variant": "depthwise",
  "initial_vae_sha256": "692de4925fe95a65ae94c9f95b35e8e57c9a229f42d3c44c8d11a59545b261ee",
  "controls": {
    "seed": 1,
    "epochs": 100,
    "batch_size": 128,
    "hidden_dim": 512,
    "latent_dim": 5,
    "attention_dim": 8,
    "spatial_lambda": 0.0,
    "poisson_augmentation": false,
    "full_dataset": true
  },
  "samples_per_epoch": 2071,
  "dataset_size": 2071,
  "training_seconds": 40794.8559642476,
  "resumed_from_checkpoint": null,
  "resumed_from_epoch": 0,
  "peak_gpu_memory_allocated_bytes": 5909177856,
  "first_total_loss": 852622.158679382,
  "final_total_loss": 571579.8784705456,
  "total_loss_change_percent": -32.962113094050935,
  "history": [
    {
      "epoch": 1,
      "learning_rate": 0.001,
      "total_loss": 852622.158679382,
      "reconstruction_loss": 852613.2035550459,
      "kl_loss": 8.956236246716049,
      "samples_seen": 2071,
      "epoch_seconds": 419.16571075096726,
      "samples_per_second": 4.940766734687449
    },
    {
      "epoch": 2,
      "learning_rate": 0.0009997532801828658,
      "total_loss": 689767.2159584742,
      "reconstruction_loss": 689747.5888157894,
      "kl_loss": 19.625124603006242,
      "samples_seen": 2071,
      "epoch_seconds": 405.0126413810067,
      "samples_per_second": 5.113420640250467
    },
    {
      "epoch": 3,
      "learning_rate": 0.0009990133642141358,
      "total_loss": 649773.1331784162,
      "reconstruction_loss": 649744.3702317721,
      "kl_loss": 28.770304016304845,
      "samples_seen": 2071,
      "epoch_seconds": 405.2424501669593,
      "samples_per_second": 5.110520872496825
    },
    {
      "epoch": 4,
      "learning_rate": 0.00099778098230154,
      "total_loss": 632320.9912783679,
      "reconstruction_loss": 632284.7947247706,
      "kl_loss": 36.19761556222898,
      "samples_seen": 2071,
      "epoch_seconds": 405.1938003008254,
      "samples_per_second": 5.111134470622307
    },
    {
      "epoch": 5,
      "learning_rate": 0.000996057350657239,
      "total_loss": 620537.0712216321,
      "reconstruction_loss": 620497.5221209561,
      "kl_loss": 39.553134507456015,
      "samples_seen": 2071,
      "epoch_seconds": 405.15331569314003,
      "samples_per_second": 5.111645196478064
    },
    {
      "epoch": 6,
      "learning_rate": 0.0009938441702975688,
      "total_loss": 610761.2364799613,
      "reconstruction_loss": 610718.6412662965,
      "kl_loss": 42.59261293286923,
      "samples_seen": 2071,
      "epoch_seconds": 406.4876966122538,
      "samples_per_second": 5.094865151541142
    },
    {
      "epoch": 7,
      "learning_rate": 0.0009911436253643444,
      "total_loss": 603714.1079188797,
      "reconstruction_loss": 603670.5327740222,
      "kl_loss": 43.57016622081924,
      "samples_seen": 2071,
      "epoch_seconds": 406.595223845914,
      "samples_per_second": 5.093517775272343
    },
    {
      "epoch": 8,
      "learning_rate": 0.0009879583809693736,
      "total_loss": 598937.7899867214,
      "reconstruction_loss": 598893.4724770642,
      "kl_loss": 44.32379912593294,
      "samples_seen": 2071,
      "epoch_seconds": 406.2365570901893,
      "samples_per_second": 5.098014848378635
    },
    {
      "epoch": 9,
      "learning_rate": 0.0009842915805643154,
      "total_loss": 594868.7591743119,
      "reconstruction_loss": 594823.0949118783,
      "kl_loss": 45.66739530945561,
      "samples_seen": 2071,
      "epoch_seconds": 406.1427940209396,
      "samples_per_second": 5.099191787933642
    },
    {
      "epoch": 10,
      "learning_rate": 0.0009801468428384714,
      "total_loss": 591727.4835828103,
      "reconstruction_loss": 591680.1932641236,
      "kl_loss": 47.29204453045133,
      "samples_seen": 2071,
      "epoch_seconds": 405.63269248697907,
      "samples_per_second": 5.105604253203728
    },
    {
      "epoch": 11,
      "learning_rate": 0.0009755282581475767,
      "total_loss": 589429.5643107195,
      "reconstruction_loss": 589381.6951050217,
      "kl_loss": 47.86487567741361,
      "samples_seen": 2071,
      "epoch_seconds": 408.6412611361593,
      "samples_per_second": 5.068014899528079
    },
    {
      "epoch": 12,
      "learning_rate": 0.0009704403844771127,
      "total_loss": 587099.7240765331,
      "reconstruction_loss": 587051.0293034766,
      "kl_loss": 48.693289713949355,
      "samples_seen": 2071,
      "epoch_seconds": 408.6002103439532,
      "samples_per_second": 5.0685240672212695
    },
    {
      "epoch": 13,
      "learning_rate": 0.0009648882429441257,
      "total_loss": 585174.2153850796,
      "reconstruction_loss": 585125.0297561565,
      "kl_loss": 49.18488700605141,
      "samples_seen": 2071,
      "epoch_seconds": 408.31627387274057,
      "samples_per_second": 5.072048636115508
    },
    {
      "epoch": 14,
      "learning_rate": 0.0009588773128419905,
      "total_loss": 583558.1847537422,
      "reconstruction_loss": 583508.7291465476,
      "kl_loss": 49.45165063147957,
      "samples_seen": 2071,
      "epoch_seconds": 408.17779273400083,
      "samples_per_second": 5.0737694133929
    },
    {
      "epoch": 15,
      "learning_rate": 0.0009524135262330098,
      "total_loss": 582009.5726702076,
      "reconstruction_loss": 581959.7002353935,
      "kl_loss": 49.87213557495235,
      "samples_seen": 2071,
      "epoch_seconds": 408.74607599386945,
      "samples_per_second": 5.066715307209608
    },
    {
      "epoch": 16,
      "learning_rate": 0.0009455032620941839,
      "total_loss": 581266.2241368904,
      "reconstruction_loss": 581215.7549191212,
      "kl_loss": 50.46911414610137,
      "samples_seen": 2071,
      "epoch_seconds": 408.19192361086607,
      "samples_per_second": 5.073593768538908
    },
    {
      "epoch": 17,
      "learning_rate": 0.0009381533400219318,
      "total_loss": 580533.6387312892,
      "reconstruction_loss": 580482.2749879286,
      "kl_loss": 51.368117407518326,
      "samples_seen": 2071,
      "epoch_seconds": 409.1994913755916,
      "samples_per_second": 5.061101109969594
    },
    {
      "epoch": 18,
      "learning_rate": 0.0009303710135019719,
      "total_loss": 579601.7295388702,
      "reconstruction_loss": 579549.8150048286,
      "kl_loss": 51.91568891487508,
      "samples_seen": 2071,
      "epoch_seconds": 409.3658219561912,
      "samples_per_second": 5.059044719716808
    },
    {
      "epoch": 19,
      "learning_rate": 0.0009221639627510076,
      "total_loss": 578709.0034705456,
      "reconstruction_loss": 578656.7256458233,
      "kl_loss": 52.27883413251272,
      "samples_seen": 2071,
      "epoch_seconds": 408.0372998919338,
      "samples_per_second": 5.075516381831984
    },
    {
      "epoch": 20,
      "learning_rate": 0.000913540287137281,
      "total_loss": 578116.9857556736,
      "reconstruction_loss": 578064.8470847417,
      "kl_loss": 52.14446832130981,
      "samples_seen": 2071,
      "epoch_seconds": 407.73788407817483,
      "samples_per_second": 5.079243506357459
    },
    {
      "epoch": 21,
      "learning_rate": 0.0009045084971874739,
      "total_loss": 577708.8217346693,
      "reconstruction_loss": 577656.3351943506,
      "kl_loss": 52.48664924846301,
      "samples_seen": 2071,
      "epoch_seconds": 408.8052175818011,
      "samples_per_second": 5.065982308764435
    },
    {
      "epoch": 22,
      "learning_rate": 0.0008950775061878452,
      "total_loss": 576946.8406265089,
      "reconstruction_loss": 576893.1377957509,
      "kl_loss": 53.699677801201275,
      "samples_seen": 2071,
      "epoch_seconds": 408.9042030069977,
      "samples_per_second": 5.064755961837248
    },
    {
      "epoch": 23,
      "learning_rate": 0.0008852566213878947,
      "total_loss": 576587.2257061806,
      "reconstruction_loss": 576533.4421173346,
      "kl_loss": 53.781057544746936,
      "samples_seen": 2071,
      "epoch_seconds": 408.94395681191236,
      "samples_per_second": 5.064263612416029
    },
    {
      "epoch": 24,
      "learning_rate": 0.0008750555348152298,
      "total_loss": 576111.4680106229,
      "reconstruction_loss": 576057.4122404635,
      "kl_loss": 54.056061938556134,
      "samples_seen": 2071,
      "epoch_seconds": 408.62403169320896,
      "samples_per_second": 5.068228590027928
    },
    {
      "epoch": 25,
      "learning_rate": 0.0008644843137107057,
      "total_loss": 575587.5279152583,
      "reconstruction_loss": 575533.0709198455,
      "kl_loss": 54.46726760053796,
      "samples_seen": 2071,
      "epoch_seconds": 409.3921221247874,
      "samples_per_second": 5.0587197165673246
    },
    {
      "epoch": 26,
      "learning_rate": 0.0008535533905932737,
      "total_loss": 575128.6549975857,
      "reconstruction_loss": 575074.3677873008,
      "kl_loss": 54.28513338391991,
      "samples_seen": 2071,
      "epoch_seconds": 408.93501354707405,
      "samples_per_second": 5.064374366079073
    },
    {
      "epoch": 27,
      "learning_rate": 0.0008422735529643444,
      "total_loss": 574879.6064703042,
      "reconstruction_loss": 574825.0704671657,
      "kl_loss": 54.53534823923742,
      "samples_seen": 2071,
      "epoch_seconds": 408.8251164229587,
      "samples_per_second": 5.065735731014636
    },
    {
      "epoch": 28,
      "learning_rate": 0.0008306559326618259,
      "total_loss": 574768.6661033317,
      "reconstruction_loss": 574714.6432882665,
      "kl_loss": 54.02577593889517,
      "samples_seen": 2071,
      "epoch_seconds": 408.7050429889932,
      "samples_per_second": 5.067223993259544
    },
    {
      "epoch": 29,
      "learning_rate": 0.0008187119948743449,
      "total_loss": 574593.1277764365,
      "reconstruction_loss": 574538.8654333656,
      "kl_loss": 54.26319439131416,
      "samples_seen": 2071,
      "epoch_seconds": 408.57611790904775,
      "samples_per_second": 5.068822941973864
    },
    {
      "epoch": 30,
      "learning_rate": 0.0008064535268264883,
      "total_loss": 574318.8612687108,
      "reconstruction_loss": 574265.0545931917,
      "kl_loss": 53.81236537673633,
      "samples_seen": 2071,
      "epoch_seconds": 408.86522733885795,
      "samples_per_second": 5.065238767012103
    },
    {
      "epoch": 31,
      "learning_rate": 0.0007938926261462367,
      "total_loss": 574301.8558063738,
      "reconstruction_loss": 574247.9481228875,
      "kl_loss": 53.90835675175555,
      "samples_seen": 2071,
      "epoch_seconds": 406.596674839966,
      "samples_per_second": 5.0934995983799745
    },
    {
      "epoch": 32,
      "learning_rate": 0.0007810416889260654,
      "total_loss": 574322.0469579913,
      "reconstruction_loss": 574268.8305166586,
      "kl_loss": 53.22128855301412,
      "samples_seen": 2071,
      "epoch_seconds": 406.80752832768485,
      "samples_per_second": 5.090859573109479
    },
    {
      "epoch": 33,
      "learning_rate": 0.0007679133974894983,
      "total_loss": 574022.4419362627,
      "reconstruction_loss": 573968.5512433607,
      "kl_loss": 53.888966472410225,
      "samples_seen": 2071,
      "epoch_seconds": 406.5504858670756,
      "samples_per_second": 5.094078280543802
    },
    {
      "epoch": 34,
      "learning_rate": 0.0007545207078751857,
      "total_loss": 573927.7431796234,
      "reconstruction_loss": 573873.8922621922,
      "kl_loss": 53.8456279380721,
      "samples_seen": 2071,
      "epoch_seconds": 405.7278273929842,
      "samples_per_second": 5.104407093068449
    },
    {
      "epoch": 35,
      "learning_rate": 0.0007408768370508577,
      "total_loss": 573632.1240644616,
      "reconstruction_loss": 573578.2862143891,
      "kl_loss": 53.84454474640261,
      "samples_seen": 2071,
      "epoch_seconds": 405.6197851751931,
      "samples_per_second": 5.105766719701567
    },
    {
      "epoch": 36,
      "learning_rate": 0.0007269952498697734,
      "total_loss": 573417.0075446644,
      "reconstruction_loss": 573363.185206422,
      "kl_loss": 53.8191510066498,
      "samples_seen": 2071,
      "epoch_seconds": 407.87238880991936,
      "samples_per_second": 5.077568516081013
    },
    {
      "epoch": 37,
      "learning_rate": 0.0007128896457825364,
      "total_loss": 573403.8133148238,
      "reconstruction_loss": 573350.1018227909,
      "kl_loss": 53.702639986385414,
      "samples_seen": 2071,
      "epoch_seconds": 407.55800206493586,
      "samples_per_second": 5.081485308856798
    },
    {
      "epoch": 38,
      "learning_rate": 0.0006985739453173903,
      "total_loss": 573078.1745533559,
      "reconstruction_loss": 573024.8120171415,
      "kl_loss": 53.36207776182461,
      "samples_seen": 2071,
      "epoch_seconds": 407.6800945647992,
      "samples_per_second": 5.079963499838774
    },
    {
      "epoch": 39,
      "learning_rate": 0.0006840622763423391,
      "total_loss": 572968.830305408,
      "reconstruction_loss": 572915.0934934814,
      "kl_loss": 53.74450511738967,
      "samples_seen": 2071,
      "epoch_seconds": 408.50078515009955,
      "samples_per_second": 5.069757697623596
    },
    {
      "epoch": 40,
      "learning_rate": 0.0006693689601226458,
      "total_loss": 572948.5620171415,
      "reconstruction_loss": 572895.2721813134,
      "kl_loss": 53.28738513469466,
      "samples_seen": 2071,
      "epoch_seconds": 408.48671964602545,
      "samples_per_second": 5.0699322655939145
    },
    {
      "epoch": 41,
      "learning_rate": 0.0006545084971874737,
      "total_loss": 572846.361419604,
      "reconstruction_loss": 572793.4485755673,
      "kl_loss": 52.90722273490902,
      "samples_seen": 2071,
      "epoch_seconds": 406.01110204169527,
      "samples_per_second": 5.100845739403744
    },
    {
      "epoch": 42,
      "learning_rate": 0.0006394955530196147,
      "total_loss": 572730.3032653307,
      "reconstruction_loss": 572677.4755251086,
      "kl_loss": 52.82886810155377,
      "samples_seen": 2071,
      "epoch_seconds": 406.59062199806795,
      "samples_per_second": 5.093575424397863
    },
    {
      "epoch": 43,
      "learning_rate": 0.0006243449435824273,
      "total_loss": 572616.2822308064,
      "reconstruction_loss": 572563.7638218252,
      "kl_loss": 52.51701961537596,
      "samples_seen": 2071,
      "epoch_seconds": 406.804670332931,
      "samples_per_second": 5.090895338800027
    },
    {
      "epoch": 44,
      "learning_rate": 0.0006090716206982714,
      "total_loss": 572700.2217527764,
      "reconstruction_loss": 572647.8378198937,
      "kl_loss": 52.38898420310838,
      "samples_seen": 2071,
      "epoch_seconds": 406.7941314978525,
      "samples_per_second": 5.091027228869778
    },
    {
      "epoch": 45,
      "learning_rate": 0.0005936906572928625,
      "total_loss": 572596.5828705939,
      "reconstruction_loss": 572544.2818686625,
      "kl_loss": 52.304366028406726,
      "samples_seen": 2071,
      "epoch_seconds": 408.2561924918555,
      "samples_per_second": 5.072795068604662
    },
    {
      "epoch": 46,
      "learning_rate": 0.0005782172325201156,
      "total_loss": 572614.6222235635,
      "reconstruction_loss": 572562.406295268,
      "kl_loss": 52.21835581891379,
      "samples_seen": 2071,
      "epoch_seconds": 406.92032724199817,
      "samples_per_second": 5.089448379334372
    },
    {
      "epoch": 47,
      "learning_rate": 0.0005626666167821523,
      "total_loss": 572315.9207810237,
      "reconstruction_loss": 572263.7115222114,
      "kl_loss": 52.20372675329749,
      "samples_seen": 2071,
      "epoch_seconds": 406.5610498832539,
      "samples_per_second": 5.093945916842498
    },
    {
      "epoch": 48,
      "learning_rate": 0.0005470541566592572,
      "total_loss": 572501.4313435538,
      "reconstruction_loss": 572449.5006035732,
      "kl_loss": 51.937216927727775,
      "samples_seen": 2071,
      "epoch_seconds": 408.79258658830076,
      "samples_per_second": 5.066138838974899
    },
    {
      "epoch": 49,
      "learning_rate": 0.0005313952597646569,
      "total_loss": 572501.3608462096,
      "reconstruction_loss": 572449.6960707387,
      "kl_loss": 51.66951094682179,
      "samples_seen": 2071,
      "epoch_seconds": 409.09719769097865,
      "samples_per_second": 5.062366625068841
    },
    {
      "epoch": 50,
      "learning_rate": 0.0005157053795390643,
      "total_loss": 572312.9316453404,
      "reconstruction_loss": 572261.4550639788,
      "kl_loss": 51.475853528106114,
      "samples_seen": 2071,
      "epoch_seconds": 408.7699081148021,
      "samples_per_second": 5.066419907353758
    },
    {
      "epoch": 51,
      "learning_rate": 0.0005000000000000002,
      "total_loss": 572274.6191453404,
      "reconstruction_loss": 572223.311534283,
      "kl_loss": 51.302584905546105,
      "samples_seen": 2071,
      "epoch_seconds": 406.5838759811595,
      "samples_per_second": 5.093659936716151
    },
    {
      "epoch": 52,
      "learning_rate": 0.00048429462046093607,
      "total_loss": 572323.1464570255,
      "reconstruction_loss": 572271.8857436022,
      "kl_loss": 51.25314427020756,
      "samples_seen": 2071,
      "epoch_seconds": 406.8892893884331,
      "samples_per_second": 5.0898366066916525
    },
    {
      "epoch": 53,
      "learning_rate": 0.0004686047402353435,
      "total_loss": 572289.9276617576,
      "reconstruction_loss": 572238.4781506519,
      "kl_loss": 51.44830103809277,
      "samples_seen": 2071,
      "epoch_seconds": 406.7891561901197,
      "samples_per_second": 5.0910894955913815
    },
    {
      "epoch": 54,
      "learning_rate": 0.000452945843340743,
      "total_loss": 572298.4776677933,
      "reconstruction_loss": 572247.505462337,
      "kl_loss": 50.9703971184952,
      "samples_seen": 2071,
      "epoch_seconds": 407.3370818500407,
      "samples_per_second": 5.084241264247161
    },
    {
      "epoch": 55,
      "learning_rate": 0.00043733338321784806,
      "total_loss": 572273.5955758088,
      "reconstruction_loss": 572222.9242213906,
      "kl_loss": 50.66688880386242,
      "samples_seen": 2071,
      "epoch_seconds": 407.111210396979,
      "samples_per_second": 5.087062078149465
    },
    {
      "epoch": 56,
      "learning_rate": 0.0004217827674798847,
      "total_loss": 572164.0859789957,
      "reconstruction_loss": 572113.4631216803,
      "kl_loss": 50.6191015165247,
      "samples_seen": 2071,
      "epoch_seconds": 406.002742104698,
      "samples_per_second": 5.100950770095885
    },
    {
      "epoch": 57,
      "learning_rate": 0.00040630934270713783,
      "total_loss": 572167.6475132786,
      "reconstruction_loss": 572117.2359669242,
      "kl_loss": 50.41683228334789,
      "samples_seen": 2071,
      "epoch_seconds": 406.4870353168808,
      "samples_per_second": 5.094873440146824
    },
    {
      "epoch": 58,
      "learning_rate": 0.000390928379301729,
      "total_loss": 572192.401708112,
      "reconstruction_loss": 572141.9963785611,
      "kl_loss": 50.40450447115675,
      "samples_seen": 2071,
      "epoch_seconds": 406.16633691918105,
      "samples_per_second": 5.098896219979174
    },
    {
      "epoch": 59,
      "learning_rate": 0.0003756550564175727,
      "total_loss": 572086.8869205698,
      "reconstruction_loss": 572036.3369145341,
      "kl_loss": 50.55463957406656,
      "samples_seen": 2071,
      "epoch_seconds": 406.1008342229761,
      "samples_per_second": 5.099718654758745
    },
    {
      "epoch": 60,
      "learning_rate": 0.00036050444698038553,
      "total_loss": 572101.1126569291,
      "reconstruction_loss": 572050.7949360212,
      "kl_loss": 50.31191307815706,
      "samples_seen": 2071,
      "epoch_seconds": 406.47150464821607,
      "samples_per_second": 5.095068107645979
    },
    {
      "epoch": 61,
      "learning_rate": 0.00034549150281252655,
      "total_loss": 572066.7833474167,
      "reconstruction_loss": 572016.5264968614,
      "kl_loss": 50.2530247325888,
      "samples_seen": 2071,
      "epoch_seconds": 407.3756037070416,
      "samples_per_second": 5.083760493152482
    },
    {
      "epoch": 62,
      "learning_rate": 0.0003306310398773544,
      "total_loss": 571975.742515693,
      "reconstruction_loss": 571925.7224468855,
      "kl_loss": 50.02016523942344,
      "samples_seen": 2071,
      "epoch_seconds": 407.2830136921257,
      "samples_per_second": 5.084916213975757
    },
    {
      "epoch": 63,
      "learning_rate": 0.00031593772365766127,
      "total_loss": 572030.7441755191,
      "reconstruction_loss": 571980.791163689,
      "kl_loss": 49.952490187220846,
      "samples_seen": 2071,
      "epoch_seconds": 407.44522106461227,
      "samples_per_second": 5.082891866024815
    },
    {
      "epoch": 64,
      "learning_rate": 0.0003014260546826097,
      "total_loss": 572143.502293578,
      "reconstruction_loss": 572093.9711492033,
      "kl_loss": 49.52621901110138,
      "samples_seen": 2071,
      "epoch_seconds": 407.6364904078655,
      "samples_per_second": 5.0805068945810925
    },
    {
      "epoch": 65,
      "learning_rate": 0.0002871103542174637,
      "total_loss": 572054.7362083534,
      "reconstruction_loss": 572005.1991791405,
      "kl_loss": 49.53979240575889,
      "samples_seen": 2071,
      "epoch_seconds": 407.7618945389986,
      "samples_per_second": 5.0789444225567
    },
    {
      "epoch": 66,
      "learning_rate": 0.0002730047501302267,
      "total_loss": 571931.8202860936,
      "reconstruction_loss": 571882.3150350072,
      "kl_loss": 49.501338251427946,
      "samples_seen": 2071,
      "epoch_seconds": 408.89564617211,
      "samples_per_second": 5.064861950445632
    },
    {
      "epoch": 67,
      "learning_rate": 0.00025912316294914234,
      "total_loss": 571875.0052209077,
      "reconstruction_loss": 571825.5314763399,
      "kl_loss": 49.47220936125456,
      "samples_seen": 2071,
      "epoch_seconds": 409.4580697109923,
      "samples_per_second": 5.0579049558402245
    },
    {
      "epoch": 68,
      "learning_rate": 0.0002454792921248144,
      "total_loss": 571914.9536757605,
      "reconstruction_loss": 571865.5685357315,
      "kl_loss": 49.383813877372795,
      "samples_seen": 2071,
      "epoch_seconds": 409.0591474310495,
      "samples_per_second": 5.062837521190222
    },
    {
      "epoch": 69,
      "learning_rate": 0.00023208660251050164,
      "total_loss": 571776.0352788508,
      "reconstruction_loss": 571726.7847658136,
      "kl_loss": 49.25060501540703,
      "samples_seen": 2071,
      "epoch_seconds": 409.19081936078146,
      "samples_per_second": 5.061208370303171
    },
    {
      "epoch": 70,
      "learning_rate": 0.00021895831107393473,
      "total_loss": 571873.3867394978,
      "reconstruction_loss": 571824.3708051665,
      "kl_loss": 49.01052415111916,
      "samples_seen": 2071,
      "epoch_seconds": 409.26368639804423,
      "samples_per_second": 5.060307251364036
    },
    {
      "epoch": 71,
      "learning_rate": 0.00020610737385376356,
      "total_loss": 571708.2792732979,
      "reconstruction_loss": 571659.5194048769,
      "kl_loss": 48.75989210864647,
      "samples_seen": 2071,
      "epoch_seconds": 408.9293573522009,
      "samples_per_second": 5.064444415068733
    },
    {
      "epoch": 72,
      "learning_rate": 0.00019354647317351177,
      "total_loss": 571653.2976219218,
      "reconstruction_loss": 571604.4826774505,
      "kl_loss": 48.81877493386335,
      "samples_seen": 2071,
      "epoch_seconds": 408.78972269501537,
      "samples_per_second": 5.066174331259069
    },
    {
      "epoch": 73,
      "learning_rate": 0.0001812880051256552,
      "total_loss": 571822.3867093192,
      "reconstruction_loss": 571773.650742395,
      "kl_loss": 48.730091176016906,
      "samples_seen": 2071,
      "epoch_seconds": 408.8856351580471,
      "samples_per_second": 5.064985956768801
    },
    {
      "epoch": 74,
      "learning_rate": 0.00016934406733817422,
      "total_loss": 571666.5683848383,
      "reconstruction_loss": 571617.8639847899,
      "kl_loss": 48.7054079738232,
      "samples_seen": 2071,
      "epoch_seconds": 408.9912143740803,
      "samples_per_second": 5.063678453752255
    },
    {
      "epoch": 75,
      "learning_rate": 0.0001577264470356557,
      "total_loss": 571700.7575144857,
      "reconstruction_loss": 571652.194380734,
      "kl_loss": 48.56994312457679,
      "samples_seen": 2071,
      "epoch_seconds": 409.0741220996715,
      "samples_per_second": 5.062652189706094
    },
    {
      "epoch": 76,
      "learning_rate": 0.00014644660940672634,
      "total_loss": 571643.8541767262,
      "reconstruction_loss": 571595.3761769676,
      "kl_loss": 48.47983820319809,
      "samples_seen": 2071,
      "epoch_seconds": 407.306487953756,
      "samples_per_second": 5.084623155413948
    },
    {
      "epoch": 77,
      "learning_rate": 0.0001355156862892944,
      "total_loss": 571640.5310236601,
      "reconstruction_loss": 571592.1688797682,
      "kl_loss": 48.36628449245215,
      "samples_seen": 2071,
      "epoch_seconds": 407.16666501015425,
      "samples_per_second": 5.086369238867705
    },
    {
      "epoch": 78,
      "learning_rate": 0.00012494446518477025,
      "total_loss": 571616.5235091744,
      "reconstruction_loss": 571568.1619084983,
      "kl_loss": 48.36160950635379,
      "samples_seen": 2071,
      "epoch_seconds": 408.13887212704867,
      "samples_per_second": 5.074253254062316
    },
    {
      "epoch": 79,
      "learning_rate": 0.00011474337861210548,
      "total_loss": 571563.3113230324,
      "reconstruction_loss": 571515.0576714148,
      "kl_loss": 48.245629126872494,
      "samples_seen": 2071,
      "epoch_seconds": 407.62188833067194,
      "samples_per_second": 5.080688891564034
    },
    {
      "epoch": 80,
      "learning_rate": 0.00010492249381215483,
      "total_loss": 571585.4927269435,
      "reconstruction_loss": 571537.4399142927,
      "kl_loss": 48.055842143104364,
      "samples_seen": 2071,
      "epoch_seconds": 406.71609766734764,
      "samples_per_second": 5.092004009376258
    },
    {
      "epoch": 81,
      "learning_rate": 9.549150281252637e-05,
      "total_loss": 571638.7674734428,
      "reconstruction_loss": 571590.6639606471,
      "kl_loss": 48.09515391174346,
      "samples_seen": 2071,
      "epoch_seconds": 409.7450817199424,
      "samples_per_second": 5.054362071429359
    },
    {
      "epoch": 82,
      "learning_rate": 8.645971286271918e-05,
      "total_loss": 571608.5535369386,
      "reconstruction_loss": 571560.4861178175,
      "kl_loss": 48.06280992619373,
      "samples_seen": 2071,
      "epoch_seconds": 409.11505931289867,
      "samples_per_second": 5.062145606368553
    },
    {
      "epoch": 83,
      "learning_rate": 7.78360372489926e-05,
      "total_loss": 571562.7209681313,
      "reconstruction_loss": 571514.7737506035,
      "kl_loss": 47.95556356963301,
      "samples_seen": 2071,
      "epoch_seconds": 408.82521381089464,
      "samples_per_second": 5.065734524284888
    },
    {
      "epoch": 84,
      "learning_rate": 6.962898649802815e-05,
      "total_loss": 571585.0188918397,
      "reconstruction_loss": 571537.1578947369,
      "kl_loss": 47.857653009551896,
      "samples_seen": 2071,
      "epoch_seconds": 408.5846903095953,
      "samples_per_second": 5.0687165944244
    },
    {
      "epoch": 85,
      "learning_rate": 6.184665997806824e-05,
      "total_loss": 571458.4713604539,
      "reconstruction_loss": 571410.5779514727,
      "kl_loss": 47.89553385964342,
      "samples_seen": 2071,
      "epoch_seconds": 408.58121408196166,
      "samples_per_second": 5.068759719296727
    },
    {
      "epoch": 86,
      "learning_rate": 5.449673790581613e-05,
      "total_loss": 571659.6500784645,
      "reconstruction_loss": 571611.9610997103,
      "kl_loss": 47.6907223950602,
      "samples_seen": 2071,
      "epoch_seconds": 406.1748089347966,
      "samples_per_second": 5.098789866932536
    },
    {
      "epoch": 87,
      "learning_rate": 4.758647376699034e-05,
      "total_loss": 571503.3776255432,
      "reconstruction_loss": 571455.6071644133,
      "kl_loss": 47.779172756429,
      "samples_seen": 2071,
      "epoch_seconds": 406.36778157018125,
      "samples_per_second": 5.096368594965323
    },
    {
      "epoch": 88,
      "learning_rate": 4.112268715800956e-05,
      "total_loss": 571573.471964027,
      "reconstruction_loss": 571525.756609126,
      "kl_loss": 47.7205900673933,
      "samples_seen": 2071,
      "epoch_seconds": 406.17448345478624,
      "samples_per_second": 5.098793952748476
    },
    {
      "epoch": 89,
      "learning_rate": 3.511175705587434e-05,
      "total_loss": 571524.5582146306,
      "reconstruction_loss": 571476.8558063738,
      "kl_loss": 47.70926318682086,
      "samples_seen": 2071,
      "epoch_seconds": 406.40046667214483,
      "samples_per_second": 5.095958715201812
    },
    {
      "epoch": 90,
      "learning_rate": 2.9559615522887284e-05,
      "total_loss": 571477.2440849831,
      "reconstruction_loss": 571429.5884838243,
      "kl_loss": 47.65847605176158,
      "samples_seen": 2071,
      "epoch_seconds": 406.3695253669284,
      "samples_per_second": 5.096346725631076
    },
    {
      "epoch": 91,
      "learning_rate": 2.447174185242324e-05,
      "total_loss": 571604.0086310961,
      "reconstruction_loss": 571556.4164956543,
      "kl_loss": 47.58921194882395,
      "samples_seen": 2071,
      "epoch_seconds": 409.5520512810908,
      "samples_per_second": 5.056744297878258
    },
    {
      "epoch": 92,
      "learning_rate": 1.9853157161528526e-05,
      "total_loss": 571422.3313616611,
      "reconstruction_loss": 571374.6590415258,
      "kl_loss": 47.67424522005723,
      "samples_seen": 2071,
      "epoch_seconds": 409.9882331020199,
      "samples_per_second": 5.051364485098919
    },
    {
      "epoch": 93,
      "learning_rate": 1.570841943568452e-05,
      "total_loss": 571703.965535973,
      "reconstruction_loss": 571656.372615886,
      "kl_loss": 47.589803633973084,
      "samples_seen": 2071,
      "epoch_seconds": 410.1384289539419,
      "samples_per_second": 5.04951463651452
    },
    {
      "epoch": 94,
      "learning_rate": 1.204161903062634e-05,
      "total_loss": 571514.6547259778,
      "reconstruction_loss": 571467.0278247223,
      "kl_loss": 47.6249943322919,
      "samples_seen": 2071,
      "epoch_seconds": 409.54654531320557,
      "samples_per_second": 5.056812281046537
    },
    {
      "epoch": 95,
      "learning_rate": 8.85637463565564e-06,
      "total_loss": 571588.4969519556,
      "reconstruction_loss": 571540.9332146306,
      "kl_loss": 47.56430844463973,
      "samples_seen": 2071,
      "epoch_seconds": 409.47231480199844,
      "samples_per_second": 5.057728996895524
    },
    {
      "epoch": 96,
      "learning_rate": 6.155829702431171e-06,
      "total_loss": 571454.1441634477,
      "reconstruction_loss": 571406.5693505553,
      "kl_loss": 47.578881113152754,
      "samples_seen": 2071,
      "epoch_seconds": 409.36547265201807,
      "samples_per_second": 5.059049036508405
    },
    {
      "epoch": 97,
      "learning_rate": 3.942649342761118e-06,
      "total_loss": 571502.4992153549,
      "reconstruction_loss": 571454.9391296476,
      "kl_loss": 47.56487303457072,
      "samples_seen": 2071,
      "epoch_seconds": 409.41964881075546,
      "samples_per_second": 5.058379601505815
    },
    {
      "epoch": 98,
      "learning_rate": 2.2190176984600023e-06,
      "total_loss": 571447.4615825688,
      "reconstruction_loss": 571399.8923225495,
      "kl_loss": 47.56247967213953,
      "samples_seen": 2071,
      "epoch_seconds": 409.58385558007285,
      "samples_per_second": 5.056351640293409
    },
    {
      "epoch": 99,
      "learning_rate": 9.866357858642206e-07,
      "total_loss": 571445.387071463,
      "reconstruction_loss": 571397.7986178175,
      "kl_loss": 47.590098391633745,
      "samples_seen": 2071,
      "epoch_seconds": 410.3862598934211,
      "samples_per_second": 5.04646525090252
    },
    {
      "epoch": 100,
      "learning_rate": 2.467198171342e-07,
      "total_loss": 571579.8784705456,
      "reconstruction_loss": 571532.3447006277,
      "kl_loss": 47.53534734036138,
      "samples_seen": 2071,
      "epoch_seconds": 409.68505986593664,
      "samples_per_second": 5.055102572394766
    }
  ],
  "checkpoint": "/datasets/zsuliman/msi_checkpoints/spatial_msipl/production/GBM108_positive_seed1/depthwise/checkpoint.pt",
  "status": "complete"
}
