{"scale": 1.0, "step": 1, "training_loss": 11.475433349609375, "projection_gradient_norm": 0.002184826647862792, "pixels_with_at_least_two_neighbours": 4, "entropy_mean": 0.999957651995788, "weight_deviation_mean": 0.0014281313633546233, "weight_deviation_max": 0.0032939612865448, "score_spread_mean": 0.041153162717819214, "score_spread_max": 0.048064686357975006, "central_saturation_fraction": 0.0, "neighbour_saturation_fraction": 0.0, "mean_tanh_derivative": 0.965006411075592}
{"scale": 1.0, "step": 2, "training_loss": 11.878894805908203, "projection_gradient_norm": 0.002036522841081023, "pixels_with_at_least_two_neighbours": 4, "entropy_mean": 0.9999570935514956, "weight_deviation_mean": 0.0014375806786119938, "weight_deviation_max": 0.003317028284072876, "score_spread_mean": 0.04148618131875992, "score_spread_max": 0.04837505519390106, "central_saturation_fraction": 0.0, "neighbour_saturation_fraction": 0.0, "mean_tanh_derivative": 0.9647768139839172}
{"epoch": 1, "learning_rate": 0.001, "total_loss": 11.305263042449951, "vae_loss": 11.305263042449951, "reconstruction_loss": 11.071479797363281, "kl_loss": 0.23378315567970276, "spatial_loss": 0.0, "weighted_spatial_loss": 0.0, "spatial_pairs": 0, "samples_seen": 8, "epoch_seconds": 0.007870827801525593, "samples_per_second": 1016.411513722784}
{"epoch": 1, "learning_rate": 0.001, "total_loss": 11.025966835021972, "vae_loss": 11.025966835021972, "reconstruction_loss": 10.828365516662597, "kl_loss": 0.19760120511054993, "spatial_loss": 0.0, "weighted_spatial_loss": 0.0, "spatial_pairs": 0, "samples_seen": 10, "epoch_seconds": 0.007269410882145166, "samples_per_second": 1375.6272911415142}
{"epoch": 1, "learning_rate": 0.001, "total_loss": 11.34116792678833, "vae_loss": 11.34116792678833, "reconstruction_loss": 10.90546464920044, "kl_loss": 0.435703381896019, "spatial_loss": 0.0, "weighted_spatial_loss": 0.0, "spatial_pairs": 0, "samples_seen": 8, "epoch_seconds": 0.004840688779950142, "samples_per_second": 1652.657372466403}
{"epoch": 1, "learning_rate": 0.001, "total_loss": 11.083986282348633, "vae_loss": 11.083986282348633, "reconstruction_loss": 10.877989768981934, "kl_loss": 0.2059963196516037, "spatial_loss": 0.0, "weighted_spatial_loss": 0.0, "spatial_pairs": 0, "samples_seen": 8, "epoch_seconds": 0.00472620315849781, "samples_per_second": 1692.690671922521}
{"resumed_from": "/tmp/tmpj_l897xf/checkpoints/checkpoint_latest.pt", "completed_epochs": 1, "next_epoch": 2}
{"epoch": 2, "learning_rate": 0.00075, "total_loss": 10.995465755462646, "vae_loss": 10.995465755462646, "reconstruction_loss": 10.82277250289917, "kl_loss": 0.17269345372915268, "spatial_loss": 0.0, "weighted_spatial_loss": 0.0, "spatial_pairs": 0, "samples_seen": 8, "epoch_seconds": 0.010310619603842497, "samples_per_second": 775.8990543127602}
{"saved_resume_checkpoint": "/tmp/tmpj_l897xf/checkpoints/checkpoint_latest.pt", "completed_epochs": 2}
{"epoch": 3, "learning_rate": 0.0002500000000000001, "total_loss": 11.244705200195312, "vae_loss": 11.244705200195312, "reconstruction_loss": 10.983675003051758, "kl_loss": 0.26102999597787857, "spatial_loss": 0.0, "weighted_spatial_loss": 0.0, "spatial_pairs": 0, "samples_seen": 8, "epoch_seconds": 0.006969829089939594, "samples_per_second": 1147.8043287384733}
{"epoch": 1, "learning_rate": 0.001, "total_loss": 11.206148147583008, "vae_loss": 11.206148147583008, "reconstruction_loss": 10.898056983947754, "kl_loss": 0.30809132754802704, "spatial_loss": 0.0, "weighted_spatial_loss": 0.0, "spatial_pairs": 0, "samples_seen": 8, "epoch_seconds": 0.010867391247302294, "samples_per_second": 736.1472333101018}
{"epoch": 1, "learning_rate": 0.001, "total_loss": 11.175463676452637, "vae_loss": 11.153921127319336, "reconstruction_loss": 10.850831985473633, "kl_loss": 0.3030886948108673, "spatial_loss": 0.21542826294898987, "weighted_spatial_loss": 0.021542826294898988, "spatial_pairs": 16, "samples_seen": 8, "epoch_seconds": 0.0030379067175090313, "samples_per_second": 2633.3922479883445}
{"epoch": 1, "learning_rate": 0.001, "total_loss": 852621.0833836311, "vae_loss": 852621.0447549493, "reconstruction_loss": 852612.0973563496, "kl_loss": 8.950193998334145, "spatial_loss": 0.39973316381088236, "weighted_spatial_loss": 0.039973316381088246, "spatial_pairs": 451, "samples_seen": 2071, "epoch_seconds": 414.8988298722543, "samples_per_second": 4.991578309916306}
{"epoch": 2, "learning_rate": 0.0009045084971874737, "total_loss": 692000.5255311443, "vae_loss": 692000.4675881217, "reconstruction_loss": 691981.1510743602, "kl_loss": 19.320387424448732, "spatial_loss": 0.6352722771440595, "weighted_spatial_loss": 0.06352722771440596, "spatial_pairs": 469, "samples_seen": 2071, "epoch_seconds": 400.01920065889135, "samples_per_second": 5.177251483400681}
{"epoch": 3, "learning_rate": 0.0006545084971874737, "total_loss": 653616.0297561565, "vae_loss": 653615.9447730565, "reconstruction_loss": 653590.2536516176, "kl_loss": 25.69720858136909, "spatial_loss": 0.8358465193387234, "weighted_spatial_loss": 0.08358465193387235, "spatial_pairs": 492, "samples_seen": 2071, "epoch_seconds": 399.5324579179287, "samples_per_second": 5.183558829719465}
{"epoch": 4, "learning_rate": 0.00034549150281252633, "total_loss": 640241.2831663447, "vae_loss": 640241.202046113, "reconstruction_loss": 640210.6387312892, "kl_loss": 30.564001329275563, "spatial_loss": 0.8718990471442503, "weighted_spatial_loss": 0.08718990471442503, "spatial_pairs": 517, "samples_seen": 2071, "epoch_seconds": 399.4424027730711, "samples_per_second": 5.184727474154927}
{"epoch": 5, "learning_rate": 9.549150281252633e-05, "total_loss": 635033.7697368421, "vae_loss": 635033.680890874, "reconstruction_loss": 635002.3510079671, "kl_loss": 31.327953441772756, "spatial_loss": 0.9162358466116689, "weighted_spatial_loss": 0.09162358466116689, "spatial_pairs": 487, "samples_seen": 2071, "epoch_seconds": 401.77386373793706, "samples_per_second": 5.154640923459472}
{
  "input": "/datasets/zsuliman/msi_data/gbm_massnet/GBM108_positive.h5",
  "purpose": "spatial-loss pilot",
  "variant": "uniform_mean",
  "initial_vae_sha256": "692de4925fe95a65ae94c9f95b35e8e57c9a229f42d3c44c8d11a59545b261ee",
  "controls": {
    "seed": 1,
    "epochs": 5,
    "batch_size": 128,
    "hidden_dim": 512,
    "latent_dim": 5,
    "attention_dim": 8,
    "attention_input_scale": "spectral_bins",
    "spatial_lambda": 0.1,
    "poisson_augmentation": false,
    "full_dataset": true
  },
  "samples_per_epoch": 2071,
  "dataset_size": 2071,
  "training_seconds": 2015.6667549600825,
  "resumed_from_checkpoint": null,
  "resumed_from_epoch": 0,
  "peak_gpu_memory_allocated_bytes": 3112134656,
  "first_total_loss": 852621.0833836311,
  "final_total_loss": 635033.7697368421,
  "total_loss_change_percent": -25.519813887699396,
  "history": [
    {
      "epoch": 1,
      "learning_rate": 0.001,
      "total_loss": 852621.0833836311,
      "vae_loss": 852621.0447549493,
      "reconstruction_loss": 852612.0973563496,
      "kl_loss": 8.950193998334145,
      "spatial_loss": 0.39973316381088236,
      "weighted_spatial_loss": 0.039973316381088246,
      "spatial_pairs": 451,
      "samples_seen": 2071,
      "epoch_seconds": 414.8988298722543,
      "samples_per_second": 4.991578309916306
    },
    {
      "epoch": 2,
      "learning_rate": 0.0009045084971874737,
      "total_loss": 692000.5255311443,
      "vae_loss": 692000.4675881217,
      "reconstruction_loss": 691981.1510743602,
      "kl_loss": 19.320387424448732,
      "spatial_loss": 0.6352722771440595,
      "weighted_spatial_loss": 0.06352722771440596,
      "spatial_pairs": 469,
      "samples_seen": 2071,
      "epoch_seconds": 400.01920065889135,
      "samples_per_second": 5.177251483400681
    },
    {
      "epoch": 3,
      "learning_rate": 0.0006545084971874737,
      "total_loss": 653616.0297561565,
      "vae_loss": 653615.9447730565,
      "reconstruction_loss": 653590.2536516176,
      "kl_loss": 25.69720858136909,
      "spatial_loss": 0.8358465193387234,
      "weighted_spatial_loss": 0.08358465193387235,
      "spatial_pairs": 492,
      "samples_seen": 2071,
      "epoch_seconds": 399.5324579179287,
      "samples_per_second": 5.183558829719465
    },
    {
      "epoch": 4,
      "learning_rate": 0.00034549150281252633,
      "total_loss": 640241.2831663447,
      "vae_loss": 640241.202046113,
      "reconstruction_loss": 640210.6387312892,
      "kl_loss": 30.564001329275563,
      "spatial_loss": 0.8718990471442503,
      "weighted_spatial_loss": 0.08718990471442503,
      "spatial_pairs": 517,
      "samples_seen": 2071,
      "epoch_seconds": 399.4424027730711,
      "samples_per_second": 5.184727474154927
    },
    {
      "epoch": 5,
      "learning_rate": 9.549150281252633e-05,
      "total_loss": 635033.7697368421,
      "vae_loss": 635033.680890874,
      "reconstruction_loss": 635002.3510079671,
      "kl_loss": 31.327953441772756,
      "spatial_loss": 0.9162358466116689,
      "weighted_spatial_loss": 0.09162358466116689,
      "spatial_pairs": 487,
      "samples_seen": 2071,
      "epoch_seconds": 401.77386373793706,
      "samples_per_second": 5.154640923459472
    }
  ],
  "checkpoint": "/datasets/zsuliman/msi_checkpoints/spatial_msipl/spatial_loss/GBM108_positive_seed1/uniform_mean_lambda_0p1_pilot/checkpoint.pt",
  "attention_diagnostics": null,
  "status": "complete"
}
