{"scale": 1.0, "step": 1, "training_loss": 11.475433349609375, "projection_gradient_norm": 0.002184826647862792, "pixels_with_at_least_two_neighbours": 4, "entropy_mean": 0.999957651995788, "weight_deviation_mean": 0.0014281313633546233, "weight_deviation_max": 0.0032939612865448, "score_spread_mean": 0.041153162717819214, "score_spread_max": 0.048064686357975006, "central_saturation_fraction": 0.0, "neighbour_saturation_fraction": 0.0, "mean_tanh_derivative": 0.965006411075592}
{"scale": 1.0, "step": 2, "training_loss": 11.878894805908203, "projection_gradient_norm": 0.002036522841081023, "pixels_with_at_least_two_neighbours": 4, "entropy_mean": 0.9999570935514956, "weight_deviation_mean": 0.0014375806786119938, "weight_deviation_max": 0.003317028284072876, "score_spread_mean": 0.04148618131875992, "score_spread_max": 0.04837505519390106, "central_saturation_fraction": 0.0, "neighbour_saturation_fraction": 0.0, "mean_tanh_derivative": 0.9647768139839172}
{"epoch": 1, "learning_rate": 0.001, "total_loss": 11.305263042449951, "vae_loss": 11.305263042449951, "reconstruction_loss": 11.071479797363281, "kl_loss": 0.23378315567970276, "spatial_loss": 0.0, "weighted_spatial_loss": 0.0, "spatial_pairs": 0, "samples_seen": 8, "epoch_seconds": 0.00466472702100873, "samples_per_second": 1714.998533455454}
{"epoch": 1, "learning_rate": 0.001, "total_loss": 11.025966835021972, "vae_loss": 11.025966835021972, "reconstruction_loss": 10.828365516662597, "kl_loss": 0.19760120511054993, "spatial_loss": 0.0, "weighted_spatial_loss": 0.0, "spatial_pairs": 0, "samples_seen": 10, "epoch_seconds": 0.006230625323951244, "samples_per_second": 1604.9753403657323}
{"epoch": 1, "learning_rate": 0.001, "total_loss": 11.34116792678833, "vae_loss": 11.34116792678833, "reconstruction_loss": 10.90546464920044, "kl_loss": 0.435703381896019, "spatial_loss": 0.0, "weighted_spatial_loss": 0.0, "spatial_pairs": 0, "samples_seen": 8, "epoch_seconds": 0.0041565243154764175, "samples_per_second": 1924.6849994868962}
{"epoch": 1, "learning_rate": 0.001, "total_loss": 11.083986282348633, "vae_loss": 11.083986282348633, "reconstruction_loss": 10.877989768981934, "kl_loss": 0.2059963196516037, "spatial_loss": 0.0, "weighted_spatial_loss": 0.0, "spatial_pairs": 0, "samples_seen": 8, "epoch_seconds": 0.0040820809081196785, "samples_per_second": 1959.7847715578537}
{"resumed_from": "/tmp/tmp9pp_yyez/checkpoints/checkpoint_latest.pt", "completed_epochs": 1, "next_epoch": 2}
{"epoch": 2, "learning_rate": 0.00075, "total_loss": 10.995465755462646, "vae_loss": 10.995465755462646, "reconstruction_loss": 10.82277250289917, "kl_loss": 0.17269345372915268, "spatial_loss": 0.0, "weighted_spatial_loss": 0.0, "spatial_pairs": 0, "samples_seen": 8, "epoch_seconds": 0.004012296907603741, "samples_per_second": 1993.870390010053}
{"saved_resume_checkpoint": "/tmp/tmp9pp_yyez/checkpoints/checkpoint_latest.pt", "completed_epochs": 2}
{"epoch": 3, "learning_rate": 0.0002500000000000001, "total_loss": 11.244705200195312, "vae_loss": 11.244705200195312, "reconstruction_loss": 10.983675003051758, "kl_loss": 0.26102999597787857, "spatial_loss": 0.0, "weighted_spatial_loss": 0.0, "spatial_pairs": 0, "samples_seen": 8, "epoch_seconds": 0.0037553668953478336, "samples_per_second": 2130.284529564991}
{"epoch": 1, "learning_rate": 0.001, "total_loss": 11.206148147583008, "vae_loss": 11.206148147583008, "reconstruction_loss": 10.898056983947754, "kl_loss": 0.30809132754802704, "spatial_loss": 0.0, "weighted_spatial_loss": 0.0, "spatial_pairs": 0, "samples_seen": 8, "epoch_seconds": 0.005038492847234011, "samples_per_second": 1587.7763931711786}
{"epoch": 1, "learning_rate": 0.001, "total_loss": 11.175463676452637, "vae_loss": 11.153921127319336, "reconstruction_loss": 10.850831985473633, "kl_loss": 0.3030886948108673, "spatial_loss": 0.21542826294898987, "weighted_spatial_loss": 0.021542826294898988, "spatial_pairs": 16, "samples_seen": 8, "epoch_seconds": 0.0025088111869990826, "samples_per_second": 3188.7612911871656}
{"epoch": 1, "learning_rate": 0.001, "total_loss": 852631.0146064704, "vae_loss": 852630.6069229841, "reconstruction_loss": 852621.651798648, "kl_loss": 8.96012419316862, "spatial_loss": 0.39981196896521126, "weighted_spatial_loss": 0.39981196896521126, "spatial_pairs": 451, "samples_seen": 2071, "epoch_seconds": 414.48631448019296, "samples_per_second": 4.996546152789724}
{"epoch": 2, "learning_rate": 0.0009045084971874737, "total_loss": 692001.8469036698, "vae_loss": 692001.2126991792, "reconstruction_loss": 691981.9477909222, "kl_loss": 19.26545435998936, "spatial_loss": 0.6355457003927645, "weighted_spatial_loss": 0.6355457003927645, "spatial_pairs": 469, "samples_seen": 2071, "epoch_seconds": 399.3536352990195, "samples_per_second": 5.185879924316504}
{"epoch": 3, "learning_rate": 0.0006545084971874737, "total_loss": 653643.7271245775, "vae_loss": 653642.8927450507, "reconstruction_loss": 653617.3782291163, "kl_loss": 25.508236005995826, "spatial_loss": 0.832152549124344, "weighted_spatial_loss": 0.832152549124344, "spatial_pairs": 492, "samples_seen": 2071, "epoch_seconds": 399.42473773565143, "samples_per_second": 5.18495677493725}
{"epoch": 4, "learning_rate": 0.00034549150281252633, "total_loss": 640287.3669422984, "vae_loss": 640286.5016598261, "reconstruction_loss": 640256.1497163206, "kl_loss": 30.35048593201538, "spatial_loss": 0.8657676258391082, "weighted_spatial_loss": 0.8657676258391082, "spatial_pairs": 517, "samples_seen": 2071, "epoch_seconds": 399.4314366527833, "samples_per_second": 5.184869817345582}
{"epoch": 5, "learning_rate": 9.549150281252633e-05, "total_loss": 635084.0172320135, "vae_loss": 635083.1010381458, "reconstruction_loss": 635052.0011467889, "kl_loss": 31.10290104429944, "spatial_loss": 0.9071466889068708, "weighted_spatial_loss": 0.9071466889068708, "spatial_pairs": 487, "samples_seen": 2071, "epoch_seconds": 399.40604831511155, "samples_per_second": 5.185199394792549}
{
  "input": "/datasets/zsuliman/msi_data/gbm_massnet/GBM108_positive.h5",
  "purpose": "spatial-loss pilot",
  "variant": "uniform_mean",
  "initial_vae_sha256": "692de4925fe95a65ae94c9f95b35e8e57c9a229f42d3c44c8d11a59545b261ee",
  "controls": {
    "seed": 1,
    "epochs": 5,
    "batch_size": 128,
    "hidden_dim": 512,
    "latent_dim": 5,
    "attention_dim": 8,
    "attention_input_scale": "spectral_bins",
    "spatial_lambda": 1.0,
    "poisson_augmentation": false,
    "full_dataset": true
  },
  "samples_per_epoch": 2071,
  "dataset_size": 2071,
  "training_seconds": 2012.1021724827588,
  "resumed_from_checkpoint": null,
  "resumed_from_epoch": 0,
  "peak_gpu_memory_allocated_bytes": 3112134656,
  "first_total_loss": 852631.0146064704,
  "final_total_loss": 635084.0172320135,
  "total_loss_change_percent": -25.514788184765372,
  "history": [
    {
      "epoch": 1,
      "learning_rate": 0.001,
      "total_loss": 852631.0146064704,
      "vae_loss": 852630.6069229841,
      "reconstruction_loss": 852621.651798648,
      "kl_loss": 8.96012419316862,
      "spatial_loss": 0.39981196896521126,
      "weighted_spatial_loss": 0.39981196896521126,
      "spatial_pairs": 451,
      "samples_seen": 2071,
      "epoch_seconds": 414.48631448019296,
      "samples_per_second": 4.996546152789724
    },
    {
      "epoch": 2,
      "learning_rate": 0.0009045084971874737,
      "total_loss": 692001.8469036698,
      "vae_loss": 692001.2126991792,
      "reconstruction_loss": 691981.9477909222,
      "kl_loss": 19.26545435998936,
      "spatial_loss": 0.6355457003927645,
      "weighted_spatial_loss": 0.6355457003927645,
      "spatial_pairs": 469,
      "samples_seen": 2071,
      "epoch_seconds": 399.3536352990195,
      "samples_per_second": 5.185879924316504
    },
    {
      "epoch": 3,
      "learning_rate": 0.0006545084971874737,
      "total_loss": 653643.7271245775,
      "vae_loss": 653642.8927450507,
      "reconstruction_loss": 653617.3782291163,
      "kl_loss": 25.508236005995826,
      "spatial_loss": 0.832152549124344,
      "weighted_spatial_loss": 0.832152549124344,
      "spatial_pairs": 492,
      "samples_seen": 2071,
      "epoch_seconds": 399.42473773565143,
      "samples_per_second": 5.18495677493725
    },
    {
      "epoch": 4,
      "learning_rate": 0.00034549150281252633,
      "total_loss": 640287.3669422984,
      "vae_loss": 640286.5016598261,
      "reconstruction_loss": 640256.1497163206,
      "kl_loss": 30.35048593201538,
      "spatial_loss": 0.8657676258391082,
      "weighted_spatial_loss": 0.8657676258391082,
      "spatial_pairs": 517,
      "samples_seen": 2071,
      "epoch_seconds": 399.4314366527833,
      "samples_per_second": 5.184869817345582
    },
    {
      "epoch": 5,
      "learning_rate": 9.549150281252633e-05,
      "total_loss": 635084.0172320135,
      "vae_loss": 635083.1010381458,
      "reconstruction_loss": 635052.0011467889,
      "kl_loss": 31.10290104429944,
      "spatial_loss": 0.9071466889068708,
      "weighted_spatial_loss": 0.9071466889068708,
      "spatial_pairs": 487,
      "samples_seen": 2071,
      "epoch_seconds": 399.40604831511155,
      "samples_per_second": 5.185199394792549
    }
  ],
  "checkpoint": "/datasets/zsuliman/msi_checkpoints/spatial_msipl/spatial_loss/GBM108_positive_seed1/uniform_mean_lambda_1p0_pilot/checkpoint.pt",
  "attention_diagnostics": null,
  "status": "complete"
}
