{"scale": 1.0, "step": 1, "training_loss": 11.475433349609375, "projection_gradient_norm": 0.002184826647862792, "pixels_with_at_least_two_neighbours": 4, "entropy_mean": 0.999957651995788, "weight_deviation_mean": 0.0014281313633546233, "weight_deviation_max": 0.0032939612865448, "score_spread_mean": 0.041153162717819214, "score_spread_max": 0.048064686357975006, "central_saturation_fraction": 0.0, "neighbour_saturation_fraction": 0.0, "mean_tanh_derivative": 0.965006411075592}
{"scale": 1.0, "step": 2, "training_loss": 11.878894805908203, "projection_gradient_norm": 0.002036522841081023, "pixels_with_at_least_two_neighbours": 4, "entropy_mean": 0.9999570935514956, "weight_deviation_mean": 0.0014375806786119938, "weight_deviation_max": 0.003317028284072876, "score_spread_mean": 0.04148618131875992, "score_spread_max": 0.04837505519390106, "central_saturation_fraction": 0.0, "neighbour_saturation_fraction": 0.0, "mean_tanh_derivative": 0.9647768139839172}
{"epoch": 1, "learning_rate": 0.001, "total_loss": 11.305263042449951, "vae_loss": 11.305263042449951, "reconstruction_loss": 11.071479797363281, "kl_loss": 0.23378315567970276, "spatial_loss": 0.0, "weighted_spatial_loss": 0.0, "spatial_loss_scale": 1.0, "spatial_pairs": 0, "poisson_effective_count": null, "poisson_central_l1": 0.0, "poisson_central_cosine": 1.0, "samples_seen": 8, "epoch_seconds": 0.007759007625281811, "samples_per_second": 1031.059690408467}
{"epoch": 1, "learning_rate": 0.001, "total_loss": 11.025966835021972, "vae_loss": 11.025966835021972, "reconstruction_loss": 10.828365516662597, "kl_loss": 0.19760120511054993, "spatial_loss": 0.0, "weighted_spatial_loss": 0.0, "spatial_loss_scale": 1.0, "spatial_pairs": 0, "poisson_effective_count": null, "poisson_central_l1": 0.0, "poisson_central_cosine": 1.0, "samples_seen": 10, "epoch_seconds": 0.007832844741642475, "samples_per_second": 1276.6753752740785}
{"epoch": 1, "learning_rate": 0.001, "total_loss": 11.34116792678833, "vae_loss": 11.34116792678833, "reconstruction_loss": 10.90546464920044, "kl_loss": 0.435703381896019, "spatial_loss": 0.0, "weighted_spatial_loss": 0.0, "spatial_loss_scale": 1.0, "spatial_pairs": 0, "poisson_effective_count": null, "poisson_central_l1": 0.0, "poisson_central_cosine": 1.0, "samples_seen": 8, "epoch_seconds": 0.00415725028142333, "samples_per_second": 1924.3488985370916}
{"epoch": 1, "learning_rate": 0.001, "total_loss": 11.083986282348633, "vae_loss": 11.083986282348633, "reconstruction_loss": 10.877989768981934, "kl_loss": 0.2059963196516037, "spatial_loss": 0.0, "weighted_spatial_loss": 0.0, "spatial_loss_scale": 1.0, "spatial_pairs": 0, "poisson_effective_count": null, "poisson_central_l1": 0.0, "poisson_central_cosine": 1.0, "samples_seen": 8, "epoch_seconds": 0.004318112041801214, "samples_per_second": 1852.6615156245366}
{"resumed_from": "/tmp/tmp6kqdvxlw/checkpoints/checkpoint_latest.pt", "completed_epochs": 1, "next_epoch": 2}
{"epoch": 2, "learning_rate": 0.00075, "total_loss": 10.995465755462646, "vae_loss": 10.995465755462646, "reconstruction_loss": 10.82277250289917, "kl_loss": 0.17269345372915268, "spatial_loss": 0.0, "weighted_spatial_loss": 0.0, "spatial_loss_scale": 1.0, "spatial_pairs": 0, "poisson_effective_count": null, "poisson_central_l1": 0.0, "poisson_central_cosine": 1.0, "samples_seen": 8, "epoch_seconds": 0.010302489157766104, "samples_per_second": 776.511372882109}
{"saved_resume_checkpoint": "/tmp/tmp6kqdvxlw/checkpoints/checkpoint_latest.pt", "completed_epochs": 2}
{"epoch": 3, "learning_rate": 0.0002500000000000001, "total_loss": 11.244705200195312, "vae_loss": 11.244705200195312, "reconstruction_loss": 10.983675003051758, "kl_loss": 0.26102999597787857, "spatial_loss": 0.0, "weighted_spatial_loss": 0.0, "spatial_loss_scale": 1.0, "spatial_pairs": 0, "poisson_effective_count": null, "poisson_central_l1": 0.0, "poisson_central_cosine": 1.0, "samples_seen": 8, "epoch_seconds": 0.0067885457538068295, "samples_per_second": 1178.4556354376518}
{"epoch": 1, "learning_rate": 0.001, "total_loss": 11.206148147583008, "vae_loss": 11.206148147583008, "reconstruction_loss": 10.898056983947754, "kl_loss": 0.30809132754802704, "spatial_loss": 0.16911951452493668, "weighted_spatial_loss": 0.0, "spatial_loss_scale": 1.0, "spatial_pairs": 6, "poisson_effective_count": null, "poisson_central_l1": 0.0, "poisson_central_cosine": 1.0, "samples_seen": 8, "epoch_seconds": 0.006490122061222792, "samples_per_second": 1232.6424564182596}
{"epoch": 1, "learning_rate": 0.001, "total_loss": 11.150794982910156, "vae_loss": 11.150794982910156, "reconstruction_loss": 10.85600471496582, "kl_loss": 0.2947905659675598, "spatial_loss": 0.24996417760849, "weighted_spatial_loss": 0.0, "spatial_loss_scale": 1.0, "spatial_pairs": 16, "poisson_effective_count": 100.0, "poisson_central_l1": 0.15960150957107544, "poisson_central_cosine": 0.9836505055427551, "samples_seen": 8, "epoch_seconds": 0.0030032810755074024, "samples_per_second": 2663.753341384607}
{"epoch": 1, "learning_rate": 0.001, "total_loss": 11.283178329467773, "vae_loss": 11.153921127319336, "reconstruction_loss": 10.850831985473633, "kl_loss": 0.3030886948108673, "spatial_loss": 0.21542826294898987, "weighted_spatial_loss": 0.12925695776939394, "spatial_loss_scale": 6.0, "spatial_pairs": 16, "poisson_effective_count": null, "poisson_central_l1": 0.0, "poisson_central_cosine": 1.0, "samples_seen": 8, "epoch_seconds": 0.0024427380412817, "samples_per_second": 3275.013474552685}
{
  "attribution_version": 1,
  "status": "valid_pilot",
  "dataset": "/datasets/zsuliman/msi_data/gbm_massnet/GBM108_positive.h5",
  "checkpoint": "/datasets/zsuliman/msi_checkpoints/spatial_msipl/production/GBM108_positive_seed1/uniform_mean/checkpoint.pt",
  "model_state_sha256": "daf816d220b98fa7d74b919b6a90b114bff65cecfc9f488d7fc415c403751587",
  "completed_training_epochs": 100,
  "model_configuration": {
    "spectral_dim": 85062,
    "contextual_input_dim": 170124,
    "hidden_dim": 512,
    "latent_dim": 5,
    "neighbourhood": {
      "name": "uniform_mean",
      "learnable_parameters": 0,
      "orientation_free": true
    }
  },
  "pixels": 2071,
  "spectral_bins": 85062,
  "gmm": {
    "components": 2,
    "covariance_type": "full",
    "n_init": 20,
    "seed": 1,
    "component_counts": {
      "0": 792,
      "1": 1279
    },
    "differentiable_posterior_max_absolute_difference": 7.152557373046875e-07,
    "label_note": "component numbers are arbitrary and were not fitted to the expert mask"
  },
  "integrated_gradients": {
    "baseline": "section-wide mean TIC-normalised spectrum for centre and every valid neighbour",
    "baseline_reason": "a physically plausible in-distribution reference; missing neighbour slots remain zero and masked",
    "target": "posterior of the pixel's assigned GMM component",
    "steps": 64,
    "integration": "trapezoidal rule including both endpoints",
    "attribution_pixels_per_component": 12,
    "central_context_combination": "per-bin |central IG| + sum over valid neighbour slots of |neighbour IG|",
    "selection_seed": 701,
    "completeness": {
      "passed": true,
      "median_absolute_residual": 0.00032761693000793457,
      "maximum_absolute_residual": 0.0012226700782775879,
      "median_normalized_residual": 0.0007624153133904039,
      "percentile_95_normalized_residual": 0.0022353829791430403
    },
    "per_pixel_diagnostics": [
      {
        "input_score": 0.6347595453262329,
        "baseline_score": 0.3949805498123169,
        "score_delta": 0.23977899551391602,
        "attribution_sum": 0.23975683748722076,
        "completeness_residual": 2.2158026695251465e-05,
        "pixel_index": 125,
        "x": 47,
        "y": 5,
        "component": 0,
        "assigned_posterior": 0.6347593665122986
      },
      {
        "input_score": 0.9989690780639648,
        "baseline_score": 0.3949805498123169,
        "score_delta": 0.603988528251648,
        "attribution_sum": 0.6039360165596008,
        "completeness_residual": 5.251169204711914e-05,
        "pixel_index": 348,
        "x": 32,
        "y": 10,
        "component": 0,
        "assigned_posterior": 0.9989691376686096
      },
      {
        "input_score": 0.999976634979248,
        "baseline_score": 0.3949805498123169,
        "score_delta": 0.6049960851669312,
        "attribution_sum": 0.604968786239624,
        "completeness_residual": 2.7298927307128906e-05,
        "pixel_index": 365,
        "x": 49,
        "y": 10,
        "component": 0,
        "assigned_posterior": 0.999976634979248
      },
      {
        "input_score": 0.9999969005584717,
        "baseline_score": 0.3949805498123169,
        "score_delta": 0.6050163507461548,
        "attribution_sum": 0.605076014995575,
        "completeness_residual": -5.9664249420166016e-05,
        "pixel_index": 555,
        "x": 60,
        "y": 13,
        "component": 0,
        "assigned_posterior": 0.999997079372406
      },
      {
        "input_score": 0.9999899864196777,
        "baseline_score": 0.3949805498123169,
        "score_delta": 0.6050094366073608,
        "attribution_sum": 0.6045638918876648,
        "completeness_residual": 0.0004455447196960449,
        "pixel_index": 686,
        "x": 65,
        "y": 15,
        "component": 0,
        "assigned_posterior": 0.9999899864196777
      },
      {
        "input_score": 0.9999966621398926,
        "baseline_score": 0.3949805498123169,
        "score_delta": 0.6050161123275757,
        "attribution_sum": 0.6056578159332275,
        "completeness_residual": -0.0006417036056518555,
        "pixel_index": 720,
        "x": 34,
        "y": 16,
        "component": 0,
        "assigned_posterior": 0.9999966025352478
      },
      {
        "input_score": 0.9999958276748657,
        "baseline_score": 0.3949805498123169,
        "score_delta": 0.6050152778625488,
        "attribution_sum": 0.6058602333068848,
        "completeness_residual": -0.0008449554443359375,
        "pixel_index": 814,
        "x": 62,
        "y": 17,
        "component": 0,
        "assigned_posterior": 0.9999957084655762
      },
      {
        "input_score": 0.9476577043533325,
        "baseline_score": 0.3949805498123169,
        "score_delta": 0.5526771545410156,
        "attribution_sum": 0.552155613899231,
        "completeness_residual": 0.000521540641784668,
        "pixel_index": 916,
        "x": 28,
        "y": 19,
        "component": 0,
        "assigned_posterior": 0.9476576447486877
      },
      {
        "input_score": 0.9996850490570068,
        "baseline_score": 0.3949805498123169,
        "score_delta": 0.6047044992446899,
        "attribution_sum": 0.6041605472564697,
        "completeness_residual": 0.0005439519882202148,
        "pixel_index": 1054,
        "x": 29,
        "y": 21,
        "component": 0,
        "assigned_posterior": 0.9996848702430725
      },
      {
        "input_score": 1.0,
        "baseline_score": 0.3949805498123169,
        "score_delta": 0.6050194501876831,
        "attribution_sum": 0.6062421202659607,
        "completeness_residual": -0.0012226700782775879,
        "pixel_index": 1060,
        "x": 35,
        "y": 21,
        "component": 0,
        "assigned_posterior": 1.0
      },
      {
        "input_score": 0.9789581298828125,
        "baseline_score": 0.3949805498123169,
        "score_delta": 0.5839775800704956,
        "attribution_sum": 0.5844616889953613,
        "completeness_residual": -0.00048410892486572266,
        "pixel_index": 1212,
        "x": 49,
        "y": 23,
        "component": 0,
        "assigned_posterior": 0.9789580702781677
      },
      {
        "input_score": 0.9913260340690613,
        "baseline_score": 0.3949805498123169,
        "score_delta": 0.5963454842567444,
        "attribution_sum": 0.5962216854095459,
        "completeness_residual": 0.00012379884719848633,
        "pixel_index": 1217,
        "x": 54,
        "y": 23,
        "component": 0,
        "assigned_posterior": 0.9913259744644165
      },
      {
        "input_score": 1.0,
        "baseline_score": 0.6050194501876831,
        "score_delta": 0.3949805498123169,
        "attribution_sum": 0.3946051001548767,
        "completeness_residual": 0.00037544965744018555,
        "pixel_index": 52,
        "x": 48,
        "y": 3,
        "component": 1,
        "assigned_posterior": 1.0
      },
      {
        "input_score": 0.9936932325363159,
        "baseline_score": 0.6050194501876831,
        "score_delta": 0.3886737823486328,
        "attribution_sum": 0.3884446620941162,
        "completeness_residual": 0.00022912025451660156,
        "pixel_index": 175,
        "x": 55,
        "y": 6,
        "component": 1,
        "assigned_posterior": 0.9936933517456055
      },
      {
        "input_score": 1.0,
        "baseline_score": 0.6050194501876831,
        "score_delta": 0.3949805498123169,
        "attribution_sum": 0.3947487473487854,
        "completeness_residual": 0.00023180246353149414,
        "pixel_index": 181,
        "x": 16,
        "y": 7,
        "component": 1,
        "assigned_posterior": 1.0
      },
      {
        "input_score": 1.0,
        "baseline_score": 0.6050194501876831,
        "score_delta": 0.3949805498123169,
        "attribution_sum": 0.3938407003879547,
        "completeness_residual": 0.0011398494243621826,
        "pixel_index": 186,
        "x": 21,
        "y": 7,
        "component": 1,
        "assigned_posterior": 1.0
      },
      {
        "input_score": 1.0,
        "baseline_score": 0.6050194501876831,
        "score_delta": 0.3949805498123169,
        "attribution_sum": 0.3958784341812134,
        "completeness_residual": -0.0008978843688964844,
        "pixel_index": 445,
        "x": 11,
        "y": 12,
        "component": 1,
        "assigned_posterior": 1.0
      },
      {
        "input_score": 1.0,
        "baseline_score": 0.6050194501876831,
        "score_delta": 0.3949805498123169,
        "attribution_sum": 0.3952919542789459,
        "completeness_residual": -0.0003114044666290283,
        "pixel_index": 1101,
        "x": 7,
        "y": 22,
        "component": 1,
        "assigned_posterior": 1.0
      },
      {
        "input_score": 0.9935663342475891,
        "baseline_score": 0.6050194501876831,
        "score_delta": 0.388546884059906,
        "attribution_sum": 0.38889071345329285,
        "completeness_residual": -0.0003438293933868408,
        "pixel_index": 1229,
        "x": 66,
        "y": 23,
        "component": 1,
        "assigned_posterior": 0.9935662746429443
      },
      {
        "input_score": 1.0,
        "baseline_score": 0.6050194501876831,
        "score_delta": 0.3949805498123169,
        "attribution_sum": 0.3946970999240875,
        "completeness_residual": 0.0002834498882293701,
        "pixel_index": 1614,
        "x": 37,
        "y": 29,
        "component": 1,
        "assigned_posterior": 1.0
      },
      {
        "input_score": 1.0,
        "baseline_score": 0.6050194501876831,
        "score_delta": 0.3949805498123169,
        "attribution_sum": 0.39474937319755554,
        "completeness_residual": 0.00023117661476135254,
        "pixel_index": 1658,
        "x": 12,
        "y": 30,
        "component": 1,
        "assigned_posterior": 1.0
      },
      {
        "input_score": 1.0,
        "baseline_score": 0.6050194501876831,
        "score_delta": 0.3949805498123169,
        "attribution_sum": 0.39428889751434326,
        "completeness_residual": 0.0006916522979736328,
        "pixel_index": 1703,
        "x": 57,
        "y": 30,
        "component": 1,
        "assigned_posterior": 1.0
      },
      {
        "input_score": 1.0,
        "baseline_score": 0.6050194501876831,
        "score_delta": 0.3949805498123169,
        "attribution_sum": 0.3949054181575775,
        "completeness_residual": 7.513165473937988e-05,
        "pixel_index": 1745,
        "x": 30,
        "y": 31,
        "component": 1,
        "assigned_posterior": 1.0
      },
      {
        "input_score": 1.0,
        "baseline_score": 0.605019211769104,
        "score_delta": 0.394980788230896,
        "attribution_sum": 0.3951230049133301,
        "completeness_residual": -0.00014221668243408203,
        "pixel_index": 2021,
        "x": 41,
        "y": 35,
        "component": 1,
        "assigned_posterior": 1.0
      }
    ]
  },
  "first_layer_comparator": {
    "method": "L2 norm over hidden units for the central and aggregated-context halves of encoder_dense",
    "combination": "central L2 + context L2",
    "interpretation": "linear comparator only; not the primary nonlinear explanation"
  },
  "faithfulness": {
    "held_out_from_attribution": true,
    "pixels_per_component": 32,
    "replacement": "selected bins in centre and all valid neighbours are replaced by section-mean values without renormalising other bins",
    "budgets": [
      32,
      128,
      512
    ],
    "random_repeats": 10,
    "seed": 1701,
    "records": [
      {
        "component": 0,
        "removed_bins": 32,
        "pixels": 32,
        "integrated_gradients_mean_posterior_drop": 0.12700705230236053,
        "first_layer_l2_mean_posterior_drop": -0.00043891556560993195,
        "random_mean_posterior_drop": 2.7598440283327363e-05,
        "random_standard_deviation": 0.0009775155922397971
      },
      {
        "component": 0,
        "removed_bins": 128,
        "pixels": 32,
        "integrated_gradients_mean_posterior_drop": 0.1605175882577896,
        "first_layer_l2_mean_posterior_drop": -0.003486819565296173,
        "random_mean_posterior_drop": 0.0006641071522608399,
        "random_standard_deviation": 0.005206426605582237
      },
      {
        "component": 0,
        "removed_bins": 512,
        "pixels": 32,
        "integrated_gradients_mean_posterior_drop": 0.3691735565662384,
        "first_layer_l2_mean_posterior_drop": 0.0027477145195007324,
        "random_mean_posterior_drop": 0.0008792281150817871,
        "random_standard_deviation": 0.012932988815009594
      },
      {
        "component": 1,
        "removed_bins": 32,
        "pixels": 32,
        "integrated_gradients_mean_posterior_drop": 0.018697937950491905,
        "first_layer_l2_mean_posterior_drop": 0.00020100921392440796,
        "random_mean_posterior_drop": 3.9253382055903785e-06,
        "random_standard_deviation": 7.05771817592904e-05
      },
      {
        "component": 1,
        "removed_bins": 128,
        "pixels": 32,
        "integrated_gradients_mean_posterior_drop": 0.04066361486911774,
        "first_layer_l2_mean_posterior_drop": 0.0011254791170358658,
        "random_mean_posterior_drop": -2.121850775438361e-05,
        "random_standard_deviation": 0.00036604583146981895
      },
      {
        "component": 1,
        "removed_bins": 512,
        "pixels": 32,
        "integrated_gradients_mean_posterior_drop": 0.13927830755710602,
        "first_layer_l2_mean_posterior_drop": 0.005904044955968857,
        "random_mean_posterior_drop": 9.309071901952848e-05,
        "random_standard_deviation": 0.00048805735423229635
      }
    ]
  },
  "runtime_seconds": 443.1713056010194
}
