{"epoch": 1, "learning_rate": 0.001, "total_loss": 11.069611072540283, "reconstruction_loss": 10.940823078155518, "kl_loss": 0.12878796830773354, "samples_seen": 8, "epoch_seconds": 0.16836634604260325, "samples_per_second": 47.515433980943484}
{"epoch": 1, "learning_rate": 0.001, "total_loss": 11.025966835021972, "reconstruction_loss": 10.828365516662597, "kl_loss": 0.19760120511054993, "samples_seen": 10, "epoch_seconds": 0.006106317043304443, "samples_per_second": 1637.6483449979014}
{"epoch": 1, "learning_rate": 0.001, "total_loss": 11.34116792678833, "reconstruction_loss": 10.90546464920044, "kl_loss": 0.435703381896019, "samples_seen": 8, "epoch_seconds": 0.004048866685479879, "samples_per_second": 1975.8615487859227}
{"epoch": 1, "learning_rate": 0.001, "total_loss": 11.206148147583008, "reconstruction_loss": 10.898056983947754, "kl_loss": 0.30809132754802704, "samples_seen": 8, "epoch_seconds": 0.005656355991959572, "samples_per_second": 1414.3381377289343}
{"epoch": 1, "learning_rate": 0.001, "total_loss": 852598.3560779816, "reconstruction_loss": 852589.4139304684, "kl_loss": 8.939605653530615, "samples_seen": 2071, "epoch_seconds": 410.57662101928145, "samples_per_second": 5.044125490775915}
{"epoch": 2, "learning_rate": 0.0009045084971874737, "total_loss": 691949.6872283921, "reconstruction_loss": 691930.3422863351, "kl_loss": 19.347689499203447, "samples_seen": 2071, "epoch_seconds": 398.07441875338554, "samples_per_second": 5.202544806786549}
{"epoch": 3, "learning_rate": 0.0006545084971874737, "total_loss": 653737.2611661033, "reconstruction_loss": 653711.84599831, "kl_loss": 25.412126321023585, "samples_seen": 2071, "epoch_seconds": 398.1172741516493, "samples_per_second": 5.2019847780107185}
{"epoch": 4, "learning_rate": 0.00034549150281252633, "total_loss": 640378.4018590053, "reconstruction_loss": 640348.1871982134, "kl_loss": 30.21280434118959, "samples_seen": 2071, "epoch_seconds": 398.117322943639, "samples_per_second": 5.201984140472051}
{"epoch": 5, "learning_rate": 9.549150281252633e-05, "total_loss": 635222.9867213906, "reconstruction_loss": 635191.9963785611, "kl_loss": 30.995460493676273, "samples_seen": 2071, "epoch_seconds": 397.73082945728675, "samples_per_second": 5.207039149632753}
{
  "input": "/datasets/zsuliman/msi_data/gbm_massnet/GBM108_positive.h5",
  "purpose": "training stability check, not final scientific comparison",
  "variant": "attention",
  "initial_vae_sha256": "692de4925fe95a65ae94c9f95b35e8e57c9a229f42d3c44c8d11a59545b261ee",
  "controls": {
    "seed": 1,
    "epochs": 5,
    "batch_size": 128,
    "hidden_dim": 512,
    "latent_dim": 5,
    "attention_dim": 8,
    "spatial_lambda": 0.0,
    "poisson_augmentation": false,
    "full_dataset": true
  },
  "samples_per_epoch": 2071,
  "dataset_size": 2071,
  "training_seconds": 2002.619434935972,
  "peak_gpu_memory_allocated_bytes": 3381772288,
  "first_total_loss": 852598.3560779816,
  "final_total_loss": 635222.9867213906,
  "total_loss_change_percent": -25.49563552486009,
  "history": [
    {
      "epoch": 1,
      "learning_rate": 0.001,
      "total_loss": 852598.3560779816,
      "reconstruction_loss": 852589.4139304684,
      "kl_loss": 8.939605653530615,
      "samples_seen": 2071,
      "epoch_seconds": 410.57662101928145,
      "samples_per_second": 5.044125490775915
    },
    {
      "epoch": 2,
      "learning_rate": 0.0009045084971874737,
      "total_loss": 691949.6872283921,
      "reconstruction_loss": 691930.3422863351,
      "kl_loss": 19.347689499203447,
      "samples_seen": 2071,
      "epoch_seconds": 398.07441875338554,
      "samples_per_second": 5.202544806786549
    },
    {
      "epoch": 3,
      "learning_rate": 0.0006545084971874737,
      "total_loss": 653737.2611661033,
      "reconstruction_loss": 653711.84599831,
      "kl_loss": 25.412126321023585,
      "samples_seen": 2071,
      "epoch_seconds": 398.1172741516493,
      "samples_per_second": 5.2019847780107185
    },
    {
      "epoch": 4,
      "learning_rate": 0.00034549150281252633,
      "total_loss": 640378.4018590053,
      "reconstruction_loss": 640348.1871982134,
      "kl_loss": 30.21280434118959,
      "samples_seen": 2071,
      "epoch_seconds": 398.117322943639,
      "samples_per_second": 5.201984140472051
    },
    {
      "epoch": 5,
      "learning_rate": 9.549150281252633e-05,
      "total_loss": 635222.9867213906,
      "reconstruction_loss": 635191.9963785611,
      "kl_loss": 30.995460493676273,
      "samples_seen": 2071,
      "epoch_seconds": 397.73082945728675,
      "samples_per_second": 5.207039149632753
    }
  ],
  "checkpoint": "/home-mscluster/zsuliman/msi/checkpoints/spatial_msipl/stability/GBM108_positive_seed1/attention/checkpoint.pt",
  "status": "complete"
}
