{"epoch": 1, "learning_rate": 0.001, "total_loss": 11.229888916015625, "reconstruction_loss": 10.785205364227295, "kl_loss": 0.44468335807323456, "samples_seen": 8, "epoch_seconds": 0.15688678808510303, "samples_per_second": 50.9921842217868}
{"epoch": 1, "learning_rate": 0.001, "total_loss": 11.025966835021972, "reconstruction_loss": 10.828365516662597, "kl_loss": 0.19760120511054993, "samples_seen": 10, "epoch_seconds": 0.005291872192174196, "samples_per_second": 1889.690384962121}
{"epoch": 1, "learning_rate": 0.001, "total_loss": 11.34116792678833, "reconstruction_loss": 10.90546464920044, "kl_loss": 0.435703381896019, "samples_seen": 8, "epoch_seconds": 0.003507077693939209, "samples_per_second": 2281.101446319618}
{"epoch": 1, "learning_rate": 0.001, "total_loss": 11.206148147583008, "reconstruction_loss": 10.898056983947754, "kl_loss": 0.30809132754802704, "samples_seen": 8, "epoch_seconds": 0.004919636063277721, "samples_per_second": 1626.136546911557}
{"epoch": 1, "learning_rate": 0.001, "total_loss": 852621.0174130854, "reconstruction_loss": 852612.0700144857, "kl_loss": 8.95025500494003, "samples_seen": 2071, "epoch_seconds": 410.4231633380987, "samples_per_second": 5.046011494955391}
{"epoch": 2, "learning_rate": 0.0009045084971874737, "total_loss": 691998.9740765331, "reconstruction_loss": 691979.6614256398, "kl_loss": 19.3181929245253, "samples_seen": 2071, "epoch_seconds": 398.3325932719745, "samples_per_second": 5.19917283943159}
{"epoch": 3, "learning_rate": 0.0006545084971874737, "total_loss": 653614.6615161757, "reconstruction_loss": 653588.9626690005, "kl_loss": 25.703300783681385, "samples_seen": 2071, "epoch_seconds": 398.36106881685555, "samples_per_second": 5.198801193477396}
{"epoch": 4, "learning_rate": 0.00034549150281252633, "total_loss": 640239.8731289232, "reconstruction_loss": 640209.2943626267, "kl_loss": 30.578517434908996, "samples_seen": 2071, "epoch_seconds": 398.3361147711985, "samples_per_second": 5.199126876029225}
{"epoch": 5, "learning_rate": 9.549150281252633e-05, "total_loss": 635032.2187650893, "reconstruction_loss": 635000.8850193144, "kl_loss": 31.34103154652594, "samples_seen": 2071, "epoch_seconds": 398.4970623841509, "samples_per_second": 5.197027018491688}
{
  "input": "/datasets/zsuliman/msi_data/gbm_massnet/GBM108_positive.h5",
  "purpose": "training stability check, not final scientific comparison",
  "variant": "uniform_mean",
  "initial_vae_sha256": "692de4925fe95a65ae94c9f95b35e8e57c9a229f42d3c44c8d11a59545b261ee",
  "controls": {
    "seed": 1,
    "epochs": 5,
    "batch_size": 128,
    "hidden_dim": 512,
    "latent_dim": 5,
    "attention_dim": 8,
    "spatial_lambda": 0.0,
    "poisson_augmentation": false,
    "full_dataset": true
  },
  "samples_per_epoch": 2071,
  "dataset_size": 2071,
  "training_seconds": 2003.9527654419653,
  "peak_gpu_memory_allocated_bytes": 3112133632,
  "first_total_loss": 852621.0174130854,
  "final_total_loss": 635032.2187650893,
  "total_loss_change_percent": -25.51999003123058,
  "history": [
    {
      "epoch": 1,
      "learning_rate": 0.001,
      "total_loss": 852621.0174130854,
      "reconstruction_loss": 852612.0700144857,
      "kl_loss": 8.95025500494003,
      "samples_seen": 2071,
      "epoch_seconds": 410.4231633380987,
      "samples_per_second": 5.046011494955391
    },
    {
      "epoch": 2,
      "learning_rate": 0.0009045084971874737,
      "total_loss": 691998.9740765331,
      "reconstruction_loss": 691979.6614256398,
      "kl_loss": 19.3181929245253,
      "samples_seen": 2071,
      "epoch_seconds": 398.3325932719745,
      "samples_per_second": 5.19917283943159
    },
    {
      "epoch": 3,
      "learning_rate": 0.0006545084971874737,
      "total_loss": 653614.6615161757,
      "reconstruction_loss": 653588.9626690005,
      "kl_loss": 25.703300783681385,
      "samples_seen": 2071,
      "epoch_seconds": 398.36106881685555,
      "samples_per_second": 5.198801193477396
    },
    {
      "epoch": 4,
      "learning_rate": 0.00034549150281252633,
      "total_loss": 640239.8731289232,
      "reconstruction_loss": 640209.2943626267,
      "kl_loss": 30.578517434908996,
      "samples_seen": 2071,
      "epoch_seconds": 398.3361147711985,
      "samples_per_second": 5.199126876029225
    },
    {
      "epoch": 5,
      "learning_rate": 9.549150281252633e-05,
      "total_loss": 635032.2187650893,
      "reconstruction_loss": 635000.8850193144,
      "kl_loss": 31.34103154652594,
      "samples_seen": 2071,
      "epoch_seconds": 398.4970623841509,
      "samples_per_second": 5.197027018491688
    }
  ],
  "checkpoint": "/home-mscluster/zsuliman/msi/checkpoints/spatial_msipl/stability/GBM108_positive_seed1/uniform_mean/checkpoint.pt",
  "status": "complete"
}
